  Determining projects to restore...
  All projects are up-to-date for restore.
C:\Mac\Home\Documents\NinjaTrader 8\bin\Custom\Indicators\@IchimokuCloud.cs(19,31): warning CS0436: The type 'Indicator' in 'C:\Mac\Home\Documents\NinjaTrader 8\bin\Custom\Indicators\@IchimokuCloud.cs' conflicts with the imported type 'Indicator' in 'NinjaTrader.Vendor, Version=8.1.6.0, Culture=neutral, PublicKeyToken=null'. Using the type defined in 'C:\Mac\Home\Documents\NinjaTrader 8\bin\Custom\Indicators\@IchimokuCloud.cs'. [C:\Mac\Home\Documents\NinjaTrader 8\bin\Custom\NinjaTrader.Custom.csproj]
C:\Mac\Home\Documents\NinjaTrader 8\bin\Custom\Strategies\CoryBuySellStrategySimplfied.cs(28,32): warning CS0436: The type 'Strategy' in 'C:\Mac\Home\Documents\NinjaTrader 8\bin\Custom\Indicators\@IchimokuCloud.cs' conflicts with the imported type 'Strategy' in 'NinjaTrader.Vendor, Version=8.1.6.0, Culture=neutral, PublicKeyToken=null'. Using the type defined in 'C:\Mac\Home\Documents\NinjaTrader 8\bin\Custom\Indicators\@IchimokuCloud.cs'. [C:\Mac\Home\Documents\NinjaTrader 8\bin\Custom\NinjaTrader.Custom.csproj]
C:\Mac\Home\Documents\NinjaTrader 8\bin\Custom\Indicators\@Darvas.cs(15,24): warning CS0436: The type 'Indicator' in 'C:\Mac\Home\Documents\NinjaTrader 8\bin\Custom\Indicators\@IchimokuCloud.cs' conflicts with the imported type 'Indicator' in 'NinjaTrader.Vendor, Version=8.1.6.0, Culture=neutral, PublicKeyToken=null'. Using the type defined in 'C:\Mac\Home\Documents\NinjaTrader 8\bin\Custom\Indicators\@IchimokuCloud.cs'. [C:\Mac\Home\Documents\NinjaTrader 8\bin\Custom\NinjaTrader.Custom.csproj]
C:\Mac\Home\Documents\NinjaTrader 8\bin\Custom\Strategies\CoryBuySellStrategySimplfied.cs(36,13): warning CS0436: The type 'SMA' in 'C:\Mac\Home\Documents\NinjaTrader 8\bin\Custom\Indicators\@SMA.cs' conflicts with the imported type 'SMA' in 'NinjaTrader.Vendor, Version=8.1.6.0, Culture=neutral, PublicKeyToken=null'. Using the type defined in 'C:\Mac\Home\Documents\NinjaTrader 8\bin\Custom\Indicators\@SMA.cs'. [C:\Mac\Home\Documents\NinjaTrader 8\bin\Custom\NinjaTrader.Custom.csproj]
C:\Mac\Home\Documents\NinjaTrader 8\bin\Custom\Strategies\AiAssistedOptimizer.cs(22,40): warning CS0436: The type 'Strategy' in 'C:\Mac\Home\Documents\NinjaTrader 8\bin\Custom\Indicators\@IchimokuCloud.cs' conflicts with the imported type 'Strategy' in 'NinjaTrader.Vendor, Version=8.1.6.0, Culture=neutral, PublicKeyToken=null'. Using the type defined in 'C:\Mac\Home\Documents\NinjaTrader 8\bin\Custom\Indicators\@IchimokuCloud.cs'. [C:\Mac\Home\Documents\NinjaTrader 8\bin\Custom\NinjaTrader.Custom.csproj]
C:\Mac\Home\Documents\NinjaTrader 8\bin\Custom\Indicators\@CurrentDayOHL.cs(154,21): warning CS0436: The type 'CurrentDayOHL' in 'C:\Mac\Home\Documents\NinjaTrader 8\bin\Custom\Indicators\@CurrentDayOHL.cs' conflicts with the imported type 'CurrentDayOHL' in 'NinjaTrader.Vendor, Version=8.1.6.0, Culture=neutral, PublicKeyToken=null'. Using the type defined in 'C:\Mac\Home\Documents\NinjaTrader 8\bin\Custom\Indicators\@CurrentDayOHL.cs'. [C:\Mac\Home\Documents\NinjaTrader 8\bin\Custom\NinjaTrader.Custom.csproj]
C:\Mac\Home\Documents\NinjaTrader 8\bin\Custom\Indicators\@CurrentDayOHL.cs(159,21): warning CS0436: The type 'CurrentDayOHL' in 'C:\Mac\Home\Documents\NinjaTrader 8\bin\Custom\Indicators\@CurrentDayOHL.cs' conflicts with the imported type 'CurrentDayOHL' in 'NinjaTrader.Vendor, Version=8.1.6.0, Culture=neutral, PublicKeyToken=null'. Using the type defined in 'C:\Mac\Home\Documents\NinjaTrader 8\bin\Custom\Indicators\@CurrentDayOHL.cs'. [C:\Mac\Home\Documents\NinjaTrader 8\bin\Custom\NinjaTrader.Custom.csproj]
C:\Mac\Home\Documents\NinjaTrader 8\bin\Custom\Indicators\@Range.cs(16,23): warning CS0436: The type 'Indicator' in 'C:\Mac\Home\Documents\NinjaTrader 8\bin\Custom\Indicators\@IchimokuCloud.cs' conflicts with the imported type 'Indicator' in 'NinjaTrader.Vendor, Version=8.1.6.0, Culture=neutral, PublicKeyToken=null'. Using the type defined in 'C:\Mac\Home\Documents\NinjaTrader 8\bin\Custom\Indicators\@IchimokuCloud.cs'. [C:\Mac\Home\Documents\NinjaTrader 8\bin\Custom\NinjaTrader.Custom.csproj]
C:\Mac\Home\Documents\NinjaTrader 8\bin\Custom\Indicators\@DisparityIndex.cs(18,32): warning CS0436: The type 'Indicator' in 'C:\Mac\Home\Documents\NinjaTrader 8\bin\Custom\Indicators\@IchimokuCloud.cs' conflicts with the imported type 'Indicator' in 'NinjaTrader.Vendor, Version=8.1.6.0, Culture=neutral, PublicKeyToken=null'. Using the type defined in 'C:\Mac\Home\Documents\NinjaTrader 8\bin\Custom\Indicators\@IchimokuCloud.cs'. [C:\Mac\Home\Documents\NinjaTrader 8\bin\Custom\NinjaTrader.Custom.csproj]
C:\Mac\Home\Documents\NinjaTrader 8\bin\Custom\Indicators\@EMA.cs(79,21): warning CS0436: The type 'EMA' in 'C:\Mac\Home\Documents\NinjaTrader 8\bin\Custom\Indicators\@EMA.cs' conflicts with the imported type 'EMA' in 'NinjaTrader.Vendor, Version=8.1.6.0, Culture=neutral, PublicKeyToken=null'. Using the type defined in 'C:\Mac\Home\Documents\NinjaTrader 8\bin\Custom\Indicators\@EMA.cs'. [C:\Mac\Home\Documents\NinjaTrader 8\bin\Custom\NinjaTrader.Custom.csproj]
C:\Mac\Home\Documents\NinjaTrader 8\bin\Custom\Indicators\@EMA.cs(84,21): warning CS0436: The type 'EMA' in 'C:\Mac\Home\Documents\NinjaTrader 8\bin\Custom\Indicators\@EMA.cs' conflicts with the imported type 'EMA' in 'NinjaTrader.Vendor, Version=8.1.6.0, Culture=neutral, PublicKeyToken=null'. Using the type defined in 'C:\Mac\Home\Documents\NinjaTrader 8\bin\Custom\Indicators\@EMA.cs'. [C:\Mac\Home\Documents\NinjaTrader 8\bin\Custom\NinjaTrader.Custom.csproj]
C:\Mac\Home\Documents\NinjaTrader 8\bin\Custom\Indicators\@LinReg.cs(124,21): warning CS0436: The type 'LinReg' in 'C:\Mac\Home\Documents\NinjaTrader 8\bin\Custom\Indicators\@LinReg.cs' conflicts with the imported type 'LinReg' in 'NinjaTrader.Vendor, Version=8.1.6.0, Culture=neutral, PublicKeyToken=null'. Using the type defined in 'C:\Mac\Home\Documents\NinjaTrader 8\bin\Custom\Indicators\@LinReg.cs'. [C:\Mac\Home\Documents\NinjaTrader 8\bin\Custom\NinjaTrader.Custom.csproj]
C:\Mac\Home\Documents\NinjaTrader 8\bin\Custom\Indicators\@LinReg.cs(129,21): warning CS0436: The type 'LinReg' in 'C:\Mac\Home\Documents\NinjaTrader 8\bin\Custom\Indicators\@LinReg.cs' conflicts with the imported type 'LinReg' in 'NinjaTrader.Vendor, Version=8.1.6.0, Culture=neutral, PublicKeyToken=null'. Using the type defined in 'C:\Mac\Home\Documents\NinjaTrader 8\bin\Custom\Indicators\@LinReg.cs'. [C:\Mac\Home\Documents\NinjaTrader 8\bin\Custom\NinjaTrader.Custom.csproj]
C:\Mac\Home\Documents\NinjaTrader 8\bin\Custom\Indicators\@FibonacciPivots.cs(26,33): warning CS0436: The type 'Indicator' in 'C:\Mac\Home\Documents\NinjaTrader 8\bin\Custom\Indicators\@IchimokuCloud.cs' conflicts with the imported type 'Indicator' in 'NinjaTrader.Vendor, Version=8.1.6.0, Culture=neutral, PublicKeyToken=null'. Using the type defined in 'C:\Mac\Home\Documents\NinjaTrader 8\bin\Custom\Indicators\@IchimokuCloud.cs'. [C:\Mac\Home\Documents\NinjaTrader 8\bin\Custom\NinjaTrader.Custom.csproj]
C:\Mac\Home\Documents\NinjaTrader 8\bin\Custom\Indicators\@CurrentDayOHL.cs(170,21): warning CS0436: The type 'CurrentDayOHL' in 'C:\Mac\Home\Documents\NinjaTrader 8\bin\Custom\Indicators\@CurrentDayOHL.cs' conflicts with the imported type 'CurrentDayOHL' in 'NinjaTrader.Vendor, Version=8.1.6.0, Culture=neutral, PublicKeyToken=null'. Using the type defined in 'C:\Mac\Home\Documents\NinjaTrader 8\bin\Custom\Indicators\@CurrentDayOHL.cs'. [C:\Mac\Home\Documents\NinjaTrader 8\bin\Custom\NinjaTrader.Custom.csproj]
C:\Mac\Home\Documents\NinjaTrader 8\bin\Custom\Indicators\@CurrentDayOHL.cs(175,21): warning CS0436: The type 'CurrentDayOHL' in 'C:\Mac\Home\Documents\NinjaTrader 8\bin\Custom\Indicators\@CurrentDayOHL.cs' conflicts with the imported type 'CurrentDayOHL' in 'NinjaTrader.Vendor, Version=8.1.6.0, Culture=neutral, PublicKeyToken=null'. Using the type defined in 'C:\Mac\Home\Documents\NinjaTrader 8\bin\Custom\Indicators\@CurrentDayOHL.cs'. [C:\Mac\Home\Documents\NinjaTrader 8\bin\Custom\NinjaTrader.Custom.csproj]
C:\Mac\Home\Documents\NinjaTrader 8\bin\Custom\Indicators\@EMA.cs(95,21): warning CS0436: The type 'EMA' in 'C:\Mac\Home\Documents\NinjaTrader 8\bin\Custom\Indicators\@EMA.cs' conflicts with the imported type 'EMA' in 'NinjaTrader.Vendor, Version=8.1.6.0, Culture=neutral, PublicKeyToken=null'. Using the type defined in 'C:\Mac\Home\Documents\NinjaTrader 8\bin\Custom\Indicators\@EMA.cs'. [C:\Mac\Home\Documents\NinjaTrader 8\bin\Custom\NinjaTrader.Custom.csproj]
C:\Mac\Home\Documents\NinjaTrader 8\bin\Custom\Indicators\@EMA.cs(100,21): warning CS0436: The type 'EMA' in 'C:\Mac\Home\Documents\NinjaTrader 8\bin\Custom\Indicators\@EMA.cs' conflicts with the imported type 'EMA' in 'NinjaTrader.Vendor, Version=8.1.6.0, Culture=neutral, PublicKeyToken=null'. Using the type defined in 'C:\Mac\Home\Documents\NinjaTrader 8\bin\Custom\Indicators\@EMA.cs'. [C:\Mac\Home\Documents\NinjaTrader 8\bin\Custom\NinjaTrader.Custom.csproj]
C:\Mac\Home\Documents\NinjaTrader 8\bin\Custom\Indicators\@LinReg.cs(140,21): warning CS0436: The type 'LinReg' in 'C:\Mac\Home\Documents\NinjaTrader 8\bin\Custom\Indicators\@LinReg.cs' conflicts with the imported type 'LinReg' in 'NinjaTrader.Vendor, Version=8.1.6.0, Culture=neutral, PublicKeyToken=null'. Using the type defined in 'C:\Mac\Home\Documents\NinjaTrader 8\bin\Custom\Indicators\@LinReg.cs'. [C:\Mac\Home\Documents\NinjaTrader 8\bin\Custom\NinjaTrader.Custom.csproj]
C:\Mac\Home\Documents\NinjaTrader 8\bin\Custom\Indicators\@LinReg.cs(145,21): warning CS0436: The type 'LinReg' in 'C:\Mac\Home\Documents\NinjaTrader 8\bin\Custom\Indicators\@LinReg.cs' conflicts with the imported type 'LinReg' in 'NinjaTrader.Vendor, Version=8.1.6.0, Culture=neutral, PublicKeyToken=null'. Using the type defined in 'C:\Mac\Home\Documents\NinjaTrader 8\bin\Custom\Indicators\@LinReg.cs'. [C:\Mac\Home\Documents\NinjaTrader 8\bin\Custom\NinjaTrader.Custom.csproj]
C:\Mac\Home\Documents\NinjaTrader 8\bin\Custom\Indicators\@SMA.cs(101,21): warning CS0436: The type 'SMA' in 'C:\Mac\Home\Documents\NinjaTrader 8\bin\Custom\Indicators\@SMA.cs' conflicts with the imported type 'SMA' in 'NinjaTrader.Vendor, Version=8.1.6.0, Culture=neutral, PublicKeyToken=null'. Using the type defined in 'C:\Mac\Home\Documents\NinjaTrader 8\bin\Custom\Indicators\@SMA.cs'. [C:\Mac\Home\Documents\NinjaTrader 8\bin\Custom\NinjaTrader.Custom.csproj]
C:\Mac\Home\Documents\NinjaTrader 8\bin\Custom\Indicators\@SMA.cs(106,21): warning CS0436: The type 'SMA' in 'C:\Mac\Home\Documents\NinjaTrader 8\bin\Custom\Indicators\@SMA.cs' conflicts with the imported type 'SMA' in 'NinjaTrader.Vendor, Version=8.1.6.0, Culture=neutral, PublicKeyToken=null'. Using the type defined in 'C:\Mac\Home\Documents\NinjaTrader 8\bin\Custom\Indicators\@SMA.cs'. [C:\Mac\Home\Documents\NinjaTrader 8\bin\Custom\NinjaTrader.Custom.csproj]
C:\Mac\Home\Documents\NinjaTrader 8\bin\Custom\Indicators\@SUM.cs(68,21): warning CS0436: The type 'SUM' in 'C:\Mac\Home\Documents\NinjaTrader 8\bin\Custom\Indicators\@SUM.cs' conflicts with the imported type 'SUM' in 'NinjaTrader.Vendor, Version=8.1.6.0, Culture=neutral, PublicKeyToken=null'. Using the type defined in 'C:\Mac\Home\Documents\NinjaTrader 8\bin\Custom\Indicators\@SUM.cs'. [C:\Mac\Home\Documents\NinjaTrader 8\bin\Custom\NinjaTrader.Custom.csproj]
C:\Mac\Home\Documents\NinjaTrader 8\bin\Custom\Indicators\@SUM.cs(73,21): warning CS0436: The type 'SUM' in 'C:\Mac\Home\Documents\NinjaTrader 8\bin\Custom\Indicators\@SUM.cs' conflicts with the imported type 'SUM' in 'NinjaTrader.Vendor, Version=8.1.6.0, Culture=neutral, PublicKeyToken=null'. Using the type defined in 'C:\Mac\Home\Documents\NinjaTrader 8\bin\Custom\Indicators\@SUM.cs'. [C:\Mac\Home\Documents\NinjaTrader 8\bin\Custom\NinjaTrader.Custom.csproj]
C:\Mac\Home\Documents\NinjaTrader 8\bin\Custom\Indicators\@Swing.cs(399,21): warning CS0436: The type 'Swing' in 'C:\Mac\Home\Documents\NinjaTrader 8\bin\Custom\Indicators\@Swing.cs' conflicts with the imported type 'Swing' in 'NinjaTrader.Vendor, Version=8.1.6.0, Culture=neutral, PublicKeyToken=null'. Using the type defined in 'C:\Mac\Home\Documents\NinjaTrader 8\bin\Custom\Indicators\@Swing.cs'. [C:\Mac\Home\Documents\NinjaTrader 8\bin\Custom\NinjaTrader.Custom.csproj]
C:\Mac\Home\Documents\NinjaTrader 8\bin\Custom\Indicators\@Swing.cs(404,21): warning CS0436: The type 'Swing' in 'C:\Mac\Home\Documents\NinjaTrader 8\bin\Custom\Indicators\@Swing.cs' conflicts with the imported type 'Swing' in 'NinjaTrader.Vendor, Version=8.1.6.0, Culture=neutral, PublicKeyToken=null'. Using the type defined in 'C:\Mac\Home\Documents\NinjaTrader 8\bin\Custom\Indicators\@Swing.cs'. [C:\Mac\Home\Documents\NinjaTrader 8\bin\Custom\NinjaTrader.Custom.csproj]
C:\Mac\Home\Documents\NinjaTrader 8\bin\Custom\Indicators\@SMA.cs(117,21): warning CS0436: The type 'SMA' in 'C:\Mac\Home\Documents\NinjaTrader 8\bin\Custom\Indicators\@SMA.cs' conflicts with the imported type 'SMA' in 'NinjaTrader.Vendor, Version=8.1.6.0, Culture=neutral, PublicKeyToken=null'. Using the type defined in 'C:\Mac\Home\Documents\NinjaTrader 8\bin\Custom\Indicators\@SMA.cs'. [C:\Mac\Home\Documents\NinjaTrader 8\bin\Custom\NinjaTrader.Custom.csproj]
C:\Mac\Home\Documents\NinjaTrader 8\bin\Custom\Indicators\@SMA.cs(122,21): warning CS0436: The type 'SMA' in 'C:\Mac\Home\Documents\NinjaTrader 8\bin\Custom\Indicators\@SMA.cs' conflicts with the imported type 'SMA' in 'NinjaTrader.Vendor, Version=8.1.6.0, Culture=neutral, PublicKeyToken=null'. Using the type defined in 'C:\Mac\Home\Documents\NinjaTrader 8\bin\Custom\Indicators\@SMA.cs'. [C:\Mac\Home\Documents\NinjaTrader 8\bin\Custom\NinjaTrader.Custom.csproj]
C:\Mac\Home\Documents\NinjaTrader 8\bin\Custom\Indicators\@SUM.cs(84,21): warning CS0436: The type 'SUM' in 'C:\Mac\Home\Documents\NinjaTrader 8\bin\Custom\Indicators\@SUM.cs' conflicts with the imported type 'SUM' in 'NinjaTrader.Vendor, Version=8.1.6.0, Culture=neutral, PublicKeyToken=null'. Using the type defined in 'C:\Mac\Home\Documents\NinjaTrader 8\bin\Custom\Indicators\@SUM.cs'. [C:\Mac\Home\Documents\NinjaTrader 8\bin\Custom\NinjaTrader.Custom.csproj]
C:\Mac\Home\Documents\NinjaTrader 8\bin\Custom\Indicators\@SUM.cs(89,21): warning CS0436: The type 'SUM' in 'C:\Mac\Home\Documents\NinjaTrader 8\bin\Custom\Indicators\@SUM.cs' conflicts with the imported type 'SUM' in 'NinjaTrader.Vendor, Version=8.1.6.0, Culture=neutral, PublicKeyToken=null'. Using the type defined in 'C:\Mac\Home\Documents\NinjaTrader 8\bin\Custom\Indicators\@SUM.cs'. [C:\Mac\Home\Documents\NinjaTrader 8\bin\Custom\NinjaTrader.Custom.csproj]
C:\Mac\Home\Documents\NinjaTrader 8\bin\Custom\Indicators\@Swing.cs(415,21): warning CS0436: The type 'Swing' in 'C:\Mac\Home\Documents\NinjaTrader 8\bin\Custom\Indicators\@Swing.cs' conflicts with the imported type 'Swing' in 'NinjaTrader.Vendor, Version=8.1.6.0, Culture=neutral, PublicKeyToken=null'. Using the type defined in 'C:\Mac\Home\Documents\NinjaTrader 8\bin\Custom\Indicators\@Swing.cs'. [C:\Mac\Home\Documents\NinjaTrader 8\bin\Custom\NinjaTrader.Custom.csproj]
C:\Mac\Home\Documents\NinjaTrader 8\bin\Custom\Indicators\@Swing.cs(420,21): warning CS0436: The type 'Swing' in 'C:\Mac\Home\Documents\NinjaTrader 8\bin\Custom\Indicators\@Swing.cs' conflicts with the imported type 'Swing' in 'NinjaTrader.Vendor, Version=8.1.6.0, Culture=neutral, PublicKeyToken=null'. Using the type defined in 'C:\Mac\Home\Documents\NinjaTrader 8\bin\Custom\Indicators\@Swing.cs'. [C:\Mac\Home\Documents\NinjaTrader 8\bin\Custom\NinjaTrader.Custom.csproj]
C:\Mac\Home\Documents\NinjaTrader 8\bin\Custom\Indicators\@DrawingToolTile.cs(29,33): warning CS0436: The type 'Indicator' in 'C:\Mac\Home\Documents\NinjaTrader 8\bin\Custom\Indicators\@IchimokuCloud.cs' conflicts with the imported type 'Indicator' in 'NinjaTrader.Vendor, Version=8.1.6.0, Culture=neutral, PublicKeyToken=null'. Using the type defined in 'C:\Mac\Home\Documents\NinjaTrader 8\bin\Custom\Indicators\@IchimokuCloud.cs'. [C:\Mac\Home\Documents\NinjaTrader 8\bin\Custom\NinjaTrader.Custom.csproj]
C:\Mac\Home\Documents\NinjaTrader 8\bin\Custom\Indicators\@McClellanOscillator.cs(19,37): warning CS0436: The type 'Indicator' in 'C:\Mac\Home\Documents\NinjaTrader 8\bin\Custom\Indicators\@IchimokuCloud.cs' conflicts with the imported type 'Indicator' in 'NinjaTrader.Vendor, Version=8.1.6.0, Culture=neutral, PublicKeyToken=null'. Using the type defined in 'C:\Mac\Home\Documents\NinjaTrader 8\bin\Custom\Indicators\@IchimokuCloud.cs'. [C:\Mac\Home\Documents\NinjaTrader 8\bin\Custom\NinjaTrader.Custom.csproj]
C:\Mac\Home\Documents\NinjaTrader 8\bin\Custom\Indicators\@MoneyFlowOscillator.cs(19,37): warning CS0436: The type 'Indicator' in 'C:\Mac\Home\Documents\NinjaTrader 8\bin\Custom\Indicators\@IchimokuCloud.cs' conflicts with the imported type 'Indicator' in 'NinjaTrader.Vendor, Version=8.1.6.0, Culture=neutral, PublicKeyToken=null'. Using the type defined in 'C:\Mac\Home\Documents\NinjaTrader 8\bin\Custom\Indicators\@IchimokuCloud.cs'. [C:\Mac\Home\Documents\NinjaTrader 8\bin\Custom\NinjaTrader.Custom.csproj]
C:\Mac\Home\Documents\NinjaTrader 8\bin\Custom\Indicators\@MovingAverageRibbon.cs(19,37): warning CS0436: The type 'Indicator' in 'C:\Mac\Home\Documents\NinjaTrader 8\bin\Custom\Indicators\@IchimokuCloud.cs' conflicts with the imported type 'Indicator' in 'NinjaTrader.Vendor, Version=8.1.6.0, Culture=neutral, PublicKeyToken=null'. Using the type defined in 'C:\Mac\Home\Documents\NinjaTrader 8\bin\Custom\Indicators\@IchimokuCloud.cs'. [C:\Mac\Home\Documents\NinjaTrader 8\bin\Custom\NinjaTrader.Custom.csproj]
C:\Mac\Home\Documents\NinjaTrader 8\bin\Custom\MarketAnalyzerColumns\@MarketAnalyzerColumn.cs(31,23): warning CS0436: The type 'Indicator' in 'C:\Mac\Home\Documents\NinjaTrader 8\bin\Custom\Indicators\@IchimokuCloud.cs' conflicts with the imported type 'Indicator' in 'NinjaTrader.Vendor, Version=8.1.6.0, Culture=neutral, PublicKeyToken=null'. Using the type defined in 'C:\Mac\Home\Documents\NinjaTrader 8\bin\Custom\Indicators\@IchimokuCloud.cs'. [C:\Mac\Home\Documents\NinjaTrader 8\bin\Custom\NinjaTrader.Custom.csproj]
C:\Mac\Home\Documents\NinjaTrader 8\bin\Custom\Strategies\@Strategy.cs(15,20): warning CS0436: The type 'Indicator' in 'C:\Mac\Home\Documents\NinjaTrader 8\bin\Custom\Indicators\@IchimokuCloud.cs' conflicts with the imported type 'Indicator' in 'NinjaTrader.Vendor, Version=8.1.6.0, Culture=neutral, PublicKeyToken=null'. Using the type defined in 'C:\Mac\Home\Documents\NinjaTrader 8\bin\Custom\Indicators\@IchimokuCloud.cs'. [C:\Mac\Home\Documents\NinjaTrader 8\bin\Custom\NinjaTrader.Custom.csproj]
C:\Mac\Home\Documents\NinjaTrader 8\bin\Custom\Strategies\@SampleMultiInstrument.cs(15,39): warning CS0436: The type 'Strategy' in 'C:\Mac\Home\Documents\NinjaTrader 8\bin\Custom\Indicators\@IchimokuCloud.cs' conflicts with the imported type 'Strategy' in 'NinjaTrader.Vendor, Version=8.1.6.0, Culture=neutral, PublicKeyToken=null'. Using the type defined in 'C:\Mac\Home\Documents\NinjaTrader 8\bin\Custom\Indicators\@IchimokuCloud.cs'. [C:\Mac\Home\Documents\NinjaTrader 8\bin\Custom\NinjaTrader.Custom.csproj]
C:\Mac\Home\Documents\NinjaTrader 8\bin\Custom\Strategies\@SampleMultiTimeFrame.cs(13,38): warning CS0436: The type 'Strategy' in 'C:\Mac\Home\Documents\NinjaTrader 8\bin\Custom\Indicators\@IchimokuCloud.cs' conflicts with the imported type 'Strategy' in 'NinjaTrader.Vendor, Version=8.1.6.0, Culture=neutral, PublicKeyToken=null'. Using the type defined in 'C:\Mac\Home\Documents\NinjaTrader 8\bin\Custom\Indicators\@IchimokuCloud.cs'. [C:\Mac\Home\Documents\NinjaTrader 8\bin\Custom\NinjaTrader.Custom.csproj]
C:\Mac\Home\Documents\NinjaTrader 8\bin\Custom\Strategies\@SampleMultiTimeFrame.cs(15,11): warning CS0436: The type 'SMA' in 'C:\Mac\Home\Documents\NinjaTrader 8\bin\Custom\Indicators\@SMA.cs' conflicts with the imported type 'SMA' in 'NinjaTrader.Vendor, Version=8.1.6.0, Culture=neutral, PublicKeyToken=null'. Using the type defined in 'C:\Mac\Home\Documents\NinjaTrader 8\bin\Custom\Indicators\@SMA.cs'. [C:\Mac\Home\Documents\NinjaTrader 8\bin\Custom\NinjaTrader.Custom.csproj]
C:\Mac\Home\Documents\NinjaTrader 8\bin\Custom\Strategies\@SampleMultiTimeFrame.cs(16,11): warning CS0436: The type 'SMA' in 'C:\Mac\Home\Documents\NinjaTrader 8\bin\Custom\Indicators\@SMA.cs' conflicts with the imported type 'SMA' in 'NinjaTrader.Vendor, Version=8.1.6.0, Culture=neutral, PublicKeyToken=null'. Using the type defined in 'C:\Mac\Home\Documents\NinjaTrader 8\bin\Custom\Indicators\@SMA.cs'. [C:\Mac\Home\Documents\NinjaTrader 8\bin\Custom\NinjaTrader.Custom.csproj]
C:\Mac\Home\Documents\NinjaTrader 8\bin\Custom\Strategies\@SampleMultiTimeFrame.cs(17,11): warning CS0436: The type 'SMA' in 'C:\Mac\Home\Documents\NinjaTrader 8\bin\Custom\Indicators\@SMA.cs' conflicts with the imported type 'SMA' in 'NinjaTrader.Vendor, Version=8.1.6.0, Culture=neutral, PublicKeyToken=null'. Using the type defined in 'C:\Mac\Home\Documents\NinjaTrader 8\bin\Custom\Indicators\@SMA.cs'. [C:\Mac\Home\Documents\NinjaTrader 8\bin\Custom\NinjaTrader.Custom.csproj]
C:\Mac\Home\Documents\NinjaTrader 8\bin\Custom\Strategies\@SampleMultiTimeFrame.cs(18,11): warning CS0436: The type 'SMA' in 'C:\Mac\Home\Documents\NinjaTrader 8\bin\Custom\Indicators\@SMA.cs' conflicts with the imported type 'SMA' in 'NinjaTrader.Vendor, Version=8.1.6.0, Culture=neutral, PublicKeyToken=null'. Using the type defined in 'C:\Mac\Home\Documents\NinjaTrader 8\bin\Custom\Indicators\@SMA.cs'. [C:\Mac\Home\Documents\NinjaTrader 8\bin\Custom\NinjaTrader.Custom.csproj]
C:\Mac\Home\Documents\NinjaTrader 8\bin\Custom\Strategies\@SampleMultiTimeFrame.cs(19,11): warning CS0436: The type 'SMA' in 'C:\Mac\Home\Documents\NinjaTrader 8\bin\Custom\Indicators\@SMA.cs' conflicts with the imported type 'SMA' in 'NinjaTrader.Vendor, Version=8.1.6.0, Culture=neutral, PublicKeyToken=null'. Using the type defined in 'C:\Mac\Home\Documents\NinjaTrader 8\bin\Custom\Indicators\@SMA.cs'. [C:\Mac\Home\Documents\NinjaTrader 8\bin\Custom\NinjaTrader.Custom.csproj]
C:\Mac\Home\Documents\NinjaTrader 8\bin\Custom\Strategies\@SampleMultiTimeFrame.cs(20,11): warning CS0436: The type 'SMA' in 'C:\Mac\Home\Documents\NinjaTrader 8\bin\Custom\Indicators\@SMA.cs' conflicts with the imported type 'SMA' in 'NinjaTrader.Vendor, Version=8.1.6.0, Culture=neutral, PublicKeyToken=null'. Using the type defined in 'C:\Mac\Home\Documents\NinjaTrader 8\bin\Custom\Indicators\@SMA.cs'. [C:\Mac\Home\Documents\NinjaTrader 8\bin\Custom\NinjaTrader.Custom.csproj]
C:\Mac\Home\Documents\NinjaTrader 8\bin\Custom\Strategies\OpenAISTR.cs(33,43): warning CS0436: The type 'Strategy' in 'C:\Mac\Home\Documents\NinjaTrader 8\bin\Custom\Indicators\@IchimokuCloud.cs' conflicts with the imported type 'Strategy' in 'NinjaTrader.Vendor, Version=8.1.6.0, Culture=neutral, PublicKeyToken=null'. Using the type defined in 'C:\Mac\Home\Documents\NinjaTrader 8\bin\Custom\Indicators\@IchimokuCloud.cs'. [C:\Mac\Home\Documents\NinjaTrader 8\bin\Custom\NinjaTrader.Custom.csproj]
C:\Mac\Home\Documents\NinjaTrader 8\bin\Custom\Strategies\@@DepthPeekExample.cs(10,37): warning CS0436: The type 'Strategy' in 'C:\Mac\Home\Documents\NinjaTrader 8\bin\Custom\Indicators\@IchimokuCloud.cs' conflicts with the imported type 'Strategy' in 'NinjaTrader.Vendor, Version=8.1.6.0, Culture=neutral, PublicKeyToken=null'. Using the type defined in 'C:\Mac\Home\Documents\NinjaTrader 8\bin\Custom\Indicators\@IchimokuCloud.cs'. [C:\Mac\Home\Documents\NinjaTrader 8\bin\Custom\NinjaTrader.Custom.csproj]
C:\Mac\Home\Documents\NinjaTrader 8\bin\Custom\Indicators\@CurrentDayOHL.cs(134,10): warning CS0436: The type 'CurrentDayOHL' in 'C:\Mac\Home\Documents\NinjaTrader 8\bin\Custom\Indicators\@CurrentDayOHL.cs' conflicts with the imported type 'CurrentDayOHL' in 'NinjaTrader.Vendor, Version=8.1.6.0, Culture=neutral, PublicKeyToken=null'. Using the type defined in 'C:\Mac\Home\Documents\NinjaTrader 8\bin\Custom\Indicators\@CurrentDayOHL.cs'. [C:\Mac\Home\Documents\NinjaTrader 8\bin\Custom\NinjaTrader.Custom.csproj]
C:\Mac\Home\Documents\NinjaTrader 8\bin\Custom\Indicators\@CurrentDayOHL.cs(139,10): warning CS0436: The type 'CurrentDayOHL' in 'C:\Mac\Home\Documents\NinjaTrader 8\bin\Custom\Indicators\@CurrentDayOHL.cs' conflicts with the imported type 'CurrentDayOHL' in 'NinjaTrader.Vendor, Version=8.1.6.0, Culture=neutral, PublicKeyToken=null'. Using the type defined in 'C:\Mac\Home\Documents\NinjaTrader 8\bin\Custom\Indicators\@CurrentDayOHL.cs'. [C:\Mac\Home\Documents\NinjaTrader 8\bin\Custom\NinjaTrader.Custom.csproj]
C:\Mac\Home\Documents\NinjaTrader 8\bin\Custom\Indicators\@EMA.cs(59,10): warning CS0436: The type 'EMA' in 'C:\Mac\Home\Documents\NinjaTrader 8\bin\Custom\Indicators\@EMA.cs' conflicts with the imported type 'EMA' in 'NinjaTrader.Vendor, Version=8.1.6.0, Culture=neutral, PublicKeyToken=null'. Using the type defined in 'C:\Mac\Home\Documents\NinjaTrader 8\bin\Custom\Indicators\@EMA.cs'. [C:\Mac\Home\Documents\NinjaTrader 8\bin\Custom\NinjaTrader.Custom.csproj]
C:\Mac\Home\Documents\NinjaTrader 8\bin\Custom\Indicators\@EMA.cs(64,10): warning CS0436: The type 'EMA' in 'C:\Mac\Home\Documents\NinjaTrader 8\bin\Custom\Indicators\@EMA.cs' conflicts with the imported type 'EMA' in 'NinjaTrader.Vendor, Version=8.1.6.0, Culture=neutral, PublicKeyToken=null'. Using the type defined in 'C:\Mac\Home\Documents\NinjaTrader 8\bin\Custom\Indicators\@EMA.cs'. [C:\Mac\Home\Documents\NinjaTrader 8\bin\Custom\NinjaTrader.Custom.csproj]
C:\Mac\Home\Documents\NinjaTrader 8\bin\Custom\Indicators\@LinReg.cs(104,10): warning CS0436: The type 'LinReg' in 'C:\Mac\Home\Documents\NinjaTrader 8\bin\Custom\Indicators\@LinReg.cs' conflicts with the imported type 'LinReg' in 'NinjaTrader.Vendor, Version=8.1.6.0, Culture=neutral, PublicKeyToken=null'. Using the type defined in 'C:\Mac\Home\Documents\NinjaTrader 8\bin\Custom\Indicators\@LinReg.cs'. [C:\Mac\Home\Documents\NinjaTrader 8\bin\Custom\NinjaTrader.Custom.csproj]
C:\Mac\Home\Documents\NinjaTrader 8\bin\Custom\Indicators\@LinReg.cs(109,10): warning CS0436: The type 'LinReg' in 'C:\Mac\Home\Documents\NinjaTrader 8\bin\Custom\Indicators\@LinReg.cs' conflicts with the imported type 'LinReg' in 'NinjaTrader.Vendor, Version=8.1.6.0, Culture=neutral, PublicKeyToken=null'. Using the type defined in 'C:\Mac\Home\Documents\NinjaTrader 8\bin\Custom\Indicators\@LinReg.cs'. [C:\Mac\Home\Documents\NinjaTrader 8\bin\Custom\NinjaTrader.Custom.csproj]
C:\Mac\Home\Documents\NinjaTrader 8\bin\Custom\Indicators\@SMA.cs(81,10): warning CS0436: The type 'SMA' in 'C:\Mac\Home\Documents\NinjaTrader 8\bin\Custom\Indicators\@SMA.cs' conflicts with the imported type 'SMA' in 'NinjaTrader.Vendor, Version=8.1.6.0, Culture=neutral, PublicKeyToken=null'. Using the type defined in 'C:\Mac\Home\Documents\NinjaTrader 8\bin\Custom\Indicators\@SMA.cs'. [C:\Mac\Home\Documents\NinjaTrader 8\bin\Custom\NinjaTrader.Custom.csproj]
C:\Mac\Home\Documents\NinjaTrader 8\bin\Custom\Indicators\@SMA.cs(86,10): warning CS0436: The type 'SMA' in 'C:\Mac\Home\Documents\NinjaTrader 8\bin\Custom\Indicators\@SMA.cs' conflicts with the imported type 'SMA' in 'NinjaTrader.Vendor, Version=8.1.6.0, Culture=neutral, PublicKeyToken=null'. Using the type defined in 'C:\Mac\Home\Documents\NinjaTrader 8\bin\Custom\Indicators\@SMA.cs'. [C:\Mac\Home\Documents\NinjaTrader 8\bin\Custom\NinjaTrader.Custom.csproj]
C:\Mac\Home\Documents\NinjaTrader 8\bin\Custom\Indicators\@SUM.cs(48,10): warning CS0436: The type 'SUM' in 'C:\Mac\Home\Documents\NinjaTrader 8\bin\Custom\Indicators\@SUM.cs' conflicts with the imported type 'SUM' in 'NinjaTrader.Vendor, Version=8.1.6.0, Culture=neutral, PublicKeyToken=null'. Using the type defined in 'C:\Mac\Home\Documents\NinjaTrader 8\bin\Custom\Indicators\@SUM.cs'. [C:\Mac\Home\Documents\NinjaTrader 8\bin\Custom\NinjaTrader.Custom.csproj]
C:\Mac\Home\Documents\NinjaTrader 8\bin\Custom\Indicators\@SUM.cs(53,10): warning CS0436: The type 'SUM' in 'C:\Mac\Home\Documents\NinjaTrader 8\bin\Custom\Indicators\@SUM.cs' conflicts with the imported type 'SUM' in 'NinjaTrader.Vendor, Version=8.1.6.0, Culture=neutral, PublicKeyToken=null'. Using the type defined in 'C:\Mac\Home\Documents\NinjaTrader 8\bin\Custom\Indicators\@SUM.cs'. [C:\Mac\Home\Documents\NinjaTrader 8\bin\Custom\NinjaTrader.Custom.csproj]
C:\Mac\Home\Documents\NinjaTrader 8\bin\Custom\Indicators\@Swing.cs(379,10): warning CS0436: The type 'Swing' in 'C:\Mac\Home\Documents\NinjaTrader 8\bin\Custom\Indicators\@Swing.cs' conflicts with the imported type 'Swing' in 'NinjaTrader.Vendor, Version=8.1.6.0, Culture=neutral, PublicKeyToken=null'. Using the type defined in 'C:\Mac\Home\Documents\NinjaTrader 8\bin\Custom\Indicators\@Swing.cs'. [C:\Mac\Home\Documents\NinjaTrader 8\bin\Custom\NinjaTrader.Custom.csproj]
C:\Mac\Home\Documents\NinjaTrader 8\bin\Custom\Indicators\@Swing.cs(384,10): warning CS0436: The type 'Swing' in 'C:\Mac\Home\Documents\NinjaTrader 8\bin\Custom\Indicators\@Swing.cs' conflicts with the imported type 'Swing' in 'NinjaTrader.Vendor, Version=8.1.6.0, Culture=neutral, PublicKeyToken=null'. Using the type defined in 'C:\Mac\Home\Documents\NinjaTrader 8\bin\Custom\Indicators\@Swing.cs'. [C:\Mac\Home\Documents\NinjaTrader 8\bin\Custom\NinjaTrader.Custom.csproj]
C:\Mac\Home\Documents\NinjaTrader 8\bin\Custom\Strategies\Learningstrategy.cs(28,34): warning CS0436: The type 'Strategy' in 'C:\Mac\Home\Documents\NinjaTrader 8\bin\Custom\Indicators\@IchimokuCloud.cs' conflicts with the imported type 'Strategy' in 'NinjaTrader.Vendor, Version=8.1.6.0, Culture=neutral, PublicKeyToken=null'. Using the type defined in 'C:\Mac\Home\Documents\NinjaTrader 8\bin\Custom\Indicators\@IchimokuCloud.cs'. [C:\Mac\Home\Documents\NinjaTrader 8\bin\Custom\NinjaTrader.Custom.csproj]
C:\Mac\Home\Documents\NinjaTrader 8\bin\Custom\Indicators\@NetChangeDisplay.cs(22,34): warning CS0436: The type 'Indicator' in 'C:\Mac\Home\Documents\NinjaTrader 8\bin\Custom\Indicators\@IchimokuCloud.cs' conflicts with the imported type 'Indicator' in 'NinjaTrader.Vendor, Version=8.1.6.0, Culture=neutral, PublicKeyToken=null'. Using the type defined in 'C:\Mac\Home\Documents\NinjaTrader 8\bin\Custom\Indicators\@IchimokuCloud.cs'. [C:\Mac\Home\Documents\NinjaTrader 8\bin\Custom\NinjaTrader.Custom.csproj]
C:\Mac\Home\Documents\NinjaTrader 8\bin\Custom\DrawingTools\@ChartMarkers.cs(636,17): warning CS0436: The type 'ArrowDown' in 'C:\Mac\Home\Documents\NinjaTrader 8\bin\Custom\DrawingTools\@ChartMarkers.cs' conflicts with the imported type 'ArrowDown' in 'NinjaTrader.Vendor, Version=8.1.6.0, Culture=neutral, PublicKeyToken=null'. Using the type defined in 'C:\Mac\Home\Documents\NinjaTrader 8\bin\Custom\DrawingTools\@ChartMarkers.cs'. [C:\Mac\Home\Documents\NinjaTrader 8\bin\Custom\NinjaTrader.Custom.csproj]
C:\Mac\Home\Documents\NinjaTrader 8\bin\Custom\DrawingTools\@ChartMarkers.cs(649,17): warning CS0436: The type 'ArrowDown' in 'C:\Mac\Home\Documents\NinjaTrader 8\bin\Custom\DrawingTools\@ChartMarkers.cs' conflicts with the imported type 'ArrowDown' in 'NinjaTrader.Vendor, Version=8.1.6.0, Culture=neutral, PublicKeyToken=null'. Using the type defined in 'C:\Mac\Home\Documents\NinjaTrader 8\bin\Custom\DrawingTools\@ChartMarkers.cs'. [C:\Mac\Home\Documents\NinjaTrader 8\bin\Custom\NinjaTrader.Custom.csproj]
C:\Mac\Home\Documents\NinjaTrader 8\bin\Custom\DrawingTools\@ChartMarkers.cs(663,17): warning CS0436: The type 'ArrowDown' in 'C:\Mac\Home\Documents\NinjaTrader 8\bin\Custom\DrawingTools\@ChartMarkers.cs' conflicts with the imported type 'ArrowDown' in 'NinjaTrader.Vendor, Version=8.1.6.0, Culture=neutral, PublicKeyToken=null'. Using the type defined in 'C:\Mac\Home\Documents\NinjaTrader 8\bin\Custom\DrawingTools\@ChartMarkers.cs'. [C:\Mac\Home\Documents\NinjaTrader 8\bin\Custom\NinjaTrader.Custom.csproj]
C:\Mac\Home\Documents\NinjaTrader 8\bin\Custom\DrawingTools\@ChartMarkers.cs(677,17): warning CS0436: The type 'ArrowDown' in 'C:\Mac\Home\Documents\NinjaTrader 8\bin\Custom\DrawingTools\@ChartMarkers.cs' conflicts with the imported type 'ArrowDown' in 'NinjaTrader.Vendor, Version=8.1.6.0, Culture=neutral, PublicKeyToken=null'. Using the type defined in 'C:\Mac\Home\Documents\NinjaTrader 8\bin\Custom\DrawingTools\@ChartMarkers.cs'. [C:\Mac\Home\Documents\NinjaTrader 8\bin\Custom\NinjaTrader.Custom.csproj]
C:\Mac\Home\Documents\NinjaTrader 8\bin\Custom\DrawingTools\@ChartMarkers.cs(691,17): warning CS0436: The type 'ArrowDown' in 'C:\Mac\Home\Documents\NinjaTrader 8\bin\Custom\DrawingTools\@ChartMarkers.cs' conflicts with the imported type 'ArrowDown' in 'NinjaTrader.Vendor, Version=8.1.6.0, Culture=neutral, PublicKeyToken=null'. Using the type defined in 'C:\Mac\Home\Documents\NinjaTrader 8\bin\Custom\DrawingTools\@ChartMarkers.cs'. [C:\Mac\Home\Documents\NinjaTrader 8\bin\Custom\NinjaTrader.Custom.csproj]
C:\Mac\Home\Documents\NinjaTrader 8\bin\Custom\Strategies\@@CBASTesting.cs(13,32): warning CS0436: The type 'Strategy' in 'C:\Mac\Home\Documents\NinjaTrader 8\bin\Custom\Indicators\@IchimokuCloud.cs' conflicts with the imported type 'Strategy' in 'NinjaTrader.Vendor, Version=8.1.6.0, Culture=neutral, PublicKeyToken=null'. Using the type defined in 'C:\Mac\Home\Documents\NinjaTrader 8\bin\Custom\Indicators\@IchimokuCloud.cs'. [C:\Mac\Home\Documents\NinjaTrader 8\bin\Custom\NinjaTrader.Custom.csproj]
C:\Mac\Home\Documents\NinjaTrader 8\bin\Custom\DrawingTools\@ChartMarkers.cs(705,17): warning CS0436: The type 'ArrowDown' in 'C:\Mac\Home\Documents\NinjaTrader 8\bin\Custom\DrawingTools\@ChartMarkers.cs' conflicts with the imported type 'ArrowDown' in 'NinjaTrader.Vendor, Version=8.1.6.0, Culture=neutral, PublicKeyToken=null'. Using the type defined in 'C:\Mac\Home\Documents\NinjaTrader 8\bin\Custom\DrawingTools\@ChartMarkers.cs'. [C:\Mac\Home\Documents\NinjaTrader 8\bin\Custom\NinjaTrader.Custom.csproj]
C:\Mac\Home\Documents\NinjaTrader 8\bin\Custom\Indicators\@NetChangeDisplay.cs(46,11): warning CS0436: The type 'TextPosition' in 'C:\Mac\Home\Documents\NinjaTrader 8\bin\Custom\DrawingTools\@Text.cs' conflicts with the imported type 'TextPosition' in 'NinjaTrader.Vendor, Version=8.1.6.0, Culture=neutral, PublicKeyToken=null'. Using the type defined in 'C:\Mac\Home\Documents\NinjaTrader 8\bin\Custom\DrawingTools\@Text.cs'. [C:\Mac\Home\Documents\NinjaTrader 8\bin\Custom\NinjaTrader.Custom.csproj]
C:\Mac\Home\Documents\NinjaTrader 8\bin\Custom\DrawingTools\@ChartMarkers.cs(719,17): warning CS0436: The type 'ArrowUp' in 'C:\Mac\Home\Documents\NinjaTrader 8\bin\Custom\DrawingTools\@ChartMarkers.cs' conflicts with the imported type 'ArrowUp' in 'NinjaTrader.Vendor, Version=8.1.6.0, Culture=neutral, PublicKeyToken=null'. Using the type defined in 'C:\Mac\Home\Documents\NinjaTrader 8\bin\Custom\DrawingTools\@ChartMarkers.cs'. [C:\Mac\Home\Documents\NinjaTrader 8\bin\Custom\NinjaTrader.Custom.csproj]
C:\Mac\Home\Documents\NinjaTrader 8\bin\Custom\DrawingTools\@ChartMarkers.cs(732,17): warning CS0436: The type 'ArrowUp' in 'C:\Mac\Home\Documents\NinjaTrader 8\bin\Custom\DrawingTools\@ChartMarkers.cs' conflicts with the imported type 'ArrowUp' in 'NinjaTrader.Vendor, Version=8.1.6.0, Culture=neutral, PublicKeyToken=null'. Using the type defined in 'C:\Mac\Home\Documents\NinjaTrader 8\bin\Custom\DrawingTools\@ChartMarkers.cs'. [C:\Mac\Home\Documents\NinjaTrader 8\bin\Custom\NinjaTrader.Custom.csproj]
C:\Mac\Home\Documents\NinjaTrader 8\bin\Custom\DrawingTools\@ChartMarkers.cs(746,17): warning CS0436: The type 'ArrowUp' in 'C:\Mac\Home\Documents\NinjaTrader 8\bin\Custom\DrawingTools\@ChartMarkers.cs' conflicts with the imported type 'ArrowUp' in 'NinjaTrader.Vendor, Version=8.1.6.0, Culture=neutral, PublicKeyToken=null'. Using the type defined in 'C:\Mac\Home\Documents\NinjaTrader 8\bin\Custom\DrawingTools\@ChartMarkers.cs'. [C:\Mac\Home\Documents\NinjaTrader 8\bin\Custom\NinjaTrader.Custom.csproj]
C:\Mac\Home\Documents\NinjaTrader 8\bin\Custom\DrawingTools\@ChartMarkers.cs(760,17): warning CS0436: The type 'ArrowUp' in 'C:\Mac\Home\Documents\NinjaTrader 8\bin\Custom\DrawingTools\@ChartMarkers.cs' conflicts with the imported type 'ArrowUp' in 'NinjaTrader.Vendor, Version=8.1.6.0, Culture=neutral, PublicKeyToken=null'. Using the type defined in 'C:\Mac\Home\Documents\NinjaTrader 8\bin\Custom\DrawingTools\@ChartMarkers.cs'. [C:\Mac\Home\Documents\NinjaTrader 8\bin\Custom\NinjaTrader.Custom.csproj]
C:\Mac\Home\Documents\NinjaTrader 8\bin\Custom\DrawingTools\@ChartMarkers.cs(774,17): warning CS0436: The type 'ArrowUp' in 'C:\Mac\Home\Documents\NinjaTrader 8\bin\Custom\DrawingTools\@ChartMarkers.cs' conflicts with the imported type 'ArrowUp' in 'NinjaTrader.Vendor, Version=8.1.6.0, Culture=neutral, PublicKeyToken=null'. Using the type defined in 'C:\Mac\Home\Documents\NinjaTrader 8\bin\Custom\DrawingTools\@ChartMarkers.cs'. [C:\Mac\Home\Documents\NinjaTrader 8\bin\Custom\NinjaTrader.Custom.csproj]
C:\Mac\Home\Documents\NinjaTrader 8\bin\Custom\DrawingTools\@ChartMarkers.cs(788,17): warning CS0436: The type 'ArrowUp' in 'C:\Mac\Home\Documents\NinjaTrader 8\bin\Custom\DrawingTools\@ChartMarkers.cs' conflicts with the imported type 'ArrowUp' in 'NinjaTrader.Vendor, Version=8.1.6.0, Culture=neutral, PublicKeyToken=null'. Using the type defined in 'C:\Mac\Home\Documents\NinjaTrader 8\bin\Custom\DrawingTools\@ChartMarkers.cs'. [C:\Mac\Home\Documents\NinjaTrader 8\bin\Custom\NinjaTrader.Custom.csproj]
C:\Mac\Home\Documents\NinjaTrader 8\bin\Custom\Strategies\@@CBASTesting.cs(49,9): warning CS0436: The type 'EMA' in 'C:\Mac\Home\Documents\NinjaTrader 8\bin\Custom\Indicators\@EMA.cs' conflicts with the imported type 'EMA' in 'NinjaTrader.Vendor, Version=8.1.6.0, Culture=neutral, PublicKeyToken=null'. Using the type defined in 'C:\Mac\Home\Documents\NinjaTrader 8\bin\Custom\Indicators\@EMA.cs'. [C:\Mac\Home\Documents\NinjaTrader 8\bin\Custom\NinjaTrader.Custom.csproj]
C:\Mac\Home\Documents\NinjaTrader 8\bin\Custom\Strategies\@@CBASTesting.cs(50,9): warning CS0436: The type 'EMA' in 'C:\Mac\Home\Documents\NinjaTrader 8\bin\Custom\Indicators\@EMA.cs' conflicts with the imported type 'EMA' in 'NinjaTrader.Vendor, Version=8.1.6.0, Culture=neutral, PublicKeyToken=null'. Using the type defined in 'C:\Mac\Home\Documents\NinjaTrader 8\bin\Custom\Indicators\@EMA.cs'. [C:\Mac\Home\Documents\NinjaTrader 8\bin\Custom\NinjaTrader.Custom.csproj]
C:\Mac\Home\Documents\NinjaTrader 8\bin\Custom\DrawingTools\@ChartMarkers.cs(802,17): warning CS0436: The type 'Diamond' in 'C:\Mac\Home\Documents\NinjaTrader 8\bin\Custom\DrawingTools\@ChartMarkers.cs' conflicts with the imported type 'Diamond' in 'NinjaTrader.Vendor, Version=8.1.6.0, Culture=neutral, PublicKeyToken=null'. Using the type defined in 'C:\Mac\Home\Documents\NinjaTrader 8\bin\Custom\DrawingTools\@ChartMarkers.cs'. [C:\Mac\Home\Documents\NinjaTrader 8\bin\Custom\NinjaTrader.Custom.csproj]
C:\Mac\Home\Documents\NinjaTrader 8\bin\Custom\DrawingTools\@ChartMarkers.cs(815,17): warning CS0436: The type 'Diamond' in 'C:\Mac\Home\Documents\NinjaTrader 8\bin\Custom\DrawingTools\@ChartMarkers.cs' conflicts with the imported type 'Diamond' in 'NinjaTrader.Vendor, Version=8.1.6.0, Culture=neutral, PublicKeyToken=null'. Using the type defined in 'C:\Mac\Home\Documents\NinjaTrader 8\bin\Custom\DrawingTools\@ChartMarkers.cs'. [C:\Mac\Home\Documents\NinjaTrader 8\bin\Custom\NinjaTrader.Custom.csproj]
C:\Mac\Home\Documents\NinjaTrader 8\bin\Custom\Strategies\@@CBASTesting.cs(51,9): warning CS0436: The type 'SMA' in 'C:\Mac\Home\Documents\NinjaTrader 8\bin\Custom\Indicators\@SMA.cs' conflicts with the imported type 'SMA' in 'NinjaTrader.Vendor, Version=8.1.6.0, Culture=neutral, PublicKeyToken=null'. Using the type defined in 'C:\Mac\Home\Documents\NinjaTrader 8\bin\Custom\Indicators\@SMA.cs'. [C:\Mac\Home\Documents\NinjaTrader 8\bin\Custom\NinjaTrader.Custom.csproj]
C:\Mac\Home\Documents\NinjaTrader 8\bin\Custom\DrawingTools\@ChartMarkers.cs(829,17): warning CS0436: The type 'Diamond' in 'C:\Mac\Home\Documents\NinjaTrader 8\bin\Custom\DrawingTools\@ChartMarkers.cs' conflicts with the imported type 'Diamond' in 'NinjaTrader.Vendor, Version=8.1.6.0, Culture=neutral, PublicKeyToken=null'. Using the type defined in 'C:\Mac\Home\Documents\NinjaTrader 8\bin\Custom\DrawingTools\@ChartMarkers.cs'. [C:\Mac\Home\Documents\NinjaTrader 8\bin\Custom\NinjaTrader.Custom.csproj]
C:\Mac\Home\Documents\NinjaTrader 8\bin\Custom\DrawingTools\@ChartMarkers.cs(843,17): warning CS0436: The type 'Diamond' in 'C:\Mac\Home\Documents\NinjaTrader 8\bin\Custom\DrawingTools\@ChartMarkers.cs' conflicts with the imported type 'Diamond' in 'NinjaTrader.Vendor, Version=8.1.6.0, Culture=neutral, PublicKeyToken=null'. Using the type defined in 'C:\Mac\Home\Documents\NinjaTrader 8\bin\Custom\DrawingTools\@ChartMarkers.cs'. [C:\Mac\Home\Documents\NinjaTrader 8\bin\Custom\NinjaTrader.Custom.csproj]
C:\Mac\Home\Documents\NinjaTrader 8\bin\Custom\DrawingTools\@ChartMarkers.cs(857,17): warning CS0436: The type 'Diamond' in 'C:\Mac\Home\Documents\NinjaTrader 8\bin\Custom\DrawingTools\@ChartMarkers.cs' conflicts with the imported type 'Diamond' in 'NinjaTrader.Vendor, Version=8.1.6.0, Culture=neutral, PublicKeyToken=null'. Using the type defined in 'C:\Mac\Home\Documents\NinjaTrader 8\bin\Custom\DrawingTools\@ChartMarkers.cs'. [C:\Mac\Home\Documents\NinjaTrader 8\bin\Custom\NinjaTrader.Custom.csproj]
C:\Mac\Home\Documents\NinjaTrader 8\bin\Custom\DrawingTools\@ChartMarkers.cs(871,17): warning CS0436: The type 'Diamond' in 'C:\Mac\Home\Documents\NinjaTrader 8\bin\Custom\DrawingTools\@ChartMarkers.cs' conflicts with the imported type 'Diamond' in 'NinjaTrader.Vendor, Version=8.1.6.0, Culture=neutral, PublicKeyToken=null'. Using the type defined in 'C:\Mac\Home\Documents\NinjaTrader 8\bin\Custom\DrawingTools\@ChartMarkers.cs'. [C:\Mac\Home\Documents\NinjaTrader 8\bin\Custom\NinjaTrader.Custom.csproj]
C:\Mac\Home\Documents\NinjaTrader 8\bin\Custom\DrawingTools\@ChartMarkers.cs(885,17): warning CS0436: The type 'Dot' in 'C:\Mac\Home\Documents\NinjaTrader 8\bin\Custom\DrawingTools\@ChartMarkers.cs' conflicts with the imported type 'Dot' in 'NinjaTrader.Vendor, Version=8.1.6.0, Culture=neutral, PublicKeyToken=null'. Using the type defined in 'C:\Mac\Home\Documents\NinjaTrader 8\bin\Custom\DrawingTools\@ChartMarkers.cs'. [C:\Mac\Home\Documents\NinjaTrader 8\bin\Custom\NinjaTrader.Custom.csproj]
C:\Mac\Home\Documents\NinjaTrader 8\bin\Custom\DrawingTools\@ChartMarkers.cs(898,17): warning CS0436: The type 'Dot' in 'C:\Mac\Home\Documents\NinjaTrader 8\bin\Custom\DrawingTools\@ChartMarkers.cs' conflicts with the imported type 'Dot' in 'NinjaTrader.Vendor, Version=8.1.6.0, Culture=neutral, PublicKeyToken=null'. Using the type defined in 'C:\Mac\Home\Documents\NinjaTrader 8\bin\Custom\DrawingTools\@ChartMarkers.cs'. [C:\Mac\Home\Documents\NinjaTrader 8\bin\Custom\NinjaTrader.Custom.csproj]
C:\Mac\Home\Documents\NinjaTrader 8\bin\Custom\DrawingTools\@ChartMarkers.cs(912,17): warning CS0436: The type 'Dot' in 'C:\Mac\Home\Documents\NinjaTrader 8\bin\Custom\DrawingTools\@ChartMarkers.cs' conflicts with the imported type 'Dot' in 'NinjaTrader.Vendor, Version=8.1.6.0, Culture=neutral, PublicKeyToken=null'. Using the type defined in 'C:\Mac\Home\Documents\NinjaTrader 8\bin\Custom\DrawingTools\@ChartMarkers.cs'. [C:\Mac\Home\Documents\NinjaTrader 8\bin\Custom\NinjaTrader.Custom.csproj]
C:\Mac\Home\Documents\NinjaTrader 8\bin\Custom\DrawingTools\@ChartMarkers.cs(926,17): warning CS0436: The type 'Dot' in 'C:\Mac\Home\Documents\NinjaTrader 8\bin\Custom\DrawingTools\@ChartMarkers.cs' conflicts with the imported type 'Dot' in 'NinjaTrader.Vendor, Version=8.1.6.0, Culture=neutral, PublicKeyToken=null'. Using the type defined in 'C:\Mac\Home\Documents\NinjaTrader 8\bin\Custom\DrawingTools\@ChartMarkers.cs'. [C:\Mac\Home\Documents\NinjaTrader 8\bin\Custom\NinjaTrader.Custom.csproj]
C:\Mac\Home\Documents\NinjaTrader 8\bin\Custom\DrawingTools\@ChartMarkers.cs(940,17): warning CS0436: The type 'Dot' in 'C:\Mac\Home\Documents\NinjaTrader 8\bin\Custom\DrawingTools\@ChartMarkers.cs' conflicts with the imported type 'Dot' in 'NinjaTrader.Vendor, Version=8.1.6.0, Culture=neutral, PublicKeyToken=null'. Using the type defined in 'C:\Mac\Home\Documents\NinjaTrader 8\bin\Custom\DrawingTools\@ChartMarkers.cs'. [C:\Mac\Home\Documents\NinjaTrader 8\bin\Custom\NinjaTrader.Custom.csproj]
C:\Mac\Home\Documents\NinjaTrader 8\bin\Custom\DrawingTools\@ChartMarkers.cs(954,17): warning CS0436: The type 'Dot' in 'C:\Mac\Home\Documents\NinjaTrader 8\bin\Custom\DrawingTools\@ChartMarkers.cs' conflicts with the imported type 'Dot' in 'NinjaTrader.Vendor, Version=8.1.6.0, Culture=neutral, PublicKeyToken=null'. Using the type defined in 'C:\Mac\Home\Documents\NinjaTrader 8\bin\Custom\DrawingTools\@ChartMarkers.cs'. [C:\Mac\Home\Documents\NinjaTrader 8\bin\Custom\NinjaTrader.Custom.csproj]
C:\Mac\Home\Documents\NinjaTrader 8\bin\Custom\DrawingTools\@ChartMarkers.cs(968,17): warning CS0436: The type 'Square' in 'C:\Mac\Home\Documents\NinjaTrader 8\bin\Custom\DrawingTools\@ChartMarkers.cs' conflicts with the imported type 'Square' in 'NinjaTrader.Vendor, Version=8.1.6.0, Culture=neutral, PublicKeyToken=null'. Using the type defined in 'C:\Mac\Home\Documents\NinjaTrader 8\bin\Custom\DrawingTools\@ChartMarkers.cs'. [C:\Mac\Home\Documents\NinjaTrader 8\bin\Custom\NinjaTrader.Custom.csproj]
C:\Mac\Home\Documents\NinjaTrader 8\bin\Custom\DrawingTools\@ChartMarkers.cs(981,17): warning CS0436: The type 'Square' in 'C:\Mac\Home\Documents\NinjaTrader 8\bin\Custom\DrawingTools\@ChartMarkers.cs' conflicts with the imported type 'Square' in 'NinjaTrader.Vendor, Version=8.1.6.0, Culture=neutral, PublicKeyToken=null'. Using the type defined in 'C:\Mac\Home\Documents\NinjaTrader 8\bin\Custom\DrawingTools\@ChartMarkers.cs'. [C:\Mac\Home\Documents\NinjaTrader 8\bin\Custom\NinjaTrader.Custom.csproj]
C:\Mac\Home\Documents\NinjaTrader 8\bin\Custom\DrawingTools\@ChartMarkers.cs(995,17): warning CS0436: The type 'Square' in 'C:\Mac\Home\Documents\NinjaTrader 8\bin\Custom\DrawingTools\@ChartMarkers.cs' conflicts with the imported type 'Square' in 'NinjaTrader.Vendor, Version=8.1.6.0, Culture=neutral, PublicKeyToken=null'. Using the type defined in 'C:\Mac\Home\Documents\NinjaTrader 8\bin\Custom\DrawingTools\@ChartMarkers.cs'. [C:\Mac\Home\Documents\NinjaTrader 8\bin\Custom\NinjaTrader.Custom.csproj]
C:\Mac\Home\Documents\NinjaTrader 8\bin\Custom\DrawingTools\@ChartMarkers.cs(1009,17): warning CS0436: The type 'Square' in 'C:\Mac\Home\Documents\NinjaTrader 8\bin\Custom\DrawingTools\@ChartMarkers.cs' conflicts with the imported type 'Square' in 'NinjaTrader.Vendor, Version=8.1.6.0, Culture=neutral, PublicKeyToken=null'. Using the type defined in 'C:\Mac\Home\Documents\NinjaTrader 8\bin\Custom\DrawingTools\@ChartMarkers.cs'. [C:\Mac\Home\Documents\NinjaTrader 8\bin\Custom\NinjaTrader.Custom.csproj]
C:\Mac\Home\Documents\NinjaTrader 8\bin\Custom\DrawingTools\@ChartMarkers.cs(1023,17): warning CS0436: The type 'Square' in 'C:\Mac\Home\Documents\NinjaTrader 8\bin\Custom\DrawingTools\@ChartMarkers.cs' conflicts with the imported type 'Square' in 'NinjaTrader.Vendor, Version=8.1.6.0, Culture=neutral, PublicKeyToken=null'. Using the type defined in 'C:\Mac\Home\Documents\NinjaTrader 8\bin\Custom\DrawingTools\@ChartMarkers.cs'. [C:\Mac\Home\Documents\NinjaTrader 8\bin\Custom\NinjaTrader.Custom.csproj]
C:\Mac\Home\Documents\NinjaTrader 8\bin\Custom\DrawingTools\@ChartMarkers.cs(1037,17): warning CS0436: The type 'Square' in 'C:\Mac\Home\Documents\NinjaTrader 8\bin\Custom\DrawingTools\@ChartMarkers.cs' conflicts with the imported type 'Square' in 'NinjaTrader.Vendor, Version=8.1.6.0, Culture=neutral, PublicKeyToken=null'. Using the type defined in 'C:\Mac\Home\Documents\NinjaTrader 8\bin\Custom\DrawingTools\@ChartMarkers.cs'. [C:\Mac\Home\Documents\NinjaTrader 8\bin\Custom\NinjaTrader.Custom.csproj]
C:\Mac\Home\Documents\NinjaTrader 8\bin\Custom\DrawingTools\@ChartMarkers.cs(1051,17): warning CS0436: The type 'TriangleDown' in 'C:\Mac\Home\Documents\NinjaTrader 8\bin\Custom\DrawingTools\@ChartMarkers.cs' conflicts with the imported type 'TriangleDown' in 'NinjaTrader.Vendor, Version=8.1.6.0, Culture=neutral, PublicKeyToken=null'. Using the type defined in 'C:\Mac\Home\Documents\NinjaTrader 8\bin\Custom\DrawingTools\@ChartMarkers.cs'. [C:\Mac\Home\Documents\NinjaTrader 8\bin\Custom\NinjaTrader.Custom.csproj]
C:\Mac\Home\Documents\NinjaTrader 8\bin\Custom\DrawingTools\@ChartMarkers.cs(1064,17): warning CS0436: The type 'TriangleDown' in 'C:\Mac\Home\Documents\NinjaTrader 8\bin\Custom\DrawingTools\@ChartMarkers.cs' conflicts with the imported type 'TriangleDown' in 'NinjaTrader.Vendor, Version=8.1.6.0, Culture=neutral, PublicKeyToken=null'. Using the type defined in 'C:\Mac\Home\Documents\NinjaTrader 8\bin\Custom\DrawingTools\@ChartMarkers.cs'. [C:\Mac\Home\Documents\NinjaTrader 8\bin\Custom\NinjaTrader.Custom.csproj]
C:\Mac\Home\Documents\NinjaTrader 8\bin\Custom\DrawingTools\@ChartMarkers.cs(1078,17): warning CS0436: The type 'TriangleDown' in 'C:\Mac\Home\Documents\NinjaTrader 8\bin\Custom\DrawingTools\@ChartMarkers.cs' conflicts with the imported type 'TriangleDown' in 'NinjaTrader.Vendor, Version=8.1.6.0, Culture=neutral, PublicKeyToken=null'. Using the type defined in 'C:\Mac\Home\Documents\NinjaTrader 8\bin\Custom\DrawingTools\@ChartMarkers.cs'. [C:\Mac\Home\Documents\NinjaTrader 8\bin\Custom\NinjaTrader.Custom.csproj]
C:\Mac\Home\Documents\NinjaTrader 8\bin\Custom\DrawingTools\@ChartMarkers.cs(1092,17): warning CS0436: The type 'TriangleDown' in 'C:\Mac\Home\Documents\NinjaTrader 8\bin\Custom\DrawingTools\@ChartMarkers.cs' conflicts with the imported type 'TriangleDown' in 'NinjaTrader.Vendor, Version=8.1.6.0, Culture=neutral, PublicKeyToken=null'. Using the type defined in 'C:\Mac\Home\Documents\NinjaTrader 8\bin\Custom\DrawingTools\@ChartMarkers.cs'. [C:\Mac\Home\Documents\NinjaTrader 8\bin\Custom\NinjaTrader.Custom.csproj]
C:\Mac\Home\Documents\NinjaTrader 8\bin\Custom\DrawingTools\@ChartMarkers.cs(1106,17): warning CS0436: The type 'TriangleDown' in 'C:\Mac\Home\Documents\NinjaTrader 8\bin\Custom\DrawingTools\@ChartMarkers.cs' conflicts with the imported type 'TriangleDown' in 'NinjaTrader.Vendor, Version=8.1.6.0, Culture=neutral, PublicKeyToken=null'. Using the type defined in 'C:\Mac\Home\Documents\NinjaTrader 8\bin\Custom\DrawingTools\@ChartMarkers.cs'. [C:\Mac\Home\Documents\NinjaTrader 8\bin\Custom\NinjaTrader.Custom.csproj]
C:\Mac\Home\Documents\NinjaTrader 8\bin\Custom\DrawingTools\@ChartMarkers.cs(1120,17): warning CS0436: The type 'TriangleDown' in 'C:\Mac\Home\Documents\NinjaTrader 8\bin\Custom\DrawingTools\@ChartMarkers.cs' conflicts with the imported type 'TriangleDown' in 'NinjaTrader.Vendor, Version=8.1.6.0, Culture=neutral, PublicKeyToken=null'. Using the type defined in 'C:\Mac\Home\Documents\NinjaTrader 8\bin\Custom\DrawingTools\@ChartMarkers.cs'. [C:\Mac\Home\Documents\NinjaTrader 8\bin\Custom\NinjaTrader.Custom.csproj]
C:\Mac\Home\Documents\NinjaTrader 8\bin\Custom\DrawingTools\@ChartMarkers.cs(1134,17): warning CS0436: The type 'TriangleUp' in 'C:\Mac\Home\Documents\NinjaTrader 8\bin\Custom\DrawingTools\@ChartMarkers.cs' conflicts with the imported type 'TriangleUp' in 'NinjaTrader.Vendor, Version=8.1.6.0, Culture=neutral, PublicKeyToken=null'. Using the type defined in 'C:\Mac\Home\Documents\NinjaTrader 8\bin\Custom\DrawingTools\@ChartMarkers.cs'. [C:\Mac\Home\Documents\NinjaTrader 8\bin\Custom\NinjaTrader.Custom.csproj]
C:\Mac\Home\Documents\NinjaTrader 8\bin\Custom\DrawingTools\@ChartMarkers.cs(1147,17): warning CS0436: The type 'TriangleUp' in 'C:\Mac\Home\Documents\NinjaTrader 8\bin\Custom\DrawingTools\@ChartMarkers.cs' conflicts with the imported type 'TriangleUp' in 'NinjaTrader.Vendor, Version=8.1.6.0, Culture=neutral, PublicKeyToken=null'. Using the type defined in 'C:\Mac\Home\Documents\NinjaTrader 8\bin\Custom\DrawingTools\@ChartMarkers.cs'. [C:\Mac\Home\Documents\NinjaTrader 8\bin\Custom\NinjaTrader.Custom.csproj]
C:\Mac\Home\Documents\NinjaTrader 8\bin\Custom\DrawingTools\@ChartMarkers.cs(1161,17): warning CS0436: The type 'TriangleUp' in 'C:\Mac\Home\Documents\NinjaTrader 8\bin\Custom\DrawingTools\@ChartMarkers.cs' conflicts with the imported type 'TriangleUp' in 'NinjaTrader.Vendor, Version=8.1.6.0, Culture=neutral, PublicKeyToken=null'. Using the type defined in 'C:\Mac\Home\Documents\NinjaTrader 8\bin\Custom\DrawingTools\@ChartMarkers.cs'. [C:\Mac\Home\Documents\NinjaTrader 8\bin\Custom\NinjaTrader.Custom.csproj]
C:\Mac\Home\Documents\NinjaTrader 8\bin\Custom\DrawingTools\@ChartMarkers.cs(1175,17): warning CS0436: The type 'TriangleUp' in 'C:\Mac\Home\Documents\NinjaTrader 8\bin\Custom\DrawingTools\@ChartMarkers.cs' conflicts with the imported type 'TriangleUp' in 'NinjaTrader.Vendor, Version=8.1.6.0, Culture=neutral, PublicKeyToken=null'. Using the type defined in 'C:\Mac\Home\Documents\NinjaTrader 8\bin\Custom\DrawingTools\@ChartMarkers.cs'. [C:\Mac\Home\Documents\NinjaTrader 8\bin\Custom\NinjaTrader.Custom.csproj]
C:\Mac\Home\Documents\NinjaTrader 8\bin\Custom\Strategies\CorysBuySellStrategyGPT5.cs(29,45): warning CS0436: The type 'Strategy' in 'C:\Mac\Home\Documents\NinjaTrader 8\bin\Custom\Indicators\@IchimokuCloud.cs' conflicts with the imported type 'Strategy' in 'NinjaTrader.Vendor, Version=8.1.6.0, Culture=neutral, PublicKeyToken=null'. Using the type defined in 'C:\Mac\Home\Documents\NinjaTrader 8\bin\Custom\Indicators\@IchimokuCloud.cs'. [C:\Mac\Home\Documents\NinjaTrader 8\bin\Custom\NinjaTrader.Custom.csproj]
C:\Mac\Home\Documents\NinjaTrader 8\bin\Custom\DrawingTools\@ChartMarkers.cs(1189,17): warning CS0436: The type 'TriangleUp' in 'C:\Mac\Home\Documents\NinjaTrader 8\bin\Custom\DrawingTools\@ChartMarkers.cs' conflicts with the imported type 'TriangleUp' in 'NinjaTrader.Vendor, Version=8.1.6.0, Culture=neutral, PublicKeyToken=null'. Using the type defined in 'C:\Mac\Home\Documents\NinjaTrader 8\bin\Custom\DrawingTools\@ChartMarkers.cs'. [C:\Mac\Home\Documents\NinjaTrader 8\bin\Custom\NinjaTrader.Custom.csproj]
C:\Mac\Home\Documents\NinjaTrader 8\bin\Custom\Indicators\@Pivots.cs(26,24): warning CS0436: The type 'Indicator' in 'C:\Mac\Home\Documents\NinjaTrader 8\bin\Custom\Indicators\@IchimokuCloud.cs' conflicts with the imported type 'Indicator' in 'NinjaTrader.Vendor, Version=8.1.6.0, Culture=neutral, PublicKeyToken=null'. Using the type defined in 'C:\Mac\Home\Documents\NinjaTrader 8\bin\Custom\Indicators\@IchimokuCloud.cs'. [C:\Mac\Home\Documents\NinjaTrader 8\bin\Custom\NinjaTrader.Custom.csproj]
C:\Mac\Home\Documents\NinjaTrader 8\bin\Custom\DrawingTools\@ChartMarkers.cs(1203,17): warning CS0436: The type 'TriangleUp' in 'C:\Mac\Home\Documents\NinjaTrader 8\bin\Custom\DrawingTools\@ChartMarkers.cs' conflicts with the imported type 'TriangleUp' in 'NinjaTrader.Vendor, Version=8.1.6.0, Culture=neutral, PublicKeyToken=null'. Using the type defined in 'C:\Mac\Home\Documents\NinjaTrader 8\bin\Custom\DrawingTools\@ChartMarkers.cs'. [C:\Mac\Home\Documents\NinjaTrader 8\bin\Custom\NinjaTrader.Custom.csproj]
C:\Mac\Home\Documents\NinjaTrader 8\bin\Custom\Strategies\@@CorysBuySellSupertrendStrategy.cs(26,47): warning CS0436: The type 'Strategy' in 'C:\Mac\Home\Documents\NinjaTrader 8\bin\Custom\Indicators\@IchimokuCloud.cs' conflicts with the imported type 'Strategy' in 'NinjaTrader.Vendor, Version=8.1.6.0, Culture=neutral, PublicKeyToken=null'. Using the type defined in 'C:\Mac\Home\Documents\NinjaTrader 8\bin\Custom\Indicators\@IchimokuCloud.cs'. [C:\Mac\Home\Documents\NinjaTrader 8\bin\Custom\NinjaTrader.Custom.csproj]
C:\Mac\Home\Documents\NinjaTrader 8\bin\Custom\Strategies\@@CorysBuySellSupertrendStrategy.cs(104,13): warning CS0436: The type 'EMA' in 'C:\Mac\Home\Documents\NinjaTrader 8\bin\Custom\Indicators\@EMA.cs' conflicts with the imported type 'EMA' in 'NinjaTrader.Vendor, Version=8.1.6.0, Culture=neutral, PublicKeyToken=null'. Using the type defined in 'C:\Mac\Home\Documents\NinjaTrader 8\bin\Custom\Indicators\@EMA.cs'. [C:\Mac\Home\Documents\NinjaTrader 8\bin\Custom\NinjaTrader.Custom.csproj]
C:\Mac\Home\Documents\NinjaTrader 8\bin\Custom\Strategies\@@CorysBuySellSupertrendStrategy.cs(105,13): warning CS0436: The type 'EMA' in 'C:\Mac\Home\Documents\NinjaTrader 8\bin\Custom\Indicators\@EMA.cs' conflicts with the imported type 'EMA' in 'NinjaTrader.Vendor, Version=8.1.6.0, Culture=neutral, PublicKeyToken=null'. Using the type defined in 'C:\Mac\Home\Documents\NinjaTrader 8\bin\Custom\Indicators\@EMA.cs'. [C:\Mac\Home\Documents\NinjaTrader 8\bin\Custom\NinjaTrader.Custom.csproj]
C:\Mac\Home\Documents\NinjaTrader 8\bin\Custom\MarketAnalyzerColumns\@DaysUntilRollover.cs(29,35): warning CS0436: The type 'MarketAnalyzerColumn' in 'C:\Mac\Home\Documents\NinjaTrader 8\bin\Custom\Indicators\@IchimokuCloud.cs' conflicts with the imported type 'MarketAnalyzerColumn' in 'NinjaTrader.Vendor, Version=8.1.6.0, Culture=neutral, PublicKeyToken=null'. Using the type defined in 'C:\Mac\Home\Documents\NinjaTrader 8\bin\Custom\Indicators\@IchimokuCloud.cs'. [C:\Mac\Home\Documents\NinjaTrader 8\bin\Custom\NinjaTrader.Custom.csproj]
C:\Mac\Home\Documents\NinjaTrader 8\bin\Custom\Indicators\@CurrentDayOHL.cs(133,11): warning CS0436: The type 'CurrentDayOHL' in 'C:\Mac\Home\Documents\NinjaTrader 8\bin\Custom\Indicators\@CurrentDayOHL.cs' conflicts with the imported type 'CurrentDayOHL' in 'NinjaTrader.Vendor, Version=8.1.6.0, Culture=neutral, PublicKeyToken=null'. Using the type defined in 'C:\Mac\Home\Documents\NinjaTrader 8\bin\Custom\Indicators\@CurrentDayOHL.cs'. [C:\Mac\Home\Documents\NinjaTrader 8\bin\Custom\NinjaTrader.Custom.csproj]
C:\Mac\Home\Documents\NinjaTrader 8\bin\Custom\Indicators\@EMA.cs(58,11): warning CS0436: The type 'EMA' in 'C:\Mac\Home\Documents\NinjaTrader 8\bin\Custom\Indicators\@EMA.cs' conflicts with the imported type 'EMA' in 'NinjaTrader.Vendor, Version=8.1.6.0, Culture=neutral, PublicKeyToken=null'. Using the type defined in 'C:\Mac\Home\Documents\NinjaTrader 8\bin\Custom\Indicators\@EMA.cs'. [C:\Mac\Home\Documents\NinjaTrader 8\bin\Custom\NinjaTrader.Custom.csproj]
C:\Mac\Home\Documents\NinjaTrader 8\bin\Custom\Indicators\@LinReg.cs(103,11): warning CS0436: The type 'LinReg' in 'C:\Mac\Home\Documents\NinjaTrader 8\bin\Custom\Indicators\@LinReg.cs' conflicts with the imported type 'LinReg' in 'NinjaTrader.Vendor, Version=8.1.6.0, Culture=neutral, PublicKeyToken=null'. Using the type defined in 'C:\Mac\Home\Documents\NinjaTrader 8\bin\Custom\Indicators\@LinReg.cs'. [C:\Mac\Home\Documents\NinjaTrader 8\bin\Custom\NinjaTrader.Custom.csproj]
C:\Mac\Home\Documents\NinjaTrader 8\bin\Custom\MarketAnalyzerColumns\@NetChangeMaxDown.cs(30,34): warning CS0436: The type 'MarketAnalyzerColumn' in 'C:\Mac\Home\Documents\NinjaTrader 8\bin\Custom\Indicators\@IchimokuCloud.cs' conflicts with the imported type 'MarketAnalyzerColumn' in 'NinjaTrader.Vendor, Version=8.1.6.0, Culture=neutral, PublicKeyToken=null'. Using the type defined in 'C:\Mac\Home\Documents\NinjaTrader 8\bin\Custom\Indicators\@IchimokuCloud.cs'. [C:\Mac\Home\Documents\NinjaTrader 8\bin\Custom\NinjaTrader.Custom.csproj]
C:\Mac\Home\Documents\NinjaTrader 8\bin\Custom\Indicators\@PriceLine.cs(22,27): warning CS0436: The type 'Indicator' in 'C:\Mac\Home\Documents\NinjaTrader 8\bin\Custom\Indicators\@IchimokuCloud.cs' conflicts with the imported type 'Indicator' in 'NinjaTrader.Vendor, Version=8.1.6.0, Culture=neutral, PublicKeyToken=null'. Using the type defined in 'C:\Mac\Home\Documents\NinjaTrader 8\bin\Custom\Indicators\@IchimokuCloud.cs'. [C:\Mac\Home\Documents\NinjaTrader 8\bin\Custom\NinjaTrader.Custom.csproj]
C:\Mac\Home\Documents\NinjaTrader 8\bin\Custom\MarketAnalyzerColumns\@NetChangeMaxUp.cs(30,32): warning CS0436: The type 'MarketAnalyzerColumn' in 'C:\Mac\Home\Documents\NinjaTrader 8\bin\Custom\Indicators\@IchimokuCloud.cs' conflicts with the imported type 'MarketAnalyzerColumn' in 'NinjaTrader.Vendor, Version=8.1.6.0, Culture=neutral, PublicKeyToken=null'. Using the type defined in 'C:\Mac\Home\Documents\NinjaTrader 8\bin\Custom\Indicators\@IchimokuCloud.cs'. [C:\Mac\Home\Documents\NinjaTrader 8\bin\Custom\NinjaTrader.Custom.csproj]
C:\Mac\Home\Documents\NinjaTrader 8\bin\Custom\Indicators\@SMA.cs(80,11): warning CS0436: The type 'SMA' in 'C:\Mac\Home\Documents\NinjaTrader 8\bin\Custom\Indicators\@SMA.cs' conflicts with the imported type 'SMA' in 'NinjaTrader.Vendor, Version=8.1.6.0, Culture=neutral, PublicKeyToken=null'. Using the type defined in 'C:\Mac\Home\Documents\NinjaTrader 8\bin\Custom\Indicators\@SMA.cs'. [C:\Mac\Home\Documents\NinjaTrader 8\bin\Custom\NinjaTrader.Custom.csproj]
C:\Mac\Home\Documents\NinjaTrader 8\bin\Custom\Indicators\@SUM.cs(47,11): warning CS0436: The type 'SUM' in 'C:\Mac\Home\Documents\NinjaTrader 8\bin\Custom\Indicators\@SUM.cs' conflicts with the imported type 'SUM' in 'NinjaTrader.Vendor, Version=8.1.6.0, Culture=neutral, PublicKeyToken=null'. Using the type defined in 'C:\Mac\Home\Documents\NinjaTrader 8\bin\Custom\Indicators\@SUM.cs'. [C:\Mac\Home\Documents\NinjaTrader 8\bin\Custom\NinjaTrader.Custom.csproj]
C:\Mac\Home\Documents\NinjaTrader 8\bin\Custom\Indicators\@Swing.cs(378,11): warning CS0436: The type 'Swing' in 'C:\Mac\Home\Documents\NinjaTrader 8\bin\Custom\Indicators\@Swing.cs' conflicts with the imported type 'Swing' in 'NinjaTrader.Vendor, Version=8.1.6.0, Culture=neutral, PublicKeyToken=null'. Using the type defined in 'C:\Mac\Home\Documents\NinjaTrader 8\bin\Custom\Indicators\@Swing.cs'. [C:\Mac\Home\Documents\NinjaTrader 8\bin\Custom\NinjaTrader.Custom.csproj]
C:\Mac\Home\Documents\NinjaTrader 8\bin\Custom\DrawingTools\@Text.cs(676,18): warning CS0436: The type 'Text' in 'C:\Mac\Home\Documents\NinjaTrader 8\bin\Custom\DrawingTools\@Text.cs' conflicts with the imported type 'Text' in 'NinjaTrader.Vendor, Version=8.1.6.0, Culture=neutral, PublicKeyToken=null'. Using the type defined in 'C:\Mac\Home\Documents\NinjaTrader 8\bin\Custom\DrawingTools\@Text.cs'. [C:\Mac\Home\Documents\NinjaTrader 8\bin\Custom\NinjaTrader.Custom.csproj]
C:\Mac\Home\Documents\NinjaTrader 8\bin\Custom\DrawingTools\@Text.cs(743,17): warning CS0436: The type 'Text' in 'C:\Mac\Home\Documents\NinjaTrader 8\bin\Custom\DrawingTools\@Text.cs' conflicts with the imported type 'Text' in 'NinjaTrader.Vendor, Version=8.1.6.0, Culture=neutral, PublicKeyToken=null'. Using the type defined in 'C:\Mac\Home\Documents\NinjaTrader 8\bin\Custom\DrawingTools\@Text.cs'. [C:\Mac\Home\Documents\NinjaTrader 8\bin\Custom\NinjaTrader.Custom.csproj]
C:\Mac\Home\Documents\NinjaTrader 8\bin\Custom\DrawingTools\@Text.cs(756,17): warning CS0436: The type 'Text' in 'C:\Mac\Home\Documents\NinjaTrader 8\bin\Custom\DrawingTools\@Text.cs' conflicts with the imported type 'Text' in 'NinjaTrader.Vendor, Version=8.1.6.0, Culture=neutral, PublicKeyToken=null'. Using the type defined in 'C:\Mac\Home\Documents\NinjaTrader 8\bin\Custom\DrawingTools\@Text.cs'. [C:\Mac\Home\Documents\NinjaTrader 8\bin\Custom\NinjaTrader.Custom.csproj]
C:\Mac\Home\Documents\NinjaTrader 8\bin\Custom\DrawingTools\@Text.cs(770,17): warning CS0436: The type 'Text' in 'C:\Mac\Home\Documents\NinjaTrader 8\bin\Custom\DrawingTools\@Text.cs' conflicts with the imported type 'Text' in 'NinjaTrader.Vendor, Version=8.1.6.0, Culture=neutral, PublicKeyToken=null'. Using the type defined in 'C:\Mac\Home\Documents\NinjaTrader 8\bin\Custom\DrawingTools\@Text.cs'. [C:\Mac\Home\Documents\NinjaTrader 8\bin\Custom\NinjaTrader.Custom.csproj]
C:\Mac\Home\Documents\NinjaTrader 8\bin\Custom\DrawingTools\@Text.cs(790,17): warning CS0436: The type 'Text' in 'C:\Mac\Home\Documents\NinjaTrader 8\bin\Custom\DrawingTools\@Text.cs' conflicts with the imported type 'Text' in 'NinjaTrader.Vendor, Version=8.1.6.0, Culture=neutral, PublicKeyToken=null'. Using the type defined in 'C:\Mac\Home\Documents\NinjaTrader 8\bin\Custom\DrawingTools\@Text.cs'. [C:\Mac\Home\Documents\NinjaTrader 8\bin\Custom\NinjaTrader.Custom.csproj]
C:\Mac\Home\Documents\NinjaTrader 8\bin\Custom\DrawingTools\@Text.cs(811,17): warning CS0436: The type 'Text' in 'C:\Mac\Home\Documents\NinjaTrader 8\bin\Custom\DrawingTools\@Text.cs' conflicts with the imported type 'Text' in 'NinjaTrader.Vendor, Version=8.1.6.0, Culture=neutral, PublicKeyToken=null'. Using the type defined in 'C:\Mac\Home\Documents\NinjaTrader 8\bin\Custom\DrawingTools\@Text.cs'. [C:\Mac\Home\Documents\NinjaTrader 8\bin\Custom\NinjaTrader.Custom.csproj]
C:\Mac\Home\Documents\NinjaTrader 8\bin\Custom\DrawingTools\@Text.cs(837,17): warning CS0436: The type 'Text' in 'C:\Mac\Home\Documents\NinjaTrader 8\bin\Custom\DrawingTools\@Text.cs' conflicts with the imported type 'Text' in 'NinjaTrader.Vendor, Version=8.1.6.0, Culture=neutral, PublicKeyToken=null'. Using the type defined in 'C:\Mac\Home\Documents\NinjaTrader 8\bin\Custom\DrawingTools\@Text.cs'. [C:\Mac\Home\Documents\NinjaTrader 8\bin\Custom\NinjaTrader.Custom.csproj]
C:\Mac\Home\Documents\NinjaTrader 8\bin\Custom\DrawingTools\@Text.cs(863,17): warning CS0436: The type 'Text' in 'C:\Mac\Home\Documents\NinjaTrader 8\bin\Custom\DrawingTools\@Text.cs' conflicts with the imported type 'Text' in 'NinjaTrader.Vendor, Version=8.1.6.0, Culture=neutral, PublicKeyToken=null'. Using the type defined in 'C:\Mac\Home\Documents\NinjaTrader 8\bin\Custom\DrawingTools\@Text.cs'. [C:\Mac\Home\Documents\NinjaTrader 8\bin\Custom\NinjaTrader.Custom.csproj]
C:\Mac\Home\Documents\NinjaTrader 8\bin\Custom\DrawingTools\@Text.cs(888,4): warning CS0436: The type 'TextPosition' in 'C:\Mac\Home\Documents\NinjaTrader 8\bin\Custom\DrawingTools\@Text.cs' conflicts with the imported type 'TextPosition' in 'NinjaTrader.Vendor, Version=8.1.6.0, Culture=neutral, PublicKeyToken=null'. Using the type defined in 'C:\Mac\Home\Documents\NinjaTrader 8\bin\Custom\DrawingTools\@Text.cs'. [C:\Mac\Home\Documents\NinjaTrader 8\bin\Custom\NinjaTrader.Custom.csproj]
C:\Mac\Home\Documents\NinjaTrader 8\bin\Custom\DrawingTools\@Text.cs(887,18): warning CS0436: The type 'TextFixed' in 'C:\Mac\Home\Documents\NinjaTrader 8\bin\Custom\DrawingTools\@Text.cs' conflicts with the imported type 'TextFixed' in 'NinjaTrader.Vendor, Version=8.1.6.0, Culture=neutral, PublicKeyToken=null'. Using the type defined in 'C:\Mac\Home\Documents\NinjaTrader 8\bin\Custom\DrawingTools\@Text.cs'. [C:\Mac\Home\Documents\NinjaTrader 8\bin\Custom\NinjaTrader.Custom.csproj]
C:\Mac\Home\Documents\NinjaTrader 8\bin\Custom\DrawingTools\@Text.cs(987,85): warning CS0436: The type 'TextPosition' in 'C:\Mac\Home\Documents\NinjaTrader 8\bin\Custom\DrawingTools\@Text.cs' conflicts with the imported type 'TextPosition' in 'NinjaTrader.Vendor, Version=8.1.6.0, Culture=neutral, PublicKeyToken=null'. Using the type defined in 'C:\Mac\Home\Documents\NinjaTrader 8\bin\Custom\DrawingTools\@Text.cs'. [C:\Mac\Home\Documents\NinjaTrader 8\bin\Custom\NinjaTrader.Custom.csproj]
C:\Mac\Home\Documents\NinjaTrader 8\bin\Custom\DrawingTools\@Text.cs(987,17): warning CS0436: The type 'TextFixed' in 'C:\Mac\Home\Documents\NinjaTrader 8\bin\Custom\DrawingTools\@Text.cs' conflicts with the imported type 'TextFixed' in 'NinjaTrader.Vendor, Version=8.1.6.0, Culture=neutral, PublicKeyToken=null'. Using the type defined in 'C:\Mac\Home\Documents\NinjaTrader 8\bin\Custom\DrawingTools\@Text.cs'. [C:\Mac\Home\Documents\NinjaTrader 8\bin\Custom\NinjaTrader.Custom.csproj]
C:\Mac\Home\Documents\NinjaTrader 8\bin\Custom\Strategies\CorysBuySellStrategyGPT5Trailing.cs(27,46): warning CS0436: The type 'Strategy' in 'C:\Mac\Home\Documents\NinjaTrader 8\bin\Custom\Indicators\@IchimokuCloud.cs' conflicts with the imported type 'Strategy' in 'NinjaTrader.Vendor, Version=8.1.6.0, Culture=neutral, PublicKeyToken=null'. Using the type defined in 'C:\Mac\Home\Documents\NinjaTrader 8\bin\Custom\Indicators\@IchimokuCloud.cs'. [C:\Mac\Home\Documents\NinjaTrader 8\bin\Custom\NinjaTrader.Custom.csproj]
C:\Mac\Home\Documents\NinjaTrader 8\bin\Custom\DrawingTools\@Text.cs(1008,85): warning CS0436: The type 'TextPosition' in 'C:\Mac\Home\Documents\NinjaTrader 8\bin\Custom\DrawingTools\@Text.cs' conflicts with the imported type 'TextPosition' in 'NinjaTrader.Vendor, Version=8.1.6.0, Culture=neutral, PublicKeyToken=null'. Using the type defined in 'C:\Mac\Home\Documents\NinjaTrader 8\bin\Custom\DrawingTools\@Text.cs'. [C:\Mac\Home\Documents\NinjaTrader 8\bin\Custom\NinjaTrader.Custom.csproj]
C:\Mac\Home\Documents\NinjaTrader 8\bin\Custom\DrawingTools\@Text.cs(1008,17): warning CS0436: The type 'TextFixed' in 'C:\Mac\Home\Documents\NinjaTrader 8\bin\Custom\DrawingTools\@Text.cs' conflicts with the imported type 'TextFixed' in 'NinjaTrader.Vendor, Version=8.1.6.0, Culture=neutral, PublicKeyToken=null'. Using the type defined in 'C:\Mac\Home\Documents\NinjaTrader 8\bin\Custom\DrawingTools\@Text.cs'. [C:\Mac\Home\Documents\NinjaTrader 8\bin\Custom\NinjaTrader.Custom.csproj]
C:\Mac\Home\Documents\NinjaTrader 8\bin\Custom\DrawingTools\@Text.cs(1020,85): warning CS0436: The type 'TextPosition' in 'C:\Mac\Home\Documents\NinjaTrader 8\bin\Custom\DrawingTools\@Text.cs' conflicts with the imported type 'TextPosition' in 'NinjaTrader.Vendor, Version=8.1.6.0, Culture=neutral, PublicKeyToken=null'. Using the type defined in 'C:\Mac\Home\Documents\NinjaTrader 8\bin\Custom\DrawingTools\@Text.cs'. [C:\Mac\Home\Documents\NinjaTrader 8\bin\Custom\NinjaTrader.Custom.csproj]
C:\Mac\Home\Documents\NinjaTrader 8\bin\Custom\DrawingTools\@Text.cs(1020,17): warning CS0436: The type 'TextFixed' in 'C:\Mac\Home\Documents\NinjaTrader 8\bin\Custom\DrawingTools\@Text.cs' conflicts with the imported type 'TextFixed' in 'NinjaTrader.Vendor, Version=8.1.6.0, Culture=neutral, PublicKeyToken=null'. Using the type defined in 'C:\Mac\Home\Documents\NinjaTrader 8\bin\Custom\DrawingTools\@Text.cs'. [C:\Mac\Home\Documents\NinjaTrader 8\bin\Custom\NinjaTrader.Custom.csproj]
C:\Mac\Home\Documents\NinjaTrader 8\bin\Custom\DrawingTools\@Text.cs(1033,85): warning CS0436: The type 'TextPosition' in 'C:\Mac\Home\Documents\NinjaTrader 8\bin\Custom\DrawingTools\@Text.cs' conflicts with the imported type 'TextPosition' in 'NinjaTrader.Vendor, Version=8.1.6.0, Culture=neutral, PublicKeyToken=null'. Using the type defined in 'C:\Mac\Home\Documents\NinjaTrader 8\bin\Custom\DrawingTools\@Text.cs'. [C:\Mac\Home\Documents\NinjaTrader 8\bin\Custom\NinjaTrader.Custom.csproj]
C:\Mac\Home\Documents\NinjaTrader 8\bin\Custom\DrawingTools\@Text.cs(1033,17): warning CS0436: The type 'TextFixed' in 'C:\Mac\Home\Documents\NinjaTrader 8\bin\Custom\DrawingTools\@Text.cs' conflicts with the imported type 'TextFixed' in 'NinjaTrader.Vendor, Version=8.1.6.0, Culture=neutral, PublicKeyToken=null'. Using the type defined in 'C:\Mac\Home\Documents\NinjaTrader 8\bin\Custom\DrawingTools\@Text.cs'. [C:\Mac\Home\Documents\NinjaTrader 8\bin\Custom\NinjaTrader.Custom.csproj]
C:\Mac\Home\Documents\NinjaTrader 8\bin\Custom\Indicators\@PsychologicalLine.cs(14,35): warning CS0436: The type 'Indicator' in 'C:\Mac\Home\Documents\NinjaTrader 8\bin\Custom\Indicators\@IchimokuCloud.cs' conflicts with the imported type 'Indicator' in 'NinjaTrader.Vendor, Version=8.1.6.0, Culture=neutral, PublicKeyToken=null'. Using the type defined in 'C:\Mac\Home\Documents\NinjaTrader 8\bin\Custom\Indicators\@IchimokuCloud.cs'. [C:\Mac\Home\Documents\NinjaTrader 8\bin\Custom\NinjaTrader.Custom.csproj]
C:\Mac\Home\Documents\NinjaTrader 8\bin\Custom\Strategies\LearningStrategyUnlocked.cs(28,42): warning CS0436: The type 'Strategy' in 'C:\Mac\Home\Documents\NinjaTrader 8\bin\Custom\Indicators\@IchimokuCloud.cs' conflicts with the imported type 'Strategy' in 'NinjaTrader.Vendor, Version=8.1.6.0, Culture=neutral, PublicKeyToken=null'. Using the type defined in 'C:\Mac\Home\Documents\NinjaTrader 8\bin\Custom\Indicators\@IchimokuCloud.cs'. [C:\Mac\Home\Documents\NinjaTrader 8\bin\Custom\NinjaTrader.Custom.csproj]
C:\Mac\Home\Documents\NinjaTrader 8\bin\Custom\Indicators\@RangeCounter.cs(15,30): warning CS0436: The type 'Indicator' in 'C:\Mac\Home\Documents\NinjaTrader 8\bin\Custom\Indicators\@IchimokuCloud.cs' conflicts with the imported type 'Indicator' in 'NinjaTrader.Vendor, Version=8.1.6.0, Culture=neutral, PublicKeyToken=null'. Using the type defined in 'C:\Mac\Home\Documents\NinjaTrader 8\bin\Custom\Indicators\@IchimokuCloud.cs'. [C:\Mac\Home\Documents\NinjaTrader 8\bin\Custom\NinjaTrader.Custom.csproj]
C:\Mac\Home\Documents\NinjaTrader 8\bin\Custom\MarketAnalyzerColumns\@AskPrice.cs(29,26): warning CS0436: The type 'MarketAnalyzerColumn' in 'C:\Mac\Home\Documents\NinjaTrader 8\bin\Custom\Indicators\@IchimokuCloud.cs' conflicts with the imported type 'MarketAnalyzerColumn' in 'NinjaTrader.Vendor, Version=8.1.6.0, Culture=neutral, PublicKeyToken=null'. Using the type defined in 'C:\Mac\Home\Documents\NinjaTrader 8\bin\Custom\Indicators\@IchimokuCloud.cs'. [C:\Mac\Home\Documents\NinjaTrader 8\bin\Custom\NinjaTrader.Custom.csproj]
C:\Mac\Home\Documents\NinjaTrader 8\bin\Custom\Strategies\CoryBuySellV2.cs(28,34): warning CS0436: The type 'Strategy' in 'C:\Mac\Home\Documents\NinjaTrader 8\bin\Custom\Indicators\@IchimokuCloud.cs' conflicts with the imported type 'Strategy' in 'NinjaTrader.Vendor, Version=8.1.6.0, Culture=neutral, PublicKeyToken=null'. Using the type defined in 'C:\Mac\Home\Documents\NinjaTrader 8\bin\Custom\Indicators\@IchimokuCloud.cs'. [C:\Mac\Home\Documents\NinjaTrader 8\bin\Custom\NinjaTrader.Custom.csproj]
C:\Mac\Home\Documents\NinjaTrader 8\bin\Custom\MarketAnalyzerColumns\@AskSize.cs(29,25): warning CS0436: The type 'MarketAnalyzerColumn' in 'C:\Mac\Home\Documents\NinjaTrader 8\bin\Custom\Indicators\@IchimokuCloud.cs' conflicts with the imported type 'MarketAnalyzerColumn' in 'NinjaTrader.Vendor, Version=8.1.6.0, Culture=neutral, PublicKeyToken=null'. Using the type defined in 'C:\Mac\Home\Documents\NinjaTrader 8\bin\Custom\Indicators\@IchimokuCloud.cs'. [C:\Mac\Home\Documents\NinjaTrader 8\bin\Custom\NinjaTrader.Custom.csproj]
C:\Mac\Home\Documents\NinjaTrader 8\bin\Custom\Indicators\@RelativeVigorIndex.cs(19,36): warning CS0436: The type 'Indicator' in 'C:\Mac\Home\Documents\NinjaTrader 8\bin\Custom\Indicators\@IchimokuCloud.cs' conflicts with the imported type 'Indicator' in 'NinjaTrader.Vendor, Version=8.1.6.0, Culture=neutral, PublicKeyToken=null'. Using the type defined in 'C:\Mac\Home\Documents\NinjaTrader 8\bin\Custom\Indicators\@IchimokuCloud.cs'. [C:\Mac\Home\Documents\NinjaTrader 8\bin\Custom\NinjaTrader.Custom.csproj]
C:\Mac\Home\Documents\NinjaTrader 8\bin\Custom\MarketAnalyzerColumns\@AverageDailyVolume.cs(29,36): warning CS0436: The type 'MarketAnalyzerColumn' in 'C:\Mac\Home\Documents\NinjaTrader 8\bin\Custom\Indicators\@IchimokuCloud.cs' conflicts with the imported type 'MarketAnalyzerColumn' in 'NinjaTrader.Vendor, Version=8.1.6.0, Culture=neutral, PublicKeyToken=null'. Using the type defined in 'C:\Mac\Home\Documents\NinjaTrader 8\bin\Custom\Indicators\@IchimokuCloud.cs'. [C:\Mac\Home\Documents\NinjaTrader 8\bin\Custom\NinjaTrader.Custom.csproj]
C:\Mac\Home\Documents\NinjaTrader 8\bin\Custom\MarketAnalyzerColumns\@Beta.cs(29,22): warning CS0436: The type 'MarketAnalyzerColumn' in 'C:\Mac\Home\Documents\NinjaTrader 8\bin\Custom\Indicators\@IchimokuCloud.cs' conflicts with the imported type 'MarketAnalyzerColumn' in 'NinjaTrader.Vendor, Version=8.1.6.0, Culture=neutral, PublicKeyToken=null'. Using the type defined in 'C:\Mac\Home\Documents\NinjaTrader 8\bin\Custom\Indicators\@IchimokuCloud.cs'. [C:\Mac\Home\Documents\NinjaTrader 8\bin\Custom\NinjaTrader.Custom.csproj]
C:\Mac\Home\Documents\NinjaTrader 8\bin\Custom\MarketAnalyzerColumns\@BidAskSpread.cs(29,30): warning CS0436: The type 'MarketAnalyzerColumn' in 'C:\Mac\Home\Documents\NinjaTrader 8\bin\Custom\Indicators\@IchimokuCloud.cs' conflicts with the imported type 'MarketAnalyzerColumn' in 'NinjaTrader.Vendor, Version=8.1.6.0, Culture=neutral, PublicKeyToken=null'. Using the type defined in 'C:\Mac\Home\Documents\NinjaTrader 8\bin\Custom\Indicators\@IchimokuCloud.cs'. [C:\Mac\Home\Documents\NinjaTrader 8\bin\Custom\NinjaTrader.Custom.csproj]
C:\Mac\Home\Documents\NinjaTrader 8\bin\Custom\MarketAnalyzerColumns\@BidPrice.cs(29,26): warning CS0436: The type 'MarketAnalyzerColumn' in 'C:\Mac\Home\Documents\NinjaTrader 8\bin\Custom\Indicators\@IchimokuCloud.cs' conflicts with the imported type 'MarketAnalyzerColumn' in 'NinjaTrader.Vendor, Version=8.1.6.0, Culture=neutral, PublicKeyToken=null'. Using the type defined in 'C:\Mac\Home\Documents\NinjaTrader 8\bin\Custom\Indicators\@IchimokuCloud.cs'. [C:\Mac\Home\Documents\NinjaTrader 8\bin\Custom\NinjaTrader.Custom.csproj]
C:\Mac\Home\Documents\NinjaTrader 8\bin\Custom\Indicators\@SampleCustomRender.cs(18,35): warning CS0436: The type 'Indicator' in 'C:\Mac\Home\Documents\NinjaTrader 8\bin\Custom\Indicators\@IchimokuCloud.cs' conflicts with the imported type 'Indicator' in 'NinjaTrader.Vendor, Version=8.1.6.0, Culture=neutral, PublicKeyToken=null'. Using the type defined in 'C:\Mac\Home\Documents\NinjaTrader 8\bin\Custom\Indicators\@IchimokuCloud.cs'. [C:\Mac\Home\Documents\NinjaTrader 8\bin\Custom\NinjaTrader.Custom.csproj]
C:\Mac\Home\Documents\NinjaTrader 8\bin\Custom\MarketAnalyzerColumns\@BidSize.cs(29,25): warning CS0436: The type 'MarketAnalyzerColumn' in 'C:\Mac\Home\Documents\NinjaTrader 8\bin\Custom\Indicators\@IchimokuCloud.cs' conflicts with the imported type 'MarketAnalyzerColumn' in 'NinjaTrader.Vendor, Version=8.1.6.0, Culture=neutral, PublicKeyToken=null'. Using the type defined in 'C:\Mac\Home\Documents\NinjaTrader 8\bin\Custom\Indicators\@IchimokuCloud.cs'. [C:\Mac\Home\Documents\NinjaTrader 8\bin\Custom\NinjaTrader.Custom.csproj]
C:\Mac\Home\Documents\NinjaTrader 8\bin\Custom\Strategies\@SampleAtmStrategy.cs(8,35): warning CS0436: The type 'Strategy' in 'C:\Mac\Home\Documents\NinjaTrader 8\bin\Custom\Indicators\@IchimokuCloud.cs' conflicts with the imported type 'Strategy' in 'NinjaTrader.Vendor, Version=8.1.6.0, Culture=neutral, PublicKeyToken=null'. Using the type defined in 'C:\Mac\Home\Documents\NinjaTrader 8\bin\Custom\Indicators\@IchimokuCloud.cs'. [C:\Mac\Home\Documents\NinjaTrader 8\bin\Custom\NinjaTrader.Custom.csproj]
C:\Mac\Home\Documents\NinjaTrader 8\bin\Custom\MarketAnalyzerColumns\@CalendarYearHigh.cs(29,34): warning CS0436: The type 'MarketAnalyzerColumn' in 'C:\Mac\Home\Documents\NinjaTrader 8\bin\Custom\Indicators\@IchimokuCloud.cs' conflicts with the imported type 'MarketAnalyzerColumn' in 'NinjaTrader.Vendor, Version=8.1.6.0, Culture=neutral, PublicKeyToken=null'. Using the type defined in 'C:\Mac\Home\Documents\NinjaTrader 8\bin\Custom\Indicators\@IchimokuCloud.cs'. [C:\Mac\Home\Documents\NinjaTrader 8\bin\Custom\NinjaTrader.Custom.csproj]
C:\Mac\Home\Documents\NinjaTrader 8\bin\Custom\Strategies\@SampleMACrossOver.cs(14,35): warning CS0436: The type 'Strategy' in 'C:\Mac\Home\Documents\NinjaTrader 8\bin\Custom\Indicators\@IchimokuCloud.cs' conflicts with the imported type 'Strategy' in 'NinjaTrader.Vendor, Version=8.1.6.0, Culture=neutral, PublicKeyToken=null'. Using the type defined in 'C:\Mac\Home\Documents\NinjaTrader 8\bin\Custom\Indicators\@IchimokuCloud.cs'. [C:\Mac\Home\Documents\NinjaTrader 8\bin\Custom\NinjaTrader.Custom.csproj]
C:\Mac\Home\Documents\NinjaTrader 8\bin\Custom\MarketAnalyzerColumns\@CalendarYearHighDate.cs(29,38): warning CS0436: The type 'MarketAnalyzerColumn' in 'C:\Mac\Home\Documents\NinjaTrader 8\bin\Custom\Indicators\@IchimokuCloud.cs' conflicts with the imported type 'MarketAnalyzerColumn' in 'NinjaTrader.Vendor, Version=8.1.6.0, Culture=neutral, PublicKeyToken=null'. Using the type defined in 'C:\Mac\Home\Documents\NinjaTrader 8\bin\Custom\Indicators\@IchimokuCloud.cs'. [C:\Mac\Home\Documents\NinjaTrader 8\bin\Custom\NinjaTrader.Custom.csproj]
C:\Mac\Home\Documents\NinjaTrader 8\bin\Custom\Strategies\@SampleMACrossOver.cs(16,11): warning CS0436: The type 'SMA' in 'C:\Mac\Home\Documents\NinjaTrader 8\bin\Custom\Indicators\@SMA.cs' conflicts with the imported type 'SMA' in 'NinjaTrader.Vendor, Version=8.1.6.0, Culture=neutral, PublicKeyToken=null'. Using the type defined in 'C:\Mac\Home\Documents\NinjaTrader 8\bin\Custom\Indicators\@SMA.cs'. [C:\Mac\Home\Documents\NinjaTrader 8\bin\Custom\NinjaTrader.Custom.csproj]
C:\Mac\Home\Documents\NinjaTrader 8\bin\Custom\Strategies\@SampleMACrossOver.cs(17,11): warning CS0436: The type 'SMA' in 'C:\Mac\Home\Documents\NinjaTrader 8\bin\Custom\Indicators\@SMA.cs' conflicts with the imported type 'SMA' in 'NinjaTrader.Vendor, Version=8.1.6.0, Culture=neutral, PublicKeyToken=null'. Using the type defined in 'C:\Mac\Home\Documents\NinjaTrader 8\bin\Custom\Indicators\@SMA.cs'. [C:\Mac\Home\Documents\NinjaTrader 8\bin\Custom\NinjaTrader.Custom.csproj]
C:\Mac\Home\Documents\NinjaTrader 8\bin\Custom\Indicators\@SampleCustomRender.cs(25,11): warning CS0436: The type 'SMA' in 'C:\Mac\Home\Documents\NinjaTrader 8\bin\Custom\Indicators\@SMA.cs' conflicts with the imported type 'SMA' in 'NinjaTrader.Vendor, Version=8.1.6.0, Culture=neutral, PublicKeyToken=null'. Using the type defined in 'C:\Mac\Home\Documents\NinjaTrader 8\bin\Custom\Indicators\@SMA.cs'. [C:\Mac\Home\Documents\NinjaTrader 8\bin\Custom\NinjaTrader.Custom.csproj]
C:\Mac\Home\Documents\NinjaTrader 8\bin\Custom\MarketAnalyzerColumns\@CalendarYearLow.cs(29,33): warning CS0436: The type 'MarketAnalyzerColumn' in 'C:\Mac\Home\Documents\NinjaTrader 8\bin\Custom\Indicators\@IchimokuCloud.cs' conflicts with the imported type 'MarketAnalyzerColumn' in 'NinjaTrader.Vendor, Version=8.1.6.0, Culture=neutral, PublicKeyToken=null'. Using the type defined in 'C:\Mac\Home\Documents\NinjaTrader 8\bin\Custom\Indicators\@IchimokuCloud.cs'. [C:\Mac\Home\Documents\NinjaTrader 8\bin\Custom\NinjaTrader.Custom.csproj]
C:\Mac\Home\Documents\NinjaTrader 8\bin\Custom\MarketAnalyzerColumns\@CalendarYearLowDate.cs(29,37): warning CS0436: The type 'MarketAnalyzerColumn' in 'C:\Mac\Home\Documents\NinjaTrader 8\bin\Custom\Indicators\@IchimokuCloud.cs' conflicts with the imported type 'MarketAnalyzerColumn' in 'NinjaTrader.Vendor, Version=8.1.6.0, Culture=neutral, PublicKeyToken=null'. Using the type defined in 'C:\Mac\Home\Documents\NinjaTrader 8\bin\Custom\Indicators\@IchimokuCloud.cs'. [C:\Mac\Home\Documents\NinjaTrader 8\bin\Custom\NinjaTrader.Custom.csproj]
C:\Mac\Home\Documents\NinjaTrader 8\bin\Custom\Strategies\MNQTickTemplate.cs(21,42): warning CS0436: The type 'Strategy' in 'C:\Mac\Home\Documents\NinjaTrader 8\bin\Custom\Indicators\@IchimokuCloud.cs' conflicts with the imported type 'Strategy' in 'NinjaTrader.Vendor, Version=8.1.6.0, Culture=neutral, PublicKeyToken=null'. Using the type defined in 'C:\Mac\Home\Documents\NinjaTrader 8\bin\Custom\Indicators\@IchimokuCloud.cs'. [C:\Mac\Home\Documents\NinjaTrader 8\bin\Custom\NinjaTrader.Custom.csproj]
C:\Mac\Home\Documents\NinjaTrader 8\bin\Custom\MarketAnalyzerColumns\@CurrentRatio.cs(29,30): warning CS0436: The type 'MarketAnalyzerColumn' in 'C:\Mac\Home\Documents\NinjaTrader 8\bin\Custom\Indicators\@IchimokuCloud.cs' conflicts with the imported type 'MarketAnalyzerColumn' in 'NinjaTrader.Vendor, Version=8.1.6.0, Culture=neutral, PublicKeyToken=null'. Using the type defined in 'C:\Mac\Home\Documents\NinjaTrader 8\bin\Custom\Indicators\@IchimokuCloud.cs'. [C:\Mac\Home\Documents\NinjaTrader 8\bin\Custom\NinjaTrader.Custom.csproj]
C:\Mac\Home\Documents\NinjaTrader 8\bin\Custom\MarketAnalyzerColumns\@DailyHigh.cs(29,27): warning CS0436: The type 'MarketAnalyzerColumn' in 'C:\Mac\Home\Documents\NinjaTrader 8\bin\Custom\Indicators\@IchimokuCloud.cs' conflicts with the imported type 'MarketAnalyzerColumn' in 'NinjaTrader.Vendor, Version=8.1.6.0, Culture=neutral, PublicKeyToken=null'. Using the type defined in 'C:\Mac\Home\Documents\NinjaTrader 8\bin\Custom\Indicators\@IchimokuCloud.cs'. [C:\Mac\Home\Documents\NinjaTrader 8\bin\Custom\NinjaTrader.Custom.csproj]
C:\Mac\Home\Documents\NinjaTrader 8\bin\Custom\Indicators\@TickCounter.cs(17,29): warning CS0436: The type 'Indicator' in 'C:\Mac\Home\Documents\NinjaTrader 8\bin\Custom\Indicators\@IchimokuCloud.cs' conflicts with the imported type 'Indicator' in 'NinjaTrader.Vendor, Version=8.1.6.0, Culture=neutral, PublicKeyToken=null'. Using the type defined in 'C:\Mac\Home\Documents\NinjaTrader 8\bin\Custom\Indicators\@IchimokuCloud.cs'. [C:\Mac\Home\Documents\NinjaTrader 8\bin\Custom\NinjaTrader.Custom.csproj]
C:\Mac\Home\Documents\NinjaTrader 8\bin\Custom\MarketAnalyzerColumns\@DailyLow.cs(29,26): warning CS0436: The type 'MarketAnalyzerColumn' in 'C:\Mac\Home\Documents\NinjaTrader 8\bin\Custom\Indicators\@IchimokuCloud.cs' conflicts with the imported type 'MarketAnalyzerColumn' in 'NinjaTrader.Vendor, Version=8.1.6.0, Culture=neutral, PublicKeyToken=null'. Using the type defined in 'C:\Mac\Home\Documents\NinjaTrader 8\bin\Custom\Indicators\@IchimokuCloud.cs'. [C:\Mac\Home\Documents\NinjaTrader 8\bin\Custom\NinjaTrader.Custom.csproj]
C:\Mac\Home\Documents\NinjaTrader 8\bin\Custom\DrawingTools\@Region.cs(331,18): warning CS0436: The type 'Region' in 'C:\Mac\Home\Documents\NinjaTrader 8\bin\Custom\DrawingTools\@Region.cs' conflicts with the imported type 'Region' in 'NinjaTrader.Vendor, Version=8.1.6.0, Culture=neutral, PublicKeyToken=null'. Using the type defined in 'C:\Mac\Home\Documents\NinjaTrader 8\bin\Custom\DrawingTools\@Region.cs'. [C:\Mac\Home\Documents\NinjaTrader 8\bin\Custom\NinjaTrader.Custom.csproj]
C:\Mac\Home\Documents\NinjaTrader 8\bin\Custom\DrawingTools\@Region.cs(379,17): warning CS0436: The type 'Region' in 'C:\Mac\Home\Documents\NinjaTrader 8\bin\Custom\DrawingTools\@Region.cs' conflicts with the imported type 'Region' in 'NinjaTrader.Vendor, Version=8.1.6.0, Culture=neutral, PublicKeyToken=null'. Using the type defined in 'C:\Mac\Home\Documents\NinjaTrader 8\bin\Custom\DrawingTools\@Region.cs'. [C:\Mac\Home\Documents\NinjaTrader 8\bin\Custom\NinjaTrader.Custom.csproj]
C:\Mac\Home\Documents\NinjaTrader 8\bin\Custom\Strategies\MNQTickTemplate.cs(110,17): warning CS0436: The type 'SMA' in 'C:\Mac\Home\Documents\NinjaTrader 8\bin\Custom\Indicators\@SMA.cs' conflicts with the imported type 'SMA' in 'NinjaTrader.Vendor, Version=8.1.6.0, Culture=neutral, PublicKeyToken=null'. Using the type defined in 'C:\Mac\Home\Documents\NinjaTrader 8\bin\Custom\Indicators\@SMA.cs'. [C:\Mac\Home\Documents\NinjaTrader 8\bin\Custom\NinjaTrader.Custom.csproj]
C:\Mac\Home\Documents\NinjaTrader 8\bin\Custom\MarketAnalyzerColumns\@DailyVolume.cs(29,29): warning CS0436: The type 'MarketAnalyzerColumn' in 'C:\Mac\Home\Documents\NinjaTrader 8\bin\Custom\Indicators\@IchimokuCloud.cs' conflicts with the imported type 'MarketAnalyzerColumn' in 'NinjaTrader.Vendor, Version=8.1.6.0, Culture=neutral, PublicKeyToken=null'. Using the type defined in 'C:\Mac\Home\Documents\NinjaTrader 8\bin\Custom\Indicators\@IchimokuCloud.cs'. [C:\Mac\Home\Documents\NinjaTrader 8\bin\Custom\NinjaTrader.Custom.csproj]
C:\Mac\Home\Documents\NinjaTrader 8\bin\Custom\DrawingTools\@Region.cs(400,17): warning CS0436: The type 'Region' in 'C:\Mac\Home\Documents\NinjaTrader 8\bin\Custom\DrawingTools\@Region.cs' conflicts with the imported type 'Region' in 'NinjaTrader.Vendor, Version=8.1.6.0, Culture=neutral, PublicKeyToken=null'. Using the type defined in 'C:\Mac\Home\Documents\NinjaTrader 8\bin\Custom\DrawingTools\@Region.cs'. [C:\Mac\Home\Documents\NinjaTrader 8\bin\Custom\NinjaTrader.Custom.csproj]
C:\Mac\Home\Documents\NinjaTrader 8\bin\Custom\Strategies\MNQTickTemplate.cs(112,17): warning CS0436: The type 'EMA' in 'C:\Mac\Home\Documents\NinjaTrader 8\bin\Custom\Indicators\@EMA.cs' conflicts with the imported type 'EMA' in 'NinjaTrader.Vendor, Version=8.1.6.0, Culture=neutral, PublicKeyToken=null'. Using the type defined in 'C:\Mac\Home\Documents\NinjaTrader 8\bin\Custom\Indicators\@EMA.cs'. [C:\Mac\Home\Documents\NinjaTrader 8\bin\Custom\NinjaTrader.Custom.csproj]
C:\Mac\Home\Documents\NinjaTrader 8\bin\Custom\DrawingTools\@Region.cs(420,17): warning CS0436: The type 'Region' in 'C:\Mac\Home\Documents\NinjaTrader 8\bin\Custom\DrawingTools\@Region.cs' conflicts with the imported type 'Region' in 'NinjaTrader.Vendor, Version=8.1.6.0, Culture=neutral, PublicKeyToken=null'. Using the type defined in 'C:\Mac\Home\Documents\NinjaTrader 8\bin\Custom\DrawingTools\@Region.cs'. [C:\Mac\Home\Documents\NinjaTrader 8\bin\Custom\NinjaTrader.Custom.csproj]
C:\Mac\Home\Documents\NinjaTrader 8\bin\Custom\DrawingTools\@Region.cs(440,17): warning CS0436: The type 'Region' in 'C:\Mac\Home\Documents\NinjaTrader 8\bin\Custom\DrawingTools\@Region.cs' conflicts with the imported type 'Region' in 'NinjaTrader.Vendor, Version=8.1.6.0, Culture=neutral, PublicKeyToken=null'. Using the type defined in 'C:\Mac\Home\Documents\NinjaTrader 8\bin\Custom\DrawingTools\@Region.cs'. [C:\Mac\Home\Documents\NinjaTrader 8\bin\Custom\NinjaTrader.Custom.csproj]
C:\Mac\Home\Documents\NinjaTrader 8\bin\Custom\Indicators\@TrendLines.cs(21,28): warning CS0436: The type 'Indicator' in 'C:\Mac\Home\Documents\NinjaTrader 8\bin\Custom\Indicators\@IchimokuCloud.cs' conflicts with the imported type 'Indicator' in 'NinjaTrader.Vendor, Version=8.1.6.0, Culture=neutral, PublicKeyToken=null'. Using the type defined in 'C:\Mac\Home\Documents\NinjaTrader 8\bin\Custom\Indicators\@IchimokuCloud.cs'. [C:\Mac\Home\Documents\NinjaTrader 8\bin\Custom\NinjaTrader.Custom.csproj]
C:\Mac\Home\Documents\NinjaTrader 8\bin\Custom\MarketAnalyzerColumns\@DividendAmount.cs(29,32): warning CS0436: The type 'MarketAnalyzerColumn' in 'C:\Mac\Home\Documents\NinjaTrader 8\bin\Custom\Indicators\@IchimokuCloud.cs' conflicts with the imported type 'MarketAnalyzerColumn' in 'NinjaTrader.Vendor, Version=8.1.6.0, Culture=neutral, PublicKeyToken=null'. Using the type defined in 'C:\Mac\Home\Documents\NinjaTrader 8\bin\Custom\Indicators\@IchimokuCloud.cs'. [C:\Mac\Home\Documents\NinjaTrader 8\bin\Custom\NinjaTrader.Custom.csproj]
C:\Mac\Home\Documents\NinjaTrader 8\bin\Custom\Strategies\CoryBuySellV2.cs(62,52): warning CS0436: The type 'SMA' in 'C:\Mac\Home\Documents\NinjaTrader 8\bin\Custom\Indicators\@SMA.cs' conflicts with the imported type 'SMA' in 'NinjaTrader.Vendor, Version=8.1.6.0, Culture=neutral, PublicKeyToken=null'. Using the type defined in 'C:\Mac\Home\Documents\NinjaTrader 8\bin\Custom\Indicators\@SMA.cs'. [C:\Mac\Home\Documents\NinjaTrader 8\bin\Custom\NinjaTrader.Custom.csproj]
C:\Mac\Home\Documents\NinjaTrader 8\bin\Custom\Strategies\BareOhlcLogger.cs(20,35): warning CS0436: The type 'Strategy' in 'C:\Mac\Home\Documents\NinjaTrader 8\bin\Custom\Indicators\@IchimokuCloud.cs' conflicts with the imported type 'Strategy' in 'NinjaTrader.Vendor, Version=8.1.6.0, Culture=neutral, PublicKeyToken=null'. Using the type defined in 'C:\Mac\Home\Documents\NinjaTrader 8\bin\Custom\Indicators\@IchimokuCloud.cs'. [C:\Mac\Home\Documents\NinjaTrader 8\bin\Custom\NinjaTrader.Custom.csproj]
C:\Mac\Home\Documents\NinjaTrader 8\bin\Custom\Indicators\@TrendLines.cs(32,11): warning CS0436: The type 'Swing' in 'C:\Mac\Home\Documents\NinjaTrader 8\bin\Custom\Indicators\@Swing.cs' conflicts with the imported type 'Swing' in 'NinjaTrader.Vendor, Version=8.1.6.0, Culture=neutral, PublicKeyToken=null'. Using the type defined in 'C:\Mac\Home\Documents\NinjaTrader 8\bin\Custom\Indicators\@Swing.cs'. [C:\Mac\Home\Documents\NinjaTrader 8\bin\Custom\NinjaTrader.Custom.csproj]
C:\Mac\Home\Documents\NinjaTrader 8\bin\Custom\Strategies\CorySTR.cs(28,25): warning CS0436: The type 'Strategy' in 'C:\Mac\Home\Documents\NinjaTrader 8\bin\Custom\Indicators\@IchimokuCloud.cs' conflicts with the imported type 'Strategy' in 'NinjaTrader.Vendor, Version=8.1.6.0, Culture=neutral, PublicKeyToken=null'. Using the type defined in 'C:\Mac\Home\Documents\NinjaTrader 8\bin\Custom\Indicators\@IchimokuCloud.cs'. [C:\Mac\Home\Documents\NinjaTrader 8\bin\Custom\NinjaTrader.Custom.csproj]
C:\Mac\Home\Documents\NinjaTrader 8\bin\Custom\Strategies\Learninstrategy.cs(28,33): warning CS0436: The type 'Strategy' in 'C:\Mac\Home\Documents\NinjaTrader 8\bin\Custom\Indicators\@IchimokuCloud.cs' conflicts with the imported type 'Strategy' in 'NinjaTrader.Vendor, Version=8.1.6.0, Culture=neutral, PublicKeyToken=null'. Using the type defined in 'C:\Mac\Home\Documents\NinjaTrader 8\bin\Custom\Indicators\@IchimokuCloud.cs'. [C:\Mac\Home\Documents\NinjaTrader 8\bin\Custom\NinjaTrader.Custom.csproj]
C:\Mac\Home\Documents\NinjaTrader 8\bin\Custom\Indicators\@FVG.cs(22,21): warning CS0436: The type 'Indicator' in 'C:\Mac\Home\Documents\NinjaTrader 8\bin\Custom\Indicators\@IchimokuCloud.cs' conflicts with the imported type 'Indicator' in 'NinjaTrader.Vendor, Version=8.1.6.0, Culture=neutral, PublicKeyToken=null'. Using the type defined in 'C:\Mac\Home\Documents\NinjaTrader 8\bin\Custom\Indicators\@IchimokuCloud.cs'. [C:\Mac\Home\Documents\NinjaTrader 8\bin\Custom\NinjaTrader.Custom.csproj]
C:\Mac\Home\Documents\NinjaTrader 8\bin\Custom\Strategies\BarsOnTheFlow.cs(16,34): warning CS0436: The type 'Strategy' in 'C:\Mac\Home\Documents\NinjaTrader 8\bin\Custom\Indicators\@IchimokuCloud.cs' conflicts with the imported type 'Strategy' in 'NinjaTrader.Vendor, Version=8.1.6.0, Culture=neutral, PublicKeyToken=null'. Using the type defined in 'C:\Mac\Home\Documents\NinjaTrader 8\bin\Custom\Indicators\@IchimokuCloud.cs'. [C:\Mac\Home\Documents\NinjaTrader 8\bin\Custom\NinjaTrader.Custom.csproj]
C:\Mac\Home\Documents\NinjaTrader 8\bin\Custom\Strategies\WebTrendFollower.cs(23,37): warning CS0436: The type 'Strategy' in 'C:\Mac\Home\Documents\NinjaTrader 8\bin\Custom\Indicators\@IchimokuCloud.cs' conflicts with the imported type 'Strategy' in 'NinjaTrader.Vendor, Version=8.1.6.0, Culture=neutral, PublicKeyToken=null'. Using the type defined in 'C:\Mac\Home\Documents\NinjaTrader 8\bin\Custom\Indicators\@IchimokuCloud.cs'. [C:\Mac\Home\Documents\NinjaTrader 8\bin\Custom\NinjaTrader.Custom.csproj]
C:\Mac\Home\Documents\NinjaTrader 8\bin\Custom\Indicators\@VolumeCounter.cs(17,31): warning CS0436: The type 'Indicator' in 'C:\Mac\Home\Documents\NinjaTrader 8\bin\Custom\Indicators\@IchimokuCloud.cs' conflicts with the imported type 'Indicator' in 'NinjaTrader.Vendor, Version=8.1.6.0, Culture=neutral, PublicKeyToken=null'. Using the type defined in 'C:\Mac\Home\Documents\NinjaTrader 8\bin\Custom\Indicators\@IchimokuCloud.cs'. [C:\Mac\Home\Documents\NinjaTrader 8\bin\Custom\NinjaTrader.Custom.csproj]
C:\Mac\Home\Documents\NinjaTrader 8\bin\Custom\MarketAnalyzerColumns\@HistoricalVolatility.cs(29,38): warning CS0436: The type 'MarketAnalyzerColumn' in 'C:\Mac\Home\Documents\NinjaTrader 8\bin\Custom\Indicators\@IchimokuCloud.cs' conflicts with the imported type 'MarketAnalyzerColumn' in 'NinjaTrader.Vendor, Version=8.1.6.0, Culture=neutral, PublicKeyToken=null'. Using the type defined in 'C:\Mac\Home\Documents\NinjaTrader 8\bin\Custom\Indicators\@IchimokuCloud.cs'. [C:\Mac\Home\Documents\NinjaTrader 8\bin\Custom\NinjaTrader.Custom.csproj]
C:\Mac\Home\Documents\NinjaTrader 8\bin\Custom\MarketAnalyzerColumns\@LastClose.cs(29,27): warning CS0436: The type 'MarketAnalyzerColumn' in 'C:\Mac\Home\Documents\NinjaTrader 8\bin\Custom\Indicators\@IchimokuCloud.cs' conflicts with the imported type 'MarketAnalyzerColumn' in 'NinjaTrader.Vendor, Version=8.1.6.0, Culture=neutral, PublicKeyToken=null'. Using the type defined in 'C:\Mac\Home\Documents\NinjaTrader 8\bin\Custom\Indicators\@IchimokuCloud.cs'. [C:\Mac\Home\Documents\NinjaTrader 8\bin\Custom\NinjaTrader.Custom.csproj]
C:\Mac\Home\Documents\NinjaTrader 8\bin\Custom\MarketAnalyzerColumns\@LastPrice.cs(29,27): warning CS0436: The type 'MarketAnalyzerColumn' in 'C:\Mac\Home\Documents\NinjaTrader 8\bin\Custom\Indicators\@IchimokuCloud.cs' conflicts with the imported type 'MarketAnalyzerColumn' in 'NinjaTrader.Vendor, Version=8.1.6.0, Culture=neutral, PublicKeyToken=null'. Using the type defined in 'C:\Mac\Home\Documents\NinjaTrader 8\bin\Custom\Indicators\@IchimokuCloud.cs'. [C:\Mac\Home\Documents\NinjaTrader 8\bin\Custom\NinjaTrader.Custom.csproj]
C:\Mac\Home\Documents\NinjaTrader 8\bin\Custom\Indicators\@VolumeProfile.cs(23,31): warning CS0436: The type 'Indicator' in 'C:\Mac\Home\Documents\NinjaTrader 8\bin\Custom\Indicators\@IchimokuCloud.cs' conflicts with the imported type 'Indicator' in 'NinjaTrader.Vendor, Version=8.1.6.0, Culture=neutral, PublicKeyToken=null'. Using the type defined in 'C:\Mac\Home\Documents\NinjaTrader 8\bin\Custom\Indicators\@IchimokuCloud.cs'. [C:\Mac\Home\Documents\NinjaTrader 8\bin\Custom\NinjaTrader.Custom.csproj]
C:\Mac\Home\Documents\NinjaTrader 8\bin\Custom\MarketAnalyzerColumns\@LastSize.cs(20,26): warning CS0436: The type 'MarketAnalyzerColumn' in 'C:\Mac\Home\Documents\NinjaTrader 8\bin\Custom\Indicators\@IchimokuCloud.cs' conflicts with the imported type 'MarketAnalyzerColumn' in 'NinjaTrader.Vendor, Version=8.1.6.0, Culture=neutral, PublicKeyToken=null'. Using the type defined in 'C:\Mac\Home\Documents\NinjaTrader 8\bin\Custom\Indicators\@IchimokuCloud.cs'. [C:\Mac\Home\Documents\NinjaTrader 8\bin\Custom\NinjaTrader.Custom.csproj]
C:\Mac\Home\Documents\NinjaTrader 8\bin\Custom\MarketAnalyzerColumns\@Low52Weeks.cs(29,28): warning CS0436: The type 'MarketAnalyzerColumn' in 'C:\Mac\Home\Documents\NinjaTrader 8\bin\Custom\Indicators\@IchimokuCloud.cs' conflicts with the imported type 'MarketAnalyzerColumn' in 'NinjaTrader.Vendor, Version=8.1.6.0, Culture=neutral, PublicKeyToken=null'. Using the type defined in 'C:\Mac\Home\Documents\NinjaTrader 8\bin\Custom\Indicators\@IchimokuCloud.cs'. [C:\Mac\Home\Documents\NinjaTrader 8\bin\Custom\NinjaTrader.Custom.csproj]
C:\Mac\Home\Documents\NinjaTrader 8\bin\Custom\MarketAnalyzerColumns\@Low52WeeksDate.cs(29,32): warning CS0436: The type 'MarketAnalyzerColumn' in 'C:\Mac\Home\Documents\NinjaTrader 8\bin\Custom\Indicators\@IchimokuCloud.cs' conflicts with the imported type 'MarketAnalyzerColumn' in 'NinjaTrader.Vendor, Version=8.1.6.0, Culture=neutral, PublicKeyToken=null'. Using the type defined in 'C:\Mac\Home\Documents\NinjaTrader 8\bin\Custom\Indicators\@IchimokuCloud.cs'. [C:\Mac\Home\Documents\NinjaTrader 8\bin\Custom\NinjaTrader.Custom.csproj]
C:\Mac\Home\Documents\NinjaTrader 8\bin\Custom\MarketAnalyzerColumns\@MarketCap.cs(29,27): warning CS0436: The type 'MarketAnalyzerColumn' in 'C:\Mac\Home\Documents\NinjaTrader 8\bin\Custom\Indicators\@IchimokuCloud.cs' conflicts with the imported type 'MarketAnalyzerColumn' in 'NinjaTrader.Vendor, Version=8.1.6.0, Culture=neutral, PublicKeyToken=null'. Using the type defined in 'C:\Mac\Home\Documents\NinjaTrader 8\bin\Custom\Indicators\@IchimokuCloud.cs'. [C:\Mac\Home\Documents\NinjaTrader 8\bin\Custom\NinjaTrader.Custom.csproj]
C:\Mac\Home\Documents\NinjaTrader 8\bin\Custom\MarketAnalyzerColumns\@NetChange.cs(30,27): warning CS0436: The type 'MarketAnalyzerColumn' in 'C:\Mac\Home\Documents\NinjaTrader 8\bin\Custom\Indicators\@IchimokuCloud.cs' conflicts with the imported type 'MarketAnalyzerColumn' in 'NinjaTrader.Vendor, Version=8.1.6.0, Culture=neutral, PublicKeyToken=null'. Using the type defined in 'C:\Mac\Home\Documents\NinjaTrader 8\bin\Custom\Indicators\@IchimokuCloud.cs'. [C:\Mac\Home\Documents\NinjaTrader 8\bin\Custom\NinjaTrader.Custom.csproj]
C:\Mac\Home\Documents\NinjaTrader 8\bin\Custom\MarketAnalyzerColumns\@NextYearsEarningsPerShare.cs(29,43): warning CS0436: The type 'MarketAnalyzerColumn' in 'C:\Mac\Home\Documents\NinjaTrader 8\bin\Custom\Indicators\@IchimokuCloud.cs' conflicts with the imported type 'MarketAnalyzerColumn' in 'NinjaTrader.Vendor, Version=8.1.6.0, Culture=neutral, PublicKeyToken=null'. Using the type defined in 'C:\Mac\Home\Documents\NinjaTrader 8\bin\Custom\Indicators\@IchimokuCloud.cs'. [C:\Mac\Home\Documents\NinjaTrader 8\bin\Custom\NinjaTrader.Custom.csproj]
C:\Mac\Home\Documents\NinjaTrader 8\bin\Custom\Indicators\@VolumeUpDown.cs(17,30): warning CS0436: The type 'Indicator' in 'C:\Mac\Home\Documents\NinjaTrader 8\bin\Custom\Indicators\@IchimokuCloud.cs' conflicts with the imported type 'Indicator' in 'NinjaTrader.Vendor, Version=8.1.6.0, Culture=neutral, PublicKeyToken=null'. Using the type defined in 'C:\Mac\Home\Documents\NinjaTrader 8\bin\Custom\Indicators\@IchimokuCloud.cs'. [C:\Mac\Home\Documents\NinjaTrader 8\bin\Custom\NinjaTrader.Custom.csproj]
C:\Mac\Home\Documents\NinjaTrader 8\bin\Custom\MarketAnalyzerColumns\@Opening.cs(29,25): warning CS0436: The type 'MarketAnalyzerColumn' in 'C:\Mac\Home\Documents\NinjaTrader 8\bin\Custom\Indicators\@IchimokuCloud.cs' conflicts with the imported type 'MarketAnalyzerColumn' in 'NinjaTrader.Vendor, Version=8.1.6.0, Culture=neutral, PublicKeyToken=null'. Using the type defined in 'C:\Mac\Home\Documents\NinjaTrader 8\bin\Custom\Indicators\@IchimokuCloud.cs'. [C:\Mac\Home\Documents\NinjaTrader 8\bin\Custom\NinjaTrader.Custom.csproj]
C:\Mac\Home\Documents\NinjaTrader 8\bin\Custom\MarketAnalyzerColumns\@OpenInterest.cs(29,30): warning CS0436: The type 'MarketAnalyzerColumn' in 'C:\Mac\Home\Documents\NinjaTrader 8\bin\Custom\Indicators\@IchimokuCloud.cs' conflicts with the imported type 'MarketAnalyzerColumn' in 'NinjaTrader.Vendor, Version=8.1.6.0, Culture=neutral, PublicKeyToken=null'. Using the type defined in 'C:\Mac\Home\Documents\NinjaTrader 8\bin\Custom\Indicators\@IchimokuCloud.cs'. [C:\Mac\Home\Documents\NinjaTrader 8\bin\Custom\NinjaTrader.Custom.csproj]
C:\Mac\Home\Documents\NinjaTrader 8\bin\Custom\Indicators\@VolumeZones.cs(19,29): warning CS0436: The type 'Indicator' in 'C:\Mac\Home\Documents\NinjaTrader 8\bin\Custom\Indicators\@IchimokuCloud.cs' conflicts with the imported type 'Indicator' in 'NinjaTrader.Vendor, Version=8.1.6.0, Culture=neutral, PublicKeyToken=null'. Using the type defined in 'C:\Mac\Home\Documents\NinjaTrader 8\bin\Custom\Indicators\@IchimokuCloud.cs'. [C:\Mac\Home\Documents\NinjaTrader 8\bin\Custom\NinjaTrader.Custom.csproj]
C:\Mac\Home\Documents\NinjaTrader 8\bin\Custom\MarketAnalyzerColumns\@PercentHeldByInstitutions.cs(29,43): warning CS0436: The type 'MarketAnalyzerColumn' in 'C:\Mac\Home\Documents\NinjaTrader 8\bin\Custom\Indicators\@IchimokuCloud.cs' conflicts with the imported type 'MarketAnalyzerColumn' in 'NinjaTrader.Vendor, Version=8.1.6.0, Culture=neutral, PublicKeyToken=null'. Using the type defined in 'C:\Mac\Home\Documents\NinjaTrader 8\bin\Custom\Indicators\@IchimokuCloud.cs'. [C:\Mac\Home\Documents\NinjaTrader 8\bin\Custom\NinjaTrader.Custom.csproj]
C:\Mac\Home\Documents\NinjaTrader 8\bin\Custom\Indicators\@BarTimer.cs(19,26): warning CS0436: The type 'Indicator' in 'C:\Mac\Home\Documents\NinjaTrader 8\bin\Custom\Indicators\@IchimokuCloud.cs' conflicts with the imported type 'Indicator' in 'NinjaTrader.Vendor, Version=8.1.6.0, Culture=neutral, PublicKeyToken=null'. Using the type defined in 'C:\Mac\Home\Documents\NinjaTrader 8\bin\Custom\Indicators\@IchimokuCloud.cs'. [C:\Mac\Home\Documents\NinjaTrader 8\bin\Custom\NinjaTrader.Custom.csproj]
C:\Mac\Home\Documents\NinjaTrader 8\bin\Custom\MarketAnalyzerColumns\@PositionAvgPrice.cs(29,34): warning CS0436: The type 'MarketAnalyzerColumn' in 'C:\Mac\Home\Documents\NinjaTrader 8\bin\Custom\Indicators\@IchimokuCloud.cs' conflicts with the imported type 'MarketAnalyzerColumn' in 'NinjaTrader.Vendor, Version=8.1.6.0, Culture=neutral, PublicKeyToken=null'. Using the type defined in 'C:\Mac\Home\Documents\NinjaTrader 8\bin\Custom\Indicators\@IchimokuCloud.cs'. [C:\Mac\Home\Documents\NinjaTrader 8\bin\Custom\NinjaTrader.Custom.csproj]
C:\Mac\Home\Documents\NinjaTrader 8\bin\Custom\MarketAnalyzerColumns\@PositionSize.cs(29,30): warning CS0436: The type 'MarketAnalyzerColumn' in 'C:\Mac\Home\Documents\NinjaTrader 8\bin\Custom\Indicators\@IchimokuCloud.cs' conflicts with the imported type 'MarketAnalyzerColumn' in 'NinjaTrader.Vendor, Version=8.1.6.0, Culture=neutral, PublicKeyToken=null'. Using the type defined in 'C:\Mac\Home\Documents\NinjaTrader 8\bin\Custom\Indicators\@IchimokuCloud.cs'. [C:\Mac\Home\Documents\NinjaTrader 8\bin\Custom\NinjaTrader.Custom.csproj]
C:\Mac\Home\Documents\NinjaTrader 8\bin\Custom\DrawingTools\@ChartMarkers.cs(305,25): warning CS0436: The type 'Square' in 'C:\Mac\Home\Documents\NinjaTrader 8\bin\Custom\DrawingTools\@ChartMarkers.cs' conflicts with the imported type 'Square' in 'NinjaTrader.Vendor, Version=8.1.6.0, Culture=neutral, PublicKeyToken=null'. Using the type defined in 'C:\Mac\Home\Documents\NinjaTrader 8\bin\Custom\DrawingTools\@ChartMarkers.cs'. [C:\Mac\Home\Documents\NinjaTrader 8\bin\Custom\NinjaTrader.Custom.csproj]
C:\Mac\Home\Documents\NinjaTrader 8\bin\Custom\DrawingTools\@ChartMarkers.cs(252,24): warning CS0436: The type 'ChartMarker' in 'C:\Mac\Home\Documents\NinjaTrader 8\bin\Custom\DrawingTools\@ChartMarkers.cs' conflicts with the imported type 'ChartMarker' in 'NinjaTrader.Vendor, Version=8.1.6.0, Culture=neutral, PublicKeyToken=null'. Using the type defined in 'C:\Mac\Home\Documents\NinjaTrader 8\bin\Custom\DrawingTools\@ChartMarkers.cs'. [C:\Mac\Home\Documents\NinjaTrader 8\bin\Custom\NinjaTrader.Custom.csproj]
C:\Mac\Home\Documents\NinjaTrader 8\bin\Custom\Indicators\@Correlation.cs(18,29): warning CS0436: The type 'Indicator' in 'C:\Mac\Home\Documents\NinjaTrader 8\bin\Custom\Indicators\@IchimokuCloud.cs' conflicts with the imported type 'Indicator' in 'NinjaTrader.Vendor, Version=8.1.6.0, Culture=neutral, PublicKeyToken=null'. Using the type defined in 'C:\Mac\Home\Documents\NinjaTrader 8\bin\Custom\Indicators\@IchimokuCloud.cs'. [C:\Mac\Home\Documents\NinjaTrader 8\bin\Custom\NinjaTrader.Custom.csproj]
C:\Mac\Home\Documents\NinjaTrader 8\bin\Custom\MarketAnalyzerColumns\@PriceEarningsRatio.cs(29,36): warning CS0436: The type 'MarketAnalyzerColumn' in 'C:\Mac\Home\Documents\NinjaTrader 8\bin\Custom\Indicators\@IchimokuCloud.cs' conflicts with the imported type 'MarketAnalyzerColumn' in 'NinjaTrader.Vendor, Version=8.1.6.0, Culture=neutral, PublicKeyToken=null'. Using the type defined in 'C:\Mac\Home\Documents\NinjaTrader 8\bin\Custom\Indicators\@IchimokuCloud.cs'. [C:\Mac\Home\Documents\NinjaTrader 8\bin\Custom\NinjaTrader.Custom.csproj]
C:\Mac\Home\Documents\NinjaTrader 8\bin\Custom\MarketAnalyzerColumns\@ProfitLoss.cs(29,28): warning CS0436: The type 'MarketAnalyzerColumn' in 'C:\Mac\Home\Documents\NinjaTrader 8\bin\Custom\Indicators\@IchimokuCloud.cs' conflicts with the imported type 'MarketAnalyzerColumn' in 'NinjaTrader.Vendor, Version=8.1.6.0, Culture=neutral, PublicKeyToken=null'. Using the type defined in 'C:\Mac\Home\Documents\NinjaTrader 8\bin\Custom\Indicators\@IchimokuCloud.cs'. [C:\Mac\Home\Documents\NinjaTrader 8\bin\Custom\NinjaTrader.Custom.csproj]
C:\Mac\Home\Documents\NinjaTrader 8\bin\Custom\DrawingTools\@ChartMarkers.cs(47,10): warning CS0436: The type 'ChartMarkerSize' in 'C:\Mac\Home\Documents\NinjaTrader 8\bin\Custom\DrawingTools\@ChartMarkers.cs' conflicts with the imported type 'ChartMarkerSize' in 'NinjaTrader.Vendor, Version=8.1.6.0, Culture=neutral, PublicKeyToken=null'. Using the type defined in 'C:\Mac\Home\Documents\NinjaTrader 8\bin\Custom\DrawingTools\@ChartMarkers.cs'. [C:\Mac\Home\Documents\NinjaTrader 8\bin\Custom\NinjaTrader.Custom.csproj]
C:\Mac\Home\Documents\NinjaTrader 8\bin\Custom\DrawingTools\@ChartMarkers.cs(352,42): warning CS0436: The type 'ChartMarker' in 'C:\Mac\Home\Documents\NinjaTrader 8\bin\Custom\DrawingTools\@ChartMarkers.cs' conflicts with the imported type 'ChartMarker' in 'NinjaTrader.Vendor, Version=8.1.6.0, Culture=neutral, PublicKeyToken=null'. Using the type defined in 'C:\Mac\Home\Documents\NinjaTrader 8\bin\Custom\DrawingTools\@ChartMarkers.cs'. [C:\Mac\Home\Documents\NinjaTrader 8\bin\Custom\NinjaTrader.Custom.csproj]
C:\Mac\Home\Documents\NinjaTrader 8\bin\Custom\Indicators\@Vortex.cs(19,24): warning CS0436: The type 'Indicator' in 'C:\Mac\Home\Documents\NinjaTrader 8\bin\Custom\Indicators\@IchimokuCloud.cs' conflicts with the imported type 'Indicator' in 'NinjaTrader.Vendor, Version=8.1.6.0, Culture=neutral, PublicKeyToken=null'. Using the type defined in 'C:\Mac\Home\Documents\NinjaTrader 8\bin\Custom\Indicators\@IchimokuCloud.cs'. [C:\Mac\Home\Documents\NinjaTrader 8\bin\Custom\NinjaTrader.Custom.csproj]
C:\Mac\Home\Documents\NinjaTrader 8\bin\Custom\Indicators\@BlockVolume.cs(16,29): warning CS0436: The type 'Indicator' in 'C:\Mac\Home\Documents\NinjaTrader 8\bin\Custom\Indicators\@IchimokuCloud.cs' conflicts with the imported type 'Indicator' in 'NinjaTrader.Vendor, Version=8.1.6.0, Culture=neutral, PublicKeyToken=null'. Using the type defined in 'C:\Mac\Home\Documents\NinjaTrader 8\bin\Custom\Indicators\@IchimokuCloud.cs'. [C:\Mac\Home\Documents\NinjaTrader 8\bin\Custom\NinjaTrader.Custom.csproj]
C:\Mac\Home\Documents\NinjaTrader 8\bin\Custom\DrawingTools\@ChartMarkers.cs(436,27): warning CS0436: The type 'ArrowMarkerBase' in 'C:\Mac\Home\Documents\NinjaTrader 8\bin\Custom\DrawingTools\@ChartMarkers.cs' conflicts with the imported type 'ArrowMarkerBase' in 'NinjaTrader.Vendor, Version=8.1.6.0, Culture=neutral, PublicKeyToken=null'. Using the type defined in 'C:\Mac\Home\Documents\NinjaTrader 8\bin\Custom\DrawingTools\@ChartMarkers.cs'. [C:\Mac\Home\Documents\NinjaTrader 8\bin\Custom\NinjaTrader.Custom.csproj]
C:\Mac\Home\Documents\NinjaTrader 8\bin\Custom\MarketAnalyzerColumns\@RealizedProfitLoss.cs(29,36): warning CS0436: The type 'MarketAnalyzerColumn' in 'C:\Mac\Home\Documents\NinjaTrader 8\bin\Custom\Indicators\@IchimokuCloud.cs' conflicts with the imported type 'MarketAnalyzerColumn' in 'NinjaTrader.Vendor, Version=8.1.6.0, Culture=neutral, PublicKeyToken=null'. Using the type defined in 'C:\Mac\Home\Documents\NinjaTrader 8\bin\Custom\Indicators\@IchimokuCloud.cs'. [C:\Mac\Home\Documents\NinjaTrader 8\bin\Custom\NinjaTrader.Custom.csproj]
C:\Mac\Home\Documents\NinjaTrader 8\bin\Custom\Indicators\@ADX.cs(21,21): warning CS0436: The type 'Indicator' in 'C:\Mac\Home\Documents\NinjaTrader 8\bin\Custom\Indicators\@IchimokuCloud.cs' conflicts with the imported type 'Indicator' in 'NinjaTrader.Vendor, Version=8.1.6.0, Culture=neutral, PublicKeyToken=null'. Using the type defined in 'C:\Mac\Home\Documents\NinjaTrader 8\bin\Custom\Indicators\@IchimokuCloud.cs'. [C:\Mac\Home\Documents\NinjaTrader 8\bin\Custom\NinjaTrader.Custom.csproj]
C:\Mac\Home\Documents\NinjaTrader 8\bin\Custom\DrawingTools\@ChartMarkers.cs(462,25): warning CS0436: The type 'ArrowMarkerBase' in 'C:\Mac\Home\Documents\NinjaTrader 8\bin\Custom\DrawingTools\@ChartMarkers.cs' conflicts with the imported type 'ArrowMarkerBase' in 'NinjaTrader.Vendor, Version=8.1.6.0, Culture=neutral, PublicKeyToken=null'. Using the type defined in 'C:\Mac\Home\Documents\NinjaTrader 8\bin\Custom\DrawingTools\@ChartMarkers.cs'. [C:\Mac\Home\Documents\NinjaTrader 8\bin\Custom\NinjaTrader.Custom.csproj]
C:\Mac\Home\Documents\NinjaTrader 8\bin\Custom\DrawingTools\@ChartMarkers.cs(485,39): warning CS0436: The type 'ChartMarker' in 'C:\Mac\Home\Documents\NinjaTrader 8\bin\Custom\DrawingTools\@ChartMarkers.cs' conflicts with the imported type 'ChartMarker' in 'NinjaTrader.Vendor, Version=8.1.6.0, Culture=neutral, PublicKeyToken=null'. Using the type defined in 'C:\Mac\Home\Documents\NinjaTrader 8\bin\Custom\DrawingTools\@ChartMarkers.cs'. [C:\Mac\Home\Documents\NinjaTrader 8\bin\Custom\NinjaTrader.Custom.csproj]
C:\Mac\Home\Documents\NinjaTrader 8\bin\Custom\Indicators\@Aroon.cs(21,23): warning CS0436: The type 'Indicator' in 'C:\Mac\Home\Documents\NinjaTrader 8\bin\Custom\Indicators\@IchimokuCloud.cs' conflicts with the imported type 'Indicator' in 'NinjaTrader.Vendor, Version=8.1.6.0, Culture=neutral, PublicKeyToken=null'. Using the type defined in 'C:\Mac\Home\Documents\NinjaTrader 8\bin\Custom\Indicators\@IchimokuCloud.cs'. [C:\Mac\Home\Documents\NinjaTrader 8\bin\Custom\NinjaTrader.Custom.csproj]
C:\Mac\Home\Documents\NinjaTrader 8\bin\Custom\Indicators\@BuySellVolume.cs(18,31): warning CS0436: The type 'Indicator' in 'C:\Mac\Home\Documents\NinjaTrader 8\bin\Custom\Indicators\@IchimokuCloud.cs' conflicts with the imported type 'Indicator' in 'NinjaTrader.Vendor, Version=8.1.6.0, Culture=neutral, PublicKeyToken=null'. Using the type defined in 'C:\Mac\Home\Documents\NinjaTrader 8\bin\Custom\Indicators\@IchimokuCloud.cs'. [C:\Mac\Home\Documents\NinjaTrader 8\bin\Custom\NinjaTrader.Custom.csproj]
C:\Mac\Home\Documents\NinjaTrader 8\bin\Custom\DrawingTools\@ChartMarkers.cs(541,30): warning CS0436: The type 'TriangleBase' in 'C:\Mac\Home\Documents\NinjaTrader 8\bin\Custom\DrawingTools\@ChartMarkers.cs' conflicts with the imported type 'TriangleBase' in 'NinjaTrader.Vendor, Version=8.1.6.0, Culture=neutral, PublicKeyToken=null'. Using the type defined in 'C:\Mac\Home\Documents\NinjaTrader 8\bin\Custom\DrawingTools\@ChartMarkers.cs'. [C:\Mac\Home\Documents\NinjaTrader 8\bin\Custom\NinjaTrader.Custom.csproj]
C:\Mac\Home\Documents\NinjaTrader 8\bin\Custom\MarketAnalyzerColumns\@RevenuePerShare.cs(29,33): warning CS0436: The type 'MarketAnalyzerColumn' in 'C:\Mac\Home\Documents\NinjaTrader 8\bin\Custom\Indicators\@IchimokuCloud.cs' conflicts with the imported type 'MarketAnalyzerColumn' in 'NinjaTrader.Vendor, Version=8.1.6.0, Culture=neutral, PublicKeyToken=null'. Using the type defined in 'C:\Mac\Home\Documents\NinjaTrader 8\bin\Custom\Indicators\@IchimokuCloud.cs'. [C:\Mac\Home\Documents\NinjaTrader 8\bin\Custom\NinjaTrader.Custom.csproj]
C:\Mac\Home\Documents\NinjaTrader 8\bin\Custom\DrawingTools\@ChartMarkers.cs(567,28): warning CS0436: The type 'TriangleBase' in 'C:\Mac\Home\Documents\NinjaTrader 8\bin\Custom\DrawingTools\@ChartMarkers.cs' conflicts with the imported type 'TriangleBase' in 'NinjaTrader.Vendor, Version=8.1.6.0, Culture=neutral, PublicKeyToken=null'. Using the type defined in 'C:\Mac\Home\Documents\NinjaTrader 8\bin\Custom\DrawingTools\@ChartMarkers.cs'. [C:\Mac\Home\Documents\NinjaTrader 8\bin\Custom\NinjaTrader.Custom.csproj]
C:\Mac\Home\Documents\NinjaTrader 8\bin\Custom\MarketAnalyzerColumns\@Settlement.cs(29,28): warning CS0436: The type 'MarketAnalyzerColumn' in 'C:\Mac\Home\Documents\NinjaTrader 8\bin\Custom\Indicators\@IchimokuCloud.cs' conflicts with the imported type 'MarketAnalyzerColumn' in 'NinjaTrader.Vendor, Version=8.1.6.0, Culture=neutral, PublicKeyToken=null'. Using the type defined in 'C:\Mac\Home\Documents\NinjaTrader 8\bin\Custom\Indicators\@IchimokuCloud.cs'. [C:\Mac\Home\Documents\NinjaTrader 8\bin\Custom\NinjaTrader.Custom.csproj]
C:\Mac\Home\Documents\NinjaTrader 8\bin\Custom\MarketAnalyzerColumns\@SharesOutstanding.cs(29,35): warning CS0436: The type 'MarketAnalyzerColumn' in 'C:\Mac\Home\Documents\NinjaTrader 8\bin\Custom\Indicators\@IchimokuCloud.cs' conflicts with the imported type 'MarketAnalyzerColumn' in 'NinjaTrader.Vendor, Version=8.1.6.0, Culture=neutral, PublicKeyToken=null'. Using the type defined in 'C:\Mac\Home\Documents\NinjaTrader 8\bin\Custom\Indicators\@IchimokuCloud.cs'. [C:\Mac\Home\Documents\NinjaTrader 8\bin\Custom\NinjaTrader.Custom.csproj]
C:\Mac\Home\Documents\NinjaTrader 8\bin\Custom\MarketAnalyzerColumns\@ShortInterest.cs(29,31): warning CS0436: The type 'MarketAnalyzerColumn' in 'C:\Mac\Home\Documents\NinjaTrader 8\bin\Custom\Indicators\@IchimokuCloud.cs' conflicts with the imported type 'MarketAnalyzerColumn' in 'NinjaTrader.Vendor, Version=8.1.6.0, Culture=neutral, PublicKeyToken=null'. Using the type defined in 'C:\Mac\Home\Documents\NinjaTrader 8\bin\Custom\Indicators\@IchimokuCloud.cs'. [C:\Mac\Home\Documents\NinjaTrader 8\bin\Custom\NinjaTrader.Custom.csproj]
C:\Mac\Home\Documents\NinjaTrader 8\bin\Custom\Indicators\@AroonOscillator.cs(20,33): warning CS0436: The type 'Indicator' in 'C:\Mac\Home\Documents\NinjaTrader 8\bin\Custom\Indicators\@IchimokuCloud.cs' conflicts with the imported type 'Indicator' in 'NinjaTrader.Vendor, Version=8.1.6.0, Culture=neutral, PublicKeyToken=null'. Using the type defined in 'C:\Mac\Home\Documents\NinjaTrader 8\bin\Custom\Indicators\@IchimokuCloud.cs'. [C:\Mac\Home\Documents\NinjaTrader 8\bin\Custom\NinjaTrader.Custom.csproj]
C:\Mac\Home\Documents\NinjaTrader 8\bin\Custom\Indicators\@CamarillaPivots.cs(26,33): warning CS0436: The type 'Indicator' in 'C:\Mac\Home\Documents\NinjaTrader 8\bin\Custom\Indicators\@IchimokuCloud.cs' conflicts with the imported type 'Indicator' in 'NinjaTrader.Vendor, Version=8.1.6.0, Culture=neutral, PublicKeyToken=null'. Using the type defined in 'C:\Mac\Home\Documents\NinjaTrader 8\bin\Custom\Indicators\@IchimokuCloud.cs'. [C:\Mac\Home\Documents\NinjaTrader 8\bin\Custom\NinjaTrader.Custom.csproj]
C:\Mac\Home\Documents\NinjaTrader 8\bin\Custom\MarketAnalyzerColumns\@ShortInterestRatio.cs(29,36): warning CS0436: The type 'MarketAnalyzerColumn' in 'C:\Mac\Home\Documents\NinjaTrader 8\bin\Custom\Indicators\@IchimokuCloud.cs' conflicts with the imported type 'MarketAnalyzerColumn' in 'NinjaTrader.Vendor, Version=8.1.6.0, Culture=neutral, PublicKeyToken=null'. Using the type defined in 'C:\Mac\Home\Documents\NinjaTrader 8\bin\Custom\Indicators\@IchimokuCloud.cs'. [C:\Mac\Home\Documents\NinjaTrader 8\bin\Custom\NinjaTrader.Custom.csproj]
C:\Mac\Home\Documents\NinjaTrader 8\bin\Custom\Strategies\CBASSuperTrendStrategy.cs(35,44): warning CS0436: The type 'Strategy' in 'C:\Mac\Home\Documents\NinjaTrader 8\bin\Custom\Indicators\@IchimokuCloud.cs' conflicts with the imported type 'Strategy' in 'NinjaTrader.Vendor, Version=8.1.6.0, Culture=neutral, PublicKeyToken=null'. Using the type defined in 'C:\Mac\Home\Documents\NinjaTrader 8\bin\Custom\Indicators\@IchimokuCloud.cs'. [C:\Mac\Home\Documents\NinjaTrader 8\bin\Custom\NinjaTrader.Custom.csproj]
C:\Mac\Home\Documents\NinjaTrader 8\bin\Custom\Indicators\@ATR.cs(19,21): warning CS0436: The type 'Indicator' in 'C:\Mac\Home\Documents\NinjaTrader 8\bin\Custom\Indicators\@IchimokuCloud.cs' conflicts with the imported type 'Indicator' in 'NinjaTrader.Vendor, Version=8.1.6.0, Culture=neutral, PublicKeyToken=null'. Using the type defined in 'C:\Mac\Home\Documents\NinjaTrader 8\bin\Custom\Indicators\@IchimokuCloud.cs'. [C:\Mac\Home\Documents\NinjaTrader 8\bin\Custom\NinjaTrader.Custom.csproj]
C:\Mac\Home\Documents\NinjaTrader 8\bin\Custom\MarketAnalyzerColumns\@TimeLastTick.cs(29,30): warning CS0436: The type 'MarketAnalyzerColumn' in 'C:\Mac\Home\Documents\NinjaTrader 8\bin\Custom\Indicators\@IchimokuCloud.cs' conflicts with the imported type 'MarketAnalyzerColumn' in 'NinjaTrader.Vendor, Version=8.1.6.0, Culture=neutral, PublicKeyToken=null'. Using the type defined in 'C:\Mac\Home\Documents\NinjaTrader 8\bin\Custom\Indicators\@IchimokuCloud.cs'. [C:\Mac\Home\Documents\NinjaTrader 8\bin\Custom\NinjaTrader.Custom.csproj]
C:\Mac\Home\Documents\NinjaTrader 8\bin\Custom\MarketAnalyzerColumns\@TradedContracts.cs(29,33): warning CS0436: The type 'MarketAnalyzerColumn' in 'C:\Mac\Home\Documents\NinjaTrader 8\bin\Custom\Indicators\@IchimokuCloud.cs' conflicts with the imported type 'MarketAnalyzerColumn' in 'NinjaTrader.Vendor, Version=8.1.6.0, Culture=neutral, PublicKeyToken=null'. Using the type defined in 'C:\Mac\Home\Documents\NinjaTrader 8\bin\Custom\Indicators\@IchimokuCloud.cs'. [C:\Mac\Home\Documents\NinjaTrader 8\bin\Custom\NinjaTrader.Custom.csproj]
C:\Mac\Home\Documents\NinjaTrader 8\bin\Custom\Indicators\@Bollinger.cs(20,27): warning CS0436: The type 'Indicator' in 'C:\Mac\Home\Documents\NinjaTrader 8\bin\Custom\Indicators\@IchimokuCloud.cs' conflicts with the imported type 'Indicator' in 'NinjaTrader.Vendor, Version=8.1.6.0, Culture=neutral, PublicKeyToken=null'. Using the type defined in 'C:\Mac\Home\Documents\NinjaTrader 8\bin\Custom\Indicators\@IchimokuCloud.cs'. [C:\Mac\Home\Documents\NinjaTrader 8\bin\Custom\NinjaTrader.Custom.csproj]
C:\Mac\Home\Documents\NinjaTrader 8\bin\Custom\Indicators\@Bollinger.cs(22,11): warning CS0436: The type 'SMA' in 'C:\Mac\Home\Documents\NinjaTrader 8\bin\Custom\Indicators\@SMA.cs' conflicts with the imported type 'SMA' in 'NinjaTrader.Vendor, Version=8.1.6.0, Culture=neutral, PublicKeyToken=null'. Using the type defined in 'C:\Mac\Home\Documents\NinjaTrader 8\bin\Custom\Indicators\@SMA.cs'. [C:\Mac\Home\Documents\NinjaTrader 8\bin\Custom\NinjaTrader.Custom.csproj]
C:\Mac\Home\Documents\NinjaTrader 8\bin\Custom\MarketAnalyzerColumns\@UnrealizedProfitLoss.cs(29,38): warning CS0436: The type 'MarketAnalyzerColumn' in 'C:\Mac\Home\Documents\NinjaTrader 8\bin\Custom\Indicators\@IchimokuCloud.cs' conflicts with the imported type 'MarketAnalyzerColumn' in 'NinjaTrader.Vendor, Version=8.1.6.0, Culture=neutral, PublicKeyToken=null'. Using the type defined in 'C:\Mac\Home\Documents\NinjaTrader 8\bin\Custom\Indicators\@IchimokuCloud.cs'. [C:\Mac\Home\Documents\NinjaTrader 8\bin\Custom\NinjaTrader.Custom.csproj]
C:\Mac\Home\Documents\NinjaTrader 8\bin\Custom\MarketAnalyzerColumns\@VWAP.cs(29,22): warning CS0436: The type 'MarketAnalyzerColumn' in 'C:\Mac\Home\Documents\NinjaTrader 8\bin\Custom\Indicators\@IchimokuCloud.cs' conflicts with the imported type 'MarketAnalyzerColumn' in 'NinjaTrader.Vendor, Version=8.1.6.0, Culture=neutral, PublicKeyToken=null'. Using the type defined in 'C:\Mac\Home\Documents\NinjaTrader 8\bin\Custom\Indicators\@IchimokuCloud.cs'. [C:\Mac\Home\Documents\NinjaTrader 8\bin\Custom\NinjaTrader.Custom.csproj]
C:\Mac\Home\Documents\NinjaTrader 8\bin\Custom\Indicators\@CCI.cs(20,21): warning CS0436: The type 'Indicator' in 'C:\Mac\Home\Documents\NinjaTrader 8\bin\Custom\Indicators\@IchimokuCloud.cs' conflicts with the imported type 'Indicator' in 'NinjaTrader.Vendor, Version=8.1.6.0, Culture=neutral, PublicKeyToken=null'. Using the type defined in 'C:\Mac\Home\Documents\NinjaTrader 8\bin\Custom\Indicators\@IchimokuCloud.cs'. [C:\Mac\Home\Documents\NinjaTrader 8\bin\Custom\NinjaTrader.Custom.csproj]
C:\Mac\Home\Documents\NinjaTrader 8\bin\Custom\Indicators\@CCI.cs(22,11): warning CS0436: The type 'SMA' in 'C:\Mac\Home\Documents\NinjaTrader 8\bin\Custom\Indicators\@SMA.cs' conflicts with the imported type 'SMA' in 'NinjaTrader.Vendor, Version=8.1.6.0, Culture=neutral, PublicKeyToken=null'. Using the type defined in 'C:\Mac\Home\Documents\NinjaTrader 8\bin\Custom\Indicators\@SMA.cs'. [C:\Mac\Home\Documents\NinjaTrader 8\bin\Custom\NinjaTrader.Custom.csproj]
C:\Mac\Home\Documents\NinjaTrader 8\bin\Custom\DrawingTools\@Text.cs(573,31): warning CS0436: The type 'Text' in 'C:\Mac\Home\Documents\NinjaTrader 8\bin\Custom\DrawingTools\@Text.cs' conflicts with the imported type 'Text' in 'NinjaTrader.Vendor, Version=8.1.6.0, Culture=neutral, PublicKeyToken=null'. Using the type defined in 'C:\Mac\Home\Documents\NinjaTrader 8\bin\Custom\DrawingTools\@Text.cs'. [C:\Mac\Home\Documents\NinjaTrader 8\bin\Custom\NinjaTrader.Custom.csproj]
C:\Mac\Home\Documents\NinjaTrader 8\bin\Custom\Indicators\@ChaikinMoneyFlow.cs(19,34): warning CS0436: The type 'Indicator' in 'C:\Mac\Home\Documents\NinjaTrader 8\bin\Custom\Indicators\@IchimokuCloud.cs' conflicts with the imported type 'Indicator' in 'NinjaTrader.Vendor, Version=8.1.6.0, Culture=neutral, PublicKeyToken=null'. Using the type defined in 'C:\Mac\Home\Documents\NinjaTrader 8\bin\Custom\Indicators\@IchimokuCloud.cs'. [C:\Mac\Home\Documents\NinjaTrader 8\bin\Custom\NinjaTrader.Custom.csproj]
C:\Mac\Home\Documents\NinjaTrader 8\bin\Custom\Indicators\@ChaikinMoneyFlow.cs(22,11): warning CS0436: The type 'SUM' in 'C:\Mac\Home\Documents\NinjaTrader 8\bin\Custom\Indicators\@SUM.cs' conflicts with the imported type 'SUM' in 'NinjaTrader.Vendor, Version=8.1.6.0, Culture=neutral, PublicKeyToken=null'. Using the type defined in 'C:\Mac\Home\Documents\NinjaTrader 8\bin\Custom\Indicators\@SUM.cs'. [C:\Mac\Home\Documents\NinjaTrader 8\bin\Custom\NinjaTrader.Custom.csproj]
C:\Mac\Home\Documents\NinjaTrader 8\bin\Custom\Indicators\@ChaikinMoneyFlow.cs(23,11): warning CS0436: The type 'SUM' in 'C:\Mac\Home\Documents\NinjaTrader 8\bin\Custom\Indicators\@SUM.cs' conflicts with the imported type 'SUM' in 'NinjaTrader.Vendor, Version=8.1.6.0, Culture=neutral, PublicKeyToken=null'. Using the type defined in 'C:\Mac\Home\Documents\NinjaTrader 8\bin\Custom\Indicators\@SUM.cs'. [C:\Mac\Home\Documents\NinjaTrader 8\bin\Custom\NinjaTrader.Custom.csproj]
C:\Mac\Home\Documents\NinjaTrader 8\bin\Custom\DrawingTools\@Text.cs(567,10): warning CS0436: The type 'TextPosition' in 'C:\Mac\Home\Documents\NinjaTrader 8\bin\Custom\DrawingTools\@Text.cs' conflicts with the imported type 'TextPosition' in 'NinjaTrader.Vendor, Version=8.1.6.0, Culture=neutral, PublicKeyToken=null'. Using the type defined in 'C:\Mac\Home\Documents\NinjaTrader 8\bin\Custom\DrawingTools\@Text.cs'. [C:\Mac\Home\Documents\NinjaTrader 8\bin\Custom\NinjaTrader.Custom.csproj]
C:\Mac\Home\Documents\NinjaTrader 8\bin\Custom\Indicators\@ChaikinOscillator.cs(19,35): warning CS0436: The type 'Indicator' in 'C:\Mac\Home\Documents\NinjaTrader 8\bin\Custom\Indicators\@IchimokuCloud.cs' conflicts with the imported type 'Indicator' in 'NinjaTrader.Vendor, Version=8.1.6.0, Culture=neutral, PublicKeyToken=null'. Using the type defined in 'C:\Mac\Home\Documents\NinjaTrader 8\bin\Custom\Indicators\@IchimokuCloud.cs'. [C:\Mac\Home\Documents\NinjaTrader 8\bin\Custom\NinjaTrader.Custom.csproj]
C:\Mac\Home\Documents\NinjaTrader 8\bin\Custom\Indicators\@ChaikinOscillator.cs(22,11): warning CS0436: The type 'EMA' in 'C:\Mac\Home\Documents\NinjaTrader 8\bin\Custom\Indicators\@EMA.cs' conflicts with the imported type 'EMA' in 'NinjaTrader.Vendor, Version=8.1.6.0, Culture=neutral, PublicKeyToken=null'. Using the type defined in 'C:\Mac\Home\Documents\NinjaTrader 8\bin\Custom\Indicators\@EMA.cs'. [C:\Mac\Home\Documents\NinjaTrader 8\bin\Custom\NinjaTrader.Custom.csproj]
C:\Mac\Home\Documents\NinjaTrader 8\bin\Custom\Indicators\@ChaikinOscillator.cs(23,11): warning CS0436: The type 'EMA' in 'C:\Mac\Home\Documents\NinjaTrader 8\bin\Custom\Indicators\@EMA.cs' conflicts with the imported type 'EMA' in 'NinjaTrader.Vendor, Version=8.1.6.0, Culture=neutral, PublicKeyToken=null'. Using the type defined in 'C:\Mac\Home\Documents\NinjaTrader 8\bin\Custom\Indicators\@EMA.cs'. [C:\Mac\Home\Documents\NinjaTrader 8\bin\Custom\NinjaTrader.Custom.csproj]
C:\Mac\Home\Documents\NinjaTrader 8\bin\Custom\Indicators\@CandleStickPattern.cs(18,36): warning CS0436: The type 'Indicator' in 'C:\Mac\Home\Documents\NinjaTrader 8\bin\Custom\Indicators\@IchimokuCloud.cs' conflicts with the imported type 'Indicator' in 'NinjaTrader.Vendor, Version=8.1.6.0, Culture=neutral, PublicKeyToken=null'. Using the type defined in 'C:\Mac\Home\Documents\NinjaTrader 8\bin\Custom\Indicators\@IchimokuCloud.cs'. [C:\Mac\Home\Documents\NinjaTrader 8\bin\Custom\NinjaTrader.Custom.csproj]
C:\Mac\Home\Documents\NinjaTrader 8\bin\Custom\Indicators\@CurrentDayOHL.cs(23,31): warning CS0436: The type 'Indicator' in 'C:\Mac\Home\Documents\NinjaTrader 8\bin\Custom\Indicators\@IchimokuCloud.cs' conflicts with the imported type 'Indicator' in 'NinjaTrader.Vendor, Version=8.1.6.0, Culture=neutral, PublicKeyToken=null'. Using the type defined in 'C:\Mac\Home\Documents\NinjaTrader 8\bin\Custom\Indicators\@IchimokuCloud.cs'. [C:\Mac\Home\Documents\NinjaTrader 8\bin\Custom\NinjaTrader.Custom.csproj]
C:\Mac\Home\Documents\NinjaTrader 8\bin\Custom\Indicators\@CandleStickPattern.cs(23,20): warning CS0436: The type 'TextPosition' in 'C:\Mac\Home\Documents\NinjaTrader 8\bin\Custom\DrawingTools\@Text.cs' conflicts with the imported type 'TextPosition' in 'NinjaTrader.Vendor, Version=8.1.6.0, Culture=neutral, PublicKeyToken=null'. Using the type defined in 'C:\Mac\Home\Documents\NinjaTrader 8\bin\Custom\DrawingTools\@Text.cs'. [C:\Mac\Home\Documents\NinjaTrader 8\bin\Custom\NinjaTrader.Custom.csproj]
C:\Mac\Home\Documents\NinjaTrader 8\bin\Custom\Indicators\@DMI.cs(19,21): warning CS0436: The type 'Indicator' in 'C:\Mac\Home\Documents\NinjaTrader 8\bin\Custom\Indicators\@IchimokuCloud.cs' conflicts with the imported type 'Indicator' in 'NinjaTrader.Vendor, Version=8.1.6.0, Culture=neutral, PublicKeyToken=null'. Using the type defined in 'C:\Mac\Home\Documents\NinjaTrader 8\bin\Custom\Indicators\@IchimokuCloud.cs'. [C:\Mac\Home\Documents\NinjaTrader 8\bin\Custom\NinjaTrader.Custom.csproj]
C:\Mac\Home\Documents\NinjaTrader 8\bin\Custom\Indicators\@DMI.cs(24,11): warning CS0436: The type 'SMA' in 'C:\Mac\Home\Documents\NinjaTrader 8\bin\Custom\Indicators\@SMA.cs' conflicts with the imported type 'SMA' in 'NinjaTrader.Vendor, Version=8.1.6.0, Culture=neutral, PublicKeyToken=null'. Using the type defined in 'C:\Mac\Home\Documents\NinjaTrader 8\bin\Custom\Indicators\@SMA.cs'. [C:\Mac\Home\Documents\NinjaTrader 8\bin\Custom\NinjaTrader.Custom.csproj]
C:\Mac\Home\Documents\NinjaTrader 8\bin\Custom\Indicators\@DMI.cs(25,11): warning CS0436: The type 'SMA' in 'C:\Mac\Home\Documents\NinjaTrader 8\bin\Custom\Indicators\@SMA.cs' conflicts with the imported type 'SMA' in 'NinjaTrader.Vendor, Version=8.1.6.0, Culture=neutral, PublicKeyToken=null'. Using the type defined in 'C:\Mac\Home\Documents\NinjaTrader 8\bin\Custom\Indicators\@SMA.cs'. [C:\Mac\Home\Documents\NinjaTrader 8\bin\Custom\NinjaTrader.Custom.csproj]
C:\Mac\Home\Documents\NinjaTrader 8\bin\Custom\Indicators\@DMI.cs(26,11): warning CS0436: The type 'SMA' in 'C:\Mac\Home\Documents\NinjaTrader 8\bin\Custom\Indicators\@SMA.cs' conflicts with the imported type 'SMA' in 'NinjaTrader.Vendor, Version=8.1.6.0, Culture=neutral, PublicKeyToken=null'. Using the type defined in 'C:\Mac\Home\Documents\NinjaTrader 8\bin\Custom\Indicators\@SMA.cs'. [C:\Mac\Home\Documents\NinjaTrader 8\bin\Custom\NinjaTrader.Custom.csproj]
C:\Mac\Home\Documents\NinjaTrader 8\bin\Custom\Indicators\@CandleStickPattern.cs(275,14): warning CS0436: The type 'Swing' in 'C:\Mac\Home\Documents\NinjaTrader 8\bin\Custom\Indicators\@Swing.cs' conflicts with the imported type 'Swing' in 'NinjaTrader.Vendor, Version=8.1.6.0, Culture=neutral, PublicKeyToken=null'. Using the type defined in 'C:\Mac\Home\Documents\NinjaTrader 8\bin\Custom\Indicators\@Swing.cs'. [C:\Mac\Home\Documents\NinjaTrader 8\bin\Custom\NinjaTrader.Custom.csproj]
C:\Mac\Home\Documents\NinjaTrader 8\bin\Custom\Indicators\@ChoppinessIndex.cs(15,33): warning CS0436: The type 'Indicator' in 'C:\Mac\Home\Documents\NinjaTrader 8\bin\Custom\Indicators\@IchimokuCloud.cs' conflicts with the imported type 'Indicator' in 'NinjaTrader.Vendor, Version=8.1.6.0, Culture=neutral, PublicKeyToken=null'. Using the type defined in 'C:\Mac\Home\Documents\NinjaTrader 8\bin\Custom\Indicators\@IchimokuCloud.cs'. [C:\Mac\Home\Documents\NinjaTrader 8\bin\Custom\NinjaTrader.Custom.csproj]
C:\Mac\Home\Documents\NinjaTrader 8\bin\Custom\Indicators\@DonchianChannel.cs(19,33): warning CS0436: The type 'Indicator' in 'C:\Mac\Home\Documents\NinjaTrader 8\bin\Custom\Indicators\@IchimokuCloud.cs' conflicts with the imported type 'Indicator' in 'NinjaTrader.Vendor, Version=8.1.6.0, Culture=neutral, PublicKeyToken=null'. Using the type defined in 'C:\Mac\Home\Documents\NinjaTrader 8\bin\Custom\Indicators\@IchimokuCloud.cs'. [C:\Mac\Home\Documents\NinjaTrader 8\bin\Custom\NinjaTrader.Custom.csproj]
C:\Mac\Home\Documents\NinjaTrader 8\bin\Custom\Indicators\@COT.cs(27,21): warning CS0436: The type 'Indicator' in 'C:\Mac\Home\Documents\NinjaTrader 8\bin\Custom\Indicators\@IchimokuCloud.cs' conflicts with the imported type 'Indicator' in 'NinjaTrader.Vendor, Version=8.1.6.0, Culture=neutral, PublicKeyToken=null'. Using the type defined in 'C:\Mac\Home\Documents\NinjaTrader 8\bin\Custom\Indicators\@IchimokuCloud.cs'. [C:\Mac\Home\Documents\NinjaTrader 8\bin\Custom\NinjaTrader.Custom.csproj]
C:\Mac\Home\Documents\NinjaTrader 8\bin\Custom\Indicators\@EMA.cs(18,21): warning CS0436: The type 'Indicator' in 'C:\Mac\Home\Documents\NinjaTrader 8\bin\Custom\Indicators\@IchimokuCloud.cs' conflicts with the imported type 'Indicator' in 'NinjaTrader.Vendor, Version=8.1.6.0, Culture=neutral, PublicKeyToken=null'. Using the type defined in 'C:\Mac\Home\Documents\NinjaTrader 8\bin\Custom\Indicators\@IchimokuCloud.cs'. [C:\Mac\Home\Documents\NinjaTrader 8\bin\Custom\NinjaTrader.Custom.csproj]
C:\Mac\Home\Documents\NinjaTrader 8\bin\Custom\Strategies\CBASSuperTrendStrategy.cs(1100,22): warning CS0108: 'CBAS_SuperTrendStrategy.ForceRefresh()' hides inherited member 'StrategyRenderBase.ForceRefresh()'. Use the new keyword if hiding was intended. [C:\Mac\Home\Documents\NinjaTrader 8\bin\Custom\NinjaTrader.Custom.csproj]
C:\Mac\Home\Documents\NinjaTrader 8\bin\Custom\Indicators\@FisherTransform.cs(19,33): warning CS0436: The type 'Indicator' in 'C:\Mac\Home\Documents\NinjaTrader 8\bin\Custom\Indicators\@IchimokuCloud.cs' conflicts with the imported type 'Indicator' in 'NinjaTrader.Vendor, Version=8.1.6.0, Culture=neutral, PublicKeyToken=null'. Using the type defined in 'C:\Mac\Home\Documents\NinjaTrader 8\bin\Custom\Indicators\@IchimokuCloud.cs'. [C:\Mac\Home\Documents\NinjaTrader 8\bin\Custom\NinjaTrader.Custom.csproj]
C:\Mac\Home\Documents\NinjaTrader 8\bin\Custom\Indicators\@KeltnerChannel.cs(21,32): warning CS0436: The type 'Indicator' in 'C:\Mac\Home\Documents\NinjaTrader 8\bin\Custom\Indicators\@IchimokuCloud.cs' conflicts with the imported type 'Indicator' in 'NinjaTrader.Vendor, Version=8.1.6.0, Culture=neutral, PublicKeyToken=null'. Using the type defined in 'C:\Mac\Home\Documents\NinjaTrader 8\bin\Custom\Indicators\@IchimokuCloud.cs'. [C:\Mac\Home\Documents\NinjaTrader 8\bin\Custom\NinjaTrader.Custom.csproj]
C:\Mac\Home\Documents\NinjaTrader 8\bin\Custom\Indicators\@KeltnerChannel.cs(24,11): warning CS0436: The type 'SMA' in 'C:\Mac\Home\Documents\NinjaTrader 8\bin\Custom\Indicators\@SMA.cs' conflicts with the imported type 'SMA' in 'NinjaTrader.Vendor, Version=8.1.6.0, Culture=neutral, PublicKeyToken=null'. Using the type defined in 'C:\Mac\Home\Documents\NinjaTrader 8\bin\Custom\Indicators\@SMA.cs'. [C:\Mac\Home\Documents\NinjaTrader 8\bin\Custom\NinjaTrader.Custom.csproj]
C:\Mac\Home\Documents\NinjaTrader 8\bin\Custom\Indicators\@KeltnerChannel.cs(25,11): warning CS0436: The type 'SMA' in 'C:\Mac\Home\Documents\NinjaTrader 8\bin\Custom\Indicators\@SMA.cs' conflicts with the imported type 'SMA' in 'NinjaTrader.Vendor, Version=8.1.6.0, Culture=neutral, PublicKeyToken=null'. Using the type defined in 'C:\Mac\Home\Documents\NinjaTrader 8\bin\Custom\Indicators\@SMA.cs'. [C:\Mac\Home\Documents\NinjaTrader 8\bin\Custom\NinjaTrader.Custom.csproj]
C:\Mac\Home\Documents\NinjaTrader 8\bin\Custom\Indicators\@LinReg.cs(18,24): warning CS0436: The type 'Indicator' in 'C:\Mac\Home\Documents\NinjaTrader 8\bin\Custom\Indicators\@IchimokuCloud.cs' conflicts with the imported type 'Indicator' in 'NinjaTrader.Vendor, Version=8.1.6.0, Culture=neutral, PublicKeyToken=null'. Using the type defined in 'C:\Mac\Home\Documents\NinjaTrader 8\bin\Custom\Indicators\@IchimokuCloud.cs'. [C:\Mac\Home\Documents\NinjaTrader 8\bin\Custom\NinjaTrader.Custom.csproj]
C:\Mac\Home\Documents\NinjaTrader 8\bin\Custom\Indicators\@LinReg.cs(31,11): warning CS0436: The type 'SUM' in 'C:\Mac\Home\Documents\NinjaTrader 8\bin\Custom\Indicators\@SUM.cs' conflicts with the imported type 'SUM' in 'NinjaTrader.Vendor, Version=8.1.6.0, Culture=neutral, PublicKeyToken=null'. Using the type defined in 'C:\Mac\Home\Documents\NinjaTrader 8\bin\Custom\Indicators\@SUM.cs'. [C:\Mac\Home\Documents\NinjaTrader 8\bin\Custom\NinjaTrader.Custom.csproj]
C:\Mac\Home\Documents\NinjaTrader 8\bin\Custom\Indicators\@MACD.cs(20,22): warning CS0436: The type 'Indicator' in 'C:\Mac\Home\Documents\NinjaTrader 8\bin\Custom\Indicators\@IchimokuCloud.cs' conflicts with the imported type 'Indicator' in 'NinjaTrader.Vendor, Version=8.1.6.0, Culture=neutral, PublicKeyToken=null'. Using the type defined in 'C:\Mac\Home\Documents\NinjaTrader 8\bin\Custom\Indicators\@IchimokuCloud.cs'. [C:\Mac\Home\Documents\NinjaTrader 8\bin\Custom\NinjaTrader.Custom.csproj]
C:\Mac\Home\Documents\NinjaTrader 8\bin\Custom\MarketAnalyzerColumns\@DividendPayDate.cs(29,33): warning CS0436: The type 'MarketAnalyzerColumn' in 'C:\Mac\Home\Documents\NinjaTrader 8\bin\Custom\Indicators\@IchimokuCloud.cs' conflicts with the imported type 'MarketAnalyzerColumn' in 'NinjaTrader.Vendor, Version=8.1.6.0, Culture=neutral, PublicKeyToken=null'. Using the type defined in 'C:\Mac\Home\Documents\NinjaTrader 8\bin\Custom\Indicators\@IchimokuCloud.cs'. [C:\Mac\Home\Documents\NinjaTrader 8\bin\Custom\NinjaTrader.Custom.csproj]
C:\Mac\Home\Documents\NinjaTrader 8\bin\Custom\Indicators\@RSI.cs(19,21): warning CS0436: The type 'Indicator' in 'C:\Mac\Home\Documents\NinjaTrader 8\bin\Custom\Indicators\@IchimokuCloud.cs' conflicts with the imported type 'Indicator' in 'NinjaTrader.Vendor, Version=8.1.6.0, Culture=neutral, PublicKeyToken=null'. Using the type defined in 'C:\Mac\Home\Documents\NinjaTrader 8\bin\Custom\Indicators\@IchimokuCloud.cs'. [C:\Mac\Home\Documents\NinjaTrader 8\bin\Custom\NinjaTrader.Custom.csproj]
C:\Mac\Home\Documents\NinjaTrader 8\bin\Custom\MarketAnalyzerColumns\@DividendYield.cs(29,31): warning CS0436: The type 'MarketAnalyzerColumn' in 'C:\Mac\Home\Documents\NinjaTrader 8\bin\Custom\Indicators\@IchimokuCloud.cs' conflicts with the imported type 'MarketAnalyzerColumn' in 'NinjaTrader.Vendor, Version=8.1.6.0, Culture=neutral, PublicKeyToken=null'. Using the type defined in 'C:\Mac\Home\Documents\NinjaTrader 8\bin\Custom\Indicators\@IchimokuCloud.cs'. [C:\Mac\Home\Documents\NinjaTrader 8\bin\Custom\NinjaTrader.Custom.csproj]
C:\Mac\Home\Documents\NinjaTrader 8\bin\Custom\MarketAnalyzerColumns\@EarningsPerShare.cs(29,34): warning CS0436: The type 'MarketAnalyzerColumn' in 'C:\Mac\Home\Documents\NinjaTrader 8\bin\Custom\Indicators\@IchimokuCloud.cs' conflicts with the imported type 'MarketAnalyzerColumn' in 'NinjaTrader.Vendor, Version=8.1.6.0, Culture=neutral, PublicKeyToken=null'. Using the type defined in 'C:\Mac\Home\Documents\NinjaTrader 8\bin\Custom\Indicators\@IchimokuCloud.cs'. [C:\Mac\Home\Documents\NinjaTrader 8\bin\Custom\NinjaTrader.Custom.csproj]
C:\Mac\Home\Documents\NinjaTrader 8\bin\Custom\MarketAnalyzerColumns\@FiveYearsGrowthPercentage.cs(29,43): warning CS0436: The type 'MarketAnalyzerColumn' in 'C:\Mac\Home\Documents\NinjaTrader 8\bin\Custom\Indicators\@IchimokuCloud.cs' conflicts with the imported type 'MarketAnalyzerColumn' in 'NinjaTrader.Vendor, Version=8.1.6.0, Culture=neutral, PublicKeyToken=null'. Using the type defined in 'C:\Mac\Home\Documents\NinjaTrader 8\bin\Custom\Indicators\@IchimokuCloud.cs'. [C:\Mac\Home\Documents\NinjaTrader 8\bin\Custom\NinjaTrader.Custom.csproj]
C:\Mac\Home\Documents\NinjaTrader 8\bin\Custom\MarketAnalyzerColumns\@High52Weeks.cs(29,29): warning CS0436: The type 'MarketAnalyzerColumn' in 'C:\Mac\Home\Documents\NinjaTrader 8\bin\Custom\Indicators\@IchimokuCloud.cs' conflicts with the imported type 'MarketAnalyzerColumn' in 'NinjaTrader.Vendor, Version=8.1.6.0, Culture=neutral, PublicKeyToken=null'. Using the type defined in 'C:\Mac\Home\Documents\NinjaTrader 8\bin\Custom\Indicators\@IchimokuCloud.cs'. [C:\Mac\Home\Documents\NinjaTrader 8\bin\Custom\NinjaTrader.Custom.csproj]
C:\Mac\Home\Documents\NinjaTrader 8\bin\Custom\MarketAnalyzerColumns\@High52WeeksDate.cs(29,33): warning CS0436: The type 'MarketAnalyzerColumn' in 'C:\Mac\Home\Documents\NinjaTrader 8\bin\Custom\Indicators\@IchimokuCloud.cs' conflicts with the imported type 'MarketAnalyzerColumn' in 'NinjaTrader.Vendor, Version=8.1.6.0, Culture=neutral, PublicKeyToken=null'. Using the type defined in 'C:\Mac\Home\Documents\NinjaTrader 8\bin\Custom\Indicators\@IchimokuCloud.cs'. [C:\Mac\Home\Documents\NinjaTrader 8\bin\Custom\NinjaTrader.Custom.csproj]
C:\Mac\Home\Documents\NinjaTrader 8\bin\Custom\Indicators\@SMA.cs(17,21): warning CS0436: The type 'Indicator' in 'C:\Mac\Home\Documents\NinjaTrader 8\bin\Custom\Indicators\@IchimokuCloud.cs' conflicts with the imported type 'Indicator' in 'NinjaTrader.Vendor, Version=8.1.6.0, Culture=neutral, PublicKeyToken=null'. Using the type defined in 'C:\Mac\Home\Documents\NinjaTrader 8\bin\Custom\Indicators\@IchimokuCloud.cs'. [C:\Mac\Home\Documents\NinjaTrader 8\bin\Custom\NinjaTrader.Custom.csproj]
C:\Mac\Home\Documents\NinjaTrader 8\bin\Custom\Indicators\@StdDev.cs(20,24): warning CS0436: The type 'Indicator' in 'C:\Mac\Home\Documents\NinjaTrader 8\bin\Custom\Indicators\@IchimokuCloud.cs' conflicts with the imported type 'Indicator' in 'NinjaTrader.Vendor, Version=8.1.6.0, Culture=neutral, PublicKeyToken=null'. Using the type defined in 'C:\Mac\Home\Documents\NinjaTrader 8\bin\Custom\Indicators\@IchimokuCloud.cs'. [C:\Mac\Home\Documents\NinjaTrader 8\bin\Custom\NinjaTrader.Custom.csproj]
C:\Mac\Home\Documents\NinjaTrader 8\bin\Custom\Indicators\@MAMA.cs(23,22): warning CS0436: The type 'Indicator' in 'C:\Mac\Home\Documents\NinjaTrader 8\bin\Custom\Indicators\@IchimokuCloud.cs' conflicts with the imported type 'Indicator' in 'NinjaTrader.Vendor, Version=8.1.6.0, Culture=neutral, PublicKeyToken=null'. Using the type defined in 'C:\Mac\Home\Documents\NinjaTrader 8\bin\Custom\Indicators\@IchimokuCloud.cs'. [C:\Mac\Home\Documents\NinjaTrader 8\bin\Custom\NinjaTrader.Custom.csproj]
C:\Mac\Home\Documents\NinjaTrader 8\bin\Custom\Indicators\@Stochastics.cs(24,29): warning CS0436: The type 'Indicator' in 'C:\Mac\Home\Documents\NinjaTrader 8\bin\Custom\Indicators\@IchimokuCloud.cs' conflicts with the imported type 'Indicator' in 'NinjaTrader.Vendor, Version=8.1.6.0, Culture=neutral, PublicKeyToken=null'. Using the type defined in 'C:\Mac\Home\Documents\NinjaTrader 8\bin\Custom\Indicators\@IchimokuCloud.cs'. [C:\Mac\Home\Documents\NinjaTrader 8\bin\Custom\NinjaTrader.Custom.csproj]
C:\Mac\Home\Documents\NinjaTrader 8\bin\Custom\Indicators\@Stochastics.cs(31,11): warning CS0436: The type 'SMA' in 'C:\Mac\Home\Documents\NinjaTrader 8\bin\Custom\Indicators\@SMA.cs' conflicts with the imported type 'SMA' in 'NinjaTrader.Vendor, Version=8.1.6.0, Culture=neutral, PublicKeyToken=null'. Using the type defined in 'C:\Mac\Home\Documents\NinjaTrader 8\bin\Custom\Indicators\@SMA.cs'. [C:\Mac\Home\Documents\NinjaTrader 8\bin\Custom\NinjaTrader.Custom.csproj]
C:\Mac\Home\Documents\NinjaTrader 8\bin\Custom\Indicators\@Stochastics.cs(32,11): warning CS0436: The type 'SMA' in 'C:\Mac\Home\Documents\NinjaTrader 8\bin\Custom\Indicators\@SMA.cs' conflicts with the imported type 'SMA' in 'NinjaTrader.Vendor, Version=8.1.6.0, Culture=neutral, PublicKeyToken=null'. Using the type defined in 'C:\Mac\Home\Documents\NinjaTrader 8\bin\Custom\Indicators\@SMA.cs'. [C:\Mac\Home\Documents\NinjaTrader 8\bin\Custom\NinjaTrader.Custom.csproj]
C:\Mac\Home\Documents\NinjaTrader 8\bin\Custom\Indicators\@StochasticsFast.cs(24,33): warning CS0436: The type 'Indicator' in 'C:\Mac\Home\Documents\NinjaTrader 8\bin\Custom\Indicators\@IchimokuCloud.cs' conflicts with the imported type 'Indicator' in 'NinjaTrader.Vendor, Version=8.1.6.0, Culture=neutral, PublicKeyToken=null'. Using the type defined in 'C:\Mac\Home\Documents\NinjaTrader 8\bin\Custom\Indicators\@IchimokuCloud.cs'. [C:\Mac\Home\Documents\NinjaTrader 8\bin\Custom\NinjaTrader.Custom.csproj]
C:\Mac\Home\Documents\NinjaTrader 8\bin\Custom\Indicators\@StochasticsFast.cs(30,11): warning CS0436: The type 'SMA' in 'C:\Mac\Home\Documents\NinjaTrader 8\bin\Custom\Indicators\@SMA.cs' conflicts with the imported type 'SMA' in 'NinjaTrader.Vendor, Version=8.1.6.0, Culture=neutral, PublicKeyToken=null'. Using the type defined in 'C:\Mac\Home\Documents\NinjaTrader 8\bin\Custom\Indicators\@SMA.cs'. [C:\Mac\Home\Documents\NinjaTrader 8\bin\Custom\NinjaTrader.Custom.csproj]
C:\Mac\Home\Documents\NinjaTrader 8\bin\Custom\Indicators\@SUM.cs(16,21): warning CS0436: The type 'Indicator' in 'C:\Mac\Home\Documents\NinjaTrader 8\bin\Custom\Indicators\@IchimokuCloud.cs' conflicts with the imported type 'Indicator' in 'NinjaTrader.Vendor, Version=8.1.6.0, Culture=neutral, PublicKeyToken=null'. Using the type defined in 'C:\Mac\Home\Documents\NinjaTrader 8\bin\Custom\Indicators\@IchimokuCloud.cs'. [C:\Mac\Home\Documents\NinjaTrader 8\bin\Custom\NinjaTrader.Custom.csproj]
C:\Mac\Home\Documents\NinjaTrader 8\bin\Custom\Indicators\@Swing.cs(23,23): warning CS0436: The type 'Indicator' in 'C:\Mac\Home\Documents\NinjaTrader 8\bin\Custom\Indicators\@IchimokuCloud.cs' conflicts with the imported type 'Indicator' in 'NinjaTrader.Vendor, Version=8.1.6.0, Culture=neutral, PublicKeyToken=null'. Using the type defined in 'C:\Mac\Home\Documents\NinjaTrader 8\bin\Custom\Indicators\@IchimokuCloud.cs'. [C:\Mac\Home\Documents\NinjaTrader 8\bin\Custom\NinjaTrader.Custom.csproj]
C:\Mac\Home\Documents\NinjaTrader 8\bin\Custom\Indicators\@MAX.cs(17,21): warning CS0436: The type 'Indicator' in 'C:\Mac\Home\Documents\NinjaTrader 8\bin\Custom\Indicators\@IchimokuCloud.cs' conflicts with the imported type 'Indicator' in 'NinjaTrader.Vendor, Version=8.1.6.0, Culture=neutral, PublicKeyToken=null'. Using the type defined in 'C:\Mac\Home\Documents\NinjaTrader 8\bin\Custom\Indicators\@IchimokuCloud.cs'. [C:\Mac\Home\Documents\NinjaTrader 8\bin\Custom\NinjaTrader.Custom.csproj]
C:\Mac\Home\Documents\NinjaTrader 8\bin\Custom\DrawingTools\@ChartMarkers.cs(594,111): warning CS0436: The type 'ChartMarker' in 'C:\Mac\Home\Documents\NinjaTrader 8\bin\Custom\DrawingTools\@ChartMarkers.cs' conflicts with the imported type 'ChartMarker' in 'NinjaTrader.Vendor, Version=8.1.6.0, Culture=neutral, PublicKeyToken=null'. Using the type defined in 'C:\Mac\Home\Documents\NinjaTrader 8\bin\Custom\DrawingTools\@ChartMarkers.cs'. [C:\Mac\Home\Documents\NinjaTrader 8\bin\Custom\NinjaTrader.Custom.csproj]
C:\Mac\Home\Documents\NinjaTrader 8\bin\Custom\Indicators\@MFI.cs(18,21): warning CS0436: The type 'Indicator' in 'C:\Mac\Home\Documents\NinjaTrader 8\bin\Custom\Indicators\@IchimokuCloud.cs' conflicts with the imported type 'Indicator' in 'NinjaTrader.Vendor, Version=8.1.6.0, Culture=neutral, PublicKeyToken=null'. Using the type defined in 'C:\Mac\Home\Documents\NinjaTrader 8\bin\Custom\Indicators\@IchimokuCloud.cs'. [C:\Mac\Home\Documents\NinjaTrader 8\bin\Custom\NinjaTrader.Custom.csproj]
C:\Mac\Home\Documents\NinjaTrader 8\bin\Custom\Indicators\@TMA.cs(16,21): warning CS0436: The type 'Indicator' in 'C:\Mac\Home\Documents\NinjaTrader 8\bin\Custom\Indicators\@IchimokuCloud.cs' conflicts with the imported type 'Indicator' in 'NinjaTrader.Vendor, Version=8.1.6.0, Culture=neutral, PublicKeyToken=null'. Using the type defined in 'C:\Mac\Home\Documents\NinjaTrader 8\bin\Custom\Indicators\@IchimokuCloud.cs'. [C:\Mac\Home\Documents\NinjaTrader 8\bin\Custom\NinjaTrader.Custom.csproj]
C:\Mac\Home\Documents\NinjaTrader 8\bin\Custom\Indicators\@MFI.cs(22,11): warning CS0436: The type 'SUM' in 'C:\Mac\Home\Documents\NinjaTrader 8\bin\Custom\Indicators\@SUM.cs' conflicts with the imported type 'SUM' in 'NinjaTrader.Vendor, Version=8.1.6.0, Culture=neutral, PublicKeyToken=null'. Using the type defined in 'C:\Mac\Home\Documents\NinjaTrader 8\bin\Custom\Indicators\@SUM.cs'. [C:\Mac\Home\Documents\NinjaTrader 8\bin\Custom\NinjaTrader.Custom.csproj]
C:\Mac\Home\Documents\NinjaTrader 8\bin\Custom\Indicators\@MFI.cs(23,11): warning CS0436: The type 'SUM' in 'C:\Mac\Home\Documents\NinjaTrader 8\bin\Custom\Indicators\@SUM.cs' conflicts with the imported type 'SUM' in 'NinjaTrader.Vendor, Version=8.1.6.0, Culture=neutral, PublicKeyToken=null'. Using the type defined in 'C:\Mac\Home\Documents\NinjaTrader 8\bin\Custom\Indicators\@SUM.cs'. [C:\Mac\Home\Documents\NinjaTrader 8\bin\Custom\NinjaTrader.Custom.csproj]
C:\Mac\Home\Documents\NinjaTrader 8\bin\Custom\Indicators\@TMA.cs(20,11): warning CS0436: The type 'SMA' in 'C:\Mac\Home\Documents\NinjaTrader 8\bin\Custom\Indicators\@SMA.cs' conflicts with the imported type 'SMA' in 'NinjaTrader.Vendor, Version=8.1.6.0, Culture=neutral, PublicKeyToken=null'. Using the type defined in 'C:\Mac\Home\Documents\NinjaTrader 8\bin\Custom\Indicators\@SMA.cs'. [C:\Mac\Home\Documents\NinjaTrader 8\bin\Custom\NinjaTrader.Custom.csproj]
C:\Mac\Home\Documents\NinjaTrader 8\bin\Custom\Indicators\@MIN.cs(17,21): warning CS0436: The type 'Indicator' in 'C:\Mac\Home\Documents\NinjaTrader 8\bin\Custom\Indicators\@IchimokuCloud.cs' conflicts with the imported type 'Indicator' in 'NinjaTrader.Vendor, Version=8.1.6.0, Culture=neutral, PublicKeyToken=null'. Using the type defined in 'C:\Mac\Home\Documents\NinjaTrader 8\bin\Custom\Indicators\@IchimokuCloud.cs'. [C:\Mac\Home\Documents\NinjaTrader 8\bin\Custom\NinjaTrader.Custom.csproj]
C:\Mac\Home\Documents\NinjaTrader 8\bin\Custom\Indicators\@TSI.cs(19,21): warning CS0436: The type 'Indicator' in 'C:\Mac\Home\Documents\NinjaTrader 8\bin\Custom\Indicators\@IchimokuCloud.cs' conflicts with the imported type 'Indicator' in 'NinjaTrader.Vendor, Version=8.1.6.0, Culture=neutral, PublicKeyToken=null'. Using the type defined in 'C:\Mac\Home\Documents\NinjaTrader 8\bin\Custom\Indicators\@IchimokuCloud.cs'. [C:\Mac\Home\Documents\NinjaTrader 8\bin\Custom\NinjaTrader.Custom.csproj]
C:\Mac\Home\Documents\NinjaTrader 8\bin\Custom\Indicators\@Momentum.cs(17,26): warning CS0436: The type 'Indicator' in 'C:\Mac\Home\Documents\NinjaTrader 8\bin\Custom\Indicators\@IchimokuCloud.cs' conflicts with the imported type 'Indicator' in 'NinjaTrader.Vendor, Version=8.1.6.0, Culture=neutral, PublicKeyToken=null'. Using the type defined in 'C:\Mac\Home\Documents\NinjaTrader 8\bin\Custom\Indicators\@IchimokuCloud.cs'. [C:\Mac\Home\Documents\NinjaTrader 8\bin\Custom\NinjaTrader.Custom.csproj]
C:\Mac\Home\Documents\NinjaTrader 8\bin\Custom\Indicators\@OBV.cs(20,21): warning CS0436: The type 'Indicator' in 'C:\Mac\Home\Documents\NinjaTrader 8\bin\Custom\Indicators\@IchimokuCloud.cs' conflicts with the imported type 'Indicator' in 'NinjaTrader.Vendor, Version=8.1.6.0, Culture=neutral, PublicKeyToken=null'. Using the type defined in 'C:\Mac\Home\Documents\NinjaTrader 8\bin\Custom\Indicators\@IchimokuCloud.cs'. [C:\Mac\Home\Documents\NinjaTrader 8\bin\Custom\NinjaTrader.Custom.csproj]
C:\Mac\Home\Documents\NinjaTrader 8\bin\Custom\Indicators\@VOL.cs(18,21): warning CS0436: The type 'Indicator' in 'C:\Mac\Home\Documents\NinjaTrader 8\bin\Custom\Indicators\@IchimokuCloud.cs' conflicts with the imported type 'Indicator' in 'NinjaTrader.Vendor, Version=8.1.6.0, Culture=neutral, PublicKeyToken=null'. Using the type defined in 'C:\Mac\Home\Documents\NinjaTrader 8\bin\Custom\Indicators\@IchimokuCloud.cs'. [C:\Mac\Home\Documents\NinjaTrader 8\bin\Custom\NinjaTrader.Custom.csproj]
C:\Mac\Home\Documents\NinjaTrader 8\bin\Custom\Indicators\@PriceOscillator.cs(16,33): warning CS0436: The type 'Indicator' in 'C:\Mac\Home\Documents\NinjaTrader 8\bin\Custom\Indicators\@IchimokuCloud.cs' conflicts with the imported type 'Indicator' in 'NinjaTrader.Vendor, Version=8.1.6.0, Culture=neutral, PublicKeyToken=null'. Using the type defined in 'C:\Mac\Home\Documents\NinjaTrader 8\bin\Custom\Indicators\@IchimokuCloud.cs'. [C:\Mac\Home\Documents\NinjaTrader 8\bin\Custom\NinjaTrader.Custom.csproj]
C:\Mac\Home\Documents\NinjaTrader 8\bin\Custom\Indicators\@WilliamsR.cs(16,27): warning CS0436: The type 'Indicator' in 'C:\Mac\Home\Documents\NinjaTrader 8\bin\Custom\Indicators\@IchimokuCloud.cs' conflicts with the imported type 'Indicator' in 'NinjaTrader.Vendor, Version=8.1.6.0, Culture=neutral, PublicKeyToken=null'. Using the type defined in 'C:\Mac\Home\Documents\NinjaTrader 8\bin\Custom\Indicators\@IchimokuCloud.cs'. [C:\Mac\Home\Documents\NinjaTrader 8\bin\Custom\NinjaTrader.Custom.csproj]
C:\Mac\Home\Documents\NinjaTrader 8\bin\Custom\Indicators\@PriceOscillator.cs(18,11): warning CS0436: The type 'EMA' in 'C:\Mac\Home\Documents\NinjaTrader 8\bin\Custom\Indicators\@EMA.cs' conflicts with the imported type 'EMA' in 'NinjaTrader.Vendor, Version=8.1.6.0, Culture=neutral, PublicKeyToken=null'. Using the type defined in 'C:\Mac\Home\Documents\NinjaTrader 8\bin\Custom\Indicators\@EMA.cs'. [C:\Mac\Home\Documents\NinjaTrader 8\bin\Custom\NinjaTrader.Custom.csproj]
C:\Mac\Home\Documents\NinjaTrader 8\bin\Custom\Indicators\@PriceOscillator.cs(19,11): warning CS0436: The type 'EMA' in 'C:\Mac\Home\Documents\NinjaTrader 8\bin\Custom\Indicators\@EMA.cs' conflicts with the imported type 'EMA' in 'NinjaTrader.Vendor, Version=8.1.6.0, Culture=neutral, PublicKeyToken=null'. Using the type defined in 'C:\Mac\Home\Documents\NinjaTrader 8\bin\Custom\Indicators\@EMA.cs'. [C:\Mac\Home\Documents\NinjaTrader 8\bin\Custom\NinjaTrader.Custom.csproj]
C:\Mac\Home\Documents\NinjaTrader 8\bin\Custom\Indicators\@PriceOscillator.cs(20,11): warning CS0436: The type 'EMA' in 'C:\Mac\Home\Documents\NinjaTrader 8\bin\Custom\Indicators\@EMA.cs' conflicts with the imported type 'EMA' in 'NinjaTrader.Vendor, Version=8.1.6.0, Culture=neutral, PublicKeyToken=null'. Using the type defined in 'C:\Mac\Home\Documents\NinjaTrader 8\bin\Custom\Indicators\@EMA.cs'. [C:\Mac\Home\Documents\NinjaTrader 8\bin\Custom\NinjaTrader.Custom.csproj]
C:\Mac\Home\Documents\NinjaTrader 8\bin\Custom\Indicators\@WMA.cs(19,21): warning CS0436: The type 'Indicator' in 'C:\Mac\Home\Documents\NinjaTrader 8\bin\Custom\Indicators\@IchimokuCloud.cs' conflicts with the imported type 'Indicator' in 'NinjaTrader.Vendor, Version=8.1.6.0, Culture=neutral, PublicKeyToken=null'. Using the type defined in 'C:\Mac\Home\Documents\NinjaTrader 8\bin\Custom\Indicators\@IchimokuCloud.cs'. [C:\Mac\Home\Documents\NinjaTrader 8\bin\Custom\NinjaTrader.Custom.csproj]
C:\Mac\Home\Documents\NinjaTrader 8\bin\Custom\Indicators\@PriorDayOHLC.cs(22,30): warning CS0436: The type 'Indicator' in 'C:\Mac\Home\Documents\NinjaTrader 8\bin\Custom\Indicators\@IchimokuCloud.cs' conflicts with the imported type 'Indicator' in 'NinjaTrader.Vendor, Version=8.1.6.0, Culture=neutral, PublicKeyToken=null'. Using the type defined in 'C:\Mac\Home\Documents\NinjaTrader 8\bin\Custom\Indicators\@IchimokuCloud.cs'. [C:\Mac\Home\Documents\NinjaTrader 8\bin\Custom\NinjaTrader.Custom.csproj]
C:\Mac\Home\Documents\NinjaTrader 8\bin\Custom\Indicators\@ADL.cs(21,21): warning CS0436: The type 'Indicator' in 'C:\Mac\Home\Documents\NinjaTrader 8\bin\Custom\Indicators\@IchimokuCloud.cs' conflicts with the imported type 'Indicator' in 'NinjaTrader.Vendor, Version=8.1.6.0, Culture=neutral, PublicKeyToken=null'. Using the type defined in 'C:\Mac\Home\Documents\NinjaTrader 8\bin\Custom\Indicators\@IchimokuCloud.cs'. [C:\Mac\Home\Documents\NinjaTrader 8\bin\Custom\NinjaTrader.Custom.csproj]
C:\Mac\Home\Documents\NinjaTrader 8\bin\Custom\Indicators\@ADXR.cs(19,22): warning CS0436: The type 'Indicator' in 'C:\Mac\Home\Documents\NinjaTrader 8\bin\Custom\Indicators\@IchimokuCloud.cs' conflicts with the imported type 'Indicator' in 'NinjaTrader.Vendor, Version=8.1.6.0, Culture=neutral, PublicKeyToken=null'. Using the type defined in 'C:\Mac\Home\Documents\NinjaTrader 8\bin\Custom\Indicators\@IchimokuCloud.cs'. [C:\Mac\Home\Documents\NinjaTrader 8\bin\Custom\NinjaTrader.Custom.csproj]
C:\Mac\Home\Documents\NinjaTrader 8\bin\Custom\Indicators\@BOP.cs(19,21): warning CS0436: The type 'Indicator' in 'C:\Mac\Home\Documents\NinjaTrader 8\bin\Custom\Indicators\@IchimokuCloud.cs' conflicts with the imported type 'Indicator' in 'NinjaTrader.Vendor, Version=8.1.6.0, Culture=neutral, PublicKeyToken=null'. Using the type defined in 'C:\Mac\Home\Documents\NinjaTrader 8\bin\Custom\Indicators\@IchimokuCloud.cs'. [C:\Mac\Home\Documents\NinjaTrader 8\bin\Custom\NinjaTrader.Custom.csproj]
C:\Mac\Home\Documents\NinjaTrader 8\bin\Custom\Indicators\@BOP.cs(22,11): warning CS0436: The type 'SMA' in 'C:\Mac\Home\Documents\NinjaTrader 8\bin\Custom\Indicators\@SMA.cs' conflicts with the imported type 'SMA' in 'NinjaTrader.Vendor, Version=8.1.6.0, Culture=neutral, PublicKeyToken=null'. Using the type defined in 'C:\Mac\Home\Documents\NinjaTrader 8\bin\Custom\Indicators\@SMA.cs'. [C:\Mac\Home\Documents\NinjaTrader 8\bin\Custom\NinjaTrader.Custom.csproj]
C:\Mac\Home\Documents\NinjaTrader 8\bin\Custom\DrawingTools\@ChartMarkers.cs(205,21): warning CS0436: The type 'ChartMarker' in 'C:\Mac\Home\Documents\NinjaTrader 8\bin\Custom\DrawingTools\@ChartMarkers.cs' conflicts with the imported type 'ChartMarker' in 'NinjaTrader.Vendor, Version=8.1.6.0, Culture=neutral, PublicKeyToken=null'. Using the type defined in 'C:\Mac\Home\Documents\NinjaTrader 8\bin\Custom\DrawingTools\@ChartMarkers.cs'. [C:\Mac\Home\Documents\NinjaTrader 8\bin\Custom\NinjaTrader.Custom.csproj]
C:\Mac\Home\Documents\NinjaTrader 8\bin\Custom\Indicators\@APZ.cs(21,21): warning CS0436: The type 'Indicator' in 'C:\Mac\Home\Documents\NinjaTrader 8\bin\Custom\Indicators\@IchimokuCloud.cs' conflicts with the imported type 'Indicator' in 'NinjaTrader.Vendor, Version=8.1.6.0, Culture=neutral, PublicKeyToken=null'. Using the type defined in 'C:\Mac\Home\Documents\NinjaTrader 8\bin\Custom\Indicators\@IchimokuCloud.cs'. [C:\Mac\Home\Documents\NinjaTrader 8\bin\Custom\NinjaTrader.Custom.csproj]
C:\Mac\Home\Documents\NinjaTrader 8\bin\Custom\Indicators\@APZ.cs(23,11): warning CS0436: The type 'EMA' in 'C:\Mac\Home\Documents\NinjaTrader 8\bin\Custom\Indicators\@EMA.cs' conflicts with the imported type 'EMA' in 'NinjaTrader.Vendor, Version=8.1.6.0, Culture=neutral, PublicKeyToken=null'. Using the type defined in 'C:\Mac\Home\Documents\NinjaTrader 8\bin\Custom\Indicators\@EMA.cs'. [C:\Mac\Home\Documents\NinjaTrader 8\bin\Custom\NinjaTrader.Custom.csproj]
C:\Mac\Home\Documents\NinjaTrader 8\bin\Custom\Indicators\@APZ.cs(24,11): warning CS0436: The type 'EMA' in 'C:\Mac\Home\Documents\NinjaTrader 8\bin\Custom\Indicators\@EMA.cs' conflicts with the imported type 'EMA' in 'NinjaTrader.Vendor, Version=8.1.6.0, Culture=neutral, PublicKeyToken=null'. Using the type defined in 'C:\Mac\Home\Documents\NinjaTrader 8\bin\Custom\Indicators\@EMA.cs'. [C:\Mac\Home\Documents\NinjaTrader 8\bin\Custom\NinjaTrader.Custom.csproj]
C:\Mac\Home\Documents\NinjaTrader 8\bin\Custom\Indicators\@ROC.cs(17,21): warning CS0436: The type 'Indicator' in 'C:\Mac\Home\Documents\NinjaTrader 8\bin\Custom\Indicators\@IchimokuCloud.cs' conflicts with the imported type 'Indicator' in 'NinjaTrader.Vendor, Version=8.1.6.0, Culture=neutral, PublicKeyToken=null'. Using the type defined in 'C:\Mac\Home\Documents\NinjaTrader 8\bin\Custom\Indicators\@IchimokuCloud.cs'. [C:\Mac\Home\Documents\NinjaTrader 8\bin\Custom\NinjaTrader.Custom.csproj]
C:\Mac\Home\Documents\NinjaTrader 8\bin\Custom\Indicators\@CMO.cs(20,21): warning CS0436: The type 'Indicator' in 'C:\Mac\Home\Documents\NinjaTrader 8\bin\Custom\Indicators\@IchimokuCloud.cs' conflicts with the imported type 'Indicator' in 'NinjaTrader.Vendor, Version=8.1.6.0, Culture=neutral, PublicKeyToken=null'. Using the type defined in 'C:\Mac\Home\Documents\NinjaTrader 8\bin\Custom\Indicators\@IchimokuCloud.cs'. [C:\Mac\Home\Documents\NinjaTrader 8\bin\Custom\NinjaTrader.Custom.csproj]
C:\Mac\Home\Documents\NinjaTrader 8\bin\Custom\Indicators\@ChaikinVolatility.cs(17,35): warning CS0436: The type 'Indicator' in 'C:\Mac\Home\Documents\NinjaTrader 8\bin\Custom\Indicators\@IchimokuCloud.cs' conflicts with the imported type 'Indicator' in 'NinjaTrader.Vendor, Version=8.1.6.0, Culture=neutral, PublicKeyToken=null'. Using the type defined in 'C:\Mac\Home\Documents\NinjaTrader 8\bin\Custom\Indicators\@IchimokuCloud.cs'. [C:\Mac\Home\Documents\NinjaTrader 8\bin\Custom\NinjaTrader.Custom.csproj]
C:\Mac\Home\Documents\NinjaTrader 8\bin\Custom\Indicators\@CMO.cs(24,11): warning CS0436: The type 'SUM' in 'C:\Mac\Home\Documents\NinjaTrader 8\bin\Custom\Indicators\@SUM.cs' conflicts with the imported type 'SUM' in 'NinjaTrader.Vendor, Version=8.1.6.0, Culture=neutral, PublicKeyToken=null'. Using the type defined in 'C:\Mac\Home\Documents\NinjaTrader 8\bin\Custom\Indicators\@SUM.cs'. [C:\Mac\Home\Documents\NinjaTrader 8\bin\Custom\NinjaTrader.Custom.csproj]
C:\Mac\Home\Documents\NinjaTrader 8\bin\Custom\Indicators\@CMO.cs(25,11): warning CS0436: The type 'SUM' in 'C:\Mac\Home\Documents\NinjaTrader 8\bin\Custom\Indicators\@SUM.cs' conflicts with the imported type 'SUM' in 'NinjaTrader.Vendor, Version=8.1.6.0, Culture=neutral, PublicKeyToken=null'. Using the type defined in 'C:\Mac\Home\Documents\NinjaTrader 8\bin\Custom\Indicators\@SUM.cs'. [C:\Mac\Home\Documents\NinjaTrader 8\bin\Custom\NinjaTrader.Custom.csproj]
C:\Mac\Home\Documents\NinjaTrader 8\bin\Custom\Indicators\@ChaikinVolatility.cs(19,11): warning CS0436: The type 'EMA' in 'C:\Mac\Home\Documents\NinjaTrader 8\bin\Custom\Indicators\@EMA.cs' conflicts with the imported type 'EMA' in 'NinjaTrader.Vendor, Version=8.1.6.0, Culture=neutral, PublicKeyToken=null'. Using the type defined in 'C:\Mac\Home\Documents\NinjaTrader 8\bin\Custom\Indicators\@EMA.cs'. [C:\Mac\Home\Documents\NinjaTrader 8\bin\Custom\NinjaTrader.Custom.csproj]
C:\Mac\Home\Documents\NinjaTrader 8\bin\Custom\Indicators\@ConstantLines.cs(21,31): warning CS0436: The type 'Indicator' in 'C:\Mac\Home\Documents\NinjaTrader 8\bin\Custom\Indicators\@IchimokuCloud.cs' conflicts with the imported type 'Indicator' in 'NinjaTrader.Vendor, Version=8.1.6.0, Culture=neutral, PublicKeyToken=null'. Using the type defined in 'C:\Mac\Home\Documents\NinjaTrader 8\bin\Custom\Indicators\@IchimokuCloud.cs'. [C:\Mac\Home\Documents\NinjaTrader 8\bin\Custom\NinjaTrader.Custom.csproj]
C:\Mac\Home\Documents\NinjaTrader 8\bin\Custom\Indicators\@NBarsUp.cs(19,25): warning CS0436: The type 'Indicator' in 'C:\Mac\Home\Documents\NinjaTrader 8\bin\Custom\Indicators\@IchimokuCloud.cs' conflicts with the imported type 'Indicator' in 'NinjaTrader.Vendor, Version=8.1.6.0, Culture=neutral, PublicKeyToken=null'. Using the type defined in 'C:\Mac\Home\Documents\NinjaTrader 8\bin\Custom\Indicators\@IchimokuCloud.cs'. [C:\Mac\Home\Documents\NinjaTrader 8\bin\Custom\NinjaTrader.Custom.csproj]
C:\Mac\Home\Documents\NinjaTrader 8\bin\Custom\Indicators\@TEMA.cs(16,22): warning CS0436: The type 'Indicator' in 'C:\Mac\Home\Documents\NinjaTrader 8\bin\Custom\Indicators\@IchimokuCloud.cs' conflicts with the imported type 'Indicator' in 'NinjaTrader.Vendor, Version=8.1.6.0, Culture=neutral, PublicKeyToken=null'. Using the type defined in 'C:\Mac\Home\Documents\NinjaTrader 8\bin\Custom\Indicators\@IchimokuCloud.cs'. [C:\Mac\Home\Documents\NinjaTrader 8\bin\Custom\NinjaTrader.Custom.csproj]
C:\Mac\Home\Documents\NinjaTrader 8\bin\Custom\Indicators\@MAEnvelopes.cs(22,29): warning CS0436: The type 'Indicator' in 'C:\Mac\Home\Documents\NinjaTrader 8\bin\Custom\Indicators\@IchimokuCloud.cs' conflicts with the imported type 'Indicator' in 'NinjaTrader.Vendor, Version=8.1.6.0, Culture=neutral, PublicKeyToken=null'. Using the type defined in 'C:\Mac\Home\Documents\NinjaTrader 8\bin\Custom\Indicators\@IchimokuCloud.cs'. [C:\Mac\Home\Documents\NinjaTrader 8\bin\Custom\NinjaTrader.Custom.csproj]
C:\Mac\Home\Documents\NinjaTrader 8\bin\Custom\Indicators\@TEMA.cs(18,11): warning CS0436: The type 'EMA' in 'C:\Mac\Home\Documents\NinjaTrader 8\bin\Custom\Indicators\@EMA.cs' conflicts with the imported type 'EMA' in 'NinjaTrader.Vendor, Version=8.1.6.0, Culture=neutral, PublicKeyToken=null'. Using the type defined in 'C:\Mac\Home\Documents\NinjaTrader 8\bin\Custom\Indicators\@EMA.cs'. [C:\Mac\Home\Documents\NinjaTrader 8\bin\Custom\NinjaTrader.Custom.csproj]
C:\Mac\Home\Documents\NinjaTrader 8\bin\Custom\Indicators\@TEMA.cs(19,11): warning CS0436: The type 'EMA' in 'C:\Mac\Home\Documents\NinjaTrader 8\bin\Custom\Indicators\@EMA.cs' conflicts with the imported type 'EMA' in 'NinjaTrader.Vendor, Version=8.1.6.0, Culture=neutral, PublicKeyToken=null'. Using the type defined in 'C:\Mac\Home\Documents\NinjaTrader 8\bin\Custom\Indicators\@EMA.cs'. [C:\Mac\Home\Documents\NinjaTrader 8\bin\Custom\NinjaTrader.Custom.csproj]
C:\Mac\Home\Documents\NinjaTrader 8\bin\Custom\Indicators\@TEMA.cs(20,11): warning CS0436: The type 'EMA' in 'C:\Mac\Home\Documents\NinjaTrader 8\bin\Custom\Indicators\@EMA.cs' conflicts with the imported type 'EMA' in 'NinjaTrader.Vendor, Version=8.1.6.0, Culture=neutral, PublicKeyToken=null'. Using the type defined in 'C:\Mac\Home\Documents\NinjaTrader 8\bin\Custom\Indicators\@EMA.cs'. [C:\Mac\Home\Documents\NinjaTrader 8\bin\Custom\NinjaTrader.Custom.csproj]
C:\Mac\Home\Documents\NinjaTrader 8\bin\Custom\Indicators\@DEMA.cs(16,22): warning CS0436: The type 'Indicator' in 'C:\Mac\Home\Documents\NinjaTrader 8\bin\Custom\Indicators\@IchimokuCloud.cs' conflicts with the imported type 'Indicator' in 'NinjaTrader.Vendor, Version=8.1.6.0, Culture=neutral, PublicKeyToken=null'. Using the type defined in 'C:\Mac\Home\Documents\NinjaTrader 8\bin\Custom\Indicators\@IchimokuCloud.cs'. [C:\Mac\Home\Documents\NinjaTrader 8\bin\Custom\NinjaTrader.Custom.csproj]
C:\Mac\Home\Documents\NinjaTrader 8\bin\Custom\Indicators\@DEMA.cs(18,11): warning CS0436: The type 'EMA' in 'C:\Mac\Home\Documents\NinjaTrader 8\bin\Custom\Indicators\@EMA.cs' conflicts with the imported type 'EMA' in 'NinjaTrader.Vendor, Version=8.1.6.0, Culture=neutral, PublicKeyToken=null'. Using the type defined in 'C:\Mac\Home\Documents\NinjaTrader 8\bin\Custom\Indicators\@EMA.cs'. [C:\Mac\Home\Documents\NinjaTrader 8\bin\Custom\NinjaTrader.Custom.csproj]
C:\Mac\Home\Documents\NinjaTrader 8\bin\Custom\Indicators\@DEMA.cs(19,11): warning CS0436: The type 'EMA' in 'C:\Mac\Home\Documents\NinjaTrader 8\bin\Custom\Indicators\@EMA.cs' conflicts with the imported type 'EMA' in 'NinjaTrader.Vendor, Version=8.1.6.0, Culture=neutral, PublicKeyToken=null'. Using the type defined in 'C:\Mac\Home\Documents\NinjaTrader 8\bin\Custom\Indicators\@EMA.cs'. [C:\Mac\Home\Documents\NinjaTrader 8\bin\Custom\NinjaTrader.Custom.csproj]
C:\Mac\Home\Documents\NinjaTrader 8\bin\Custom\Indicators\@VOLMA.cs(18,23): warning CS0436: The type 'Indicator' in 'C:\Mac\Home\Documents\NinjaTrader 8\bin\Custom\Indicators\@IchimokuCloud.cs' conflicts with the imported type 'Indicator' in 'NinjaTrader.Vendor, Version=8.1.6.0, Culture=neutral, PublicKeyToken=null'. Using the type defined in 'C:\Mac\Home\Documents\NinjaTrader 8\bin\Custom\Indicators\@IchimokuCloud.cs'. [C:\Mac\Home\Documents\NinjaTrader 8\bin\Custom\NinjaTrader.Custom.csproj]
C:\Mac\Home\Documents\NinjaTrader 8\bin\Custom\Indicators\@MAEnvelopes.cs(24,11): warning CS0436: The type 'EMA' in 'C:\Mac\Home\Documents\NinjaTrader 8\bin\Custom\Indicators\@EMA.cs' conflicts with the imported type 'EMA' in 'NinjaTrader.Vendor, Version=8.1.6.0, Culture=neutral, PublicKeyToken=null'. Using the type defined in 'C:\Mac\Home\Documents\NinjaTrader 8\bin\Custom\Indicators\@EMA.cs'. [C:\Mac\Home\Documents\NinjaTrader 8\bin\Custom\NinjaTrader.Custom.csproj]
C:\Mac\Home\Documents\NinjaTrader 8\bin\Custom\Indicators\@MAEnvelopes.cs(26,11): warning CS0436: The type 'SMA' in 'C:\Mac\Home\Documents\NinjaTrader 8\bin\Custom\Indicators\@SMA.cs' conflicts with the imported type 'SMA' in 'NinjaTrader.Vendor, Version=8.1.6.0, Culture=neutral, PublicKeyToken=null'. Using the type defined in 'C:\Mac\Home\Documents\NinjaTrader 8\bin\Custom\Indicators\@SMA.cs'. [C:\Mac\Home\Documents\NinjaTrader 8\bin\Custom\NinjaTrader.Custom.csproj]
C:\Mac\Home\Documents\NinjaTrader 8\bin\Custom\Indicators\@VOLMA.cs(20,11): warning CS0436: The type 'EMA' in 'C:\Mac\Home\Documents\NinjaTrader 8\bin\Custom\Indicators\@EMA.cs' conflicts with the imported type 'EMA' in 'NinjaTrader.Vendor, Version=8.1.6.0, Culture=neutral, PublicKeyToken=null'. Using the type defined in 'C:\Mac\Home\Documents\NinjaTrader 8\bin\Custom\Indicators\@EMA.cs'. [C:\Mac\Home\Documents\NinjaTrader 8\bin\Custom\NinjaTrader.Custom.csproj]
C:\Mac\Home\Documents\NinjaTrader 8\bin\Custom\Indicators\@DM.cs(24,20): warning CS0436: The type 'Indicator' in 'C:\Mac\Home\Documents\NinjaTrader 8\bin\Custom\Indicators\@IchimokuCloud.cs' conflicts with the imported type 'Indicator' in 'NinjaTrader.Vendor, Version=8.1.6.0, Culture=neutral, PublicKeyToken=null'. Using the type defined in 'C:\Mac\Home\Documents\NinjaTrader 8\bin\Custom\Indicators\@IchimokuCloud.cs'. [C:\Mac\Home\Documents\NinjaTrader 8\bin\Custom\NinjaTrader.Custom.csproj]
C:\Mac\Home\Documents\NinjaTrader 8\bin\Custom\Indicators\@VolumeOscillator.cs(24,34): warning CS0436: The type 'Indicator' in 'C:\Mac\Home\Documents\NinjaTrader 8\bin\Custom\Indicators\@IchimokuCloud.cs' conflicts with the imported type 'Indicator' in 'NinjaTrader.Vendor, Version=8.1.6.0, Culture=neutral, PublicKeyToken=null'. Using the type defined in 'C:\Mac\Home\Documents\NinjaTrader 8\bin\Custom\Indicators\@IchimokuCloud.cs'. [C:\Mac\Home\Documents\NinjaTrader 8\bin\Custom\NinjaTrader.Custom.csproj]
C:\Mac\Home\Documents\NinjaTrader 8\bin\Custom\Indicators\@VolumeOscillator.cs(26,11): warning CS0436: The type 'SMA' in 'C:\Mac\Home\Documents\NinjaTrader 8\bin\Custom\Indicators\@SMA.cs' conflicts with the imported type 'SMA' in 'NinjaTrader.Vendor, Version=8.1.6.0, Culture=neutral, PublicKeyToken=null'. Using the type defined in 'C:\Mac\Home\Documents\NinjaTrader 8\bin\Custom\Indicators\@SMA.cs'. [C:\Mac\Home\Documents\NinjaTrader 8\bin\Custom\NinjaTrader.Custom.csproj]
C:\Mac\Home\Documents\NinjaTrader 8\bin\Custom\Indicators\@VolumeOscillator.cs(27,11): warning CS0436: The type 'SMA' in 'C:\Mac\Home\Documents\NinjaTrader 8\bin\Custom\Indicators\@SMA.cs' conflicts with the imported type 'SMA' in 'NinjaTrader.Vendor, Version=8.1.6.0, Culture=neutral, PublicKeyToken=null'. Using the type defined in 'C:\Mac\Home\Documents\NinjaTrader 8\bin\Custom\Indicators\@SMA.cs'. [C:\Mac\Home\Documents\NinjaTrader 8\bin\Custom\NinjaTrader.Custom.csproj]
C:\Mac\Home\Documents\NinjaTrader 8\bin\Custom\Indicators\@VROC.cs(21,22): warning CS0436: The type 'Indicator' in 'C:\Mac\Home\Documents\NinjaTrader 8\bin\Custom\Indicators\@IchimokuCloud.cs' conflicts with the imported type 'Indicator' in 'NinjaTrader.Vendor, Version=8.1.6.0, Culture=neutral, PublicKeyToken=null'. Using the type defined in 'C:\Mac\Home\Documents\NinjaTrader 8\bin\Custom\Indicators\@IchimokuCloud.cs'. [C:\Mac\Home\Documents\NinjaTrader 8\bin\Custom\NinjaTrader.Custom.csproj]
C:\Mac\Home\Documents\NinjaTrader 8\bin\Custom\Indicators\@DoubleStochastics.cs(20,35): warning CS0436: The type 'Indicator' in 'C:\Mac\Home\Documents\NinjaTrader 8\bin\Custom\Indicators\@IchimokuCloud.cs' conflicts with the imported type 'Indicator' in 'NinjaTrader.Vendor, Version=8.1.6.0, Culture=neutral, PublicKeyToken=null'. Using the type defined in 'C:\Mac\Home\Documents\NinjaTrader 8\bin\Custom\Indicators\@IchimokuCloud.cs'. [C:\Mac\Home\Documents\NinjaTrader 8\bin\Custom\NinjaTrader.Custom.csproj]
C:\Mac\Home\Documents\NinjaTrader 8\bin\Custom\Indicators\@VROC.cs(24,11): warning CS0436: The type 'SMA' in 'C:\Mac\Home\Documents\NinjaTrader 8\bin\Custom\Indicators\@SMA.cs' conflicts with the imported type 'SMA' in 'NinjaTrader.Vendor, Version=8.1.6.0, Culture=neutral, PublicKeyToken=null'. Using the type defined in 'C:\Mac\Home\Documents\NinjaTrader 8\bin\Custom\Indicators\@SMA.cs'. [C:\Mac\Home\Documents\NinjaTrader 8\bin\Custom\NinjaTrader.Custom.csproj]
C:\Mac\Home\Documents\NinjaTrader 8\bin\Custom\Indicators\@DoubleStochastics.cs(22,11): warning CS0436: The type 'EMA' in 'C:\Mac\Home\Documents\NinjaTrader 8\bin\Custom\Indicators\@EMA.cs' conflicts with the imported type 'EMA' in 'NinjaTrader.Vendor, Version=8.1.6.0, Culture=neutral, PublicKeyToken=null'. Using the type defined in 'C:\Mac\Home\Documents\NinjaTrader 8\bin\Custom\Indicators\@EMA.cs'. [C:\Mac\Home\Documents\NinjaTrader 8\bin\Custom\NinjaTrader.Custom.csproj]
C:\Mac\Home\Documents\NinjaTrader 8\bin\Custom\Indicators\@DoubleStochastics.cs(23,11): warning CS0436: The type 'EMA' in 'C:\Mac\Home\Documents\NinjaTrader 8\bin\Custom\Indicators\@EMA.cs' conflicts with the imported type 'EMA' in 'NinjaTrader.Vendor, Version=8.1.6.0, Culture=neutral, PublicKeyToken=null'. Using the type defined in 'C:\Mac\Home\Documents\NinjaTrader 8\bin\Custom\Indicators\@EMA.cs'. [C:\Mac\Home\Documents\NinjaTrader 8\bin\Custom\NinjaTrader.Custom.csproj]
C:\Mac\Home\Documents\NinjaTrader 8\bin\Custom\Indicators\@VWMA.cs(23,22): warning CS0436: The type 'Indicator' in 'C:\Mac\Home\Documents\NinjaTrader 8\bin\Custom\Indicators\@IchimokuCloud.cs' conflicts with the imported type 'Indicator' in 'NinjaTrader.Vendor, Version=8.1.6.0, Culture=neutral, PublicKeyToken=null'. Using the type defined in 'C:\Mac\Home\Documents\NinjaTrader 8\bin\Custom\Indicators\@IchimokuCloud.cs'. [C:\Mac\Home\Documents\NinjaTrader 8\bin\Custom\NinjaTrader.Custom.csproj]
C:\Mac\Home\Documents\NinjaTrader 8\bin\Custom\Indicators\@ParabolicSAR.cs(18,30): warning CS0436: The type 'Indicator' in 'C:\Mac\Home\Documents\NinjaTrader 8\bin\Custom\Indicators\@IchimokuCloud.cs' conflicts with the imported type 'Indicator' in 'NinjaTrader.Vendor, Version=8.1.6.0, Culture=neutral, PublicKeyToken=null'. Using the type defined in 'C:\Mac\Home\Documents\NinjaTrader 8\bin\Custom\Indicators\@IchimokuCloud.cs'. [C:\Mac\Home\Documents\NinjaTrader 8\bin\Custom\NinjaTrader.Custom.csproj]
C:\Mac\Home\Documents\NinjaTrader 8\bin\Custom\Indicators\@EaseOfMovement.cs(23,32): warning CS0436: The type 'Indicator' in 'C:\Mac\Home\Documents\NinjaTrader 8\bin\Custom\Indicators\@IchimokuCloud.cs' conflicts with the imported type 'Indicator' in 'NinjaTrader.Vendor, Version=8.1.6.0, Culture=neutral, PublicKeyToken=null'. Using the type defined in 'C:\Mac\Home\Documents\NinjaTrader 8\bin\Custom\Indicators\@IchimokuCloud.cs'. [C:\Mac\Home\Documents\NinjaTrader 8\bin\Custom\NinjaTrader.Custom.csproj]
C:\Mac\Home\Documents\NinjaTrader 8\bin\Custom\Indicators\@ZLEMA.cs(17,23): warning CS0436: The type 'Indicator' in 'C:\Mac\Home\Documents\NinjaTrader 8\bin\Custom\Indicators\@IchimokuCloud.cs' conflicts with the imported type 'Indicator' in 'NinjaTrader.Vendor, Version=8.1.6.0, Culture=neutral, PublicKeyToken=null'. Using the type defined in 'C:\Mac\Home\Documents\NinjaTrader 8\bin\Custom\Indicators\@IchimokuCloud.cs'. [C:\Mac\Home\Documents\NinjaTrader 8\bin\Custom\NinjaTrader.Custom.csproj]
C:\Mac\Home\Documents\NinjaTrader 8\bin\Custom\Indicators\@EaseOfMovement.cs(25,11): warning CS0436: The type 'EMA' in 'C:\Mac\Home\Documents\NinjaTrader 8\bin\Custom\Indicators\@EMA.cs' conflicts with the imported type 'EMA' in 'NinjaTrader.Vendor, Version=8.1.6.0, Culture=neutral, PublicKeyToken=null'. Using the type defined in 'C:\Mac\Home\Documents\NinjaTrader 8\bin\Custom\Indicators\@EMA.cs'. [C:\Mac\Home\Documents\NinjaTrader 8\bin\Custom\NinjaTrader.Custom.csproj]
C:\Mac\Home\Documents\NinjaTrader 8\bin\Custom\Indicators\@ZigZag.cs(25,24): warning CS0436: The type 'Indicator' in 'C:\Mac\Home\Documents\NinjaTrader 8\bin\Custom\Indicators\@IchimokuCloud.cs' conflicts with the imported type 'Indicator' in 'NinjaTrader.Vendor, Version=8.1.6.0, Culture=neutral, PublicKeyToken=null'. Using the type defined in 'C:\Mac\Home\Documents\NinjaTrader 8\bin\Custom\Indicators\@IchimokuCloud.cs'. [C:\Mac\Home\Documents\NinjaTrader 8\bin\Custom\NinjaTrader.Custom.csproj]
C:\Mac\Home\Documents\NinjaTrader 8\bin\Custom\Indicators\@BuySellPressure.cs(22,33): warning CS0436: The type 'Indicator' in 'C:\Mac\Home\Documents\NinjaTrader 8\bin\Custom\Indicators\@IchimokuCloud.cs' conflicts with the imported type 'Indicator' in 'NinjaTrader.Vendor, Version=8.1.6.0, Culture=neutral, PublicKeyToken=null'. Using the type defined in 'C:\Mac\Home\Documents\NinjaTrader 8\bin\Custom\Indicators\@IchimokuCloud.cs'. [C:\Mac\Home\Documents\NinjaTrader 8\bin\Custom\NinjaTrader.Custom.csproj]
C:\Mac\Home\Documents\NinjaTrader 8\bin\Custom\Indicators\@TSF.cs(20,21): warning CS0436: The type 'Indicator' in 'C:\Mac\Home\Documents\NinjaTrader 8\bin\Custom\Indicators\@IchimokuCloud.cs' conflicts with the imported type 'Indicator' in 'NinjaTrader.Vendor, Version=8.1.6.0, Culture=neutral, PublicKeyToken=null'. Using the type defined in 'C:\Mac\Home\Documents\NinjaTrader 8\bin\Custom\Indicators\@IchimokuCloud.cs'. [C:\Mac\Home\Documents\NinjaTrader 8\bin\Custom\NinjaTrader.Custom.csproj]
C:\Mac\Home\Documents\NinjaTrader 8\bin\Custom\Indicators\@@CBASTestingIndicator1.cs(10,42): warning CS0436: The type 'Indicator' in 'C:\Mac\Home\Documents\NinjaTrader 8\bin\Custom\Indicators\@IchimokuCloud.cs' conflicts with the imported type 'Indicator' in 'NinjaTrader.Vendor, Version=8.1.6.0, Culture=neutral, PublicKeyToken=null'. Using the type defined in 'C:\Mac\Home\Documents\NinjaTrader 8\bin\Custom\Indicators\@IchimokuCloud.cs'. [C:\Mac\Home\Documents\NinjaTrader 8\bin\Custom\NinjaTrader.Custom.csproj]
C:\Mac\Home\Documents\NinjaTrader 8\bin\Custom\Indicators\@TSF.cs(33,11): warning CS0436: The type 'SUM' in 'C:\Mac\Home\Documents\NinjaTrader 8\bin\Custom\Indicators\@SUM.cs' conflicts with the imported type 'SUM' in 'NinjaTrader.Vendor, Version=8.1.6.0, Culture=neutral, PublicKeyToken=null'. Using the type defined in 'C:\Mac\Home\Documents\NinjaTrader 8\bin\Custom\Indicators\@SUM.cs'. [C:\Mac\Home\Documents\NinjaTrader 8\bin\Custom\NinjaTrader.Custom.csproj]
C:\Mac\Home\Documents\NinjaTrader 8\bin\Custom\Indicators\@PFE.cs(18,21): warning CS0436: The type 'Indicator' in 'C:\Mac\Home\Documents\NinjaTrader 8\bin\Custom\Indicators\@IchimokuCloud.cs' conflicts with the imported type 'Indicator' in 'NinjaTrader.Vendor, Version=8.1.6.0, Culture=neutral, PublicKeyToken=null'. Using the type defined in 'C:\Mac\Home\Documents\NinjaTrader 8\bin\Custom\Indicators\@IchimokuCloud.cs'. [C:\Mac\Home\Documents\NinjaTrader 8\bin\Custom\NinjaTrader.Custom.csproj]
C:\Mac\Home\Documents\NinjaTrader 8\bin\Custom\Indicators\@PFE.cs(21,11): warning CS0436: The type 'EMA' in 'C:\Mac\Home\Documents\NinjaTrader 8\bin\Custom\Indicators\@EMA.cs' conflicts with the imported type 'EMA' in 'NinjaTrader.Vendor, Version=8.1.6.0, Culture=neutral, PublicKeyToken=null'. Using the type defined in 'C:\Mac\Home\Documents\NinjaTrader 8\bin\Custom\Indicators\@EMA.cs'. [C:\Mac\Home\Documents\NinjaTrader 8\bin\Custom\NinjaTrader.Custom.csproj]
C:\Mac\Home\Documents\NinjaTrader 8\bin\Custom\Indicators\@@CBASTestingIndicator1.cs(51,13): warning CS0436: The type 'EMA' in 'C:\Mac\Home\Documents\NinjaTrader 8\bin\Custom\Indicators\@EMA.cs' conflicts with the imported type 'EMA' in 'NinjaTrader.Vendor, Version=8.1.6.0, Culture=neutral, PublicKeyToken=null'. Using the type defined in 'C:\Mac\Home\Documents\NinjaTrader 8\bin\Custom\Indicators\@EMA.cs'. [C:\Mac\Home\Documents\NinjaTrader 8\bin\Custom\NinjaTrader.Custom.csproj]
C:\Mac\Home\Documents\NinjaTrader 8\bin\Custom\Indicators\@@CBASTestingIndicator1.cs(53,13): warning CS0436: The type 'EMA' in 'C:\Mac\Home\Documents\NinjaTrader 8\bin\Custom\Indicators\@EMA.cs' conflicts with the imported type 'EMA' in 'NinjaTrader.Vendor, Version=8.1.6.0, Culture=neutral, PublicKeyToken=null'. Using the type defined in 'C:\Mac\Home\Documents\NinjaTrader 8\bin\Custom\Indicators\@EMA.cs'. [C:\Mac\Home\Documents\NinjaTrader 8\bin\Custom\NinjaTrader.Custom.csproj]
C:\Mac\Home\Documents\NinjaTrader 8\bin\Custom\Indicators\@@CBASTestingIndicator1.cs(54,13): warning CS0436: The type 'EMA' in 'C:\Mac\Home\Documents\NinjaTrader 8\bin\Custom\Indicators\@EMA.cs' conflicts with the imported type 'EMA' in 'NinjaTrader.Vendor, Version=8.1.6.0, Culture=neutral, PublicKeyToken=null'. Using the type defined in 'C:\Mac\Home\Documents\NinjaTrader 8\bin\Custom\Indicators\@EMA.cs'. [C:\Mac\Home\Documents\NinjaTrader 8\bin\Custom\NinjaTrader.Custom.csproj]
C:\Mac\Home\Documents\NinjaTrader 8\bin\Custom\Indicators\@@CBASTestingIndicator1.cs(58,13): warning CS0436: The type 'SMA' in 'C:\Mac\Home\Documents\NinjaTrader 8\bin\Custom\Indicators\@SMA.cs' conflicts with the imported type 'SMA' in 'NinjaTrader.Vendor, Version=8.1.6.0, Culture=neutral, PublicKeyToken=null'. Using the type defined in 'C:\Mac\Home\Documents\NinjaTrader 8\bin\Custom\Indicators\@SMA.cs'. [C:\Mac\Home\Documents\NinjaTrader 8\bin\Custom\NinjaTrader.Custom.csproj]
C:\Mac\Home\Documents\NinjaTrader 8\bin\Custom\Indicators\@DMIndex.cs(20,25): warning CS0436: The type 'Indicator' in 'C:\Mac\Home\Documents\NinjaTrader 8\bin\Custom\Indicators\@IchimokuCloud.cs' conflicts with the imported type 'Indicator' in 'NinjaTrader.Vendor, Version=8.1.6.0, Culture=neutral, PublicKeyToken=null'. Using the type defined in 'C:\Mac\Home\Documents\NinjaTrader 8\bin\Custom\Indicators\@IchimokuCloud.cs'. [C:\Mac\Home\Documents\NinjaTrader 8\bin\Custom\NinjaTrader.Custom.csproj]
C:\Mac\Home\Documents\NinjaTrader 8\bin\Custom\Indicators\@DMIndex.cs(22,11): warning CS0436: The type 'SMA' in 'C:\Mac\Home\Documents\NinjaTrader 8\bin\Custom\Indicators\@SMA.cs' conflicts with the imported type 'SMA' in 'NinjaTrader.Vendor, Version=8.1.6.0, Culture=neutral, PublicKeyToken=null'. Using the type defined in 'C:\Mac\Home\Documents\NinjaTrader 8\bin\Custom\Indicators\@SMA.cs'. [C:\Mac\Home\Documents\NinjaTrader 8\bin\Custom\NinjaTrader.Custom.csproj]
C:\Mac\Home\Documents\NinjaTrader 8\bin\Custom\Indicators\EMAGradientPair.cs(11,36): warning CS0436: The type 'Indicator' in 'C:\Mac\Home\Documents\NinjaTrader 8\bin\Custom\Indicators\@IchimokuCloud.cs' conflicts with the imported type 'Indicator' in 'NinjaTrader.Vendor, Version=8.1.6.0, Culture=neutral, PublicKeyToken=null'. Using the type defined in 'C:\Mac\Home\Documents\NinjaTrader 8\bin\Custom\Indicators\@IchimokuCloud.cs'. [C:\Mac\Home\Documents\NinjaTrader 8\bin\Custom\NinjaTrader.Custom.csproj]
C:\Mac\Home\Documents\NinjaTrader 8\bin\Custom\Indicators\EMAGradientPair.cs(13,17): warning CS0436: The type 'EMA' in 'C:\Mac\Home\Documents\NinjaTrader 8\bin\Custom\Indicators\@EMA.cs' conflicts with the imported type 'EMA' in 'NinjaTrader.Vendor, Version=8.1.6.0, Culture=neutral, PublicKeyToken=null'. Using the type defined in 'C:\Mac\Home\Documents\NinjaTrader 8\bin\Custom\Indicators\@EMA.cs'. [C:\Mac\Home\Documents\NinjaTrader 8\bin\Custom\NinjaTrader.Custom.csproj]
C:\Mac\Home\Documents\NinjaTrader 8\bin\Custom\Indicators\@FOSC.cs(29,22): warning CS0436: The type 'Indicator' in 'C:\Mac\Home\Documents\NinjaTrader 8\bin\Custom\Indicators\@IchimokuCloud.cs' conflicts with the imported type 'Indicator' in 'NinjaTrader.Vendor, Version=8.1.6.0, Culture=neutral, PublicKeyToken=null'. Using the type defined in 'C:\Mac\Home\Documents\NinjaTrader 8\bin\Custom\Indicators\@IchimokuCloud.cs'. [C:\Mac\Home\Documents\NinjaTrader 8\bin\Custom\NinjaTrader.Custom.csproj]
C:\Mac\Home\Documents\NinjaTrader 8\bin\Custom\Indicators\@PPO.cs(20,21): warning CS0436: The type 'Indicator' in 'C:\Mac\Home\Documents\NinjaTrader 8\bin\Custom\Indicators\@IchimokuCloud.cs' conflicts with the imported type 'Indicator' in 'NinjaTrader.Vendor, Version=8.1.6.0, Culture=neutral, PublicKeyToken=null'. Using the type defined in 'C:\Mac\Home\Documents\NinjaTrader 8\bin\Custom\Indicators\@IchimokuCloud.cs'. [C:\Mac\Home\Documents\NinjaTrader 8\bin\Custom\NinjaTrader.Custom.csproj]
C:\Mac\Home\Documents\NinjaTrader 8\bin\Custom\Indicators\EMAGradientPair.cs(14,17): warning CS0436: The type 'EMA' in 'C:\Mac\Home\Documents\NinjaTrader 8\bin\Custom\Indicators\@EMA.cs' conflicts with the imported type 'EMA' in 'NinjaTrader.Vendor, Version=8.1.6.0, Culture=neutral, PublicKeyToken=null'. Using the type defined in 'C:\Mac\Home\Documents\NinjaTrader 8\bin\Custom\Indicators\@EMA.cs'. [C:\Mac\Home\Documents\NinjaTrader 8\bin\Custom\NinjaTrader.Custom.csproj]
C:\Mac\Home\Documents\NinjaTrader 8\bin\Custom\Indicators\SecondsLeftOnBar.cs(16,37): warning CS0436: The type 'Indicator' in 'C:\Mac\Home\Documents\NinjaTrader 8\bin\Custom\Indicators\@IchimokuCloud.cs' conflicts with the imported type 'Indicator' in 'NinjaTrader.Vendor, Version=8.1.6.0, Culture=neutral, PublicKeyToken=null'. Using the type defined in 'C:\Mac\Home\Documents\NinjaTrader 8\bin\Custom\Indicators\@IchimokuCloud.cs'. [C:\Mac\Home\Documents\NinjaTrader 8\bin\Custom\NinjaTrader.Custom.csproj]
C:\Mac\Home\Documents\NinjaTrader 8\bin\Custom\Indicators\@HMA.cs(20,21): warning CS0436: The type 'Indicator' in 'C:\Mac\Home\Documents\NinjaTrader 8\bin\Custom\Indicators\@IchimokuCloud.cs' conflicts with the imported type 'Indicator' in 'NinjaTrader.Vendor, Version=8.1.6.0, Culture=neutral, PublicKeyToken=null'. Using the type defined in 'C:\Mac\Home\Documents\NinjaTrader 8\bin\Custom\Indicators\@IchimokuCloud.cs'. [C:\Mac\Home\Documents\NinjaTrader 8\bin\Custom\NinjaTrader.Custom.csproj]
C:\Mac\Home\Documents\NinjaTrader 8\bin\Custom\Indicators\@RSI.cs(27,11): warning CS0436: The type 'SMA' in 'C:\Mac\Home\Documents\NinjaTrader 8\bin\Custom\Indicators\@SMA.cs' conflicts with the imported type 'SMA' in 'NinjaTrader.Vendor, Version=8.1.6.0, Culture=neutral, PublicKeyToken=null'. Using the type defined in 'C:\Mac\Home\Documents\NinjaTrader 8\bin\Custom\Indicators\@SMA.cs'. [C:\Mac\Home\Documents\NinjaTrader 8\bin\Custom\NinjaTrader.Custom.csproj]
C:\Mac\Home\Documents\NinjaTrader 8\bin\Custom\Indicators\@RSI.cs(28,11): warning CS0436: The type 'SMA' in 'C:\Mac\Home\Documents\NinjaTrader 8\bin\Custom\Indicators\@SMA.cs' conflicts with the imported type 'SMA' in 'NinjaTrader.Vendor, Version=8.1.6.0, Culture=neutral, PublicKeyToken=null'. Using the type defined in 'C:\Mac\Home\Documents\NinjaTrader 8\bin\Custom\Indicators\@SMA.cs'. [C:\Mac\Home\Documents\NinjaTrader 8\bin\Custom\NinjaTrader.Custom.csproj]
C:\Mac\Home\Documents\NinjaTrader 8\bin\Custom\Indicators\@KAMA.cs(20,22): warning CS0436: The type 'Indicator' in 'C:\Mac\Home\Documents\NinjaTrader 8\bin\Custom\Indicators\@IchimokuCloud.cs' conflicts with the imported type 'Indicator' in 'NinjaTrader.Vendor, Version=8.1.6.0, Culture=neutral, PublicKeyToken=null'. Using the type defined in 'C:\Mac\Home\Documents\NinjaTrader 8\bin\Custom\Indicators\@IchimokuCloud.cs'. [C:\Mac\Home\Documents\NinjaTrader 8\bin\Custom\NinjaTrader.Custom.csproj]
C:\Mac\Home\Documents\NinjaTrader 8\bin\Custom\Indicators\CBASTestingIndicator2.cs(12,42): warning CS0436: The type 'Indicator' in 'C:\Mac\Home\Documents\NinjaTrader 8\bin\Custom\Indicators\@IchimokuCloud.cs' conflicts with the imported type 'Indicator' in 'NinjaTrader.Vendor, Version=8.1.6.0, Culture=neutral, PublicKeyToken=null'. Using the type defined in 'C:\Mac\Home\Documents\NinjaTrader 8\bin\Custom\Indicators\@IchimokuCloud.cs'. [C:\Mac\Home\Documents\NinjaTrader 8\bin\Custom\NinjaTrader.Custom.csproj]
C:\Mac\Home\Documents\NinjaTrader 8\bin\Custom\Indicators\@KAMA.cs(25,11): warning CS0436: The type 'SUM' in 'C:\Mac\Home\Documents\NinjaTrader 8\bin\Custom\Indicators\@SUM.cs' conflicts with the imported type 'SUM' in 'NinjaTrader.Vendor, Version=8.1.6.0, Culture=neutral, PublicKeyToken=null'. Using the type defined in 'C:\Mac\Home\Documents\NinjaTrader 8\bin\Custom\Indicators\@SUM.cs'. [C:\Mac\Home\Documents\NinjaTrader 8\bin\Custom\NinjaTrader.Custom.csproj]
C:\Mac\Home\Documents\NinjaTrader 8\bin\Custom\Indicators\CBASTestingIndicator2.cs(53,9): warning CS0436: The type 'EMA' in 'C:\Mac\Home\Documents\NinjaTrader 8\bin\Custom\Indicators\@EMA.cs' conflicts with the imported type 'EMA' in 'NinjaTrader.Vendor, Version=8.1.6.0, Culture=neutral, PublicKeyToken=null'. Using the type defined in 'C:\Mac\Home\Documents\NinjaTrader 8\bin\Custom\Indicators\@EMA.cs'. [C:\Mac\Home\Documents\NinjaTrader 8\bin\Custom\NinjaTrader.Custom.csproj]
C:\Mac\Home\Documents\NinjaTrader 8\bin\Custom\Indicators\CBASTestingIndicator2.cs(55,9): warning CS0436: The type 'EMA' in 'C:\Mac\Home\Documents\NinjaTrader 8\bin\Custom\Indicators\@EMA.cs' conflicts with the imported type 'EMA' in 'NinjaTrader.Vendor, Version=8.1.6.0, Culture=neutral, PublicKeyToken=null'. Using the type defined in 'C:\Mac\Home\Documents\NinjaTrader 8\bin\Custom\Indicators\@EMA.cs'. [C:\Mac\Home\Documents\NinjaTrader 8\bin\Custom\NinjaTrader.Custom.csproj]
C:\Mac\Home\Documents\NinjaTrader 8\bin\Custom\Indicators\CBASTestingIndicator2.cs(56,9): warning CS0436: The type 'EMA' in 'C:\Mac\Home\Documents\NinjaTrader 8\bin\Custom\Indicators\@EMA.cs' conflicts with the imported type 'EMA' in 'NinjaTrader.Vendor, Version=8.1.6.0, Culture=neutral, PublicKeyToken=null'. Using the type defined in 'C:\Mac\Home\Documents\NinjaTrader 8\bin\Custom\Indicators\@EMA.cs'. [C:\Mac\Home\Documents\NinjaTrader 8\bin\Custom\NinjaTrader.Custom.csproj]
C:\Mac\Home\Documents\NinjaTrader 8\bin\Custom\Indicators\CBASTestingIndicator2.cs(60,9): warning CS0436: The type 'SMA' in 'C:\Mac\Home\Documents\NinjaTrader 8\bin\Custom\Indicators\@SMA.cs' conflicts with the imported type 'SMA' in 'NinjaTrader.Vendor, Version=8.1.6.0, Culture=neutral, PublicKeyToken=null'. Using the type defined in 'C:\Mac\Home\Documents\NinjaTrader 8\bin\Custom\Indicators\@SMA.cs'. [C:\Mac\Home\Documents\NinjaTrader 8\bin\Custom\NinjaTrader.Custom.csproj]
C:\Mac\Home\Documents\NinjaTrader 8\bin\Custom\Strategies\GradientSlopeStrategy.cs(30,42): warning CS0436: The type 'Strategy' in 'C:\Mac\Home\Documents\NinjaTrader 8\bin\Custom\Indicators\@IchimokuCloud.cs' conflicts with the imported type 'Strategy' in 'NinjaTrader.Vendor, Version=8.1.6.0, Culture=neutral, PublicKeyToken=null'. Using the type defined in 'C:\Mac\Home\Documents\NinjaTrader 8\bin\Custom\Indicators\@IchimokuCloud.cs'. [C:\Mac\Home\Documents\NinjaTrader 8\bin\Custom\NinjaTrader.Custom.csproj]
C:\Mac\Home\Documents\NinjaTrader 8\bin\Custom\Indicators\@KeyReversalDown.cs(16,33): warning CS0436: The type 'Indicator' in 'C:\Mac\Home\Documents\NinjaTrader 8\bin\Custom\Indicators\@IchimokuCloud.cs' conflicts with the imported type 'Indicator' in 'NinjaTrader.Vendor, Version=8.1.6.0, Culture=neutral, PublicKeyToken=null'. Using the type defined in 'C:\Mac\Home\Documents\NinjaTrader 8\bin\Custom\Indicators\@IchimokuCloud.cs'. [C:\Mac\Home\Documents\NinjaTrader 8\bin\Custom\NinjaTrader.Custom.csproj]
C:\Mac\Home\Documents\NinjaTrader 8\bin\Custom\Indicators\@PPO.cs(22,11): warning CS0436: The type 'EMA' in 'C:\Mac\Home\Documents\NinjaTrader 8\bin\Custom\Indicators\@EMA.cs' conflicts with the imported type 'EMA' in 'NinjaTrader.Vendor, Version=8.1.6.0, Culture=neutral, PublicKeyToken=null'. Using the type defined in 'C:\Mac\Home\Documents\NinjaTrader 8\bin\Custom\Indicators\@EMA.cs'. [C:\Mac\Home\Documents\NinjaTrader 8\bin\Custom\NinjaTrader.Custom.csproj]
C:\Mac\Home\Documents\NinjaTrader 8\bin\Custom\Indicators\@PPO.cs(23,11): warning CS0436: The type 'EMA' in 'C:\Mac\Home\Documents\NinjaTrader 8\bin\Custom\Indicators\@EMA.cs' conflicts with the imported type 'EMA' in 'NinjaTrader.Vendor, Version=8.1.6.0, Culture=neutral, PublicKeyToken=null'. Using the type defined in 'C:\Mac\Home\Documents\NinjaTrader 8\bin\Custom\Indicators\@EMA.cs'. [C:\Mac\Home\Documents\NinjaTrader 8\bin\Custom\NinjaTrader.Custom.csproj]
C:\Mac\Home\Documents\NinjaTrader 8\bin\Custom\Indicators\@KeyReversalUp.cs(16,31): warning CS0436: The type 'Indicator' in 'C:\Mac\Home\Documents\NinjaTrader 8\bin\Custom\Indicators\@IchimokuCloud.cs' conflicts with the imported type 'Indicator' in 'NinjaTrader.Vendor, Version=8.1.6.0, Culture=neutral, PublicKeyToken=null'. Using the type defined in 'C:\Mac\Home\Documents\NinjaTrader 8\bin\Custom\Indicators\@IchimokuCloud.cs'. [C:\Mac\Home\Documents\NinjaTrader 8\bin\Custom\NinjaTrader.Custom.csproj]
C:\Mac\Home\Documents\NinjaTrader 8\bin\Custom\Indicators\@LinRegIntercept.cs(18,33): warning CS0436: The type 'Indicator' in 'C:\Mac\Home\Documents\NinjaTrader 8\bin\Custom\Indicators\@IchimokuCloud.cs' conflicts with the imported type 'Indicator' in 'NinjaTrader.Vendor, Version=8.1.6.0, Culture=neutral, PublicKeyToken=null'. Using the type defined in 'C:\Mac\Home\Documents\NinjaTrader 8\bin\Custom\Indicators\@IchimokuCloud.cs'. [C:\Mac\Home\Documents\NinjaTrader 8\bin\Custom\NinjaTrader.Custom.csproj]
C:\Mac\Home\Documents\NinjaTrader 8\bin\Custom\Indicators\@LinRegIntercept.cs(30,11): warning CS0436: The type 'SUM' in 'C:\Mac\Home\Documents\NinjaTrader 8\bin\Custom\Indicators\@SUM.cs' conflicts with the imported type 'SUM' in 'NinjaTrader.Vendor, Version=8.1.6.0, Culture=neutral, PublicKeyToken=null'. Using the type defined in 'C:\Mac\Home\Documents\NinjaTrader 8\bin\Custom\Indicators\@SUM.cs'. [C:\Mac\Home\Documents\NinjaTrader 8\bin\Custom\NinjaTrader.Custom.csproj]
C:\Mac\Home\Documents\NinjaTrader 8\bin\Custom\Indicators\@@CBASTestingIndicator.cs(10,41): warning CS0436: The type 'Indicator' in 'C:\Mac\Home\Documents\NinjaTrader 8\bin\Custom\Indicators\@IchimokuCloud.cs' conflicts with the imported type 'Indicator' in 'NinjaTrader.Vendor, Version=8.1.6.0, Culture=neutral, PublicKeyToken=null'. Using the type defined in 'C:\Mac\Home\Documents\NinjaTrader 8\bin\Custom\Indicators\@IchimokuCloud.cs'. [C:\Mac\Home\Documents\NinjaTrader 8\bin\Custom\NinjaTrader.Custom.csproj]
C:\Mac\Home\Documents\NinjaTrader 8\bin\Custom\Indicators\@RegressionChannel.cs(23,35): warning CS0436: The type 'Indicator' in 'C:\Mac\Home\Documents\NinjaTrader 8\bin\Custom\Indicators\@IchimokuCloud.cs' conflicts with the imported type 'Indicator' in 'NinjaTrader.Vendor, Version=8.1.6.0, Culture=neutral, PublicKeyToken=null'. Using the type defined in 'C:\Mac\Home\Documents\NinjaTrader 8\bin\Custom\Indicators\@IchimokuCloud.cs'. [C:\Mac\Home\Documents\NinjaTrader 8\bin\Custom\NinjaTrader.Custom.csproj]
C:\Mac\Home\Documents\NinjaTrader 8\bin\Custom\Indicators\@LinRegSlope.cs(17,29): warning CS0436: The type 'Indicator' in 'C:\Mac\Home\Documents\NinjaTrader 8\bin\Custom\Indicators\@IchimokuCloud.cs' conflicts with the imported type 'Indicator' in 'NinjaTrader.Vendor, Version=8.1.6.0, Culture=neutral, PublicKeyToken=null'. Using the type defined in 'C:\Mac\Home\Documents\NinjaTrader 8\bin\Custom\Indicators\@IchimokuCloud.cs'. [C:\Mac\Home\Documents\NinjaTrader 8\bin\Custom\NinjaTrader.Custom.csproj]
C:\Mac\Home\Documents\NinjaTrader 8\bin\Custom\Indicators\@@CBASTestingIndicator.cs(56,13): warning CS0436: The type 'EMA' in 'C:\Mac\Home\Documents\NinjaTrader 8\bin\Custom\Indicators\@EMA.cs' conflicts with the imported type 'EMA' in 'NinjaTrader.Vendor, Version=8.1.6.0, Culture=neutral, PublicKeyToken=null'. Using the type defined in 'C:\Mac\Home\Documents\NinjaTrader 8\bin\Custom\Indicators\@EMA.cs'. [C:\Mac\Home\Documents\NinjaTrader 8\bin\Custom\NinjaTrader.Custom.csproj]
C:\Mac\Home\Documents\NinjaTrader 8\bin\Custom\Indicators\@@CBASTestingIndicator.cs(59,13): warning CS0436: The type 'EMA' in 'C:\Mac\Home\Documents\NinjaTrader 8\bin\Custom\Indicators\@EMA.cs' conflicts with the imported type 'EMA' in 'NinjaTrader.Vendor, Version=8.1.6.0, Culture=neutral, PublicKeyToken=null'. Using the type defined in 'C:\Mac\Home\Documents\NinjaTrader 8\bin\Custom\Indicators\@EMA.cs'. [C:\Mac\Home\Documents\NinjaTrader 8\bin\Custom\NinjaTrader.Custom.csproj]
C:\Mac\Home\Documents\NinjaTrader 8\bin\Custom\Indicators\@@CBASTestingIndicator.cs(60,13): warning CS0436: The type 'EMA' in 'C:\Mac\Home\Documents\NinjaTrader 8\bin\Custom\Indicators\@EMA.cs' conflicts with the imported type 'EMA' in 'NinjaTrader.Vendor, Version=8.1.6.0, Culture=neutral, PublicKeyToken=null'. Using the type defined in 'C:\Mac\Home\Documents\NinjaTrader 8\bin\Custom\Indicators\@EMA.cs'. [C:\Mac\Home\Documents\NinjaTrader 8\bin\Custom\NinjaTrader.Custom.csproj]
C:\Mac\Home\Documents\NinjaTrader 8\bin\Custom\Indicators\@@CBASTestingIndicator.cs(65,13): warning CS0436: The type 'SMA' in 'C:\Mac\Home\Documents\NinjaTrader 8\bin\Custom\Indicators\@SMA.cs' conflicts with the imported type 'SMA' in 'NinjaTrader.Vendor, Version=8.1.6.0, Culture=neutral, PublicKeyToken=null'. Using the type defined in 'C:\Mac\Home\Documents\NinjaTrader 8\bin\Custom\Indicators\@SMA.cs'. [C:\Mac\Home\Documents\NinjaTrader 8\bin\Custom\NinjaTrader.Custom.csproj]
C:\Mac\Home\Documents\NinjaTrader 8\bin\Custom\Indicators\@NBarsDown.cs(19,27): warning CS0436: The type 'Indicator' in 'C:\Mac\Home\Documents\NinjaTrader 8\bin\Custom\Indicators\@IchimokuCloud.cs' conflicts with the imported type 'Indicator' in 'NinjaTrader.Vendor, Version=8.1.6.0, Culture=neutral, PublicKeyToken=null'. Using the type defined in 'C:\Mac\Home\Documents\NinjaTrader 8\bin\Custom\Indicators\@IchimokuCloud.cs'. [C:\Mac\Home\Documents\NinjaTrader 8\bin\Custom\NinjaTrader.Custom.csproj]
C:\Mac\Home\Documents\NinjaTrader 8\bin\Custom\Indicators\@RIND.cs(21,22): warning CS0436: The type 'Indicator' in 'C:\Mac\Home\Documents\NinjaTrader 8\bin\Custom\Indicators\@IchimokuCloud.cs' conflicts with the imported type 'Indicator' in 'NinjaTrader.Vendor, Version=8.1.6.0, Culture=neutral, PublicKeyToken=null'. Using the type defined in 'C:\Mac\Home\Documents\NinjaTrader 8\bin\Custom\Indicators\@IchimokuCloud.cs'. [C:\Mac\Home\Documents\NinjaTrader 8\bin\Custom\NinjaTrader.Custom.csproj]
C:\Mac\Home\Documents\NinjaTrader 8\bin\Custom\Indicators\@RIND.cs(23,11): warning CS0436: The type 'EMA' in 'C:\Mac\Home\Documents\NinjaTrader 8\bin\Custom\Indicators\@EMA.cs' conflicts with the imported type 'EMA' in 'NinjaTrader.Vendor, Version=8.1.6.0, Culture=neutral, PublicKeyToken=null'. Using the type defined in 'C:\Mac\Home\Documents\NinjaTrader 8\bin\Custom\Indicators\@EMA.cs'. [C:\Mac\Home\Documents\NinjaTrader 8\bin\Custom\NinjaTrader.Custom.csproj]
C:\Mac\Home\Documents\NinjaTrader 8\bin\Custom\Indicators\StackedBuySellVolume.cs(17,41): warning CS0436: The type 'Indicator' in 'C:\Mac\Home\Documents\NinjaTrader 8\bin\Custom\Indicators\@IchimokuCloud.cs' conflicts with the imported type 'Indicator' in 'NinjaTrader.Vendor, Version=8.1.6.0, Culture=neutral, PublicKeyToken=null'. Using the type defined in 'C:\Mac\Home\Documents\NinjaTrader 8\bin\Custom\Indicators\@IchimokuCloud.cs'. [C:\Mac\Home\Documents\NinjaTrader 8\bin\Custom\NinjaTrader.Custom.csproj]
C:\Mac\Home\Documents\NinjaTrader 8\bin\Custom\Indicators\@RSquared.cs(17,26): warning CS0436: The type 'Indicator' in 'C:\Mac\Home\Documents\NinjaTrader 8\bin\Custom\Indicators\@IchimokuCloud.cs' conflicts with the imported type 'Indicator' in 'NinjaTrader.Vendor, Version=8.1.6.0, Culture=neutral, PublicKeyToken=null'. Using the type defined in 'C:\Mac\Home\Documents\NinjaTrader 8\bin\Custom\Indicators\@IchimokuCloud.cs'. [C:\Mac\Home\Documents\NinjaTrader 8\bin\Custom\NinjaTrader.Custom.csproj]
C:\Mac\Home\Documents\NinjaTrader 8\bin\Custom\Strategies\GradientSlopeStrategy.cs(3704,16): warning CS0436: The type 'TextPosition' in 'C:\Mac\Home\Documents\NinjaTrader 8\bin\Custom\DrawingTools\@Text.cs' conflicts with the imported type 'TextPosition' in 'NinjaTrader.Vendor, Version=8.1.6.0, Culture=neutral, PublicKeyToken=null'. Using the type defined in 'C:\Mac\Home\Documents\NinjaTrader 8\bin\Custom\DrawingTools\@Text.cs'. [C:\Mac\Home\Documents\NinjaTrader 8\bin\Custom\NinjaTrader.Custom.csproj]
C:\Mac\Home\Documents\NinjaTrader 8\bin\Custom\Indicators\@RSS.cs(16,21): warning CS0436: The type 'Indicator' in 'C:\Mac\Home\Documents\NinjaTrader 8\bin\Custom\Indicators\@IchimokuCloud.cs' conflicts with the imported type 'Indicator' in 'NinjaTrader.Vendor, Version=8.1.6.0, Culture=neutral, PublicKeyToken=null'. Using the type defined in 'C:\Mac\Home\Documents\NinjaTrader 8\bin\Custom\Indicators\@IchimokuCloud.cs'. [C:\Mac\Home\Documents\NinjaTrader 8\bin\Custom\NinjaTrader.Custom.csproj]
C:\Mac\Home\Documents\NinjaTrader 8\bin\Custom\Strategies\GradientSlopeStrategy.cs(49,17): warning CS0436: The type 'EMA' in 'C:\Mac\Home\Documents\NinjaTrader 8\bin\Custom\Indicators\@EMA.cs' conflicts with the imported type 'EMA' in 'NinjaTrader.Vendor, Version=8.1.6.0, Culture=neutral, PublicKeyToken=null'. Using the type defined in 'C:\Mac\Home\Documents\NinjaTrader 8\bin\Custom\Indicators\@EMA.cs'. [C:\Mac\Home\Documents\NinjaTrader 8\bin\Custom\NinjaTrader.Custom.csproj]
C:\Mac\Home\Documents\NinjaTrader 8\bin\Custom\Indicators\@RSS.cs(18,11): warning CS0436: The type 'EMA' in 'C:\Mac\Home\Documents\NinjaTrader 8\bin\Custom\Indicators\@EMA.cs' conflicts with the imported type 'EMA' in 'NinjaTrader.Vendor, Version=8.1.6.0, Culture=neutral, PublicKeyToken=null'. Using the type defined in 'C:\Mac\Home\Documents\NinjaTrader 8\bin\Custom\Indicators\@EMA.cs'. [C:\Mac\Home\Documents\NinjaTrader 8\bin\Custom\NinjaTrader.Custom.csproj]
C:\Mac\Home\Documents\NinjaTrader 8\bin\Custom\Strategies\GradientSlopeStrategy.cs(50,17): warning CS0436: The type 'EMA' in 'C:\Mac\Home\Documents\NinjaTrader 8\bin\Custom\Indicators\@EMA.cs' conflicts with the imported type 'EMA' in 'NinjaTrader.Vendor, Version=8.1.6.0, Culture=neutral, PublicKeyToken=null'. Using the type defined in 'C:\Mac\Home\Documents\NinjaTrader 8\bin\Custom\Indicators\@EMA.cs'. [C:\Mac\Home\Documents\NinjaTrader 8\bin\Custom\NinjaTrader.Custom.csproj]
C:\Mac\Home\Documents\NinjaTrader 8\bin\Custom\Indicators\@RSS.cs(19,11): warning CS0436: The type 'EMA' in 'C:\Mac\Home\Documents\NinjaTrader 8\bin\Custom\Indicators\@EMA.cs' conflicts with the imported type 'EMA' in 'NinjaTrader.Vendor, Version=8.1.6.0, Culture=neutral, PublicKeyToken=null'. Using the type defined in 'C:\Mac\Home\Documents\NinjaTrader 8\bin\Custom\Indicators\@EMA.cs'. [C:\Mac\Home\Documents\NinjaTrader 8\bin\Custom\NinjaTrader.Custom.csproj]
C:\Mac\Home\Documents\NinjaTrader 8\bin\Custom\Indicators\@RSS.cs(21,11): warning CS0436: The type 'SMA' in 'C:\Mac\Home\Documents\NinjaTrader 8\bin\Custom\Indicators\@SMA.cs' conflicts with the imported type 'SMA' in 'NinjaTrader.Vendor, Version=8.1.6.0, Culture=neutral, PublicKeyToken=null'. Using the type defined in 'C:\Mac\Home\Documents\NinjaTrader 8\bin\Custom\Indicators\@SMA.cs'. [C:\Mac\Home\Documents\NinjaTrader 8\bin\Custom\NinjaTrader.Custom.csproj]
C:\Mac\Home\Documents\NinjaTrader 8\bin\Custom\Strategies\GradientSlopeStrategy.cs(117,17): warning CS0436: The type 'TextPosition' in 'C:\Mac\Home\Documents\NinjaTrader 8\bin\Custom\DrawingTools\@Text.cs' conflicts with the imported type 'TextPosition' in 'NinjaTrader.Vendor, Version=8.1.6.0, Culture=neutral, PublicKeyToken=null'. Using the type defined in 'C:\Mac\Home\Documents\NinjaTrader 8\bin\Custom\DrawingTools\@Text.cs'. [C:\Mac\Home\Documents\NinjaTrader 8\bin\Custom\NinjaTrader.Custom.csproj]
C:\Mac\Home\Documents\NinjaTrader 8\bin\Custom\Indicators\@RVI.cs(16,21): warning CS0436: The type 'Indicator' in 'C:\Mac\Home\Documents\NinjaTrader 8\bin\Custom\Indicators\@IchimokuCloud.cs' conflicts with the imported type 'Indicator' in 'NinjaTrader.Vendor, Version=8.1.6.0, Culture=neutral, PublicKeyToken=null'. Using the type defined in 'C:\Mac\Home\Documents\NinjaTrader 8\bin\Custom\Indicators\@IchimokuCloud.cs'. [C:\Mac\Home\Documents\NinjaTrader 8\bin\Custom\NinjaTrader.Custom.csproj]
C:\Mac\Home\Documents\NinjaTrader 8\bin\Custom\Indicators\TicksPerMinute.cs(11,35): warning CS0436: The type 'Indicator' in 'C:\Mac\Home\Documents\NinjaTrader 8\bin\Custom\Indicators\@IchimokuCloud.cs' conflicts with the imported type 'Indicator' in 'NinjaTrader.Vendor, Version=8.1.6.0, Culture=neutral, PublicKeyToken=null'. Using the type defined in 'C:\Mac\Home\Documents\NinjaTrader 8\bin\Custom\Indicators\@IchimokuCloud.cs'. [C:\Mac\Home\Documents\NinjaTrader 8\bin\Custom\NinjaTrader.Custom.csproj]
C:\Mac\Home\Documents\NinjaTrader 8\bin\Custom\Indicators\@StdError.cs(20,26): warning CS0436: The type 'Indicator' in 'C:\Mac\Home\Documents\NinjaTrader 8\bin\Custom\Indicators\@IchimokuCloud.cs' conflicts with the imported type 'Indicator' in 'NinjaTrader.Vendor, Version=8.1.6.0, Culture=neutral, PublicKeyToken=null'. Using the type defined in 'C:\Mac\Home\Documents\NinjaTrader 8\bin\Custom\Indicators\@IchimokuCloud.cs'. [C:\Mac\Home\Documents\NinjaTrader 8\bin\Custom\NinjaTrader.Custom.csproj]
C:\Mac\Home\Documents\NinjaTrader 8\bin\Custom\Indicators\CorysSupertrendBands.cs(12,41): warning CS0436: The type 'Indicator' in 'C:\Mac\Home\Documents\NinjaTrader 8\bin\Custom\Indicators\@IchimokuCloud.cs' conflicts with the imported type 'Indicator' in 'NinjaTrader.Vendor, Version=8.1.6.0, Culture=neutral, PublicKeyToken=null'. Using the type defined in 'C:\Mac\Home\Documents\NinjaTrader 8\bin\Custom\Indicators\@IchimokuCloud.cs'. [C:\Mac\Home\Documents\NinjaTrader 8\bin\Custom\NinjaTrader.Custom.csproj]
C:\Mac\Home\Documents\NinjaTrader 8\bin\Custom\Indicators\@StdError.cs(35,11): warning CS0436: The type 'SUM' in 'C:\Mac\Home\Documents\NinjaTrader 8\bin\Custom\Indicators\@SUM.cs' conflicts with the imported type 'SUM' in 'NinjaTrader.Vendor, Version=8.1.6.0, Culture=neutral, PublicKeyToken=null'. Using the type defined in 'C:\Mac\Home\Documents\NinjaTrader 8\bin\Custom\Indicators\@SUM.cs'. [C:\Mac\Home\Documents\NinjaTrader 8\bin\Custom\NinjaTrader.Custom.csproj]
C:\Mac\Home\Documents\NinjaTrader 8\bin\Custom\Indicators\@StochRSI.cs(25,26): warning CS0436: The type 'Indicator' in 'C:\Mac\Home\Documents\NinjaTrader 8\bin\Custom\Indicators\@IchimokuCloud.cs' conflicts with the imported type 'Indicator' in 'NinjaTrader.Vendor, Version=8.1.6.0, Culture=neutral, PublicKeyToken=null'. Using the type defined in 'C:\Mac\Home\Documents\NinjaTrader 8\bin\Custom\Indicators\@IchimokuCloud.cs'. [C:\Mac\Home\Documents\NinjaTrader 8\bin\Custom\NinjaTrader.Custom.csproj]
C:\Mac\Home\Documents\NinjaTrader 8\bin\Custom\Indicators\@T3.cs(16,20): warning CS0436: The type 'Indicator' in 'C:\Mac\Home\Documents\NinjaTrader 8\bin\Custom\Indicators\@IchimokuCloud.cs' conflicts with the imported type 'Indicator' in 'NinjaTrader.Vendor, Version=8.1.6.0, Culture=neutral, PublicKeyToken=null'. Using the type defined in 'C:\Mac\Home\Documents\NinjaTrader 8\bin\Custom\Indicators\@IchimokuCloud.cs'. [C:\Mac\Home\Documents\NinjaTrader 8\bin\Custom\NinjaTrader.Custom.csproj]
C:\Mac\Home\Documents\NinjaTrader 8\bin\Custom\Indicators\CBASTestingIndicator4.cs(21,42): warning CS0436: The type 'Indicator' in 'C:\Mac\Home\Documents\NinjaTrader 8\bin\Custom\Indicators\@IchimokuCloud.cs' conflicts with the imported type 'Indicator' in 'NinjaTrader.Vendor, Version=8.1.6.0, Culture=neutral, PublicKeyToken=null'. Using the type defined in 'C:\Mac\Home\Documents\NinjaTrader 8\bin\Custom\Indicators\@IchimokuCloud.cs'. [C:\Mac\Home\Documents\NinjaTrader 8\bin\Custom\NinjaTrader.Custom.csproj]
C:\Mac\Home\Documents\NinjaTrader 8\bin\Custom\Indicators\@TRIX.cs(21,22): warning CS0436: The type 'Indicator' in 'C:\Mac\Home\Documents\NinjaTrader 8\bin\Custom\Indicators\@IchimokuCloud.cs' conflicts with the imported type 'Indicator' in 'NinjaTrader.Vendor, Version=8.1.6.0, Culture=neutral, PublicKeyToken=null'. Using the type defined in 'C:\Mac\Home\Documents\NinjaTrader 8\bin\Custom\Indicators\@IchimokuCloud.cs'. [C:\Mac\Home\Documents\NinjaTrader 8\bin\Custom\NinjaTrader.Custom.csproj]
C:\Mac\Home\Documents\NinjaTrader 8\bin\Custom\Indicators\@TRIX.cs(23,11): warning CS0436: The type 'EMA' in 'C:\Mac\Home\Documents\NinjaTrader 8\bin\Custom\Indicators\@EMA.cs' conflicts with the imported type 'EMA' in 'NinjaTrader.Vendor, Version=8.1.6.0, Culture=neutral, PublicKeyToken=null'. Using the type defined in 'C:\Mac\Home\Documents\NinjaTrader 8\bin\Custom\Indicators\@EMA.cs'. [C:\Mac\Home\Documents\NinjaTrader 8\bin\Custom\NinjaTrader.Custom.csproj]
C:\Mac\Home\Documents\NinjaTrader 8\bin\Custom\Indicators\@TRIX.cs(24,11): warning CS0436: The type 'EMA' in 'C:\Mac\Home\Documents\NinjaTrader 8\bin\Custom\Indicators\@EMA.cs' conflicts with the imported type 'EMA' in 'NinjaTrader.Vendor, Version=8.1.6.0, Culture=neutral, PublicKeyToken=null'. Using the type defined in 'C:\Mac\Home\Documents\NinjaTrader 8\bin\Custom\Indicators\@EMA.cs'. [C:\Mac\Home\Documents\NinjaTrader 8\bin\Custom\NinjaTrader.Custom.csproj]
C:\Mac\Home\Documents\NinjaTrader 8\bin\Custom\Indicators\@UltimateOscillator.cs(20,36): warning CS0436: The type 'Indicator' in 'C:\Mac\Home\Documents\NinjaTrader 8\bin\Custom\Indicators\@IchimokuCloud.cs' conflicts with the imported type 'Indicator' in 'NinjaTrader.Vendor, Version=8.1.6.0, Culture=neutral, PublicKeyToken=null'. Using the type defined in 'C:\Mac\Home\Documents\NinjaTrader 8\bin\Custom\Indicators\@IchimokuCloud.cs'. [C:\Mac\Home\Documents\NinjaTrader 8\bin\Custom\NinjaTrader.Custom.csproj]
C:\Mac\Home\Documents\NinjaTrader 8\bin\Custom\Indicators\CBASTestingIndicator4.cs(195,17): warning CS0436: The type 'SMA' in 'C:\Mac\Home\Documents\NinjaTrader 8\bin\Custom\Indicators\@SMA.cs' conflicts with the imported type 'SMA' in 'NinjaTrader.Vendor, Version=8.1.6.0, Culture=neutral, PublicKeyToken=null'. Using the type defined in 'C:\Mac\Home\Documents\NinjaTrader 8\bin\Custom\Indicators\@SMA.cs'. [C:\Mac\Home\Documents\NinjaTrader 8\bin\Custom\NinjaTrader.Custom.csproj]
C:\Mac\Home\Documents\NinjaTrader 8\bin\Custom\Indicators\CBASTestingIndicator4.cs(197,17): warning CS0436: The type 'EMA' in 'C:\Mac\Home\Documents\NinjaTrader 8\bin\Custom\Indicators\@EMA.cs' conflicts with the imported type 'EMA' in 'NinjaTrader.Vendor, Version=8.1.6.0, Culture=neutral, PublicKeyToken=null'. Using the type defined in 'C:\Mac\Home\Documents\NinjaTrader 8\bin\Custom\Indicators\@EMA.cs'. [C:\Mac\Home\Documents\NinjaTrader 8\bin\Custom\NinjaTrader.Custom.csproj]
C:\Mac\Home\Documents\NinjaTrader 8\bin\Custom\Indicators\@UltimateOscillator.cs(26,11): warning CS0436: The type 'SUM' in 'C:\Mac\Home\Documents\NinjaTrader 8\bin\Custom\Indicators\@SUM.cs' conflicts with the imported type 'SUM' in 'NinjaTrader.Vendor, Version=8.1.6.0, Culture=neutral, PublicKeyToken=null'. Using the type defined in 'C:\Mac\Home\Documents\NinjaTrader 8\bin\Custom\Indicators\@SUM.cs'. [C:\Mac\Home\Documents\NinjaTrader 8\bin\Custom\NinjaTrader.Custom.csproj]
C:\Mac\Home\Documents\NinjaTrader 8\bin\Custom\Indicators\@UltimateOscillator.cs(27,11): warning CS0436: The type 'SUM' in 'C:\Mac\Home\Documents\NinjaTrader 8\bin\Custom\Indicators\@SUM.cs' conflicts with the imported type 'SUM' in 'NinjaTrader.Vendor, Version=8.1.6.0, Culture=neutral, PublicKeyToken=null'. Using the type defined in 'C:\Mac\Home\Documents\NinjaTrader 8\bin\Custom\Indicators\@SUM.cs'. [C:\Mac\Home\Documents\NinjaTrader 8\bin\Custom\NinjaTrader.Custom.csproj]
C:\Mac\Home\Documents\NinjaTrader 8\bin\Custom\Indicators\@UltimateOscillator.cs(28,11): warning CS0436: The type 'SUM' in 'C:\Mac\Home\Documents\NinjaTrader 8\bin\Custom\Indicators\@SUM.cs' conflicts with the imported type 'SUM' in 'NinjaTrader.Vendor, Version=8.1.6.0, Culture=neutral, PublicKeyToken=null'. Using the type defined in 'C:\Mac\Home\Documents\NinjaTrader 8\bin\Custom\Indicators\@SUM.cs'. [C:\Mac\Home\Documents\NinjaTrader 8\bin\Custom\NinjaTrader.Custom.csproj]
C:\Mac\Home\Documents\NinjaTrader 8\bin\Custom\Indicators\@UltimateOscillator.cs(29,11): warning CS0436: The type 'SUM' in 'C:\Mac\Home\Documents\NinjaTrader 8\bin\Custom\Indicators\@SUM.cs' conflicts with the imported type 'SUM' in 'NinjaTrader.Vendor, Version=8.1.6.0, Culture=neutral, PublicKeyToken=null'. Using the type defined in 'C:\Mac\Home\Documents\NinjaTrader 8\bin\Custom\Indicators\@SUM.cs'. [C:\Mac\Home\Documents\NinjaTrader 8\bin\Custom\NinjaTrader.Custom.csproj]
C:\Mac\Home\Documents\NinjaTrader 8\bin\Custom\Indicators\@UltimateOscillator.cs(30,11): warning CS0436: The type 'SUM' in 'C:\Mac\Home\Documents\NinjaTrader 8\bin\Custom\Indicators\@SUM.cs' conflicts with the imported type 'SUM' in 'NinjaTrader.Vendor, Version=8.1.6.0, Culture=neutral, PublicKeyToken=null'. Using the type defined in 'C:\Mac\Home\Documents\NinjaTrader 8\bin\Custom\Indicators\@SUM.cs'. [C:\Mac\Home\Documents\NinjaTrader 8\bin\Custom\NinjaTrader.Custom.csproj]
C:\Mac\Home\Documents\NinjaTrader 8\bin\Custom\Indicators\CBASTestingIndicator4.cs(212,17): warning CS0436: The type 'EMA' in 'C:\Mac\Home\Documents\NinjaTrader 8\bin\Custom\Indicators\@EMA.cs' conflicts with the imported type 'EMA' in 'NinjaTrader.Vendor, Version=8.1.6.0, Culture=neutral, PublicKeyToken=null'. Using the type defined in 'C:\Mac\Home\Documents\NinjaTrader 8\bin\Custom\Indicators\@EMA.cs'. [C:\Mac\Home\Documents\NinjaTrader 8\bin\Custom\NinjaTrader.Custom.csproj]
C:\Mac\Home\Documents\NinjaTrader 8\bin\Custom\Indicators\CBASTestingIndicator4.cs(214,17): warning CS0436: The type 'EMA' in 'C:\Mac\Home\Documents\NinjaTrader 8\bin\Custom\Indicators\@EMA.cs' conflicts with the imported type 'EMA' in 'NinjaTrader.Vendor, Version=8.1.6.0, Culture=neutral, PublicKeyToken=null'. Using the type defined in 'C:\Mac\Home\Documents\NinjaTrader 8\bin\Custom\Indicators\@EMA.cs'. [C:\Mac\Home\Documents\NinjaTrader 8\bin\Custom\NinjaTrader.Custom.csproj]
C:\Mac\Home\Documents\NinjaTrader 8\bin\Custom\Indicators\CBASTestingIndicator4.cs(215,17): warning CS0436: The type 'EMA' in 'C:\Mac\Home\Documents\NinjaTrader 8\bin\Custom\Indicators\@EMA.cs' conflicts with the imported type 'EMA' in 'NinjaTrader.Vendor, Version=8.1.6.0, Culture=neutral, PublicKeyToken=null'. Using the type defined in 'C:\Mac\Home\Documents\NinjaTrader 8\bin\Custom\Indicators\@EMA.cs'. [C:\Mac\Home\Documents\NinjaTrader 8\bin\Custom\NinjaTrader.Custom.csproj]
C:\Mac\Home\Documents\NinjaTrader 8\bin\Custom\Indicators\@UltimateOscillator.cs(31,11): warning CS0436: The type 'SUM' in 'C:\Mac\Home\Documents\NinjaTrader 8\bin\Custom\Indicators\@SUM.cs' conflicts with the imported type 'SUM' in 'NinjaTrader.Vendor, Version=8.1.6.0, Culture=neutral, PublicKeyToken=null'. Using the type defined in 'C:\Mac\Home\Documents\NinjaTrader 8\bin\Custom\Indicators\@SUM.cs'. [C:\Mac\Home\Documents\NinjaTrader 8\bin\Custom\NinjaTrader.Custom.csproj]
C:\Mac\Home\Documents\NinjaTrader 8\bin\Custom\Indicators\CBASTestingIndicator4.cs(219,17): warning CS0436: The type 'SMA' in 'C:\Mac\Home\Documents\NinjaTrader 8\bin\Custom\Indicators\@SMA.cs' conflicts with the imported type 'SMA' in 'NinjaTrader.Vendor, Version=8.1.6.0, Culture=neutral, PublicKeyToken=null'. Using the type defined in 'C:\Mac\Home\Documents\NinjaTrader 8\bin\Custom\Indicators\@SMA.cs'. [C:\Mac\Home\Documents\NinjaTrader 8\bin\Custom\NinjaTrader.Custom.csproj]
C:\Mac\Home\Documents\NinjaTrader 8\bin\Custom\Indicators\@VMA.cs(24,21): warning CS0436: The type 'Indicator' in 'C:\Mac\Home\Documents\NinjaTrader 8\bin\Custom\Indicators\@IchimokuCloud.cs' conflicts with the imported type 'Indicator' in 'NinjaTrader.Vendor, Version=8.1.6.0, Culture=neutral, PublicKeyToken=null'. Using the type defined in 'C:\Mac\Home\Documents\NinjaTrader 8\bin\Custom\Indicators\@IchimokuCloud.cs'. [C:\Mac\Home\Documents\NinjaTrader 8\bin\Custom\NinjaTrader.Custom.csproj]
C:\Mac\Home\Documents\NinjaTrader 8\bin\Custom\Indicators\CBASTestingIndicator3.cs(25,42): warning CS0436: The type 'Indicator' in 'C:\Mac\Home\Documents\NinjaTrader 8\bin\Custom\Indicators\@IchimokuCloud.cs' conflicts with the imported type 'Indicator' in 'NinjaTrader.Vendor, Version=8.1.6.0, Culture=neutral, PublicKeyToken=null'. Using the type defined in 'C:\Mac\Home\Documents\NinjaTrader 8\bin\Custom\Indicators\@IchimokuCloud.cs'. [C:\Mac\Home\Documents\NinjaTrader 8\bin\Custom\NinjaTrader.Custom.csproj]
C:\Mac\Home\Documents\NinjaTrader 8\bin\Custom\Indicators\CBASTestingIndicator3.cs(297,17): warning CS0436: The type 'SMA' in 'C:\Mac\Home\Documents\NinjaTrader 8\bin\Custom\Indicators\@SMA.cs' conflicts with the imported type 'SMA' in 'NinjaTrader.Vendor, Version=8.1.6.0, Culture=neutral, PublicKeyToken=null'. Using the type defined in 'C:\Mac\Home\Documents\NinjaTrader 8\bin\Custom\Indicators\@SMA.cs'. [C:\Mac\Home\Documents\NinjaTrader 8\bin\Custom\NinjaTrader.Custom.csproj]
C:\Mac\Home\Documents\NinjaTrader 8\bin\Custom\Indicators\CBASTestingIndicator3.cs(299,17): warning CS0436: The type 'EMA' in 'C:\Mac\Home\Documents\NinjaTrader 8\bin\Custom\Indicators\@EMA.cs' conflicts with the imported type 'EMA' in 'NinjaTrader.Vendor, Version=8.1.6.0, Culture=neutral, PublicKeyToken=null'. Using the type defined in 'C:\Mac\Home\Documents\NinjaTrader 8\bin\Custom\Indicators\@EMA.cs'. [C:\Mac\Home\Documents\NinjaTrader 8\bin\Custom\NinjaTrader.Custom.csproj]
C:\Mac\Home\Documents\NinjaTrader 8\bin\Custom\Indicators\CBASTestingIndicator3.cs(314,17): warning CS0436: The type 'EMA' in 'C:\Mac\Home\Documents\NinjaTrader 8\bin\Custom\Indicators\@EMA.cs' conflicts with the imported type 'EMA' in 'NinjaTrader.Vendor, Version=8.1.6.0, Culture=neutral, PublicKeyToken=null'. Using the type defined in 'C:\Mac\Home\Documents\NinjaTrader 8\bin\Custom\Indicators\@EMA.cs'. [C:\Mac\Home\Documents\NinjaTrader 8\bin\Custom\NinjaTrader.Custom.csproj]
C:\Mac\Home\Documents\NinjaTrader 8\bin\Custom\Indicators\CBASTestingIndicator3.cs(369,17): warning CS0436: The type 'EMA' in 'C:\Mac\Home\Documents\NinjaTrader 8\bin\Custom\Indicators\@EMA.cs' conflicts with the imported type 'EMA' in 'NinjaTrader.Vendor, Version=8.1.6.0, Culture=neutral, PublicKeyToken=null'. Using the type defined in 'C:\Mac\Home\Documents\NinjaTrader 8\bin\Custom\Indicators\@EMA.cs'. [C:\Mac\Home\Documents\NinjaTrader 8\bin\Custom\NinjaTrader.Custom.csproj]
C:\Mac\Home\Documents\NinjaTrader 8\bin\Custom\Indicators\CBASTestingIndicator3.cs(370,17): warning CS0436: The type 'EMA' in 'C:\Mac\Home\Documents\NinjaTrader 8\bin\Custom\Indicators\@EMA.cs' conflicts with the imported type 'EMA' in 'NinjaTrader.Vendor, Version=8.1.6.0, Culture=neutral, PublicKeyToken=null'. Using the type defined in 'C:\Mac\Home\Documents\NinjaTrader 8\bin\Custom\Indicators\@EMA.cs'. [C:\Mac\Home\Documents\NinjaTrader 8\bin\Custom\NinjaTrader.Custom.csproj]
C:\Mac\Home\Documents\NinjaTrader 8\bin\Custom\Indicators\CBASTestingIndicator3.cs(374,17): warning CS0436: The type 'EMA' in 'C:\Mac\Home\Documents\NinjaTrader 8\bin\Custom\Indicators\@EMA.cs' conflicts with the imported type 'EMA' in 'NinjaTrader.Vendor, Version=8.1.6.0, Culture=neutral, PublicKeyToken=null'. Using the type defined in 'C:\Mac\Home\Documents\NinjaTrader 8\bin\Custom\Indicators\@EMA.cs'. [C:\Mac\Home\Documents\NinjaTrader 8\bin\Custom\NinjaTrader.Custom.csproj]
C:\Mac\Home\Documents\NinjaTrader 8\bin\Custom\Indicators\CBASTestingIndicator3.cs(375,17): warning CS0436: The type 'EMA' in 'C:\Mac\Home\Documents\NinjaTrader 8\bin\Custom\Indicators\@EMA.cs' conflicts with the imported type 'EMA' in 'NinjaTrader.Vendor, Version=8.1.6.0, Culture=neutral, PublicKeyToken=null'. Using the type defined in 'C:\Mac\Home\Documents\NinjaTrader 8\bin\Custom\Indicators\@EMA.cs'. [C:\Mac\Home\Documents\NinjaTrader 8\bin\Custom\NinjaTrader.Custom.csproj]
C:\Mac\Home\Documents\NinjaTrader 8\bin\Custom\Indicators\CBASTestingIndicator3.cs(380,17): warning CS0436: The type 'SMA' in 'C:\Mac\Home\Documents\NinjaTrader 8\bin\Custom\Indicators\@SMA.cs' conflicts with the imported type 'SMA' in 'NinjaTrader.Vendor, Version=8.1.6.0, Culture=neutral, PublicKeyToken=null'. Using the type defined in 'C:\Mac\Home\Documents\NinjaTrader 8\bin\Custom\Indicators\@SMA.cs'. [C:\Mac\Home\Documents\NinjaTrader 8\bin\Custom\NinjaTrader.Custom.csproj]
C:\Mac\Home\Documents\NinjaTrader 8\bin\Custom\ChartStyles\@CandleStyle.cs(171,34): warning CS3021: 'CandleStyle.DojiBrushDX' does not need a CLSCompliant attribute because the assembly does not have a CLSCompliant attribute [C:\Mac\Home\Documents\NinjaTrader 8\bin\Custom\NinjaTrader.Custom.csproj]
C:\Mac\Home\Documents\NinjaTrader 8\bin\Custom\DrawingTools\@RegionHighlight.cs(429,15): warning CS3021: 'RegionHighlightY' does not need a CLSCompliant attribute because the assembly does not have a CLSCompliant attribute [C:\Mac\Home\Documents\NinjaTrader 8\bin\Custom\NinjaTrader.Custom.csproj]
C:\Mac\Home\Documents\NinjaTrader 8\bin\Custom\DrawingTools\@RegionHighlight.cs(408,15): warning CS3021: 'RegionHighlightX' does not need a CLSCompliant attribute because the assembly does not have a CLSCompliant attribute [C:\Mac\Home\Documents\NinjaTrader 8\bin\Custom\NinjaTrader.Custom.csproj]
C:\Mac\Home\Documents\NinjaTrader 8\bin\Custom\DrawingTools\@RegionHighlight.cs(29,24): warning CS3021: 'RegionHighlightBase' does not need a CLSCompliant attribute because the assembly does not have a CLSCompliant attribute [C:\Mac\Home\Documents\NinjaTrader 8\bin\Custom\NinjaTrader.Custom.csproj]
C:\Mac\Home\Documents\NinjaTrader 8\bin\Custom\ChartStyles\@HollowCandleStyle.cs(131,16): warning CS3021: 'HollowCandleStyle.DojiBrushDX' does not need a CLSCompliant attribute because the assembly does not have a CLSCompliant attribute [C:\Mac\Home\Documents\NinjaTrader 8\bin\Custom\NinjaTrader.Custom.csproj]
C:\Mac\Home\Documents\NinjaTrader 8\bin\Custom\DrawingTools\@ChartMarkers.cs(27,35): warning CS3021: 'ChartMarker.AreaDeviceBrush' does not need a CLSCompliant attribute because the assembly does not have a CLSCompliant attribute [C:\Mac\Home\Documents\NinjaTrader 8\bin\Custom\NinjaTrader.Custom.csproj]
C:\Mac\Home\Documents\NinjaTrader 8\bin\Custom\DrawingTools\@ChartMarkers.cs(30,35): warning CS3021: 'ChartMarker.OutlineDeviceBrush' does not need a CLSCompliant attribute because the assembly does not have a CLSCompliant attribute [C:\Mac\Home\Documents\NinjaTrader 8\bin\Custom\NinjaTrader.Custom.csproj]
C:\Mac\Home\Documents\NinjaTrader 8\bin\Custom\DrawingTools\@Lines.cs(116,46): warning CS3021: 'Line.ArrowPathGeometry' does not need a CLSCompliant attribute because the assembly does not have a CLSCompliant attribute [C:\Mac\Home\Documents\NinjaTrader 8\bin\Custom\NinjaTrader.Custom.csproj]
C:\Mac\Home\Documents\NinjaTrader 8\bin\Custom\DrawingTools\@Text.cs(32,44): warning CS3021: 'Text.cachedTextLayout' does not need a CLSCompliant attribute because the assembly does not have a CLSCompliant attribute [C:\Mac\Home\Documents\NinjaTrader 8\bin\Custom\NinjaTrader.Custom.csproj]
C:\Mac\Home\Documents\NinjaTrader 8\bin\Custom\DrawingTools\@RegionHighlight.cs(514,34): warning CS3021: 'Draw.RegionHighlightX(NinjaScriptBase, string, DateTime, DateTime, Brush)' does not need a CLSCompliant attribute because the assembly does not have a CLSCompliant attribute [C:\Mac\Home\Documents\NinjaTrader 8\bin\Custom\NinjaTrader.Custom.csproj]
C:\Mac\Home\Documents\NinjaTrader 8\bin\Custom\DrawingTools\@RegionHighlight.cs(527,34): warning CS3021: 'Draw.RegionHighlightX(NinjaScriptBase, string, int, int, Brush)' does not need a CLSCompliant attribute because the assembly does not have a CLSCompliant attribute [C:\Mac\Home\Documents\NinjaTrader 8\bin\Custom\NinjaTrader.Custom.csproj]
C:\Mac\Home\Documents\NinjaTrader 8\bin\Custom\DrawingTools\@RegionHighlight.cs(542,34): warning CS3021: 'Draw.RegionHighlightX(NinjaScriptBase, string, DateTime, DateTime, Brush, Brush, int)' does not need a CLSCompliant attribute because the assembly does not have a CLSCompliant attribute [C:\Mac\Home\Documents\NinjaTrader 8\bin\Custom\NinjaTrader.Custom.csproj]
C:\Mac\Home\Documents\NinjaTrader 8\bin\Custom\DrawingTools\@RegionHighlight.cs(557,34): warning CS3021: 'Draw.RegionHighlightX(NinjaScriptBase, string, int, int, Brush, Brush, int)' does not need a CLSCompliant attribute because the assembly does not have a CLSCompliant attribute [C:\Mac\Home\Documents\NinjaTrader 8\bin\Custom\NinjaTrader.Custom.csproj]
C:\Mac\Home\Documents\NinjaTrader 8\bin\Custom\DrawingTools\@RegionHighlight.cs(571,34): warning CS3021: 'Draw.RegionHighlightX(NinjaScriptBase, string, DateTime, DateTime, bool, string)' does not need a CLSCompliant attribute because the assembly does not have a CLSCompliant attribute [C:\Mac\Home\Documents\NinjaTrader 8\bin\Custom\NinjaTrader.Custom.csproj]
C:\Mac\Home\Documents\NinjaTrader 8\bin\Custom\DrawingTools\@RegionHighlight.cs(585,34): warning CS3021: 'Draw.RegionHighlightX(NinjaScriptBase, string, int, int, bool, string)' does not need a CLSCompliant attribute because the assembly does not have a CLSCompliant attribute [C:\Mac\Home\Documents\NinjaTrader 8\bin\Custom\NinjaTrader.Custom.csproj]
C:\Mac\Home\Documents\NinjaTrader 8\bin\Custom\DrawingTools\@RegionHighlight.cs(598,34): warning CS3021: 'Draw.RegionHighlightY(NinjaScriptBase, string, double, double, Brush)' does not need a CLSCompliant attribute because the assembly does not have a CLSCompliant attribute [C:\Mac\Home\Documents\NinjaTrader 8\bin\Custom\NinjaTrader.Custom.csproj]
C:\Mac\Home\Documents\NinjaTrader 8\bin\Custom\DrawingTools\@RegionHighlight.cs(614,34): warning CS3021: 'Draw.RegionHighlightY(NinjaScriptBase, string, bool, double, double, Brush, Brush, int)' does not need a CLSCompliant attribute because the assembly does not have a CLSCompliant attribute [C:\Mac\Home\Documents\NinjaTrader 8\bin\Custom\NinjaTrader.Custom.csproj]
C:\Mac\Home\Documents\NinjaTrader 8\bin\Custom\DrawingTools\@RegionHighlight.cs(628,34): warning CS3021: 'Draw.RegionHighlightY(NinjaScriptBase, string, double, double, bool, string)' does not need a CLSCompliant attribute because the assembly does not have a CLSCompliant attribute [C:\Mac\Home\Documents\NinjaTrader 8\bin\Custom\NinjaTrader.Custom.csproj]
C:\Mac\Home\Documents\NinjaTrader 8\bin\Custom\Strategies\AiAssistedOptimizer.cs(112,13): warning CS0436: The type 'Draw' in 'C:\Mac\Home\Documents\NinjaTrader 8\bin\Custom\DrawingTools\@AndrewsPitchfork.cs' conflicts with the imported type 'Draw' in 'NinjaTrader.Vendor, Version=8.1.6.0, Culture=neutral, PublicKeyToken=null'. Using the type defined in 'C:\Mac\Home\Documents\NinjaTrader 8\bin\Custom\DrawingTools\@AndrewsPitchfork.cs'. [C:\Mac\Home\Documents\NinjaTrader 8\bin\Custom\NinjaTrader.Custom.csproj]
C:\Mac\Home\Documents\NinjaTrader 8\bin\Custom\Strategies\AiAssistedOptimizer.cs(116,17): warning CS0436: The type 'TextPosition' in 'C:\Mac\Home\Documents\NinjaTrader 8\bin\Custom\DrawingTools\@Text.cs' conflicts with the imported type 'TextPosition' in 'NinjaTrader.Vendor, Version=8.1.6.0, Culture=neutral, PublicKeyToken=null'. Using the type defined in 'C:\Mac\Home\Documents\NinjaTrader 8\bin\Custom\DrawingTools\@Text.cs'. [C:\Mac\Home\Documents\NinjaTrader 8\bin\Custom\NinjaTrader.Custom.csproj]
C:\Mac\Home\Documents\NinjaTrader 8\bin\Custom\Indicators\SecondsLeftOnBar.cs(40,17): warning CS0436: The type 'Draw' in 'C:\Mac\Home\Documents\NinjaTrader 8\bin\Custom\DrawingTools\@AndrewsPitchfork.cs' conflicts with the imported type 'Draw' in 'NinjaTrader.Vendor, Version=8.1.6.0, Culture=neutral, PublicKeyToken=null'. Using the type defined in 'C:\Mac\Home\Documents\NinjaTrader 8\bin\Custom\DrawingTools\@AndrewsPitchfork.cs'. [C:\Mac\Home\Documents\NinjaTrader 8\bin\Custom\NinjaTrader.Custom.csproj]
C:\Mac\Home\Documents\NinjaTrader 8\bin\Custom\Indicators\SecondsLeftOnBar.cs(59,13): warning CS0436: The type 'Draw' in 'C:\Mac\Home\Documents\NinjaTrader 8\bin\Custom\DrawingTools\@AndrewsPitchfork.cs' conflicts with the imported type 'Draw' in 'NinjaTrader.Vendor, Version=8.1.6.0, Culture=neutral, PublicKeyToken=null'. Using the type defined in 'C:\Mac\Home\Documents\NinjaTrader 8\bin\Custom\DrawingTools\@AndrewsPitchfork.cs'. [C:\Mac\Home\Documents\NinjaTrader 8\bin\Custom\NinjaTrader.Custom.csproj]
C:\Mac\Home\Documents\NinjaTrader 8\bin\Custom\Strategies\BarsOnTheFlow.cs(49,23): error CS1061: 'Bars' does not contain a definition for 'IsFirstTickOfBar' and no accessible extension method 'IsFirstTickOfBar' accepting a first argument of type 'Bars' could be found (are you missing a using directive or an assembly reference?) [C:\Mac\Home\Documents\NinjaTrader 8\bin\Custom\NinjaTrader.Custom.csproj]
C:\Mac\Home\Documents\NinjaTrader 8\bin\Custom\Indicators\CBASTestingIndicator3.cs(533,32): warning CS0436: The type 'EMA' in 'C:\Mac\Home\Documents\NinjaTrader 8\bin\Custom\Indicators\@EMA.cs' conflicts with the imported type 'EMA' in 'NinjaTrader.Vendor, Version=8.1.6.0, Culture=neutral, PublicKeyToken=null'. Using the type defined in 'C:\Mac\Home\Documents\NinjaTrader 8\bin\Custom\Indicators\@EMA.cs'. [C:\Mac\Home\Documents\NinjaTrader 8\bin\Custom\NinjaTrader.Custom.csproj]
C:\Mac\Home\Documents\NinjaTrader 8\bin\Custom\Indicators\@CurrentDayOHL.cs(145,26): warning CS0436: The type 'CurrentDayOHL' in 'C:\Mac\Home\Documents\NinjaTrader 8\bin\Custom\Indicators\@CurrentDayOHL.cs' conflicts with the imported type 'CurrentDayOHL' in 'NinjaTrader.Vendor, Version=8.1.6.0, Culture=neutral, PublicKeyToken=null'. Using the type defined in 'C:\Mac\Home\Documents\NinjaTrader 8\bin\Custom\Indicators\@CurrentDayOHL.cs'. [C:\Mac\Home\Documents\NinjaTrader 8\bin\Custom\NinjaTrader.Custom.csproj]
C:\Mac\Home\Documents\NinjaTrader 8\bin\Custom\Indicators\@CurrentDayOHL.cs(145,45): warning CS0436: The type 'CurrentDayOHL' in 'C:\Mac\Home\Documents\NinjaTrader 8\bin\Custom\Indicators\@CurrentDayOHL.cs' conflicts with the imported type 'CurrentDayOHL' in 'NinjaTrader.Vendor, Version=8.1.6.0, Culture=neutral, PublicKeyToken=null'. Using the type defined in 'C:\Mac\Home\Documents\NinjaTrader 8\bin\Custom\Indicators\@CurrentDayOHL.cs'. [C:\Mac\Home\Documents\NinjaTrader 8\bin\Custom\NinjaTrader.Custom.csproj]
C:\Mac\Home\Documents\NinjaTrader 8\bin\Custom\MarketAnalyzerColumns\@MarketAnalyzerColumn.cs(36,49): warning CS0436: The type 'Indicator' in 'C:\Mac\Home\Documents\NinjaTrader 8\bin\Custom\Indicators\@IchimokuCloud.cs' conflicts with the imported type 'Indicator' in 'NinjaTrader.Vendor, Version=8.1.6.0, Culture=neutral, PublicKeyToken=null'. Using the type defined in 'C:\Mac\Home\Documents\NinjaTrader 8\bin\Custom\Indicators\@IchimokuCloud.cs'. [C:\Mac\Home\Documents\NinjaTrader 8\bin\Custom\NinjaTrader.Custom.csproj]
C:\Mac\Home\Documents\NinjaTrader 8\bin\Custom\Indicators\@EMA.cs(70,26): warning CS0436: The type 'EMA' in 'C:\Mac\Home\Documents\NinjaTrader 8\bin\Custom\Indicators\@EMA.cs' conflicts with the imported type 'EMA' in 'NinjaTrader.Vendor, Version=8.1.6.0, Culture=neutral, PublicKeyToken=null'. Using the type defined in 'C:\Mac\Home\Documents\NinjaTrader 8\bin\Custom\Indicators\@EMA.cs'. [C:\Mac\Home\Documents\NinjaTrader 8\bin\Custom\NinjaTrader.Custom.csproj]
C:\Mac\Home\Documents\NinjaTrader 8\bin\Custom\Indicators\@EMA.cs(70,35): warning CS0436: The type 'EMA' in 'C:\Mac\Home\Documents\NinjaTrader 8\bin\Custom\Indicators\@EMA.cs' conflicts with the imported type 'EMA' in 'NinjaTrader.Vendor, Version=8.1.6.0, Culture=neutral, PublicKeyToken=null'. Using the type defined in 'C:\Mac\Home\Documents\NinjaTrader 8\bin\Custom\Indicators\@EMA.cs'. [C:\Mac\Home\Documents\NinjaTrader 8\bin\Custom\NinjaTrader.Custom.csproj]
C:\Mac\Home\Documents\NinjaTrader 8\bin\Custom\Indicators\@LinReg.cs(115,26): warning CS0436: The type 'LinReg' in 'C:\Mac\Home\Documents\NinjaTrader 8\bin\Custom\Indicators\@LinReg.cs' conflicts with the imported type 'LinReg' in 'NinjaTrader.Vendor, Version=8.1.6.0, Culture=neutral, PublicKeyToken=null'. Using the type defined in 'C:\Mac\Home\Documents\NinjaTrader 8\bin\Custom\Indicators\@LinReg.cs'. [C:\Mac\Home\Documents\NinjaTrader 8\bin\Custom\NinjaTrader.Custom.csproj]
C:\Mac\Home\Documents\NinjaTrader 8\bin\Custom\Indicators\@LinReg.cs(115,38): warning CS0436: The type 'LinReg' in 'C:\Mac\Home\Documents\NinjaTrader 8\bin\Custom\Indicators\@LinReg.cs' conflicts with the imported type 'LinReg' in 'NinjaTrader.Vendor, Version=8.1.6.0, Culture=neutral, PublicKeyToken=null'. Using the type defined in 'C:\Mac\Home\Documents\NinjaTrader 8\bin\Custom\Indicators\@LinReg.cs'. [C:\Mac\Home\Documents\NinjaTrader 8\bin\Custom\NinjaTrader.Custom.csproj]
C:\Mac\Home\Documents\NinjaTrader 8\bin\Custom\Indicators\@SMA.cs(92,26): warning CS0436: The type 'SMA' in 'C:\Mac\Home\Documents\NinjaTrader 8\bin\Custom\Indicators\@SMA.cs' conflicts with the imported type 'SMA' in 'NinjaTrader.Vendor, Version=8.1.6.0, Culture=neutral, PublicKeyToken=null'. Using the type defined in 'C:\Mac\Home\Documents\NinjaTrader 8\bin\Custom\Indicators\@SMA.cs'. [C:\Mac\Home\Documents\NinjaTrader 8\bin\Custom\NinjaTrader.Custom.csproj]
C:\Mac\Home\Documents\NinjaTrader 8\bin\Custom\Indicators\@SMA.cs(92,35): warning CS0436: The type 'SMA' in 'C:\Mac\Home\Documents\NinjaTrader 8\bin\Custom\Indicators\@SMA.cs' conflicts with the imported type 'SMA' in 'NinjaTrader.Vendor, Version=8.1.6.0, Culture=neutral, PublicKeyToken=null'. Using the type defined in 'C:\Mac\Home\Documents\NinjaTrader 8\bin\Custom\Indicators\@SMA.cs'. [C:\Mac\Home\Documents\NinjaTrader 8\bin\Custom\NinjaTrader.Custom.csproj]
C:\Mac\Home\Documents\NinjaTrader 8\bin\Custom\Strategies\WebTrendFollower.cs(547,21): warning CS0436: The type 'Draw' in 'C:\Mac\Home\Documents\NinjaTrader 8\bin\Custom\DrawingTools\@AndrewsPitchfork.cs' conflicts with the imported type 'Draw' in 'NinjaTrader.Vendor, Version=8.1.6.0, Culture=neutral, PublicKeyToken=null'. Using the type defined in 'C:\Mac\Home\Documents\NinjaTrader 8\bin\Custom\DrawingTools\@AndrewsPitchfork.cs'. [C:\Mac\Home\Documents\NinjaTrader 8\bin\Custom\NinjaTrader.Custom.csproj]
C:\Mac\Home\Documents\NinjaTrader 8\bin\Custom\Strategies\WebTrendFollower.cs(552,21): warning CS0436: The type 'Draw' in 'C:\Mac\Home\Documents\NinjaTrader 8\bin\Custom\DrawingTools\@AndrewsPitchfork.cs' conflicts with the imported type 'Draw' in 'NinjaTrader.Vendor, Version=8.1.6.0, Culture=neutral, PublicKeyToken=null'. Using the type defined in 'C:\Mac\Home\Documents\NinjaTrader 8\bin\Custom\DrawingTools\@AndrewsPitchfork.cs'. [C:\Mac\Home\Documents\NinjaTrader 8\bin\Custom\NinjaTrader.Custom.csproj]
C:\Mac\Home\Documents\NinjaTrader 8\bin\Custom\Indicators\@SUM.cs(59,26): warning CS0436: The type 'SUM' in 'C:\Mac\Home\Documents\NinjaTrader 8\bin\Custom\Indicators\@SUM.cs' conflicts with the imported type 'SUM' in 'NinjaTrader.Vendor, Version=8.1.6.0, Culture=neutral, PublicKeyToken=null'. Using the type defined in 'C:\Mac\Home\Documents\NinjaTrader 8\bin\Custom\Indicators\@SUM.cs'. [C:\Mac\Home\Documents\NinjaTrader 8\bin\Custom\NinjaTrader.Custom.csproj]
C:\Mac\Home\Documents\NinjaTrader 8\bin\Custom\Indicators\@SUM.cs(59,35): warning CS0436: The type 'SUM' in 'C:\Mac\Home\Documents\NinjaTrader 8\bin\Custom\Indicators\@SUM.cs' conflicts with the imported type 'SUM' in 'NinjaTrader.Vendor, Version=8.1.6.0, Culture=neutral, PublicKeyToken=null'. Using the type defined in 'C:\Mac\Home\Documents\NinjaTrader 8\bin\Custom\Indicators\@SUM.cs'. [C:\Mac\Home\Documents\NinjaTrader 8\bin\Custom\NinjaTrader.Custom.csproj]
C:\Mac\Home\Documents\NinjaTrader 8\bin\Custom\Indicators\@Swing.cs(390,26): warning CS0436: The type 'Swing' in 'C:\Mac\Home\Documents\NinjaTrader 8\bin\Custom\Indicators\@Swing.cs' conflicts with the imported type 'Swing' in 'NinjaTrader.Vendor, Version=8.1.6.0, Culture=neutral, PublicKeyToken=null'. Using the type defined in 'C:\Mac\Home\Documents\NinjaTrader 8\bin\Custom\Indicators\@Swing.cs'. [C:\Mac\Home\Documents\NinjaTrader 8\bin\Custom\NinjaTrader.Custom.csproj]
C:\Mac\Home\Documents\NinjaTrader 8\bin\Custom\Indicators\@Swing.cs(390,37): warning CS0436: The type 'Swing' in 'C:\Mac\Home\Documents\NinjaTrader 8\bin\Custom\Indicators\@Swing.cs' conflicts with the imported type 'Swing' in 'NinjaTrader.Vendor, Version=8.1.6.0, Culture=neutral, PublicKeyToken=null'. Using the type defined in 'C:\Mac\Home\Documents\NinjaTrader 8\bin\Custom\Indicators\@Swing.cs'. [C:\Mac\Home\Documents\NinjaTrader 8\bin\Custom\NinjaTrader.Custom.csproj]
C:\Mac\Home\Documents\NinjaTrader 8\bin\Custom\Indicators\CBASTestingIndicator3.cs(1557,17): warning CS0436: The type 'Draw' in 'C:\Mac\Home\Documents\NinjaTrader 8\bin\Custom\DrawingTools\@AndrewsPitchfork.cs' conflicts with the imported type 'Draw' in 'NinjaTrader.Vendor, Version=8.1.6.0, Culture=neutral, PublicKeyToken=null'. Using the type defined in 'C:\Mac\Home\Documents\NinjaTrader 8\bin\Custom\DrawingTools\@AndrewsPitchfork.cs'. [C:\Mac\Home\Documents\NinjaTrader 8\bin\Custom\NinjaTrader.Custom.csproj]
C:\Mac\Home\Documents\NinjaTrader 8\bin\Custom\Indicators\CBASTestingIndicator3.cs(1565,17): warning CS0436: The type 'Draw' in 'C:\Mac\Home\Documents\NinjaTrader 8\bin\Custom\DrawingTools\@AndrewsPitchfork.cs' conflicts with the imported type 'Draw' in 'NinjaTrader.Vendor, Version=8.1.6.0, Culture=neutral, PublicKeyToken=null'. Using the type defined in 'C:\Mac\Home\Documents\NinjaTrader 8\bin\Custom\DrawingTools\@AndrewsPitchfork.cs'. [C:\Mac\Home\Documents\NinjaTrader 8\bin\Custom\NinjaTrader.Custom.csproj]
C:\Mac\Home\Documents\NinjaTrader 8\bin\Custom\Indicators\CBASTestingIndicator3.cs(1600,17): warning CS0436: The type 'Draw' in 'C:\Mac\Home\Documents\NinjaTrader 8\bin\Custom\DrawingTools\@AndrewsPitchfork.cs' conflicts with the imported type 'Draw' in 'NinjaTrader.Vendor, Version=8.1.6.0, Culture=neutral, PublicKeyToken=null'. Using the type defined in 'C:\Mac\Home\Documents\NinjaTrader 8\bin\Custom\DrawingTools\@AndrewsPitchfork.cs'. [C:\Mac\Home\Documents\NinjaTrader 8\bin\Custom\NinjaTrader.Custom.csproj]
C:\Mac\Home\Documents\NinjaTrader 8\bin\Custom\Indicators\CBASTestingIndicator3.cs(1608,17): warning CS0436: The type 'Draw' in 'C:\Mac\Home\Documents\NinjaTrader 8\bin\Custom\DrawingTools\@AndrewsPitchfork.cs' conflicts with the imported type 'Draw' in 'NinjaTrader.Vendor, Version=8.1.6.0, Culture=neutral, PublicKeyToken=null'. Using the type defined in 'C:\Mac\Home\Documents\NinjaTrader 8\bin\Custom\DrawingTools\@AndrewsPitchfork.cs'. [C:\Mac\Home\Documents\NinjaTrader 8\bin\Custom\NinjaTrader.Custom.csproj]
C:\Mac\Home\Documents\NinjaTrader 8\bin\Custom\Indicators\CBASTestingIndicator3.cs(1683,21): warning CS0436: The type 'Draw' in 'C:\Mac\Home\Documents\NinjaTrader 8\bin\Custom\DrawingTools\@AndrewsPitchfork.cs' conflicts with the imported type 'Draw' in 'NinjaTrader.Vendor, Version=8.1.6.0, Culture=neutral, PublicKeyToken=null'. Using the type defined in 'C:\Mac\Home\Documents\NinjaTrader 8\bin\Custom\DrawingTools\@AndrewsPitchfork.cs'. [C:\Mac\Home\Documents\NinjaTrader 8\bin\Custom\NinjaTrader.Custom.csproj]
C:\Mac\Home\Documents\NinjaTrader 8\bin\Custom\Indicators\CBASTestingIndicator3.cs(1686,21): warning CS0436: The type 'Draw' in 'C:\Mac\Home\Documents\NinjaTrader 8\bin\Custom\DrawingTools\@AndrewsPitchfork.cs' conflicts with the imported type 'Draw' in 'NinjaTrader.Vendor, Version=8.1.6.0, Culture=neutral, PublicKeyToken=null'. Using the type defined in 'C:\Mac\Home\Documents\NinjaTrader 8\bin\Custom\DrawingTools\@AndrewsPitchfork.cs'. [C:\Mac\Home\Documents\NinjaTrader 8\bin\Custom\NinjaTrader.Custom.csproj]
C:\Mac\Home\Documents\NinjaTrader 8\bin\Custom\Strategies\BareOhlcLogger.cs(287,17): warning CS0436: The type 'Draw' in 'C:\Mac\Home\Documents\NinjaTrader 8\bin\Custom\DrawingTools\@AndrewsPitchfork.cs' conflicts with the imported type 'Draw' in 'NinjaTrader.Vendor, Version=8.1.6.0, Culture=neutral, PublicKeyToken=null'. Using the type defined in 'C:\Mac\Home\Documents\NinjaTrader 8\bin\Custom\DrawingTools\@AndrewsPitchfork.cs'. [C:\Mac\Home\Documents\NinjaTrader 8\bin\Custom\NinjaTrader.Custom.csproj]
C:\Mac\Home\Documents\NinjaTrader 8\bin\Custom\Strategies\GradientSlopeStrategy.cs(117,44): warning CS0436: The type 'TextPosition' in 'C:\Mac\Home\Documents\NinjaTrader 8\bin\Custom\DrawingTools\@Text.cs' conflicts with the imported type 'TextPosition' in 'NinjaTrader.Vendor, Version=8.1.6.0, Culture=neutral, PublicKeyToken=null'. Using the type defined in 'C:\Mac\Home\Documents\NinjaTrader 8\bin\Custom\DrawingTools\@Text.cs'. [C:\Mac\Home\Documents\NinjaTrader 8\bin\Custom\NinjaTrader.Custom.csproj]
C:\Mac\Home\Documents\NinjaTrader 8\bin\Custom\DrawingTools\@ChartMarkers.cs(637,23): warning CS0436: The type 'ArrowDown' in 'C:\Mac\Home\Documents\NinjaTrader 8\bin\Custom\DrawingTools\@ChartMarkers.cs' conflicts with the imported type 'ArrowDown' in 'NinjaTrader.Vendor, Version=8.1.6.0, Culture=neutral, PublicKeyToken=null'. Using the type defined in 'C:\Mac\Home\Documents\NinjaTrader 8\bin\Custom\DrawingTools\@ChartMarkers.cs'. [C:\Mac\Home\Documents\NinjaTrader 8\bin\Custom\NinjaTrader.Custom.csproj]
C:\Mac\Home\Documents\NinjaTrader 8\bin\Custom\DrawingTools\@ChartMarkers.cs(650,23): warning CS0436: The type 'ArrowDown' in 'C:\Mac\Home\Documents\NinjaTrader 8\bin\Custom\DrawingTools\@ChartMarkers.cs' conflicts with the imported type 'ArrowDown' in 'NinjaTrader.Vendor, Version=8.1.6.0, Culture=neutral, PublicKeyToken=null'. Using the type defined in 'C:\Mac\Home\Documents\NinjaTrader 8\bin\Custom\DrawingTools\@ChartMarkers.cs'. [C:\Mac\Home\Documents\NinjaTrader 8\bin\Custom\NinjaTrader.Custom.csproj]
C:\Mac\Home\Documents\NinjaTrader 8\bin\Custom\DrawingTools\@ChartMarkers.cs(664,88): warning CS0436: The type 'ArrowDown' in 'C:\Mac\Home\Documents\NinjaTrader 8\bin\Custom\DrawingTools\@ChartMarkers.cs' conflicts with the imported type 'ArrowDown' in 'NinjaTrader.Vendor, Version=8.1.6.0, Culture=neutral, PublicKeyToken=null'. Using the type defined in 'C:\Mac\Home\Documents\NinjaTrader 8\bin\Custom\DrawingTools\@ChartMarkers.cs'. [C:\Mac\Home\Documents\NinjaTrader 8\bin\Custom\NinjaTrader.Custom.csproj]
C:\Mac\Home\Documents\NinjaTrader 8\bin\Custom\DrawingTools\@ChartMarkers.cs(678,88): warning CS0436: The type 'ArrowDown' in 'C:\Mac\Home\Documents\NinjaTrader 8\bin\Custom\DrawingTools\@ChartMarkers.cs' conflicts with the imported type 'ArrowDown' in 'NinjaTrader.Vendor, Version=8.1.6.0, Culture=neutral, PublicKeyToken=null'. Using the type defined in 'C:\Mac\Home\Documents\NinjaTrader 8\bin\Custom\DrawingTools\@ChartMarkers.cs'. [C:\Mac\Home\Documents\NinjaTrader 8\bin\Custom\NinjaTrader.Custom.csproj]
C:\Mac\Home\Documents\NinjaTrader 8\bin\Custom\DrawingTools\@ChartMarkers.cs(692,23): warning CS0436: The type 'ArrowDown' in 'C:\Mac\Home\Documents\NinjaTrader 8\bin\Custom\DrawingTools\@ChartMarkers.cs' conflicts with the imported type 'ArrowDown' in 'NinjaTrader.Vendor, Version=8.1.6.0, Culture=neutral, PublicKeyToken=null'. Using the type defined in 'C:\Mac\Home\Documents\NinjaTrader 8\bin\Custom\DrawingTools\@ChartMarkers.cs'. [C:\Mac\Home\Documents\NinjaTrader 8\bin\Custom\NinjaTrader.Custom.csproj]
C:\Mac\Home\Documents\NinjaTrader 8\bin\Custom\DrawingTools\@ChartMarkers.cs(706,23): warning CS0436: The type 'ArrowDown' in 'C:\Mac\Home\Documents\NinjaTrader 8\bin\Custom\DrawingTools\@ChartMarkers.cs' conflicts with the imported type 'ArrowDown' in 'NinjaTrader.Vendor, Version=8.1.6.0, Culture=neutral, PublicKeyToken=null'. Using the type defined in 'C:\Mac\Home\Documents\NinjaTrader 8\bin\Custom\DrawingTools\@ChartMarkers.cs'. [C:\Mac\Home\Documents\NinjaTrader 8\bin\Custom\NinjaTrader.Custom.csproj]
C:\Mac\Home\Documents\NinjaTrader 8\bin\Custom\DrawingTools\@ChartMarkers.cs(720,23): warning CS0436: The type 'ArrowUp' in 'C:\Mac\Home\Documents\NinjaTrader 8\bin\Custom\DrawingTools\@ChartMarkers.cs' conflicts with the imported type 'ArrowUp' in 'NinjaTrader.Vendor, Version=8.1.6.0, Culture=neutral, PublicKeyToken=null'. Using the type defined in 'C:\Mac\Home\Documents\NinjaTrader 8\bin\Custom\DrawingTools\@ChartMarkers.cs'. [C:\Mac\Home\Documents\NinjaTrader 8\bin\Custom\NinjaTrader.Custom.csproj]
C:\Mac\Home\Documents\NinjaTrader 8\bin\Custom\DrawingTools\@ChartMarkers.cs(733,23): warning CS0436: The type 'ArrowUp' in 'C:\Mac\Home\Documents\NinjaTrader 8\bin\Custom\DrawingTools\@ChartMarkers.cs' conflicts with the imported type 'ArrowUp' in 'NinjaTrader.Vendor, Version=8.1.6.0, Culture=neutral, PublicKeyToken=null'. Using the type defined in 'C:\Mac\Home\Documents\NinjaTrader 8\bin\Custom\DrawingTools\@ChartMarkers.cs'. [C:\Mac\Home\Documents\NinjaTrader 8\bin\Custom\NinjaTrader.Custom.csproj]
C:\Mac\Home\Documents\NinjaTrader 8\bin\Custom\DrawingTools\@ChartMarkers.cs(747,88): warning CS0436: The type 'ArrowUp' in 'C:\Mac\Home\Documents\NinjaTrader 8\bin\Custom\DrawingTools\@ChartMarkers.cs' conflicts with the imported type 'ArrowUp' in 'NinjaTrader.Vendor, Version=8.1.6.0, Culture=neutral, PublicKeyToken=null'. Using the type defined in 'C:\Mac\Home\Documents\NinjaTrader 8\bin\Custom\DrawingTools\@ChartMarkers.cs'. [C:\Mac\Home\Documents\NinjaTrader 8\bin\Custom\NinjaTrader.Custom.csproj]
C:\Mac\Home\Documents\NinjaTrader 8\bin\Custom\DrawingTools\@ChartMarkers.cs(761,88): warning CS0436: The type 'ArrowUp' in 'C:\Mac\Home\Documents\NinjaTrader 8\bin\Custom\DrawingTools\@ChartMarkers.cs' conflicts with the imported type 'ArrowUp' in 'NinjaTrader.Vendor, Version=8.1.6.0, Culture=neutral, PublicKeyToken=null'. Using the type defined in 'C:\Mac\Home\Documents\NinjaTrader 8\bin\Custom\DrawingTools\@ChartMarkers.cs'. [C:\Mac\Home\Documents\NinjaTrader 8\bin\Custom\NinjaTrader.Custom.csproj]
C:\Mac\Home\Documents\NinjaTrader 8\bin\Custom\DrawingTools\@ChartMarkers.cs(775,23): warning CS0436: The type 'ArrowUp' in 'C:\Mac\Home\Documents\NinjaTrader 8\bin\Custom\DrawingTools\@ChartMarkers.cs' conflicts with the imported type 'ArrowUp' in 'NinjaTrader.Vendor, Version=8.1.6.0, Culture=neutral, PublicKeyToken=null'. Using the type defined in 'C:\Mac\Home\Documents\NinjaTrader 8\bin\Custom\DrawingTools\@ChartMarkers.cs'. [C:\Mac\Home\Documents\NinjaTrader 8\bin\Custom\NinjaTrader.Custom.csproj]
C:\Mac\Home\Documents\NinjaTrader 8\bin\Custom\DrawingTools\@ChartMarkers.cs(789,23): warning CS0436: The type 'ArrowUp' in 'C:\Mac\Home\Documents\NinjaTrader 8\bin\Custom\DrawingTools\@ChartMarkers.cs' conflicts with the imported type 'ArrowUp' in 'NinjaTrader.Vendor, Version=8.1.6.0, Culture=neutral, PublicKeyToken=null'. Using the type defined in 'C:\Mac\Home\Documents\NinjaTrader 8\bin\Custom\DrawingTools\@ChartMarkers.cs'. [C:\Mac\Home\Documents\NinjaTrader 8\bin\Custom\NinjaTrader.Custom.csproj]
C:\Mac\Home\Documents\NinjaTrader 8\bin\Custom\DrawingTools\@ChartMarkers.cs(803,23): warning CS0436: The type 'Diamond' in 'C:\Mac\Home\Documents\NinjaTrader 8\bin\Custom\DrawingTools\@ChartMarkers.cs' conflicts with the imported type 'Diamond' in 'NinjaTrader.Vendor, Version=8.1.6.0, Culture=neutral, PublicKeyToken=null'. Using the type defined in 'C:\Mac\Home\Documents\NinjaTrader 8\bin\Custom\DrawingTools\@ChartMarkers.cs'. [C:\Mac\Home\Documents\NinjaTrader 8\bin\Custom\NinjaTrader.Custom.csproj]
C:\Mac\Home\Documents\NinjaTrader 8\bin\Custom\DrawingTools\@ChartMarkers.cs(816,23): warning CS0436: The type 'Diamond' in 'C:\Mac\Home\Documents\NinjaTrader 8\bin\Custom\DrawingTools\@ChartMarkers.cs' conflicts with the imported type 'Diamond' in 'NinjaTrader.Vendor, Version=8.1.6.0, Culture=neutral, PublicKeyToken=null'. Using the type defined in 'C:\Mac\Home\Documents\NinjaTrader 8\bin\Custom\DrawingTools\@ChartMarkers.cs'. [C:\Mac\Home\Documents\NinjaTrader 8\bin\Custom\NinjaTrader.Custom.csproj]
C:\Mac\Home\Documents\NinjaTrader 8\bin\Custom\DrawingTools\@ChartMarkers.cs(830,88): warning CS0436: The type 'Diamond' in 'C:\Mac\Home\Documents\NinjaTrader 8\bin\Custom\DrawingTools\@ChartMarkers.cs' conflicts with the imported type 'Diamond' in 'NinjaTrader.Vendor, Version=8.1.6.0, Culture=neutral, PublicKeyToken=null'. Using the type defined in 'C:\Mac\Home\Documents\NinjaTrader 8\bin\Custom\DrawingTools\@ChartMarkers.cs'. [C:\Mac\Home\Documents\NinjaTrader 8\bin\Custom\NinjaTrader.Custom.csproj]
C:\Mac\Home\Documents\NinjaTrader 8\bin\Custom\DrawingTools\@ChartMarkers.cs(844,88): warning CS0436: The type 'Diamond' in 'C:\Mac\Home\Documents\NinjaTrader 8\bin\Custom\DrawingTools\@ChartMarkers.cs' conflicts with the imported type 'Diamond' in 'NinjaTrader.Vendor, Version=8.1.6.0, Culture=neutral, PublicKeyToken=null'. Using the type defined in 'C:\Mac\Home\Documents\NinjaTrader 8\bin\Custom\DrawingTools\@ChartMarkers.cs'. [C:\Mac\Home\Documents\NinjaTrader 8\bin\Custom\NinjaTrader.Custom.csproj]
C:\Mac\Home\Documents\NinjaTrader 8\bin\Custom\DrawingTools\@ChartMarkers.cs(858,23): warning CS0436: The type 'Diamond' in 'C:\Mac\Home\Documents\NinjaTrader 8\bin\Custom\DrawingTools\@ChartMarkers.cs' conflicts with the imported type 'Diamond' in 'NinjaTrader.Vendor, Version=8.1.6.0, Culture=neutral, PublicKeyToken=null'. Using the type defined in 'C:\Mac\Home\Documents\NinjaTrader 8\bin\Custom\DrawingTools\@ChartMarkers.cs'. [C:\Mac\Home\Documents\NinjaTrader 8\bin\Custom\NinjaTrader.Custom.csproj]
C:\Mac\Home\Documents\NinjaTrader 8\bin\Custom\DrawingTools\@ChartMarkers.cs(872,23): warning CS0436: The type 'Diamond' in 'C:\Mac\Home\Documents\NinjaTrader 8\bin\Custom\DrawingTools\@ChartMarkers.cs' conflicts with the imported type 'Diamond' in 'NinjaTrader.Vendor, Version=8.1.6.0, Culture=neutral, PublicKeyToken=null'. Using the type defined in 'C:\Mac\Home\Documents\NinjaTrader 8\bin\Custom\DrawingTools\@ChartMarkers.cs'. [C:\Mac\Home\Documents\NinjaTrader 8\bin\Custom\NinjaTrader.Custom.csproj]
C:\Mac\Home\Documents\NinjaTrader 8\bin\Custom\DrawingTools\@ChartMarkers.cs(886,23): warning CS0436: The type 'Dot' in 'C:\Mac\Home\Documents\NinjaTrader 8\bin\Custom\DrawingTools\@ChartMarkers.cs' conflicts with the imported type 'Dot' in 'NinjaTrader.Vendor, Version=8.1.6.0, Culture=neutral, PublicKeyToken=null'. Using the type defined in 'C:\Mac\Home\Documents\NinjaTrader 8\bin\Custom\DrawingTools\@ChartMarkers.cs'. [C:\Mac\Home\Documents\NinjaTrader 8\bin\Custom\NinjaTrader.Custom.csproj]
C:\Mac\Home\Documents\NinjaTrader 8\bin\Custom\DrawingTools\@ChartMarkers.cs(899,23): warning CS0436: The type 'Dot' in 'C:\Mac\Home\Documents\NinjaTrader 8\bin\Custom\DrawingTools\@ChartMarkers.cs' conflicts with the imported type 'Dot' in 'NinjaTrader.Vendor, Version=8.1.6.0, Culture=neutral, PublicKeyToken=null'. Using the type defined in 'C:\Mac\Home\Documents\NinjaTrader 8\bin\Custom\DrawingTools\@ChartMarkers.cs'. [C:\Mac\Home\Documents\NinjaTrader 8\bin\Custom\NinjaTrader.Custom.csproj]
C:\Mac\Home\Documents\NinjaTrader 8\bin\Custom\DrawingTools\@ChartMarkers.cs(913,88): warning CS0436: The type 'Dot' in 'C:\Mac\Home\Documents\NinjaTrader 8\bin\Custom\DrawingTools\@ChartMarkers.cs' conflicts with the imported type 'Dot' in 'NinjaTrader.Vendor, Version=8.1.6.0, Culture=neutral, PublicKeyToken=null'. Using the type defined in 'C:\Mac\Home\Documents\NinjaTrader 8\bin\Custom\DrawingTools\@ChartMarkers.cs'. [C:\Mac\Home\Documents\NinjaTrader 8\bin\Custom\NinjaTrader.Custom.csproj]
C:\Mac\Home\Documents\NinjaTrader 8\bin\Custom\DrawingTools\@ChartMarkers.cs(927,88): warning CS0436: The type 'Dot' in 'C:\Mac\Home\Documents\NinjaTrader 8\bin\Custom\DrawingTools\@ChartMarkers.cs' conflicts with the imported type 'Dot' in 'NinjaTrader.Vendor, Version=8.1.6.0, Culture=neutral, PublicKeyToken=null'. Using the type defined in 'C:\Mac\Home\Documents\NinjaTrader 8\bin\Custom\DrawingTools\@ChartMarkers.cs'. [C:\Mac\Home\Documents\NinjaTrader 8\bin\Custom\NinjaTrader.Custom.csproj]
C:\Mac\Home\Documents\NinjaTrader 8\bin\Custom\DrawingTools\@ChartMarkers.cs(941,23): warning CS0436: The type 'Dot' in 'C:\Mac\Home\Documents\NinjaTrader 8\bin\Custom\DrawingTools\@ChartMarkers.cs' conflicts with the imported type 'Dot' in 'NinjaTrader.Vendor, Version=8.1.6.0, Culture=neutral, PublicKeyToken=null'. Using the type defined in 'C:\Mac\Home\Documents\NinjaTrader 8\bin\Custom\DrawingTools\@ChartMarkers.cs'. [C:\Mac\Home\Documents\NinjaTrader 8\bin\Custom\NinjaTrader.Custom.csproj]
C:\Mac\Home\Documents\NinjaTrader 8\bin\Custom\DrawingTools\@ChartMarkers.cs(955,23): warning CS0436: The type 'Dot' in 'C:\Mac\Home\Documents\NinjaTrader 8\bin\Custom\DrawingTools\@ChartMarkers.cs' conflicts with the imported type 'Dot' in 'NinjaTrader.Vendor, Version=8.1.6.0, Culture=neutral, PublicKeyToken=null'. Using the type defined in 'C:\Mac\Home\Documents\NinjaTrader 8\bin\Custom\DrawingTools\@ChartMarkers.cs'. [C:\Mac\Home\Documents\NinjaTrader 8\bin\Custom\NinjaTrader.Custom.csproj]
C:\Mac\Home\Documents\NinjaTrader 8\bin\Custom\DrawingTools\@ChartMarkers.cs(969,23): warning CS0436: The type 'Square' in 'C:\Mac\Home\Documents\NinjaTrader 8\bin\Custom\DrawingTools\@ChartMarkers.cs' conflicts with the imported type 'Square' in 'NinjaTrader.Vendor, Version=8.1.6.0, Culture=neutral, PublicKeyToken=null'. Using the type defined in 'C:\Mac\Home\Documents\NinjaTrader 8\bin\Custom\DrawingTools\@ChartMarkers.cs'. [C:\Mac\Home\Documents\NinjaTrader 8\bin\Custom\NinjaTrader.Custom.csproj]
C:\Mac\Home\Documents\NinjaTrader 8\bin\Custom\DrawingTools\@ChartMarkers.cs(982,23): warning CS0436: The type 'Square' in 'C:\Mac\Home\Documents\NinjaTrader 8\bin\Custom\DrawingTools\@ChartMarkers.cs' conflicts with the imported type 'Square' in 'NinjaTrader.Vendor, Version=8.1.6.0, Culture=neutral, PublicKeyToken=null'. Using the type defined in 'C:\Mac\Home\Documents\NinjaTrader 8\bin\Custom\DrawingTools\@ChartMarkers.cs'. [C:\Mac\Home\Documents\NinjaTrader 8\bin\Custom\NinjaTrader.Custom.csproj]
C:\Mac\Home\Documents\NinjaTrader 8\bin\Custom\DrawingTools\@ChartMarkers.cs(996,88): warning CS0436: The type 'Square' in 'C:\Mac\Home\Documents\NinjaTrader 8\bin\Custom\DrawingTools\@ChartMarkers.cs' conflicts with the imported type 'Square' in 'NinjaTrader.Vendor, Version=8.1.6.0, Culture=neutral, PublicKeyToken=null'. Using the type defined in 'C:\Mac\Home\Documents\NinjaTrader 8\bin\Custom\DrawingTools\@ChartMarkers.cs'. [C:\Mac\Home\Documents\NinjaTrader 8\bin\Custom\NinjaTrader.Custom.csproj]
C:\Mac\Home\Documents\NinjaTrader 8\bin\Custom\DrawingTools\@ChartMarkers.cs(1010,88): warning CS0436: The type 'Square' in 'C:\Mac\Home\Documents\NinjaTrader 8\bin\Custom\DrawingTools\@ChartMarkers.cs' conflicts with the imported type 'Square' in 'NinjaTrader.Vendor, Version=8.1.6.0, Culture=neutral, PublicKeyToken=null'. Using the type defined in 'C:\Mac\Home\Documents\NinjaTrader 8\bin\Custom\DrawingTools\@ChartMarkers.cs'. [C:\Mac\Home\Documents\NinjaTrader 8\bin\Custom\NinjaTrader.Custom.csproj]
C:\Mac\Home\Documents\NinjaTrader 8\bin\Custom\DrawingTools\@ChartMarkers.cs(1024,23): warning CS0436: The type 'Square' in 'C:\Mac\Home\Documents\NinjaTrader 8\bin\Custom\DrawingTools\@ChartMarkers.cs' conflicts with the imported type 'Square' in 'NinjaTrader.Vendor, Version=8.1.6.0, Culture=neutral, PublicKeyToken=null'. Using the type defined in 'C:\Mac\Home\Documents\NinjaTrader 8\bin\Custom\DrawingTools\@ChartMarkers.cs'. [C:\Mac\Home\Documents\NinjaTrader 8\bin\Custom\NinjaTrader.Custom.csproj]
C:\Mac\Home\Documents\NinjaTrader 8\bin\Custom\DrawingTools\@ChartMarkers.cs(1038,23): warning CS0436: The type 'Square' in 'C:\Mac\Home\Documents\NinjaTrader 8\bin\Custom\DrawingTools\@ChartMarkers.cs' conflicts with the imported type 'Square' in 'NinjaTrader.Vendor, Version=8.1.6.0, Culture=neutral, PublicKeyToken=null'. Using the type defined in 'C:\Mac\Home\Documents\NinjaTrader 8\bin\Custom\DrawingTools\@ChartMarkers.cs'. [C:\Mac\Home\Documents\NinjaTrader 8\bin\Custom\NinjaTrader.Custom.csproj]
C:\Mac\Home\Documents\NinjaTrader 8\bin\Custom\DrawingTools\@ChartMarkers.cs(1052,23): warning CS0436: The type 'TriangleDown' in 'C:\Mac\Home\Documents\NinjaTrader 8\bin\Custom\DrawingTools\@ChartMarkers.cs' conflicts with the imported type 'TriangleDown' in 'NinjaTrader.Vendor, Version=8.1.6.0, Culture=neutral, PublicKeyToken=null'. Using the type defined in 'C:\Mac\Home\Documents\NinjaTrader 8\bin\Custom\DrawingTools\@ChartMarkers.cs'. [C:\Mac\Home\Documents\NinjaTrader 8\bin\Custom\NinjaTrader.Custom.csproj]
C:\Mac\Home\Documents\NinjaTrader 8\bin\Custom\DrawingTools\@ChartMarkers.cs(1065,23): warning CS0436: The type 'TriangleDown' in 'C:\Mac\Home\Documents\NinjaTrader 8\bin\Custom\DrawingTools\@ChartMarkers.cs' conflicts with the imported type 'TriangleDown' in 'NinjaTrader.Vendor, Version=8.1.6.0, Culture=neutral, PublicKeyToken=null'. Using the type defined in 'C:\Mac\Home\Documents\NinjaTrader 8\bin\Custom\DrawingTools\@ChartMarkers.cs'. [C:\Mac\Home\Documents\NinjaTrader 8\bin\Custom\NinjaTrader.Custom.csproj]
C:\Mac\Home\Documents\NinjaTrader 8\bin\Custom\DrawingTools\@ChartMarkers.cs(1079,88): warning CS0436: The type 'TriangleDown' in 'C:\Mac\Home\Documents\NinjaTrader 8\bin\Custom\DrawingTools\@ChartMarkers.cs' conflicts with the imported type 'TriangleDown' in 'NinjaTrader.Vendor, Version=8.1.6.0, Culture=neutral, PublicKeyToken=null'. Using the type defined in 'C:\Mac\Home\Documents\NinjaTrader 8\bin\Custom\DrawingTools\@ChartMarkers.cs'. [C:\Mac\Home\Documents\NinjaTrader 8\bin\Custom\NinjaTrader.Custom.csproj]
C:\Mac\Home\Documents\NinjaTrader 8\bin\Custom\DrawingTools\@ChartMarkers.cs(1093,88): warning CS0436: The type 'TriangleDown' in 'C:\Mac\Home\Documents\NinjaTrader 8\bin\Custom\DrawingTools\@ChartMarkers.cs' conflicts with the imported type 'TriangleDown' in 'NinjaTrader.Vendor, Version=8.1.6.0, Culture=neutral, PublicKeyToken=null'. Using the type defined in 'C:\Mac\Home\Documents\NinjaTrader 8\bin\Custom\DrawingTools\@ChartMarkers.cs'. [C:\Mac\Home\Documents\NinjaTrader 8\bin\Custom\NinjaTrader.Custom.csproj]
C:\Mac\Home\Documents\NinjaTrader 8\bin\Custom\DrawingTools\@ChartMarkers.cs(1107,23): warning CS0436: The type 'TriangleDown' in 'C:\Mac\Home\Documents\NinjaTrader 8\bin\Custom\DrawingTools\@ChartMarkers.cs' conflicts with the imported type 'TriangleDown' in 'NinjaTrader.Vendor, Version=8.1.6.0, Culture=neutral, PublicKeyToken=null'. Using the type defined in 'C:\Mac\Home\Documents\NinjaTrader 8\bin\Custom\DrawingTools\@ChartMarkers.cs'. [C:\Mac\Home\Documents\NinjaTrader 8\bin\Custom\NinjaTrader.Custom.csproj]
C:\Mac\Home\Documents\NinjaTrader 8\bin\Custom\DrawingTools\@ChartMarkers.cs(1121,23): warning CS0436: The type 'TriangleDown' in 'C:\Mac\Home\Documents\NinjaTrader 8\bin\Custom\DrawingTools\@ChartMarkers.cs' conflicts with the imported type 'TriangleDown' in 'NinjaTrader.Vendor, Version=8.1.6.0, Culture=neutral, PublicKeyToken=null'. Using the type defined in 'C:\Mac\Home\Documents\NinjaTrader 8\bin\Custom\DrawingTools\@ChartMarkers.cs'. [C:\Mac\Home\Documents\NinjaTrader 8\bin\Custom\NinjaTrader.Custom.csproj]
C:\Mac\Home\Documents\NinjaTrader 8\bin\Custom\DrawingTools\@ChartMarkers.cs(1135,23): warning CS0436: The type 'TriangleUp' in 'C:\Mac\Home\Documents\NinjaTrader 8\bin\Custom\DrawingTools\@ChartMarkers.cs' conflicts with the imported type 'TriangleUp' in 'NinjaTrader.Vendor, Version=8.1.6.0, Culture=neutral, PublicKeyToken=null'. Using the type defined in 'C:\Mac\Home\Documents\NinjaTrader 8\bin\Custom\DrawingTools\@ChartMarkers.cs'. [C:\Mac\Home\Documents\NinjaTrader 8\bin\Custom\NinjaTrader.Custom.csproj]
C:\Mac\Home\Documents\NinjaTrader 8\bin\Custom\DrawingTools\@ChartMarkers.cs(1148,23): warning CS0436: The type 'TriangleUp' in 'C:\Mac\Home\Documents\NinjaTrader 8\bin\Custom\DrawingTools\@ChartMarkers.cs' conflicts with the imported type 'TriangleUp' in 'NinjaTrader.Vendor, Version=8.1.6.0, Culture=neutral, PublicKeyToken=null'. Using the type defined in 'C:\Mac\Home\Documents\NinjaTrader 8\bin\Custom\DrawingTools\@ChartMarkers.cs'. [C:\Mac\Home\Documents\NinjaTrader 8\bin\Custom\NinjaTrader.Custom.csproj]
C:\Mac\Home\Documents\NinjaTrader 8\bin\Custom\DrawingTools\@ChartMarkers.cs(1162,88): warning CS0436: The type 'TriangleUp' in 'C:\Mac\Home\Documents\NinjaTrader 8\bin\Custom\DrawingTools\@ChartMarkers.cs' conflicts with the imported type 'TriangleUp' in 'NinjaTrader.Vendor, Version=8.1.6.0, Culture=neutral, PublicKeyToken=null'. Using the type defined in 'C:\Mac\Home\Documents\NinjaTrader 8\bin\Custom\DrawingTools\@ChartMarkers.cs'. [C:\Mac\Home\Documents\NinjaTrader 8\bin\Custom\NinjaTrader.Custom.csproj]
C:\Mac\Home\Documents\NinjaTrader 8\bin\Custom\DrawingTools\@ChartMarkers.cs(1176,88): warning CS0436: The type 'TriangleUp' in 'C:\Mac\Home\Documents\NinjaTrader 8\bin\Custom\DrawingTools\@ChartMarkers.cs' conflicts with the imported type 'TriangleUp' in 'NinjaTrader.Vendor, Version=8.1.6.0, Culture=neutral, PublicKeyToken=null'. Using the type defined in 'C:\Mac\Home\Documents\NinjaTrader 8\bin\Custom\DrawingTools\@ChartMarkers.cs'. [C:\Mac\Home\Documents\NinjaTrader 8\bin\Custom\NinjaTrader.Custom.csproj]
C:\Mac\Home\Documents\NinjaTrader 8\bin\Custom\DrawingTools\@ChartMarkers.cs(1190,23): warning CS0436: The type 'TriangleUp' in 'C:\Mac\Home\Documents\NinjaTrader 8\bin\Custom\DrawingTools\@ChartMarkers.cs' conflicts with the imported type 'TriangleUp' in 'NinjaTrader.Vendor, Version=8.1.6.0, Culture=neutral, PublicKeyToken=null'. Using the type defined in 'C:\Mac\Home\Documents\NinjaTrader 8\bin\Custom\DrawingTools\@ChartMarkers.cs'. [C:\Mac\Home\Documents\NinjaTrader 8\bin\Custom\NinjaTrader.Custom.csproj]
C:\Mac\Home\Documents\NinjaTrader 8\bin\Custom\DrawingTools\@ChartMarkers.cs(1204,23): warning CS0436: The type 'TriangleUp' in 'C:\Mac\Home\Documents\NinjaTrader 8\bin\Custom\DrawingTools\@ChartMarkers.cs' conflicts with the imported type 'TriangleUp' in 'NinjaTrader.Vendor, Version=8.1.6.0, Culture=neutral, PublicKeyToken=null'. Using the type defined in 'C:\Mac\Home\Documents\NinjaTrader 8\bin\Custom\DrawingTools\@ChartMarkers.cs'. [C:\Mac\Home\Documents\NinjaTrader 8\bin\Custom\NinjaTrader.Custom.csproj]
C:\Mac\Home\Documents\NinjaTrader 8\bin\Custom\Indicators\CBASTestingIndicator4.cs(293,32): warning CS0436: The type 'EMA' in 'C:\Mac\Home\Documents\NinjaTrader 8\bin\Custom\Indicators\@EMA.cs' conflicts with the imported type 'EMA' in 'NinjaTrader.Vendor, Version=8.1.6.0, Culture=neutral, PublicKeyToken=null'. Using the type defined in 'C:\Mac\Home\Documents\NinjaTrader 8\bin\Custom\Indicators\@EMA.cs'. [C:\Mac\Home\Documents\NinjaTrader 8\bin\Custom\NinjaTrader.Custom.csproj]
C:\Mac\Home\Documents\NinjaTrader 8\bin\Custom\DrawingTools\@Text.cs(690,48): warning CS0436: The type 'Text' in 'C:\Mac\Home\Documents\NinjaTrader 8\bin\Custom\DrawingTools\@Text.cs' conflicts with the imported type 'Text' in 'NinjaTrader.Vendor, Version=8.1.6.0, Culture=neutral, PublicKeyToken=null'. Using the type defined in 'C:\Mac\Home\Documents\NinjaTrader 8\bin\Custom\DrawingTools\@Text.cs'. [C:\Mac\Home\Documents\NinjaTrader 8\bin\Custom\NinjaTrader.Custom.csproj]
C:\Mac\Home\Documents\NinjaTrader 8\bin\Custom\DrawingTools\@Text.cs(690,81): warning CS0436: The type 'Text' in 'C:\Mac\Home\Documents\NinjaTrader 8\bin\Custom\DrawingTools\@Text.cs' conflicts with the imported type 'Text' in 'NinjaTrader.Vendor, Version=8.1.6.0, Culture=neutral, PublicKeyToken=null'. Using the type defined in 'C:\Mac\Home\Documents\NinjaTrader 8\bin\Custom\DrawingTools\@Text.cs'. [C:\Mac\Home\Documents\NinjaTrader 8\bin\Custom\NinjaTrader.Custom.csproj]
C:\Mac\Home\Documents\NinjaTrader 8\bin\Custom\DrawingTools\@Text.cs(891,48): warning CS0436: The type 'TextFixed' in 'C:\Mac\Home\Documents\NinjaTrader 8\bin\Custom\DrawingTools\@Text.cs' conflicts with the imported type 'TextFixed' in 'NinjaTrader.Vendor, Version=8.1.6.0, Culture=neutral, PublicKeyToken=null'. Using the type defined in 'C:\Mac\Home\Documents\NinjaTrader 8\bin\Custom\DrawingTools\@Text.cs'. [C:\Mac\Home\Documents\NinjaTrader 8\bin\Custom\NinjaTrader.Custom.csproj]
C:\Mac\Home\Documents\NinjaTrader 8\bin\Custom\DrawingTools\@Text.cs(891,86): warning CS0436: The type 'TextFixed' in 'C:\Mac\Home\Documents\NinjaTrader 8\bin\Custom\DrawingTools\@Text.cs' conflicts with the imported type 'TextFixed' in 'NinjaTrader.Vendor, Version=8.1.6.0, Culture=neutral, PublicKeyToken=null'. Using the type defined in 'C:\Mac\Home\Documents\NinjaTrader 8\bin\Custom\DrawingTools\@Text.cs'. [C:\Mac\Home\Documents\NinjaTrader 8\bin\Custom\NinjaTrader.Custom.csproj]
C:\Mac\Home\Documents\NinjaTrader 8\bin\Custom\Indicators\CBASTestingIndicator4.cs(538,17): warning CS0436: The type 'Draw' in 'C:\Mac\Home\Documents\NinjaTrader 8\bin\Custom\DrawingTools\@AndrewsPitchfork.cs' conflicts with the imported type 'Draw' in 'NinjaTrader.Vendor, Version=8.1.6.0, Culture=neutral, PublicKeyToken=null'. Using the type defined in 'C:\Mac\Home\Documents\NinjaTrader 8\bin\Custom\DrawingTools\@AndrewsPitchfork.cs'. [C:\Mac\Home\Documents\NinjaTrader 8\bin\Custom\NinjaTrader.Custom.csproj]
C:\Mac\Home\Documents\NinjaTrader 8\bin\Custom\Indicators\CBASTestingIndicator4.cs(543,17): warning CS0436: The type 'Draw' in 'C:\Mac\Home\Documents\NinjaTrader 8\bin\Custom\DrawingTools\@AndrewsPitchfork.cs' conflicts with the imported type 'Draw' in 'NinjaTrader.Vendor, Version=8.1.6.0, Culture=neutral, PublicKeyToken=null'. Using the type defined in 'C:\Mac\Home\Documents\NinjaTrader 8\bin\Custom\DrawingTools\@AndrewsPitchfork.cs'. [C:\Mac\Home\Documents\NinjaTrader 8\bin\Custom\NinjaTrader.Custom.csproj]
C:\Mac\Home\Documents\NinjaTrader 8\bin\Custom\Indicators\CBASTestingIndicator4.cs(568,21): warning CS0436: The type 'Draw' in 'C:\Mac\Home\Documents\NinjaTrader 8\bin\Custom\DrawingTools\@AndrewsPitchfork.cs' conflicts with the imported type 'Draw' in 'NinjaTrader.Vendor, Version=8.1.6.0, Culture=neutral, PublicKeyToken=null'. Using the type defined in 'C:\Mac\Home\Documents\NinjaTrader 8\bin\Custom\DrawingTools\@AndrewsPitchfork.cs'. [C:\Mac\Home\Documents\NinjaTrader 8\bin\Custom\NinjaTrader.Custom.csproj]
C:\Mac\Home\Documents\NinjaTrader 8\bin\Custom\Indicators\CBASTestingIndicator4.cs(571,21): warning CS0436: The type 'Draw' in 'C:\Mac\Home\Documents\NinjaTrader 8\bin\Custom\DrawingTools\@AndrewsPitchfork.cs' conflicts with the imported type 'Draw' in 'NinjaTrader.Vendor, Version=8.1.6.0, Culture=neutral, PublicKeyToken=null'. Using the type defined in 'C:\Mac\Home\Documents\NinjaTrader 8\bin\Custom\DrawingTools\@AndrewsPitchfork.cs'. [C:\Mac\Home\Documents\NinjaTrader 8\bin\Custom\NinjaTrader.Custom.csproj]
C:\Mac\Home\Documents\NinjaTrader 8\bin\Custom\Indicators\@BarTimer.cs(51,9): warning CS0436: The type 'Draw' in 'C:\Mac\Home\Documents\NinjaTrader 8\bin\Custom\DrawingTools\@AndrewsPitchfork.cs' conflicts with the imported type 'Draw' in 'NinjaTrader.Vendor, Version=8.1.6.0, Culture=neutral, PublicKeyToken=null'. Using the type defined in 'C:\Mac\Home\Documents\NinjaTrader 8\bin\Custom\DrawingTools\@AndrewsPitchfork.cs'. [C:\Mac\Home\Documents\NinjaTrader 8\bin\Custom\NinjaTrader.Custom.csproj]
C:\Mac\Home\Documents\NinjaTrader 8\bin\Custom\Indicators\@BarTimer.cs(53,9): warning CS0436: The type 'Draw' in 'C:\Mac\Home\Documents\NinjaTrader 8\bin\Custom\DrawingTools\@AndrewsPitchfork.cs' conflicts with the imported type 'Draw' in 'NinjaTrader.Vendor, Version=8.1.6.0, Culture=neutral, PublicKeyToken=null'. Using the type defined in 'C:\Mac\Home\Documents\NinjaTrader 8\bin\Custom\DrawingTools\@AndrewsPitchfork.cs'. [C:\Mac\Home\Documents\NinjaTrader 8\bin\Custom\NinjaTrader.Custom.csproj]
C:\Mac\Home\Documents\NinjaTrader 8\bin\Custom\Indicators\@BarTimer.cs(59,7): warning CS0436: The type 'Draw' in 'C:\Mac\Home\Documents\NinjaTrader 8\bin\Custom\DrawingTools\@AndrewsPitchfork.cs' conflicts with the imported type 'Draw' in 'NinjaTrader.Vendor, Version=8.1.6.0, Culture=neutral, PublicKeyToken=null'. Using the type defined in 'C:\Mac\Home\Documents\NinjaTrader 8\bin\Custom\DrawingTools\@AndrewsPitchfork.cs'. [C:\Mac\Home\Documents\NinjaTrader 8\bin\Custom\NinjaTrader.Custom.csproj]
C:\Mac\Home\Documents\NinjaTrader 8\bin\Custom\Indicators\@BarTimer.cs(126,8): warning CS0436: The type 'Draw' in 'C:\Mac\Home\Documents\NinjaTrader 8\bin\Custom\DrawingTools\@AndrewsPitchfork.cs' conflicts with the imported type 'Draw' in 'NinjaTrader.Vendor, Version=8.1.6.0, Culture=neutral, PublicKeyToken=null'. Using the type defined in 'C:\Mac\Home\Documents\NinjaTrader 8\bin\Custom\DrawingTools\@AndrewsPitchfork.cs'. [C:\Mac\Home\Documents\NinjaTrader 8\bin\Custom\NinjaTrader.Custom.csproj]
C:\Mac\Home\Documents\NinjaTrader 8\bin\Custom\Indicators\@BarTimer.cs(129,8): warning CS0436: The type 'Draw' in 'C:\Mac\Home\Documents\NinjaTrader 8\bin\Custom\DrawingTools\@AndrewsPitchfork.cs' conflicts with the imported type 'Draw' in 'NinjaTrader.Vendor, Version=8.1.6.0, Culture=neutral, PublicKeyToken=null'. Using the type defined in 'C:\Mac\Home\Documents\NinjaTrader 8\bin\Custom\DrawingTools\@AndrewsPitchfork.cs'. [C:\Mac\Home\Documents\NinjaTrader 8\bin\Custom\NinjaTrader.Custom.csproj]
C:\Mac\Home\Documents\NinjaTrader 8\bin\Custom\Indicators\@BarTimer.cs(132,7): warning CS0436: The type 'Draw' in 'C:\Mac\Home\Documents\NinjaTrader 8\bin\Custom\DrawingTools\@AndrewsPitchfork.cs' conflicts with the imported type 'Draw' in 'NinjaTrader.Vendor, Version=8.1.6.0, Culture=neutral, PublicKeyToken=null'. Using the type defined in 'C:\Mac\Home\Documents\NinjaTrader 8\bin\Custom\DrawingTools\@AndrewsPitchfork.cs'. [C:\Mac\Home\Documents\NinjaTrader 8\bin\Custom\NinjaTrader.Custom.csproj]
C:\Mac\Home\Documents\NinjaTrader 8\bin\Custom\Indicators\@BarTimer.cs(136,6): warning CS0436: The type 'Draw' in 'C:\Mac\Home\Documents\NinjaTrader 8\bin\Custom\DrawingTools\@AndrewsPitchfork.cs' conflicts with the imported type 'Draw' in 'NinjaTrader.Vendor, Version=8.1.6.0, Culture=neutral, PublicKeyToken=null'. Using the type defined in 'C:\Mac\Home\Documents\NinjaTrader 8\bin\Custom\DrawingTools\@AndrewsPitchfork.cs'. [C:\Mac\Home\Documents\NinjaTrader 8\bin\Custom\NinjaTrader.Custom.csproj]
C:\Mac\Home\Documents\NinjaTrader 8\bin\Custom\DrawingTools\@ChartMarkers.cs(47,48): warning CS0436: The type 'ChartMarkerSize' in 'C:\Mac\Home\Documents\NinjaTrader 8\bin\Custom\DrawingTools\@ChartMarkers.cs' conflicts with the imported type 'ChartMarkerSize' in 'NinjaTrader.Vendor, Version=8.1.6.0, Culture=neutral, PublicKeyToken=null'. Using the type defined in 'C:\Mac\Home\Documents\NinjaTrader 8\bin\Custom\DrawingTools\@ChartMarkers.cs'. [C:\Mac\Home\Documents\NinjaTrader 8\bin\Custom\NinjaTrader.Custom.csproj]
C:\Mac\Home\Documents\NinjaTrader 8\bin\Custom\DrawingTools\@ChartMarkers.cs(108,17): warning CS0436: The type 'ChartMarkerSize' in 'C:\Mac\Home\Documents\NinjaTrader 8\bin\Custom\DrawingTools\@ChartMarkers.cs' conflicts with the imported type 'ChartMarkerSize' in 'NinjaTrader.Vendor, Version=8.1.6.0, Culture=neutral, PublicKeyToken=null'. Using the type defined in 'C:\Mac\Home\Documents\NinjaTrader 8\bin\Custom\DrawingTools\@ChartMarkers.cs'. [C:\Mac\Home\Documents\NinjaTrader 8\bin\Custom\NinjaTrader.Custom.csproj]
C:\Mac\Home\Documents\NinjaTrader 8\bin\Custom\DrawingTools\@ChartMarkers.cs(109,17): warning CS0436: The type 'ChartMarkerSize' in 'C:\Mac\Home\Documents\NinjaTrader 8\bin\Custom\DrawingTools\@ChartMarkers.cs' conflicts with the imported type 'ChartMarkerSize' in 'NinjaTrader.Vendor, Version=8.1.6.0, Culture=neutral, PublicKeyToken=null'. Using the type defined in 'C:\Mac\Home\Documents\NinjaTrader 8\bin\Custom\DrawingTools\@ChartMarkers.cs'. [C:\Mac\Home\Documents\NinjaTrader 8\bin\Custom\NinjaTrader.Custom.csproj]
C:\Mac\Home\Documents\NinjaTrader 8\bin\Custom\DrawingTools\@ChartMarkers.cs(110,17): warning CS0436: The type 'ChartMarkerSize' in 'C:\Mac\Home\Documents\NinjaTrader 8\bin\Custom\DrawingTools\@ChartMarkers.cs' conflicts with the imported type 'ChartMarkerSize' in 'NinjaTrader.Vendor, Version=8.1.6.0, Culture=neutral, PublicKeyToken=null'. Using the type defined in 'C:\Mac\Home\Documents\NinjaTrader 8\bin\Custom\DrawingTools\@ChartMarkers.cs'. [C:\Mac\Home\Documents\NinjaTrader 8\bin\Custom\NinjaTrader.Custom.csproj]
C:\Mac\Home\Documents\NinjaTrader 8\bin\Custom\DrawingTools\@ChartMarkers.cs(111,17): warning CS0436: The type 'ChartMarkerSize' in 'C:\Mac\Home\Documents\NinjaTrader 8\bin\Custom\DrawingTools\@ChartMarkers.cs' conflicts with the imported type 'ChartMarkerSize' in 'NinjaTrader.Vendor, Version=8.1.6.0, Culture=neutral, PublicKeyToken=null'. Using the type defined in 'C:\Mac\Home\Documents\NinjaTrader 8\bin\Custom\DrawingTools\@ChartMarkers.cs'. [C:\Mac\Home\Documents\NinjaTrader 8\bin\Custom\NinjaTrader.Custom.csproj]
C:\Mac\Home\Documents\NinjaTrader 8\bin\Custom\Indicators\TicksPerMinute.cs(96,49): warning CS0436: The type 'TextPosition' in 'C:\Mac\Home\Documents\NinjaTrader 8\bin\Custom\DrawingTools\@Text.cs' conflicts with the imported type 'TextPosition' in 'NinjaTrader.Vendor, Version=8.1.6.0, Culture=neutral, PublicKeyToken=null'. Using the type defined in 'C:\Mac\Home\Documents\NinjaTrader 8\bin\Custom\DrawingTools\@Text.cs'. [C:\Mac\Home\Documents\NinjaTrader 8\bin\Custom\NinjaTrader.Custom.csproj]
C:\Mac\Home\Documents\NinjaTrader 8\bin\Custom\Indicators\TicksPerMinute.cs(96,72): warning CS0436: The type 'TextPosition' in 'C:\Mac\Home\Documents\NinjaTrader 8\bin\Custom\DrawingTools\@Text.cs' conflicts with the imported type 'TextPosition' in 'NinjaTrader.Vendor, Version=8.1.6.0, Culture=neutral, PublicKeyToken=null'. Using the type defined in 'C:\Mac\Home\Documents\NinjaTrader 8\bin\Custom\DrawingTools\@Text.cs'. [C:\Mac\Home\Documents\NinjaTrader 8\bin\Custom\NinjaTrader.Custom.csproj]
C:\Mac\Home\Documents\NinjaTrader 8\bin\Custom\Indicators\TicksPerMinute.cs(98,17): warning CS0436: The type 'Draw' in 'C:\Mac\Home\Documents\NinjaTrader 8\bin\Custom\DrawingTools\@AndrewsPitchfork.cs' conflicts with the imported type 'Draw' in 'NinjaTrader.Vendor, Version=8.1.6.0, Culture=neutral, PublicKeyToken=null'. Using the type defined in 'C:\Mac\Home\Documents\NinjaTrader 8\bin\Custom\DrawingTools\@AndrewsPitchfork.cs'. [C:\Mac\Home\Documents\NinjaTrader 8\bin\Custom\NinjaTrader.Custom.csproj]
C:\Mac\Home\Documents\NinjaTrader 8\bin\Custom\Indicators\@BuySellVolume.cs(45,6): warning CS0436: The type 'Draw' in 'C:\Mac\Home\Documents\NinjaTrader 8\bin\Custom\DrawingTools\@AndrewsPitchfork.cs' conflicts with the imported type 'Draw' in 'NinjaTrader.Vendor, Version=8.1.6.0, Culture=neutral, PublicKeyToken=null'. Using the type defined in 'C:\Mac\Home\Documents\NinjaTrader 8\bin\Custom\DrawingTools\@AndrewsPitchfork.cs'. [C:\Mac\Home\Documents\NinjaTrader 8\bin\Custom\NinjaTrader.Custom.csproj]
C:\Mac\Home\Documents\NinjaTrader 8\bin\Custom\Indicators\@BuySellVolume.cs(45,111): warning CS0436: The type 'TextPosition' in 'C:\Mac\Home\Documents\NinjaTrader 8\bin\Custom\DrawingTools\@Text.cs' conflicts with the imported type 'TextPosition' in 'NinjaTrader.Vendor, Version=8.1.6.0, Culture=neutral, PublicKeyToken=null'. Using the type defined in 'C:\Mac\Home\Documents\NinjaTrader 8\bin\Custom\DrawingTools\@Text.cs'. [C:\Mac\Home\Documents\NinjaTrader 8\bin\Custom\NinjaTrader.Custom.csproj]
C:\Mac\Home\Documents\NinjaTrader 8\bin\Custom\DrawingTools\@Region.cs(336,48): warning CS0436: The type 'Region' in 'C:\Mac\Home\Documents\NinjaTrader 8\bin\Custom\DrawingTools\@Region.cs' conflicts with the imported type 'Region' in 'NinjaTrader.Vendor, Version=8.1.6.0, Culture=neutral, PublicKeyToken=null'. Using the type defined in 'C:\Mac\Home\Documents\NinjaTrader 8\bin\Custom\DrawingTools\@Region.cs'. [C:\Mac\Home\Documents\NinjaTrader 8\bin\Custom\NinjaTrader.Custom.csproj]
C:\Mac\Home\Documents\NinjaTrader 8\bin\Custom\DrawingTools\@Region.cs(336,75): warning CS0436: The type 'Region' in 'C:\Mac\Home\Documents\NinjaTrader 8\bin\Custom\DrawingTools\@Region.cs' conflicts with the imported type 'Region' in 'NinjaTrader.Vendor, Version=8.1.6.0, Culture=neutral, PublicKeyToken=null'. Using the type defined in 'C:\Mac\Home\Documents\NinjaTrader 8\bin\Custom\DrawingTools\@Region.cs'. [C:\Mac\Home\Documents\NinjaTrader 8\bin\Custom\NinjaTrader.Custom.csproj]
C:\Mac\Home\Documents\NinjaTrader 8\bin\Custom\Strategies\@SampleMultiInstrument.cs(75,6): warning CS0436: The type 'Draw' in 'C:\Mac\Home\Documents\NinjaTrader 8\bin\Custom\DrawingTools\@AndrewsPitchfork.cs' conflicts with the imported type 'Draw' in 'NinjaTrader.Vendor, Version=8.1.6.0, Culture=neutral, PublicKeyToken=null'. Using the type defined in 'C:\Mac\Home\Documents\NinjaTrader 8\bin\Custom\DrawingTools\@AndrewsPitchfork.cs'. [C:\Mac\Home\Documents\NinjaTrader 8\bin\Custom\NinjaTrader.Custom.csproj]
C:\Mac\Home\Documents\NinjaTrader 8\bin\Custom\Indicators\@CandleStickPattern.cs(23,53): warning CS0436: The type 'TextPosition' in 'C:\Mac\Home\Documents\NinjaTrader 8\bin\Custom\DrawingTools\@Text.cs' conflicts with the imported type 'TextPosition' in 'NinjaTrader.Vendor, Version=8.1.6.0, Culture=neutral, PublicKeyToken=null'. Using the type defined in 'C:\Mac\Home\Documents\NinjaTrader 8\bin\Custom\DrawingTools\@Text.cs'. [C:\Mac\Home\Documents\NinjaTrader 8\bin\Custom\NinjaTrader.Custom.csproj]
C:\Mac\Home\Documents\NinjaTrader 8\bin\Custom\Indicators\@CandleStickPattern.cs(29,4): warning CS0436: The type 'Draw' in 'C:\Mac\Home\Documents\NinjaTrader 8\bin\Custom\DrawingTools\@AndrewsPitchfork.cs' conflicts with the imported type 'Draw' in 'NinjaTrader.Vendor, Version=8.1.6.0, Culture=neutral, PublicKeyToken=null'. Using the type defined in 'C:\Mac\Home\Documents\NinjaTrader 8\bin\Custom\DrawingTools\@AndrewsPitchfork.cs'. [C:\Mac\Home\Documents\NinjaTrader 8\bin\Custom\NinjaTrader.Custom.csproj]
C:\Mac\Home\Documents\NinjaTrader 8\bin\Custom\Indicators\@@CBASTestingIndicator.cs(127,28): warning CS0436: The type 'EMA' in 'C:\Mac\Home\Documents\NinjaTrader 8\bin\Custom\Indicators\@EMA.cs' conflicts with the imported type 'EMA' in 'NinjaTrader.Vendor, Version=8.1.6.0, Culture=neutral, PublicKeyToken=null'. Using the type defined in 'C:\Mac\Home\Documents\NinjaTrader 8\bin\Custom\Indicators\@EMA.cs'. [C:\Mac\Home\Documents\NinjaTrader 8\bin\Custom\NinjaTrader.Custom.csproj]
C:\Mac\Home\Documents\NinjaTrader 8\bin\Custom\Strategies\GradientSlopeStrategy.cs(1096,25): warning CS0436: The type 'Draw' in 'C:\Mac\Home\Documents\NinjaTrader 8\bin\Custom\DrawingTools\@AndrewsPitchfork.cs' conflicts with the imported type 'Draw' in 'NinjaTrader.Vendor, Version=8.1.6.0, Culture=neutral, PublicKeyToken=null'. Using the type defined in 'C:\Mac\Home\Documents\NinjaTrader 8\bin\Custom\DrawingTools\@AndrewsPitchfork.cs'. [C:\Mac\Home\Documents\NinjaTrader 8\bin\Custom\NinjaTrader.Custom.csproj]
C:\Mac\Home\Documents\NinjaTrader 8\bin\Custom\Strategies\GradientSlopeStrategy.cs(1097,25): warning CS0436: The type 'Draw' in 'C:\Mac\Home\Documents\NinjaTrader 8\bin\Custom\DrawingTools\@AndrewsPitchfork.cs' conflicts with the imported type 'Draw' in 'NinjaTrader.Vendor, Version=8.1.6.0, Culture=neutral, PublicKeyToken=null'. Using the type defined in 'C:\Mac\Home\Documents\NinjaTrader 8\bin\Custom\DrawingTools\@AndrewsPitchfork.cs'. [C:\Mac\Home\Documents\NinjaTrader 8\bin\Custom\NinjaTrader.Custom.csproj]
C:\Mac\Home\Documents\NinjaTrader 8\bin\Custom\Strategies\GradientSlopeStrategy.cs(1230,33): warning CS0436: The type 'Draw' in 'C:\Mac\Home\Documents\NinjaTrader 8\bin\Custom\DrawingTools\@AndrewsPitchfork.cs' conflicts with the imported type 'Draw' in 'NinjaTrader.Vendor, Version=8.1.6.0, Culture=neutral, PublicKeyToken=null'. Using the type defined in 'C:\Mac\Home\Documents\NinjaTrader 8\bin\Custom\DrawingTools\@AndrewsPitchfork.cs'. [C:\Mac\Home\Documents\NinjaTrader 8\bin\Custom\NinjaTrader.Custom.csproj]
C:\Mac\Home\Documents\NinjaTrader 8\bin\Custom\Strategies\GradientSlopeStrategy.cs(1231,33): warning CS0436: The type 'Draw' in 'C:\Mac\Home\Documents\NinjaTrader 8\bin\Custom\DrawingTools\@AndrewsPitchfork.cs' conflicts with the imported type 'Draw' in 'NinjaTrader.Vendor, Version=8.1.6.0, Culture=neutral, PublicKeyToken=null'. Using the type defined in 'C:\Mac\Home\Documents\NinjaTrader 8\bin\Custom\DrawingTools\@AndrewsPitchfork.cs'. [C:\Mac\Home\Documents\NinjaTrader 8\bin\Custom\NinjaTrader.Custom.csproj]
C:\Mac\Home\Documents\NinjaTrader 8\bin\Custom\Strategies\GradientSlopeStrategy.cs(1380,25): warning CS0436: The type 'Draw' in 'C:\Mac\Home\Documents\NinjaTrader 8\bin\Custom\DrawingTools\@AndrewsPitchfork.cs' conflicts with the imported type 'Draw' in 'NinjaTrader.Vendor, Version=8.1.6.0, Culture=neutral, PublicKeyToken=null'. Using the type defined in 'C:\Mac\Home\Documents\NinjaTrader 8\bin\Custom\DrawingTools\@AndrewsPitchfork.cs'. [C:\Mac\Home\Documents\NinjaTrader 8\bin\Custom\NinjaTrader.Custom.csproj]
C:\Mac\Home\Documents\NinjaTrader 8\bin\Custom\Strategies\GradientSlopeStrategy.cs(1381,25): warning CS0436: The type 'Draw' in 'C:\Mac\Home\Documents\NinjaTrader 8\bin\Custom\DrawingTools\@AndrewsPitchfork.cs' conflicts with the imported type 'Draw' in 'NinjaTrader.Vendor, Version=8.1.6.0, Culture=neutral, PublicKeyToken=null'. Using the type defined in 'C:\Mac\Home\Documents\NinjaTrader 8\bin\Custom\DrawingTools\@AndrewsPitchfork.cs'. [C:\Mac\Home\Documents\NinjaTrader 8\bin\Custom\NinjaTrader.Custom.csproj]
C:\Mac\Home\Documents\NinjaTrader 8\bin\Custom\Strategies\GradientSlopeStrategy.cs(1513,33): warning CS0436: The type 'Draw' in 'C:\Mac\Home\Documents\NinjaTrader 8\bin\Custom\DrawingTools\@AndrewsPitchfork.cs' conflicts with the imported type 'Draw' in 'NinjaTrader.Vendor, Version=8.1.6.0, Culture=neutral, PublicKeyToken=null'. Using the type defined in 'C:\Mac\Home\Documents\NinjaTrader 8\bin\Custom\DrawingTools\@AndrewsPitchfork.cs'. [C:\Mac\Home\Documents\NinjaTrader 8\bin\Custom\NinjaTrader.Custom.csproj]
C:\Mac\Home\Documents\NinjaTrader 8\bin\Custom\Strategies\GradientSlopeStrategy.cs(1514,33): warning CS0436: The type 'Draw' in 'C:\Mac\Home\Documents\NinjaTrader 8\bin\Custom\DrawingTools\@AndrewsPitchfork.cs' conflicts with the imported type 'Draw' in 'NinjaTrader.Vendor, Version=8.1.6.0, Culture=neutral, PublicKeyToken=null'. Using the type defined in 'C:\Mac\Home\Documents\NinjaTrader 8\bin\Custom\DrawingTools\@AndrewsPitchfork.cs'. [C:\Mac\Home\Documents\NinjaTrader 8\bin\Custom\NinjaTrader.Custom.csproj]
C:\Mac\Home\Documents\NinjaTrader 8\bin\Custom\Strategies\GradientSlopeStrategy.cs(1966,41): warning CS0436: The type 'Draw' in 'C:\Mac\Home\Documents\NinjaTrader 8\bin\Custom\DrawingTools\@AndrewsPitchfork.cs' conflicts with the imported type 'Draw' in 'NinjaTrader.Vendor, Version=8.1.6.0, Culture=neutral, PublicKeyToken=null'. Using the type defined in 'C:\Mac\Home\Documents\NinjaTrader 8\bin\Custom\DrawingTools\@AndrewsPitchfork.cs'. [C:\Mac\Home\Documents\NinjaTrader 8\bin\Custom\NinjaTrader.Custom.csproj]
C:\Mac\Home\Documents\NinjaTrader 8\bin\Custom\Strategies\GradientSlopeStrategy.cs(1967,41): warning CS0436: The type 'Draw' in 'C:\Mac\Home\Documents\NinjaTrader 8\bin\Custom\DrawingTools\@AndrewsPitchfork.cs' conflicts with the imported type 'Draw' in 'NinjaTrader.Vendor, Version=8.1.6.0, Culture=neutral, PublicKeyToken=null'. Using the type defined in 'C:\Mac\Home\Documents\NinjaTrader 8\bin\Custom\DrawingTools\@AndrewsPitchfork.cs'. [C:\Mac\Home\Documents\NinjaTrader 8\bin\Custom\NinjaTrader.Custom.csproj]
C:\Mac\Home\Documents\NinjaTrader 8\bin\Custom\Strategies\GradientSlopeStrategy.cs(2018,33): warning CS0436: The type 'Draw' in 'C:\Mac\Home\Documents\NinjaTrader 8\bin\Custom\DrawingTools\@AndrewsPitchfork.cs' conflicts with the imported type 'Draw' in 'NinjaTrader.Vendor, Version=8.1.6.0, Culture=neutral, PublicKeyToken=null'. Using the type defined in 'C:\Mac\Home\Documents\NinjaTrader 8\bin\Custom\DrawingTools\@AndrewsPitchfork.cs'. [C:\Mac\Home\Documents\NinjaTrader 8\bin\Custom\NinjaTrader.Custom.csproj]
C:\Mac\Home\Documents\NinjaTrader 8\bin\Custom\Strategies\GradientSlopeStrategy.cs(2019,33): warning CS0436: The type 'Draw' in 'C:\Mac\Home\Documents\NinjaTrader 8\bin\Custom\DrawingTools\@AndrewsPitchfork.cs' conflicts with the imported type 'Draw' in 'NinjaTrader.Vendor, Version=8.1.6.0, Culture=neutral, PublicKeyToken=null'. Using the type defined in 'C:\Mac\Home\Documents\NinjaTrader 8\bin\Custom\DrawingTools\@AndrewsPitchfork.cs'. [C:\Mac\Home\Documents\NinjaTrader 8\bin\Custom\NinjaTrader.Custom.csproj]
C:\Mac\Home\Documents\NinjaTrader 8\bin\Custom\Strategies\GradientSlopeStrategy.cs(2074,52): warning CS0436: The type 'TextPosition' in 'C:\Mac\Home\Documents\NinjaTrader 8\bin\Custom\DrawingTools\@Text.cs' conflicts with the imported type 'TextPosition' in 'NinjaTrader.Vendor, Version=8.1.6.0, Culture=neutral, PublicKeyToken=null'. Using the type defined in 'C:\Mac\Home\Documents\NinjaTrader 8\bin\Custom\DrawingTools\@Text.cs'. [C:\Mac\Home\Documents\NinjaTrader 8\bin\Custom\NinjaTrader.Custom.csproj]
C:\Mac\Home\Documents\NinjaTrader 8\bin\Custom\Strategies\GradientSlopeStrategy.cs(2075,17): warning CS0436: The type 'Draw' in 'C:\Mac\Home\Documents\NinjaTrader 8\bin\Custom\DrawingTools\@AndrewsPitchfork.cs' conflicts with the imported type 'Draw' in 'NinjaTrader.Vendor, Version=8.1.6.0, Culture=neutral, PublicKeyToken=null'. Using the type defined in 'C:\Mac\Home\Documents\NinjaTrader 8\bin\Custom\DrawingTools\@AndrewsPitchfork.cs'. [C:\Mac\Home\Documents\NinjaTrader 8\bin\Custom\NinjaTrader.Custom.csproj]
C:\Mac\Home\Documents\NinjaTrader 8\bin\Custom\Strategies\GradientSlopeStrategy.cs(2081,17): warning CS0436: The type 'Draw' in 'C:\Mac\Home\Documents\NinjaTrader 8\bin\Custom\DrawingTools\@AndrewsPitchfork.cs' conflicts with the imported type 'Draw' in 'NinjaTrader.Vendor, Version=8.1.6.0, Culture=neutral, PublicKeyToken=null'. Using the type defined in 'C:\Mac\Home\Documents\NinjaTrader 8\bin\Custom\DrawingTools\@AndrewsPitchfork.cs'. [C:\Mac\Home\Documents\NinjaTrader 8\bin\Custom\NinjaTrader.Custom.csproj]
C:\Mac\Home\Documents\NinjaTrader 8\bin\Custom\Indicators\CBASTestingIndicator2.cs(110,24): warning CS0436: The type 'EMA' in 'C:\Mac\Home\Documents\NinjaTrader 8\bin\Custom\Indicators\@EMA.cs' conflicts with the imported type 'EMA' in 'NinjaTrader.Vendor, Version=8.1.6.0, Culture=neutral, PublicKeyToken=null'. Using the type defined in 'C:\Mac\Home\Documents\NinjaTrader 8\bin\Custom\Indicators\@EMA.cs'. [C:\Mac\Home\Documents\NinjaTrader 8\bin\Custom\NinjaTrader.Custom.csproj]
C:\Mac\Home\Documents\NinjaTrader 8\bin\Custom\Indicators\@CamarillaPivots.cs(91,6): warning CS0436: The type 'Draw' in 'C:\Mac\Home\Documents\NinjaTrader 8\bin\Custom\DrawingTools\@AndrewsPitchfork.cs' conflicts with the imported type 'Draw' in 'NinjaTrader.Vendor, Version=8.1.6.0, Culture=neutral, PublicKeyToken=null'. Using the type defined in 'C:\Mac\Home\Documents\NinjaTrader 8\bin\Custom\DrawingTools\@AndrewsPitchfork.cs'. [C:\Mac\Home\Documents\NinjaTrader 8\bin\Custom\NinjaTrader.Custom.csproj]
C:\Mac\Home\Documents\NinjaTrader 8\bin\Custom\Indicators\@CamarillaPivots.cs(91,85): warning CS0436: The type 'TextPosition' in 'C:\Mac\Home\Documents\NinjaTrader 8\bin\Custom\DrawingTools\@Text.cs' conflicts with the imported type 'TextPosition' in 'NinjaTrader.Vendor, Version=8.1.6.0, Culture=neutral, PublicKeyToken=null'. Using the type defined in 'C:\Mac\Home\Documents\NinjaTrader 8\bin\Custom\DrawingTools\@Text.cs'. [C:\Mac\Home\Documents\NinjaTrader 8\bin\Custom\NinjaTrader.Custom.csproj]
C:\Mac\Home\Documents\NinjaTrader 8\bin\Custom\Indicators\@CamarillaPivots.cs(98,6): warning CS0436: The type 'Draw' in 'C:\Mac\Home\Documents\NinjaTrader 8\bin\Custom\DrawingTools\@AndrewsPitchfork.cs' conflicts with the imported type 'Draw' in 'NinjaTrader.Vendor, Version=8.1.6.0, Culture=neutral, PublicKeyToken=null'. Using the type defined in 'C:\Mac\Home\Documents\NinjaTrader 8\bin\Custom\DrawingTools\@AndrewsPitchfork.cs'. [C:\Mac\Home\Documents\NinjaTrader 8\bin\Custom\NinjaTrader.Custom.csproj]
C:\Mac\Home\Documents\NinjaTrader 8\bin\Custom\Indicators\@CamarillaPivots.cs(98,85): warning CS0436: The type 'TextPosition' in 'C:\Mac\Home\Documents\NinjaTrader 8\bin\Custom\DrawingTools\@Text.cs' conflicts with the imported type 'TextPosition' in 'NinjaTrader.Vendor, Version=8.1.6.0, Culture=neutral, PublicKeyToken=null'. Using the type defined in 'C:\Mac\Home\Documents\NinjaTrader 8\bin\Custom\DrawingTools\@Text.cs'. [C:\Mac\Home\Documents\NinjaTrader 8\bin\Custom\NinjaTrader.Custom.csproj]
C:\Mac\Home\Documents\NinjaTrader 8\bin\Custom\Indicators\@CamarillaPivots.cs(103,6): warning CS0436: The type 'Draw' in 'C:\Mac\Home\Documents\NinjaTrader 8\bin\Custom\DrawingTools\@AndrewsPitchfork.cs' conflicts with the imported type 'Draw' in 'NinjaTrader.Vendor, Version=8.1.6.0, Culture=neutral, PublicKeyToken=null'. Using the type defined in 'C:\Mac\Home\Documents\NinjaTrader 8\bin\Custom\DrawingTools\@AndrewsPitchfork.cs'. [C:\Mac\Home\Documents\NinjaTrader 8\bin\Custom\NinjaTrader.Custom.csproj]
C:\Mac\Home\Documents\NinjaTrader 8\bin\Custom\Indicators\@CamarillaPivots.cs(103,86): warning CS0436: The type 'TextPosition' in 'C:\Mac\Home\Documents\NinjaTrader 8\bin\Custom\DrawingTools\@Text.cs' conflicts with the imported type 'TextPosition' in 'NinjaTrader.Vendor, Version=8.1.6.0, Culture=neutral, PublicKeyToken=null'. Using the type defined in 'C:\Mac\Home\Documents\NinjaTrader 8\bin\Custom\DrawingTools\@Text.cs'. [C:\Mac\Home\Documents\NinjaTrader 8\bin\Custom\NinjaTrader.Custom.csproj]
C:\Mac\Home\Documents\NinjaTrader 8\bin\Custom\Indicators\@CamarillaPivots.cs(108,6): warning CS0436: The type 'Draw' in 'C:\Mac\Home\Documents\NinjaTrader 8\bin\Custom\DrawingTools\@AndrewsPitchfork.cs' conflicts with the imported type 'Draw' in 'NinjaTrader.Vendor, Version=8.1.6.0, Culture=neutral, PublicKeyToken=null'. Using the type defined in 'C:\Mac\Home\Documents\NinjaTrader 8\bin\Custom\DrawingTools\@AndrewsPitchfork.cs'. [C:\Mac\Home\Documents\NinjaTrader 8\bin\Custom\NinjaTrader.Custom.csproj]
C:\Mac\Home\Documents\NinjaTrader 8\bin\Custom\Indicators\@CamarillaPivots.cs(108,86): warning CS0436: The type 'TextPosition' in 'C:\Mac\Home\Documents\NinjaTrader 8\bin\Custom\DrawingTools\@Text.cs' conflicts with the imported type 'TextPosition' in 'NinjaTrader.Vendor, Version=8.1.6.0, Culture=neutral, PublicKeyToken=null'. Using the type defined in 'C:\Mac\Home\Documents\NinjaTrader 8\bin\Custom\DrawingTools\@Text.cs'. [C:\Mac\Home\Documents\NinjaTrader 8\bin\Custom\NinjaTrader.Custom.csproj]
C:\Mac\Home\Documents\NinjaTrader 8\bin\Custom\Indicators\@CamarillaPivots.cs(120,6): warning CS0436: The type 'Draw' in 'C:\Mac\Home\Documents\NinjaTrader 8\bin\Custom\DrawingTools\@AndrewsPitchfork.cs' conflicts with the imported type 'Draw' in 'NinjaTrader.Vendor, Version=8.1.6.0, Culture=neutral, PublicKeyToken=null'. Using the type defined in 'C:\Mac\Home\Documents\NinjaTrader 8\bin\Custom\DrawingTools\@AndrewsPitchfork.cs'. [C:\Mac\Home\Documents\NinjaTrader 8\bin\Custom\NinjaTrader.Custom.csproj]
C:\Mac\Home\Documents\NinjaTrader 8\bin\Custom\Indicators\@CamarillaPivots.cs(120,91): warning CS0436: The type 'TextPosition' in 'C:\Mac\Home\Documents\NinjaTrader 8\bin\Custom\DrawingTools\@Text.cs' conflicts with the imported type 'TextPosition' in 'NinjaTrader.Vendor, Version=8.1.6.0, Culture=neutral, PublicKeyToken=null'. Using the type defined in 'C:\Mac\Home\Documents\NinjaTrader 8\bin\Custom\DrawingTools\@Text.cs'. [C:\Mac\Home\Documents\NinjaTrader 8\bin\Custom\NinjaTrader.Custom.csproj]
C:\Mac\Home\Documents\NinjaTrader 8\bin\Custom\Indicators\CBASTestingIndicator2.cs(174,9): warning CS0436: The type 'Draw' in 'C:\Mac\Home\Documents\NinjaTrader 8\bin\Custom\DrawingTools\@AndrewsPitchfork.cs' conflicts with the imported type 'Draw' in 'NinjaTrader.Vendor, Version=8.1.6.0, Culture=neutral, PublicKeyToken=null'. Using the type defined in 'C:\Mac\Home\Documents\NinjaTrader 8\bin\Custom\DrawingTools\@AndrewsPitchfork.cs'. [C:\Mac\Home\Documents\NinjaTrader 8\bin\Custom\NinjaTrader.Custom.csproj]
C:\Mac\Home\Documents\NinjaTrader 8\bin\Custom\Indicators\CBASTestingIndicator2.cs(179,9): warning CS0436: The type 'Draw' in 'C:\Mac\Home\Documents\NinjaTrader 8\bin\Custom\DrawingTools\@AndrewsPitchfork.cs' conflicts with the imported type 'Draw' in 'NinjaTrader.Vendor, Version=8.1.6.0, Culture=neutral, PublicKeyToken=null'. Using the type defined in 'C:\Mac\Home\Documents\NinjaTrader 8\bin\Custom\DrawingTools\@AndrewsPitchfork.cs'. [C:\Mac\Home\Documents\NinjaTrader 8\bin\Custom\NinjaTrader.Custom.csproj]
C:\Mac\Home\Documents\NinjaTrader 8\bin\Custom\Indicators\@CandleStickPattern.cs(235,5): warning CS0436: The type 'Draw' in 'C:\Mac\Home\Documents\NinjaTrader 8\bin\Custom\DrawingTools\@AndrewsPitchfork.cs' conflicts with the imported type 'Draw' in 'NinjaTrader.Vendor, Version=8.1.6.0, Culture=neutral, PublicKeyToken=null'. Using the type defined in 'C:\Mac\Home\Documents\NinjaTrader 8\bin\Custom\DrawingTools\@AndrewsPitchfork.cs'. [C:\Mac\Home\Documents\NinjaTrader 8\bin\Custom\NinjaTrader.Custom.csproj]
C:\Mac\Home\Documents\NinjaTrader 8\bin\Custom\Indicators\@@CBASTestingIndicator1.cs(115,28): warning CS0436: The type 'EMA' in 'C:\Mac\Home\Documents\NinjaTrader 8\bin\Custom\Indicators\@EMA.cs' conflicts with the imported type 'EMA' in 'NinjaTrader.Vendor, Version=8.1.6.0, Culture=neutral, PublicKeyToken=null'. Using the type defined in 'C:\Mac\Home\Documents\NinjaTrader 8\bin\Custom\Indicators\@EMA.cs'. [C:\Mac\Home\Documents\NinjaTrader 8\bin\Custom\NinjaTrader.Custom.csproj]
C:\Mac\Home\Documents\NinjaTrader 8\bin\Custom\Strategies\@Strategy.cs(20,38): warning CS0436: The type 'Indicator' in 'C:\Mac\Home\Documents\NinjaTrader 8\bin\Custom\Indicators\@IchimokuCloud.cs' conflicts with the imported type 'Indicator' in 'NinjaTrader.Vendor, Version=8.1.6.0, Culture=neutral, PublicKeyToken=null'. Using the type defined in 'C:\Mac\Home\Documents\NinjaTrader 8\bin\Custom\Indicators\@IchimokuCloud.cs'. [C:\Mac\Home\Documents\NinjaTrader 8\bin\Custom\NinjaTrader.Custom.csproj]
C:\Mac\Home\Documents\NinjaTrader 8\bin\Custom\Indicators\@COT.cs(77,5): warning CS0436: The type 'Draw' in 'C:\Mac\Home\Documents\NinjaTrader 8\bin\Custom\DrawingTools\@AndrewsPitchfork.cs' conflicts with the imported type 'Draw' in 'NinjaTrader.Vendor, Version=8.1.6.0, Culture=neutral, PublicKeyToken=null'. Using the type defined in 'C:\Mac\Home\Documents\NinjaTrader 8\bin\Custom\DrawingTools\@AndrewsPitchfork.cs'. [C:\Mac\Home\Documents\NinjaTrader 8\bin\Custom\NinjaTrader.Custom.csproj]
C:\Mac\Home\Documents\NinjaTrader 8\bin\Custom\Indicators\@COT.cs(77,65): warning CS0436: The type 'TextPosition' in 'C:\Mac\Home\Documents\NinjaTrader 8\bin\Custom\DrawingTools\@Text.cs' conflicts with the imported type 'TextPosition' in 'NinjaTrader.Vendor, Version=8.1.6.0, Culture=neutral, PublicKeyToken=null'. Using the type defined in 'C:\Mac\Home\Documents\NinjaTrader 8\bin\Custom\DrawingTools\@Text.cs'. [C:\Mac\Home\Documents\NinjaTrader 8\bin\Custom\NinjaTrader.Custom.csproj]
C:\Mac\Home\Documents\NinjaTrader 8\bin\Custom\Indicators\@COT.cs(82,5): warning CS0436: The type 'Draw' in 'C:\Mac\Home\Documents\NinjaTrader 8\bin\Custom\DrawingTools\@AndrewsPitchfork.cs' conflicts with the imported type 'Draw' in 'NinjaTrader.Vendor, Version=8.1.6.0, Culture=neutral, PublicKeyToken=null'. Using the type defined in 'C:\Mac\Home\Documents\NinjaTrader 8\bin\Custom\DrawingTools\@AndrewsPitchfork.cs'. [C:\Mac\Home\Documents\NinjaTrader 8\bin\Custom\NinjaTrader.Custom.csproj]
C:\Mac\Home\Documents\NinjaTrader 8\bin\Custom\Indicators\@COT.cs(82,69): warning CS0436: The type 'TextPosition' in 'C:\Mac\Home\Documents\NinjaTrader 8\bin\Custom\DrawingTools\@Text.cs' conflicts with the imported type 'TextPosition' in 'NinjaTrader.Vendor, Version=8.1.6.0, Culture=neutral, PublicKeyToken=null'. Using the type defined in 'C:\Mac\Home\Documents\NinjaTrader 8\bin\Custom\DrawingTools\@Text.cs'. [C:\Mac\Home\Documents\NinjaTrader 8\bin\Custom\NinjaTrader.Custom.csproj]
C:\Mac\Home\Documents\NinjaTrader 8\bin\Custom\Indicators\@COT.cs(86,5): warning CS0436: The type 'Draw' in 'C:\Mac\Home\Documents\NinjaTrader 8\bin\Custom\DrawingTools\@AndrewsPitchfork.cs' conflicts with the imported type 'Draw' in 'NinjaTrader.Vendor, Version=8.1.6.0, Culture=neutral, PublicKeyToken=null'. Using the type defined in 'C:\Mac\Home\Documents\NinjaTrader 8\bin\Custom\DrawingTools\@AndrewsPitchfork.cs'. [C:\Mac\Home\Documents\NinjaTrader 8\bin\Custom\NinjaTrader.Custom.csproj]
C:\Mac\Home\Documents\NinjaTrader 8\bin\Custom\Indicators\@COT.cs(86,78): warning CS0436: The type 'TextPosition' in 'C:\Mac\Home\Documents\NinjaTrader 8\bin\Custom\DrawingTools\@Text.cs' conflicts with the imported type 'TextPosition' in 'NinjaTrader.Vendor, Version=8.1.6.0, Culture=neutral, PublicKeyToken=null'. Using the type defined in 'C:\Mac\Home\Documents\NinjaTrader 8\bin\Custom\DrawingTools\@Text.cs'. [C:\Mac\Home\Documents\NinjaTrader 8\bin\Custom\NinjaTrader.Custom.csproj]
C:\Mac\Home\Documents\NinjaTrader 8\bin\Custom\Indicators\@ZigZag.cs(434,5): warning CS0436: The type 'Draw' in 'C:\Mac\Home\Documents\NinjaTrader 8\bin\Custom\DrawingTools\@AndrewsPitchfork.cs' conflicts with the imported type 'Draw' in 'NinjaTrader.Vendor, Version=8.1.6.0, Culture=neutral, PublicKeyToken=null'. Using the type defined in 'C:\Mac\Home\Documents\NinjaTrader 8\bin\Custom\DrawingTools\@AndrewsPitchfork.cs'. [C:\Mac\Home\Documents\NinjaTrader 8\bin\Custom\NinjaTrader.Custom.csproj]
C:\Mac\Home\Documents\NinjaTrader 8\bin\Custom\Indicators\@ZigZag.cs(434,88): warning CS0436: The type 'TextPosition' in 'C:\Mac\Home\Documents\NinjaTrader 8\bin\Custom\DrawingTools\@Text.cs' conflicts with the imported type 'TextPosition' in 'NinjaTrader.Vendor, Version=8.1.6.0, Culture=neutral, PublicKeyToken=null'. Using the type defined in 'C:\Mac\Home\Documents\NinjaTrader 8\bin\Custom\DrawingTools\@Text.cs'. [C:\Mac\Home\Documents\NinjaTrader 8\bin\Custom\NinjaTrader.Custom.csproj]
C:\Mac\Home\Documents\NinjaTrader 8\bin\Custom\Indicators\@BuySellPressure.cs(49,6): warning CS0436: The type 'Draw' in 'C:\Mac\Home\Documents\NinjaTrader 8\bin\Custom\DrawingTools\@AndrewsPitchfork.cs' conflicts with the imported type 'Draw' in 'NinjaTrader.Vendor, Version=8.1.6.0, Culture=neutral, PublicKeyToken=null'. Using the type defined in 'C:\Mac\Home\Documents\NinjaTrader 8\bin\Custom\DrawingTools\@AndrewsPitchfork.cs'. [C:\Mac\Home\Documents\NinjaTrader 8\bin\Custom\NinjaTrader.Custom.csproj]
C:\Mac\Home\Documents\NinjaTrader 8\bin\Custom\Indicators\@BuySellPressure.cs(49,111): warning CS0436: The type 'TextPosition' in 'C:\Mac\Home\Documents\NinjaTrader 8\bin\Custom\DrawingTools\@Text.cs' conflicts with the imported type 'TextPosition' in 'NinjaTrader.Vendor, Version=8.1.6.0, Culture=neutral, PublicKeyToken=null'. Using the type defined in 'C:\Mac\Home\Documents\NinjaTrader 8\bin\Custom\DrawingTools\@Text.cs'. [C:\Mac\Home\Documents\NinjaTrader 8\bin\Custom\NinjaTrader.Custom.csproj]
C:\Mac\Home\Documents\NinjaTrader 8\bin\Custom\Indicators\@VWMA.cs(48,6): warning CS0436: The type 'Draw' in 'C:\Mac\Home\Documents\NinjaTrader 8\bin\Custom\DrawingTools\@AndrewsPitchfork.cs' conflicts with the imported type 'Draw' in 'NinjaTrader.Vendor, Version=8.1.6.0, Culture=neutral, PublicKeyToken=null'. Using the type defined in 'C:\Mac\Home\Documents\NinjaTrader 8\bin\Custom\DrawingTools\@AndrewsPitchfork.cs'. [C:\Mac\Home\Documents\NinjaTrader 8\bin\Custom\NinjaTrader.Custom.csproj]
C:\Mac\Home\Documents\NinjaTrader 8\bin\Custom\Indicators\@VWMA.cs(48,114): warning CS0436: The type 'TextPosition' in 'C:\Mac\Home\Documents\NinjaTrader 8\bin\Custom\DrawingTools\@Text.cs' conflicts with the imported type 'TextPosition' in 'NinjaTrader.Vendor, Version=8.1.6.0, Culture=neutral, PublicKeyToken=null'. Using the type defined in 'C:\Mac\Home\Documents\NinjaTrader 8\bin\Custom\DrawingTools\@Text.cs'. [C:\Mac\Home\Documents\NinjaTrader 8\bin\Custom\NinjaTrader.Custom.csproj]
C:\Mac\Home\Documents\NinjaTrader 8\bin\Custom\Indicators\@CandleStickPattern.cs(369,19): warning CS0436: The type 'Swing' in 'C:\Mac\Home\Documents\NinjaTrader 8\bin\Custom\Indicators\@Swing.cs' conflicts with the imported type 'Swing' in 'NinjaTrader.Vendor, Version=8.1.6.0, Culture=neutral, PublicKeyToken=null'. Using the type defined in 'C:\Mac\Home\Documents\NinjaTrader 8\bin\Custom\Indicators\@Swing.cs'. [C:\Mac\Home\Documents\NinjaTrader 8\bin\Custom\NinjaTrader.Custom.csproj]
C:\Mac\Home\Documents\NinjaTrader 8\bin\Custom\Indicators\@VROC.cs(51,6): warning CS0436: The type 'Draw' in 'C:\Mac\Home\Documents\NinjaTrader 8\bin\Custom\DrawingTools\@AndrewsPitchfork.cs' conflicts with the imported type 'Draw' in 'NinjaTrader.Vendor, Version=8.1.6.0, Culture=neutral, PublicKeyToken=null'. Using the type defined in 'C:\Mac\Home\Documents\NinjaTrader 8\bin\Custom\DrawingTools\@AndrewsPitchfork.cs'. [C:\Mac\Home\Documents\NinjaTrader 8\bin\Custom\NinjaTrader.Custom.csproj]
C:\Mac\Home\Documents\NinjaTrader 8\bin\Custom\Indicators\@VROC.cs(51,114): warning CS0436: The type 'TextPosition' in 'C:\Mac\Home\Documents\NinjaTrader 8\bin\Custom\DrawingTools\@Text.cs' conflicts with the imported type 'TextPosition' in 'NinjaTrader.Vendor, Version=8.1.6.0, Culture=neutral, PublicKeyToken=null'. Using the type defined in 'C:\Mac\Home\Documents\NinjaTrader 8\bin\Custom\DrawingTools\@Text.cs'. [C:\Mac\Home\Documents\NinjaTrader 8\bin\Custom\NinjaTrader.Custom.csproj]
C:\Mac\Home\Documents\NinjaTrader 8\bin\Custom\DrawingTools\@Text.cs(539,10): warning CS0436: The type 'TextPosition' in 'C:\Mac\Home\Documents\NinjaTrader 8\bin\Custom\DrawingTools\@Text.cs' conflicts with the imported type 'TextPosition' in 'NinjaTrader.Vendor, Version=8.1.6.0, Culture=neutral, PublicKeyToken=null'. Using the type defined in 'C:\Mac\Home\Documents\NinjaTrader 8\bin\Custom\DrawingTools\@Text.cs'. [C:\Mac\Home\Documents\NinjaTrader 8\bin\Custom\NinjaTrader.Custom.csproj]
C:\Mac\Home\Documents\NinjaTrader 8\bin\Custom\DrawingTools\@Text.cs(543,10): warning CS0436: The type 'TextPosition' in 'C:\Mac\Home\Documents\NinjaTrader 8\bin\Custom\DrawingTools\@Text.cs' conflicts with the imported type 'TextPosition' in 'NinjaTrader.Vendor, Version=8.1.6.0, Culture=neutral, PublicKeyToken=null'. Using the type defined in 'C:\Mac\Home\Documents\NinjaTrader 8\bin\Custom\DrawingTools\@Text.cs'. [C:\Mac\Home\Documents\NinjaTrader 8\bin\Custom\NinjaTrader.Custom.csproj]
C:\Mac\Home\Documents\NinjaTrader 8\bin\Custom\DrawingTools\@Text.cs(547,10): warning CS0436: The type 'TextPosition' in 'C:\Mac\Home\Documents\NinjaTrader 8\bin\Custom\DrawingTools\@Text.cs' conflicts with the imported type 'TextPosition' in 'NinjaTrader.Vendor, Version=8.1.6.0, Culture=neutral, PublicKeyToken=null'. Using the type defined in 'C:\Mac\Home\Documents\NinjaTrader 8\bin\Custom\DrawingTools\@Text.cs'. [C:\Mac\Home\Documents\NinjaTrader 8\bin\Custom\NinjaTrader.Custom.csproj]
C:\Mac\Home\Documents\NinjaTrader 8\bin\Custom\DrawingTools\@Text.cs(551,10): warning CS0436: The type 'TextPosition' in 'C:\Mac\Home\Documents\NinjaTrader 8\bin\Custom\DrawingTools\@Text.cs' conflicts with the imported type 'TextPosition' in 'NinjaTrader.Vendor, Version=8.1.6.0, Culture=neutral, PublicKeyToken=null'. Using the type defined in 'C:\Mac\Home\Documents\NinjaTrader 8\bin\Custom\DrawingTools\@Text.cs'. [C:\Mac\Home\Documents\NinjaTrader 8\bin\Custom\NinjaTrader.Custom.csproj]
C:\Mac\Home\Documents\NinjaTrader 8\bin\Custom\DrawingTools\@Text.cs(555,10): warning CS0436: The type 'TextPosition' in 'C:\Mac\Home\Documents\NinjaTrader 8\bin\Custom\DrawingTools\@Text.cs' conflicts with the imported type 'TextPosition' in 'NinjaTrader.Vendor, Version=8.1.6.0, Culture=neutral, PublicKeyToken=null'. Using the type defined in 'C:\Mac\Home\Documents\NinjaTrader 8\bin\Custom\DrawingTools\@Text.cs'. [C:\Mac\Home\Documents\NinjaTrader 8\bin\Custom\NinjaTrader.Custom.csproj]
C:\Mac\Home\Documents\NinjaTrader 8\bin\Custom\Indicators\@VolumeOscillator.cs(52,6): warning CS0436: The type 'Draw' in 'C:\Mac\Home\Documents\NinjaTrader 8\bin\Custom\DrawingTools\@AndrewsPitchfork.cs' conflicts with the imported type 'Draw' in 'NinjaTrader.Vendor, Version=8.1.6.0, Culture=neutral, PublicKeyToken=null'. Using the type defined in 'C:\Mac\Home\Documents\NinjaTrader 8\bin\Custom\DrawingTools\@AndrewsPitchfork.cs'. [C:\Mac\Home\Documents\NinjaTrader 8\bin\Custom\NinjaTrader.Custom.csproj]
C:\Mac\Home\Documents\NinjaTrader 8\bin\Custom\Indicators\@VolumeOscillator.cs(52,114): warning CS0436: The type 'TextPosition' in 'C:\Mac\Home\Documents\NinjaTrader 8\bin\Custom\DrawingTools\@Text.cs' conflicts with the imported type 'TextPosition' in 'NinjaTrader.Vendor, Version=8.1.6.0, Culture=neutral, PublicKeyToken=null'. Using the type defined in 'C:\Mac\Home\Documents\NinjaTrader 8\bin\Custom\DrawingTools\@Text.cs'. [C:\Mac\Home\Documents\NinjaTrader 8\bin\Custom\NinjaTrader.Custom.csproj]
C:\Mac\Home\Documents\NinjaTrader 8\bin\Custom\Indicators\@VOLMA.cs(39,5): warning CS0436: The type 'Draw' in 'C:\Mac\Home\Documents\NinjaTrader 8\bin\Custom\DrawingTools\@AndrewsPitchfork.cs' conflicts with the imported type 'Draw' in 'NinjaTrader.Vendor, Version=8.1.6.0, Culture=neutral, PublicKeyToken=null'. Using the type defined in 'C:\Mac\Home\Documents\NinjaTrader 8\bin\Custom\DrawingTools\@AndrewsPitchfork.cs'. [C:\Mac\Home\Documents\NinjaTrader 8\bin\Custom\NinjaTrader.Custom.csproj]
C:\Mac\Home\Documents\NinjaTrader 8\bin\Custom\Indicators\@VOLMA.cs(39,113): warning CS0436: The type 'TextPosition' in 'C:\Mac\Home\Documents\NinjaTrader 8\bin\Custom\DrawingTools\@Text.cs' conflicts with the imported type 'TextPosition' in 'NinjaTrader.Vendor, Version=8.1.6.0, Culture=neutral, PublicKeyToken=null'. Using the type defined in 'C:\Mac\Home\Documents\NinjaTrader 8\bin\Custom\DrawingTools\@Text.cs'. [C:\Mac\Home\Documents\NinjaTrader 8\bin\Custom\NinjaTrader.Custom.csproj]
C:\Mac\Home\Documents\NinjaTrader 8\bin\Custom\Optimizers\@StrategyGenerator.cs(53,36): warning CS0436: The type 'EMA' in 'C:\Mac\Home\Documents\NinjaTrader 8\bin\Custom\Indicators\@EMA.cs' conflicts with the imported type 'EMA' in 'NinjaTrader.Vendor, Version=8.1.6.0, Culture=neutral, PublicKeyToken=null'. Using the type defined in 'C:\Mac\Home\Documents\NinjaTrader 8\bin\Custom\Indicators\@EMA.cs'. [C:\Mac\Home\Documents\NinjaTrader 8\bin\Custom\NinjaTrader.Custom.csproj]
C:\Mac\Home\Documents\NinjaTrader 8\bin\Custom\Optimizers\@StrategyGenerator.cs(61,36): warning CS0436: The type 'LinReg' in 'C:\Mac\Home\Documents\NinjaTrader 8\bin\Custom\Indicators\@LinReg.cs' conflicts with the imported type 'LinReg' in 'NinjaTrader.Vendor, Version=8.1.6.0, Culture=neutral, PublicKeyToken=null'. Using the type defined in 'C:\Mac\Home\Documents\NinjaTrader 8\bin\Custom\Indicators\@LinReg.cs'. [C:\Mac\Home\Documents\NinjaTrader 8\bin\Custom\NinjaTrader.Custom.csproj]
C:\Mac\Home\Documents\NinjaTrader 8\bin\Custom\Optimizers\@StrategyGenerator.cs(87,36): warning CS0436: The type 'SMA' in 'C:\Mac\Home\Documents\NinjaTrader 8\bin\Custom\Indicators\@SMA.cs' conflicts with the imported type 'SMA' in 'NinjaTrader.Vendor, Version=8.1.6.0, Culture=neutral, PublicKeyToken=null'. Using the type defined in 'C:\Mac\Home\Documents\NinjaTrader 8\bin\Custom\Indicators\@SMA.cs'. [C:\Mac\Home\Documents\NinjaTrader 8\bin\Custom\NinjaTrader.Custom.csproj]
C:\Mac\Home\Documents\NinjaTrader 8\bin\Custom\Optimizers\@StrategyGenerator.cs(93,36): warning CS0436: The type 'Swing' in 'C:\Mac\Home\Documents\NinjaTrader 8\bin\Custom\Indicators\@Swing.cs' conflicts with the imported type 'Swing' in 'NinjaTrader.Vendor, Version=8.1.6.0, Culture=neutral, PublicKeyToken=null'. Using the type defined in 'C:\Mac\Home\Documents\NinjaTrader 8\bin\Custom\Indicators\@Swing.cs'. [C:\Mac\Home\Documents\NinjaTrader 8\bin\Custom\NinjaTrader.Custom.csproj]
C:\Mac\Home\Documents\NinjaTrader 8\bin\Custom\Indicators\@FibonacciPivots.cs(89,6): warning CS0436: The type 'Draw' in 'C:\Mac\Home\Documents\NinjaTrader 8\bin\Custom\DrawingTools\@AndrewsPitchfork.cs' conflicts with the imported type 'Draw' in 'NinjaTrader.Vendor, Version=8.1.6.0, Culture=neutral, PublicKeyToken=null'. Using the type defined in 'C:\Mac\Home\Documents\NinjaTrader 8\bin\Custom\DrawingTools\@AndrewsPitchfork.cs'. [C:\Mac\Home\Documents\NinjaTrader 8\bin\Custom\NinjaTrader.Custom.csproj]
C:\Mac\Home\Documents\NinjaTrader 8\bin\Custom\Indicators\@FibonacciPivots.cs(89,85): warning CS0436: The type 'TextPosition' in 'C:\Mac\Home\Documents\NinjaTrader 8\bin\Custom\DrawingTools\@Text.cs' conflicts with the imported type 'TextPosition' in 'NinjaTrader.Vendor, Version=8.1.6.0, Culture=neutral, PublicKeyToken=null'. Using the type defined in 'C:\Mac\Home\Documents\NinjaTrader 8\bin\Custom\DrawingTools\@Text.cs'. [C:\Mac\Home\Documents\NinjaTrader 8\bin\Custom\NinjaTrader.Custom.csproj]
C:\Mac\Home\Documents\NinjaTrader 8\bin\Custom\Indicators\@FibonacciPivots.cs(96,6): warning CS0436: The type 'Draw' in 'C:\Mac\Home\Documents\NinjaTrader 8\bin\Custom\DrawingTools\@AndrewsPitchfork.cs' conflicts with the imported type 'Draw' in 'NinjaTrader.Vendor, Version=8.1.6.0, Culture=neutral, PublicKeyToken=null'. Using the type defined in 'C:\Mac\Home\Documents\NinjaTrader 8\bin\Custom\DrawingTools\@AndrewsPitchfork.cs'. [C:\Mac\Home\Documents\NinjaTrader 8\bin\Custom\NinjaTrader.Custom.csproj]
C:\Mac\Home\Documents\NinjaTrader 8\bin\Custom\Indicators\@FibonacciPivots.cs(96,85): warning CS0436: The type 'TextPosition' in 'C:\Mac\Home\Documents\NinjaTrader 8\bin\Custom\DrawingTools\@Text.cs' conflicts with the imported type 'TextPosition' in 'NinjaTrader.Vendor, Version=8.1.6.0, Culture=neutral, PublicKeyToken=null'. Using the type defined in 'C:\Mac\Home\Documents\NinjaTrader 8\bin\Custom\DrawingTools\@Text.cs'. [C:\Mac\Home\Documents\NinjaTrader 8\bin\Custom\NinjaTrader.Custom.csproj]
C:\Mac\Home\Documents\NinjaTrader 8\bin\Custom\Indicators\@FibonacciPivots.cs(101,6): warning CS0436: The type 'Draw' in 'C:\Mac\Home\Documents\NinjaTrader 8\bin\Custom\DrawingTools\@AndrewsPitchfork.cs' conflicts with the imported type 'Draw' in 'NinjaTrader.Vendor, Version=8.1.6.0, Culture=neutral, PublicKeyToken=null'. Using the type defined in 'C:\Mac\Home\Documents\NinjaTrader 8\bin\Custom\DrawingTools\@AndrewsPitchfork.cs'. [C:\Mac\Home\Documents\NinjaTrader 8\bin\Custom\NinjaTrader.Custom.csproj]
C:\Mac\Home\Documents\NinjaTrader 8\bin\Custom\Indicators\@FibonacciPivots.cs(101,86): warning CS0436: The type 'TextPosition' in 'C:\Mac\Home\Documents\NinjaTrader 8\bin\Custom\DrawingTools\@Text.cs' conflicts with the imported type 'TextPosition' in 'NinjaTrader.Vendor, Version=8.1.6.0, Culture=neutral, PublicKeyToken=null'. Using the type defined in 'C:\Mac\Home\Documents\NinjaTrader 8\bin\Custom\DrawingTools\@Text.cs'. [C:\Mac\Home\Documents\NinjaTrader 8\bin\Custom\NinjaTrader.Custom.csproj]
C:\Mac\Home\Documents\NinjaTrader 8\bin\Custom\Indicators\@FibonacciPivots.cs(106,6): warning CS0436: The type 'Draw' in 'C:\Mac\Home\Documents\NinjaTrader 8\bin\Custom\DrawingTools\@AndrewsPitchfork.cs' conflicts with the imported type 'Draw' in 'NinjaTrader.Vendor, Version=8.1.6.0, Culture=neutral, PublicKeyToken=null'. Using the type defined in 'C:\Mac\Home\Documents\NinjaTrader 8\bin\Custom\DrawingTools\@AndrewsPitchfork.cs'. [C:\Mac\Home\Documents\NinjaTrader 8\bin\Custom\NinjaTrader.Custom.csproj]
C:\Mac\Home\Documents\NinjaTrader 8\bin\Custom\Indicators\@FibonacciPivots.cs(106,86): warning CS0436: The type 'TextPosition' in 'C:\Mac\Home\Documents\NinjaTrader 8\bin\Custom\DrawingTools\@Text.cs' conflicts with the imported type 'TextPosition' in 'NinjaTrader.Vendor, Version=8.1.6.0, Culture=neutral, PublicKeyToken=null'. Using the type defined in 'C:\Mac\Home\Documents\NinjaTrader 8\bin\Custom\DrawingTools\@Text.cs'. [C:\Mac\Home\Documents\NinjaTrader 8\bin\Custom\NinjaTrader.Custom.csproj]
C:\Mac\Home\Documents\NinjaTrader 8\bin\Custom\Indicators\@FibonacciPivots.cs(118,6): warning CS0436: The type 'Draw' in 'C:\Mac\Home\Documents\NinjaTrader 8\bin\Custom\DrawingTools\@AndrewsPitchfork.cs' conflicts with the imported type 'Draw' in 'NinjaTrader.Vendor, Version=8.1.6.0, Culture=neutral, PublicKeyToken=null'. Using the type defined in 'C:\Mac\Home\Documents\NinjaTrader 8\bin\Custom\DrawingTools\@AndrewsPitchfork.cs'. [C:\Mac\Home\Documents\NinjaTrader 8\bin\Custom\NinjaTrader.Custom.csproj]
C:\Mac\Home\Documents\NinjaTrader 8\bin\Custom\Indicators\@FibonacciPivots.cs(118,91): warning CS0436: The type 'TextPosition' in 'C:\Mac\Home\Documents\NinjaTrader 8\bin\Custom\DrawingTools\@Text.cs' conflicts with the imported type 'TextPosition' in 'NinjaTrader.Vendor, Version=8.1.6.0, Culture=neutral, PublicKeyToken=null'. Using the type defined in 'C:\Mac\Home\Documents\NinjaTrader 8\bin\Custom\DrawingTools\@Text.cs'. [C:\Mac\Home\Documents\NinjaTrader 8\bin\Custom\NinjaTrader.Custom.csproj]
C:\Mac\Home\Documents\NinjaTrader 8\bin\Custom\Strategies\GradientSlopeStrategy.cs(2720,17): warning CS0436: The type 'Draw' in 'C:\Mac\Home\Documents\NinjaTrader 8\bin\Custom\DrawingTools\@AndrewsPitchfork.cs' conflicts with the imported type 'Draw' in 'NinjaTrader.Vendor, Version=8.1.6.0, Culture=neutral, PublicKeyToken=null'. Using the type defined in 'C:\Mac\Home\Documents\NinjaTrader 8\bin\Custom\DrawingTools\@AndrewsPitchfork.cs'. [C:\Mac\Home\Documents\NinjaTrader 8\bin\Custom\NinjaTrader.Custom.csproj]
C:\Mac\Home\Documents\NinjaTrader 8\bin\Custom\Strategies\GradientSlopeStrategy.cs(2720,61): warning CS0436: The type 'TextPosition' in 'C:\Mac\Home\Documents\NinjaTrader 8\bin\Custom\DrawingTools\@Text.cs' conflicts with the imported type 'TextPosition' in 'NinjaTrader.Vendor, Version=8.1.6.0, Culture=neutral, PublicKeyToken=null'. Using the type defined in 'C:\Mac\Home\Documents\NinjaTrader 8\bin\Custom\DrawingTools\@Text.cs'. [C:\Mac\Home\Documents\NinjaTrader 8\bin\Custom\NinjaTrader.Custom.csproj]
C:\Mac\Home\Documents\NinjaTrader 8\bin\Custom\Strategies\CBASSuperTrendStrategy.cs(2578,22): warning CS0219: The variable 'propertiesMatch' is assigned but its value is never used [C:\Mac\Home\Documents\NinjaTrader 8\bin\Custom\NinjaTrader.Custom.csproj]
C:\Mac\Home\Documents\NinjaTrader 8\bin\Custom\Indicators\@NetChangeDisplay.cs(49,37): warning CS0436: The type 'TextPosition' in 'C:\Mac\Home\Documents\NinjaTrader 8\bin\Custom\DrawingTools\@Text.cs' conflicts with the imported type 'TextPosition' in 'NinjaTrader.Vendor, Version=8.1.6.0, Culture=neutral, PublicKeyToken=null'. Using the type defined in 'C:\Mac\Home\Documents\NinjaTrader 8\bin\Custom\DrawingTools\@Text.cs'. [C:\Mac\Home\Documents\NinjaTrader 8\bin\Custom\NinjaTrader.Custom.csproj]
C:\Mac\Home\Documents\NinjaTrader 8\bin\Custom\Indicators\@NetChangeDisplay.cs(50,38): warning CS0436: The type 'TextPosition' in 'C:\Mac\Home\Documents\NinjaTrader 8\bin\Custom\DrawingTools\@Text.cs' conflicts with the imported type 'TextPosition' in 'NinjaTrader.Vendor, Version=8.1.6.0, Culture=neutral, PublicKeyToken=null'. Using the type defined in 'C:\Mac\Home\Documents\NinjaTrader 8\bin\Custom\DrawingTools\@Text.cs'. [C:\Mac\Home\Documents\NinjaTrader 8\bin\Custom\NinjaTrader.Custom.csproj]
C:\Mac\Home\Documents\NinjaTrader 8\bin\Custom\Indicators\@NetChangeDisplay.cs(51,35): warning CS0436: The type 'TextPosition' in 'C:\Mac\Home\Documents\NinjaTrader 8\bin\Custom\DrawingTools\@Text.cs' conflicts with the imported type 'TextPosition' in 'NinjaTrader.Vendor, Version=8.1.6.0, Culture=neutral, PublicKeyToken=null'. Using the type defined in 'C:\Mac\Home\Documents\NinjaTrader 8\bin\Custom\DrawingTools\@Text.cs'. [C:\Mac\Home\Documents\NinjaTrader 8\bin\Custom\NinjaTrader.Custom.csproj]
C:\Mac\Home\Documents\NinjaTrader 8\bin\Custom\Indicators\@NetChangeDisplay.cs(52,36): warning CS0436: The type 'TextPosition' in 'C:\Mac\Home\Documents\NinjaTrader 8\bin\Custom\DrawingTools\@Text.cs' conflicts with the imported type 'TextPosition' in 'NinjaTrader.Vendor, Version=8.1.6.0, Culture=neutral, PublicKeyToken=null'. Using the type defined in 'C:\Mac\Home\Documents\NinjaTrader 8\bin\Custom\DrawingTools\@Text.cs'. [C:\Mac\Home\Documents\NinjaTrader 8\bin\Custom\NinjaTrader.Custom.csproj]
C:\Mac\Home\Documents\NinjaTrader 8\bin\Custom\Indicators\@NetChangeDisplay.cs(53,17): warning CS0436: The type 'TextPosition' in 'C:\Mac\Home\Documents\NinjaTrader 8\bin\Custom\DrawingTools\@Text.cs' conflicts with the imported type 'TextPosition' in 'NinjaTrader.Vendor, Version=8.1.6.0, Culture=neutral, PublicKeyToken=null'. Using the type defined in 'C:\Mac\Home\Documents\NinjaTrader 8\bin\Custom\DrawingTools\@Text.cs'. [C:\Mac\Home\Documents\NinjaTrader 8\bin\Custom\NinjaTrader.Custom.csproj]
C:\Mac\Home\Documents\NinjaTrader 8\bin\Custom\Indicators\@DrawingToolTile.cs(77,84): warning CS0436: The type 'Text' in 'C:\Mac\Home\Documents\NinjaTrader 8\bin\Custom\DrawingTools\@Text.cs' conflicts with the imported type 'Text' in 'NinjaTrader.Vendor, Version=8.1.6.0, Culture=neutral, PublicKeyToken=null'. Using the type defined in 'C:\Mac\Home\Documents\NinjaTrader 8\bin\Custom\DrawingTools\@Text.cs'. [C:\Mac\Home\Documents\NinjaTrader 8\bin\Custom\NinjaTrader.Custom.csproj]
C:\Mac\Home\Documents\NinjaTrader 8\bin\Custom\Indicators\@NetChangeDisplay.cs(77,6): warning CS0436: The type 'Draw' in 'C:\Mac\Home\Documents\NinjaTrader 8\bin\Custom\DrawingTools\@AndrewsPitchfork.cs' conflicts with the imported type 'Draw' in 'NinjaTrader.Vendor, Version=8.1.6.0, Culture=neutral, PublicKeyToken=null'. Using the type defined in 'C:\Mac\Home\Documents\NinjaTrader 8\bin\Custom\DrawingTools\@AndrewsPitchfork.cs'. [C:\Mac\Home\Documents\NinjaTrader 8\bin\Custom\NinjaTrader.Custom.csproj]
C:\Mac\Home\Documents\NinjaTrader 8\bin\Custom\Indicators\@NetChangeDisplay.cs(106,5): warning CS0436: The type 'Draw' in 'C:\Mac\Home\Documents\NinjaTrader 8\bin\Custom\DrawingTools\@AndrewsPitchfork.cs' conflicts with the imported type 'Draw' in 'NinjaTrader.Vendor, Version=8.1.6.0, Culture=neutral, PublicKeyToken=null'. Using the type defined in 'C:\Mac\Home\Documents\NinjaTrader 8\bin\Custom\DrawingTools\@AndrewsPitchfork.cs'. [C:\Mac\Home\Documents\NinjaTrader 8\bin\Custom\NinjaTrader.Custom.csproj]
C:\Mac\Home\Documents\NinjaTrader 8\bin\Custom\Indicators\@Pivots.cs(92,6): warning CS0436: The type 'Draw' in 'C:\Mac\Home\Documents\NinjaTrader 8\bin\Custom\DrawingTools\@AndrewsPitchfork.cs' conflicts with the imported type 'Draw' in 'NinjaTrader.Vendor, Version=8.1.6.0, Culture=neutral, PublicKeyToken=null'. Using the type defined in 'C:\Mac\Home\Documents\NinjaTrader 8\bin\Custom\DrawingTools\@AndrewsPitchfork.cs'. [C:\Mac\Home\Documents\NinjaTrader 8\bin\Custom\NinjaTrader.Custom.csproj]
C:\Mac\Home\Documents\NinjaTrader 8\bin\Custom\Indicators\@Pivots.cs(92,85): warning CS0436: The type 'TextPosition' in 'C:\Mac\Home\Documents\NinjaTrader 8\bin\Custom\DrawingTools\@Text.cs' conflicts with the imported type 'TextPosition' in 'NinjaTrader.Vendor, Version=8.1.6.0, Culture=neutral, PublicKeyToken=null'. Using the type defined in 'C:\Mac\Home\Documents\NinjaTrader 8\bin\Custom\DrawingTools\@Text.cs'. [C:\Mac\Home\Documents\NinjaTrader 8\bin\Custom\NinjaTrader.Custom.csproj]
C:\Mac\Home\Documents\NinjaTrader 8\bin\Custom\Indicators\@Pivots.cs(99,6): warning CS0436: The type 'Draw' in 'C:\Mac\Home\Documents\NinjaTrader 8\bin\Custom\DrawingTools\@AndrewsPitchfork.cs' conflicts with the imported type 'Draw' in 'NinjaTrader.Vendor, Version=8.1.6.0, Culture=neutral, PublicKeyToken=null'. Using the type defined in 'C:\Mac\Home\Documents\NinjaTrader 8\bin\Custom\DrawingTools\@AndrewsPitchfork.cs'. [C:\Mac\Home\Documents\NinjaTrader 8\bin\Custom\NinjaTrader.Custom.csproj]
C:\Mac\Home\Documents\NinjaTrader 8\bin\Custom\Indicators\@Pivots.cs(99,85): warning CS0436: The type 'TextPosition' in 'C:\Mac\Home\Documents\NinjaTrader 8\bin\Custom\DrawingTools\@Text.cs' conflicts with the imported type 'TextPosition' in 'NinjaTrader.Vendor, Version=8.1.6.0, Culture=neutral, PublicKeyToken=null'. Using the type defined in 'C:\Mac\Home\Documents\NinjaTrader 8\bin\Custom\DrawingTools\@Text.cs'. [C:\Mac\Home\Documents\NinjaTrader 8\bin\Custom\NinjaTrader.Custom.csproj]
C:\Mac\Home\Documents\NinjaTrader 8\bin\Custom\Indicators\@Pivots.cs(104,6): warning CS0436: The type 'Draw' in 'C:\Mac\Home\Documents\NinjaTrader 8\bin\Custom\DrawingTools\@AndrewsPitchfork.cs' conflicts with the imported type 'Draw' in 'NinjaTrader.Vendor, Version=8.1.6.0, Culture=neutral, PublicKeyToken=null'. Using the type defined in 'C:\Mac\Home\Documents\NinjaTrader 8\bin\Custom\DrawingTools\@AndrewsPitchfork.cs'. [C:\Mac\Home\Documents\NinjaTrader 8\bin\Custom\NinjaTrader.Custom.csproj]
C:\Mac\Home\Documents\NinjaTrader 8\bin\Custom\Indicators\@Pivots.cs(104,86): warning CS0436: The type 'TextPosition' in 'C:\Mac\Home\Documents\NinjaTrader 8\bin\Custom\DrawingTools\@Text.cs' conflicts with the imported type 'TextPosition' in 'NinjaTrader.Vendor, Version=8.1.6.0, Culture=neutral, PublicKeyToken=null'. Using the type defined in 'C:\Mac\Home\Documents\NinjaTrader 8\bin\Custom\DrawingTools\@Text.cs'. [C:\Mac\Home\Documents\NinjaTrader 8\bin\Custom\NinjaTrader.Custom.csproj]
C:\Mac\Home\Documents\NinjaTrader 8\bin\Custom\Indicators\@Pivots.cs(109,6): warning CS0436: The type 'Draw' in 'C:\Mac\Home\Documents\NinjaTrader 8\bin\Custom\DrawingTools\@AndrewsPitchfork.cs' conflicts with the imported type 'Draw' in 'NinjaTrader.Vendor, Version=8.1.6.0, Culture=neutral, PublicKeyToken=null'. Using the type defined in 'C:\Mac\Home\Documents\NinjaTrader 8\bin\Custom\DrawingTools\@AndrewsPitchfork.cs'. [C:\Mac\Home\Documents\NinjaTrader 8\bin\Custom\NinjaTrader.Custom.csproj]
C:\Mac\Home\Documents\NinjaTrader 8\bin\Custom\Indicators\@Pivots.cs(109,86): warning CS0436: The type 'TextPosition' in 'C:\Mac\Home\Documents\NinjaTrader 8\bin\Custom\DrawingTools\@Text.cs' conflicts with the imported type 'TextPosition' in 'NinjaTrader.Vendor, Version=8.1.6.0, Culture=neutral, PublicKeyToken=null'. Using the type defined in 'C:\Mac\Home\Documents\NinjaTrader 8\bin\Custom\DrawingTools\@Text.cs'. [C:\Mac\Home\Documents\NinjaTrader 8\bin\Custom\NinjaTrader.Custom.csproj]
C:\Mac\Home\Documents\NinjaTrader 8\bin\Custom\Indicators\@Pivots.cs(121,6): warning CS0436: The type 'Draw' in 'C:\Mac\Home\Documents\NinjaTrader 8\bin\Custom\DrawingTools\@AndrewsPitchfork.cs' conflicts with the imported type 'Draw' in 'NinjaTrader.Vendor, Version=8.1.6.0, Culture=neutral, PublicKeyToken=null'. Using the type defined in 'C:\Mac\Home\Documents\NinjaTrader 8\bin\Custom\DrawingTools\@AndrewsPitchfork.cs'. [C:\Mac\Home\Documents\NinjaTrader 8\bin\Custom\NinjaTrader.Custom.csproj]
C:\Mac\Home\Documents\NinjaTrader 8\bin\Custom\Indicators\@Pivots.cs(121,91): warning CS0436: The type 'TextPosition' in 'C:\Mac\Home\Documents\NinjaTrader 8\bin\Custom\DrawingTools\@Text.cs' conflicts with the imported type 'TextPosition' in 'NinjaTrader.Vendor, Version=8.1.6.0, Culture=neutral, PublicKeyToken=null'. Using the type defined in 'C:\Mac\Home\Documents\NinjaTrader 8\bin\Custom\DrawingTools\@Text.cs'. [C:\Mac\Home\Documents\NinjaTrader 8\bin\Custom\NinjaTrader.Custom.csproj]
C:\Mac\Home\Documents\NinjaTrader 8\bin\Custom\Indicators\@EaseOfMovement.cs(51,6): warning CS0436: The type 'Draw' in 'C:\Mac\Home\Documents\NinjaTrader 8\bin\Custom\DrawingTools\@AndrewsPitchfork.cs' conflicts with the imported type 'Draw' in 'NinjaTrader.Vendor, Version=8.1.6.0, Culture=neutral, PublicKeyToken=null'. Using the type defined in 'C:\Mac\Home\Documents\NinjaTrader 8\bin\Custom\DrawingTools\@AndrewsPitchfork.cs'. [C:\Mac\Home\Documents\NinjaTrader 8\bin\Custom\NinjaTrader.Custom.csproj]
C:\Mac\Home\Documents\NinjaTrader 8\bin\Custom\Indicators\@EaseOfMovement.cs(51,114): warning CS0436: The type 'TextPosition' in 'C:\Mac\Home\Documents\NinjaTrader 8\bin\Custom\DrawingTools\@Text.cs' conflicts with the imported type 'TextPosition' in 'NinjaTrader.Vendor, Version=8.1.6.0, Culture=neutral, PublicKeyToken=null'. Using the type defined in 'C:\Mac\Home\Documents\NinjaTrader 8\bin\Custom\DrawingTools\@Text.cs'. [C:\Mac\Home\Documents\NinjaTrader 8\bin\Custom\NinjaTrader.Custom.csproj]
C:\Mac\Home\Documents\NinjaTrader 8\bin\Custom\Indicators\@RangeCounter.cs(66,4): warning CS0436: The type 'Draw' in 'C:\Mac\Home\Documents\NinjaTrader 8\bin\Custom\DrawingTools\@AndrewsPitchfork.cs' conflicts with the imported type 'Draw' in 'NinjaTrader.Vendor, Version=8.1.6.0, Culture=neutral, PublicKeyToken=null'. Using the type defined in 'C:\Mac\Home\Documents\NinjaTrader 8\bin\Custom\DrawingTools\@AndrewsPitchfork.cs'. [C:\Mac\Home\Documents\NinjaTrader 8\bin\Custom\NinjaTrader.Custom.csproj]
C:\Mac\Home\Documents\NinjaTrader 8\bin\Custom\Indicators\@TrendLines.cs(60,6): warning CS0436: The type 'Draw' in 'C:\Mac\Home\Documents\NinjaTrader 8\bin\Custom\DrawingTools\@AndrewsPitchfork.cs' conflicts with the imported type 'Draw' in 'NinjaTrader.Vendor, Version=8.1.6.0, Culture=neutral, PublicKeyToken=null'. Using the type defined in 'C:\Mac\Home\Documents\NinjaTrader 8\bin\Custom\DrawingTools\@AndrewsPitchfork.cs'. [C:\Mac\Home\Documents\NinjaTrader 8\bin\Custom\NinjaTrader.Custom.csproj]
C:\Mac\Home\Documents\NinjaTrader 8\bin\Custom\Indicators\@TrendLines.cs(60,95): warning CS0436: The type 'TextPosition' in 'C:\Mac\Home\Documents\NinjaTrader 8\bin\Custom\DrawingTools\@Text.cs' conflicts with the imported type 'TextPosition' in 'NinjaTrader.Vendor, Version=8.1.6.0, Culture=neutral, PublicKeyToken=null'. Using the type defined in 'C:\Mac\Home\Documents\NinjaTrader 8\bin\Custom\DrawingTools\@Text.cs'. [C:\Mac\Home\Documents\NinjaTrader 8\bin\Custom\NinjaTrader.Custom.csproj]
C:\Mac\Home\Documents\NinjaTrader 8\bin\Custom\Indicators\@TickCounter.cs(47,4): warning CS0436: The type 'Draw' in 'C:\Mac\Home\Documents\NinjaTrader 8\bin\Custom\DrawingTools\@AndrewsPitchfork.cs' conflicts with the imported type 'Draw' in 'NinjaTrader.Vendor, Version=8.1.6.0, Culture=neutral, PublicKeyToken=null'. Using the type defined in 'C:\Mac\Home\Documents\NinjaTrader 8\bin\Custom\DrawingTools\@AndrewsPitchfork.cs'. [C:\Mac\Home\Documents\NinjaTrader 8\bin\Custom\NinjaTrader.Custom.csproj]
C:\Mac\Home\Documents\NinjaTrader 8\bin\Custom\Indicators\@DrawingToolTile.cs(307,30): warning CS0436: The type 'Text' in 'C:\Mac\Home\Documents\NinjaTrader 8\bin\Custom\DrawingTools\@Text.cs' conflicts with the imported type 'Text' in 'NinjaTrader.Vendor, Version=8.1.6.0, Culture=neutral, PublicKeyToken=null'. Using the type defined in 'C:\Mac\Home\Documents\NinjaTrader 8\bin\Custom\DrawingTools\@Text.cs'. [C:\Mac\Home\Documents\NinjaTrader 8\bin\Custom\NinjaTrader.Custom.csproj]
C:\Mac\Home\Documents\NinjaTrader 8\bin\Custom\Indicators\@DrawingToolTile.cs(308,30): warning CS0436: The type 'ArrowUp' in 'C:\Mac\Home\Documents\NinjaTrader 8\bin\Custom\DrawingTools\@ChartMarkers.cs' conflicts with the imported type 'ArrowUp' in 'NinjaTrader.Vendor, Version=8.1.6.0, Culture=neutral, PublicKeyToken=null'. Using the type defined in 'C:\Mac\Home\Documents\NinjaTrader 8\bin\Custom\DrawingTools\@ChartMarkers.cs'. [C:\Mac\Home\Documents\NinjaTrader 8\bin\Custom\NinjaTrader.Custom.csproj]
C:\Mac\Home\Documents\NinjaTrader 8\bin\Custom\Indicators\@DrawingToolTile.cs(309,30): warning CS0436: The type 'ArrowDown' in 'C:\Mac\Home\Documents\NinjaTrader 8\bin\Custom\DrawingTools\@ChartMarkers.cs' conflicts with the imported type 'ArrowDown' in 'NinjaTrader.Vendor, Version=8.1.6.0, Culture=neutral, PublicKeyToken=null'. Using the type defined in 'C:\Mac\Home\Documents\NinjaTrader 8\bin\Custom\DrawingTools\@ChartMarkers.cs'. [C:\Mac\Home\Documents\NinjaTrader 8\bin\Custom\NinjaTrader.Custom.csproj]
C:\Mac\Home\Documents\NinjaTrader 8\bin\Custom\Indicators\@DrawingToolTile.cs(310,30): warning CS0436: The type 'Diamond' in 'C:\Mac\Home\Documents\NinjaTrader 8\bin\Custom\DrawingTools\@ChartMarkers.cs' conflicts with the imported type 'Diamond' in 'NinjaTrader.Vendor, Version=8.1.6.0, Culture=neutral, PublicKeyToken=null'. Using the type defined in 'C:\Mac\Home\Documents\NinjaTrader 8\bin\Custom\DrawingTools\@ChartMarkers.cs'. [C:\Mac\Home\Documents\NinjaTrader 8\bin\Custom\NinjaTrader.Custom.csproj]
C:\Mac\Home\Documents\NinjaTrader 8\bin\Custom\Indicators\@DrawingToolTile.cs(311,30): warning CS0436: The type 'Dot' in 'C:\Mac\Home\Documents\NinjaTrader 8\bin\Custom\DrawingTools\@ChartMarkers.cs' conflicts with the imported type 'Dot' in 'NinjaTrader.Vendor, Version=8.1.6.0, Culture=neutral, PublicKeyToken=null'. Using the type defined in 'C:\Mac\Home\Documents\NinjaTrader 8\bin\Custom\DrawingTools\@ChartMarkers.cs'. [C:\Mac\Home\Documents\NinjaTrader 8\bin\Custom\NinjaTrader.Custom.csproj]
C:\Mac\Home\Documents\NinjaTrader 8\bin\Custom\Indicators\@DrawingToolTile.cs(312,30): warning CS0436: The type 'Square' in 'C:\Mac\Home\Documents\NinjaTrader 8\bin\Custom\DrawingTools\@ChartMarkers.cs' conflicts with the imported type 'Square' in 'NinjaTrader.Vendor, Version=8.1.6.0, Culture=neutral, PublicKeyToken=null'. Using the type defined in 'C:\Mac\Home\Documents\NinjaTrader 8\bin\Custom\DrawingTools\@ChartMarkers.cs'. [C:\Mac\Home\Documents\NinjaTrader 8\bin\Custom\NinjaTrader.Custom.csproj]
C:\Mac\Home\Documents\NinjaTrader 8\bin\Custom\Indicators\@DrawingToolTile.cs(313,30): warning CS0436: The type 'TriangleUp' in 'C:\Mac\Home\Documents\NinjaTrader 8\bin\Custom\DrawingTools\@ChartMarkers.cs' conflicts with the imported type 'TriangleUp' in 'NinjaTrader.Vendor, Version=8.1.6.0, Culture=neutral, PublicKeyToken=null'. Using the type defined in 'C:\Mac\Home\Documents\NinjaTrader 8\bin\Custom\DrawingTools\@ChartMarkers.cs'. [C:\Mac\Home\Documents\NinjaTrader 8\bin\Custom\NinjaTrader.Custom.csproj]
C:\Mac\Home\Documents\NinjaTrader 8\bin\Custom\Indicators\@DrawingToolTile.cs(314,30): warning CS0436: The type 'TriangleDown' in 'C:\Mac\Home\Documents\NinjaTrader 8\bin\Custom\DrawingTools\@ChartMarkers.cs' conflicts with the imported type 'TriangleDown' in 'NinjaTrader.Vendor, Version=8.1.6.0, Culture=neutral, PublicKeyToken=null'. Using the type defined in 'C:\Mac\Home\Documents\NinjaTrader 8\bin\Custom\DrawingTools\@ChartMarkers.cs'. [C:\Mac\Home\Documents\NinjaTrader 8\bin\Custom\NinjaTrader.Custom.csproj]
C:\Mac\Home\Documents\NinjaTrader 8\bin\Custom\Indicators\@VolumeUpDown.cs(36,5): warning CS0436: The type 'Draw' in 'C:\Mac\Home\Documents\NinjaTrader 8\bin\Custom\DrawingTools\@AndrewsPitchfork.cs' conflicts with the imported type 'Draw' in 'NinjaTrader.Vendor, Version=8.1.6.0, Culture=neutral, PublicKeyToken=null'. Using the type defined in 'C:\Mac\Home\Documents\NinjaTrader 8\bin\Custom\DrawingTools\@AndrewsPitchfork.cs'. [C:\Mac\Home\Documents\NinjaTrader 8\bin\Custom\NinjaTrader.Custom.csproj]
C:\Mac\Home\Documents\NinjaTrader 8\bin\Custom\Indicators\@VolumeUpDown.cs(36,113): warning CS0436: The type 'TextPosition' in 'C:\Mac\Home\Documents\NinjaTrader 8\bin\Custom\DrawingTools\@Text.cs' conflicts with the imported type 'TextPosition' in 'NinjaTrader.Vendor, Version=8.1.6.0, Culture=neutral, PublicKeyToken=null'. Using the type defined in 'C:\Mac\Home\Documents\NinjaTrader 8\bin\Custom\DrawingTools\@Text.cs'. [C:\Mac\Home\Documents\NinjaTrader 8\bin\Custom\NinjaTrader.Custom.csproj]
C:\Mac\Home\Documents\NinjaTrader 8\bin\Custom\Indicators\@VolumeProfile.cs(71,5): warning CS0436: The type 'Draw' in 'C:\Mac\Home\Documents\NinjaTrader 8\bin\Custom\DrawingTools\@AndrewsPitchfork.cs' conflicts with the imported type 'Draw' in 'NinjaTrader.Vendor, Version=8.1.6.0, Culture=neutral, PublicKeyToken=null'. Using the type defined in 'C:\Mac\Home\Documents\NinjaTrader 8\bin\Custom\DrawingTools\@AndrewsPitchfork.cs'. [C:\Mac\Home\Documents\NinjaTrader 8\bin\Custom\NinjaTrader.Custom.csproj]
C:\Mac\Home\Documents\NinjaTrader 8\bin\Custom\Indicators\@VolumeProfile.cs(71,110): warning CS0436: The type 'TextPosition' in 'C:\Mac\Home\Documents\NinjaTrader 8\bin\Custom\DrawingTools\@Text.cs' conflicts with the imported type 'TextPosition' in 'NinjaTrader.Vendor, Version=8.1.6.0, Culture=neutral, PublicKeyToken=null'. Using the type defined in 'C:\Mac\Home\Documents\NinjaTrader 8\bin\Custom\DrawingTools\@Text.cs'. [C:\Mac\Home\Documents\NinjaTrader 8\bin\Custom\NinjaTrader.Custom.csproj]
C:\Mac\Home\Documents\NinjaTrader 8\bin\Custom\Indicators\@VolumeCounter.cs(56,4): warning CS0436: The type 'Draw' in 'C:\Mac\Home\Documents\NinjaTrader 8\bin\Custom\DrawingTools\@AndrewsPitchfork.cs' conflicts with the imported type 'Draw' in 'NinjaTrader.Vendor, Version=8.1.6.0, Culture=neutral, PublicKeyToken=null'. Using the type defined in 'C:\Mac\Home\Documents\NinjaTrader 8\bin\Custom\DrawingTools\@AndrewsPitchfork.cs'. [C:\Mac\Home\Documents\NinjaTrader 8\bin\Custom\NinjaTrader.Custom.csproj]
C:\Mac\Home\Documents\NinjaTrader 8\bin\Custom\Indicators\@TrendLines.cs(223,19): warning CS0436: The type 'Draw' in 'C:\Mac\Home\Documents\NinjaTrader 8\bin\Custom\DrawingTools\@AndrewsPitchfork.cs' conflicts with the imported type 'Draw' in 'NinjaTrader.Vendor, Version=8.1.6.0, Culture=neutral, PublicKeyToken=null'. Using the type defined in 'C:\Mac\Home\Documents\NinjaTrader 8\bin\Custom\DrawingTools\@AndrewsPitchfork.cs'. [C:\Mac\Home\Documents\NinjaTrader 8\bin\Custom\NinjaTrader.Custom.csproj]
C:\Mac\Home\Documents\NinjaTrader 8\bin\Custom\Indicators\@CurrentDayOHL.cs(67,6): warning CS0436: The type 'Draw' in 'C:\Mac\Home\Documents\NinjaTrader 8\bin\Custom\DrawingTools\@AndrewsPitchfork.cs' conflicts with the imported type 'Draw' in 'NinjaTrader.Vendor, Version=8.1.6.0, Culture=neutral, PublicKeyToken=null'. Using the type defined in 'C:\Mac\Home\Documents\NinjaTrader 8\bin\Custom\DrawingTools\@AndrewsPitchfork.cs'. [C:\Mac\Home\Documents\NinjaTrader 8\bin\Custom\NinjaTrader.Custom.csproj]
C:\Mac\Home\Documents\NinjaTrader 8\bin\Custom\Indicators\@CurrentDayOHL.cs(67,82): warning CS0436: The type 'TextPosition' in 'C:\Mac\Home\Documents\NinjaTrader 8\bin\Custom\DrawingTools\@Text.cs' conflicts with the imported type 'TextPosition' in 'NinjaTrader.Vendor, Version=8.1.6.0, Culture=neutral, PublicKeyToken=null'. Using the type defined in 'C:\Mac\Home\Documents\NinjaTrader 8\bin\Custom\DrawingTools\@Text.cs'. [C:\Mac\Home\Documents\NinjaTrader 8\bin\Custom\NinjaTrader.Custom.csproj]
C:\Mac\Home\Documents\NinjaTrader 8\bin\Custom\Indicators\@ADL.cs(37,6): warning CS0436: The type 'Draw' in 'C:\Mac\Home\Documents\NinjaTrader 8\bin\Custom\DrawingTools\@AndrewsPitchfork.cs' conflicts with the imported type 'Draw' in 'NinjaTrader.Vendor, Version=8.1.6.0, Culture=neutral, PublicKeyToken=null'. Using the type defined in 'C:\Mac\Home\Documents\NinjaTrader 8\bin\Custom\DrawingTools\@AndrewsPitchfork.cs'. [C:\Mac\Home\Documents\NinjaTrader 8\bin\Custom\NinjaTrader.Custom.csproj]
C:\Mac\Home\Documents\NinjaTrader 8\bin\Custom\Indicators\@ADL.cs(37,114): warning CS0436: The type 'TextPosition' in 'C:\Mac\Home\Documents\NinjaTrader 8\bin\Custom\DrawingTools\@Text.cs' conflicts with the imported type 'TextPosition' in 'NinjaTrader.Vendor, Version=8.1.6.0, Culture=neutral, PublicKeyToken=null'. Using the type defined in 'C:\Mac\Home\Documents\NinjaTrader 8\bin\Custom\DrawingTools\@Text.cs'. [C:\Mac\Home\Documents\NinjaTrader 8\bin\Custom\NinjaTrader.Custom.csproj]
C:\Mac\Home\Documents\NinjaTrader 8\bin\Custom\Indicators\@VOL.cs(38,6): warning CS0436: The type 'Draw' in 'C:\Mac\Home\Documents\NinjaTrader 8\bin\Custom\DrawingTools\@AndrewsPitchfork.cs' conflicts with the imported type 'Draw' in 'NinjaTrader.Vendor, Version=8.1.6.0, Culture=neutral, PublicKeyToken=null'. Using the type defined in 'C:\Mac\Home\Documents\NinjaTrader 8\bin\Custom\DrawingTools\@AndrewsPitchfork.cs'. [C:\Mac\Home\Documents\NinjaTrader 8\bin\Custom\NinjaTrader.Custom.csproj]
C:\Mac\Home\Documents\NinjaTrader 8\bin\Custom\Indicators\@VOL.cs(38,114): warning CS0436: The type 'TextPosition' in 'C:\Mac\Home\Documents\NinjaTrader 8\bin\Custom\DrawingTools\@Text.cs' conflicts with the imported type 'TextPosition' in 'NinjaTrader.Vendor, Version=8.1.6.0, Culture=neutral, PublicKeyToken=null'. Using the type defined in 'C:\Mac\Home\Documents\NinjaTrader 8\bin\Custom\DrawingTools\@Text.cs'. [C:\Mac\Home\Documents\NinjaTrader 8\bin\Custom\NinjaTrader.Custom.csproj]
C:\Mac\Home\Documents\NinjaTrader 8\bin\Custom\Indicators\@MFI.cs(50,6): warning CS0436: The type 'Draw' in 'C:\Mac\Home\Documents\NinjaTrader 8\bin\Custom\DrawingTools\@AndrewsPitchfork.cs' conflicts with the imported type 'Draw' in 'NinjaTrader.Vendor, Version=8.1.6.0, Culture=neutral, PublicKeyToken=null'. Using the type defined in 'C:\Mac\Home\Documents\NinjaTrader 8\bin\Custom\DrawingTools\@AndrewsPitchfork.cs'. [C:\Mac\Home\Documents\NinjaTrader 8\bin\Custom\NinjaTrader.Custom.csproj]
C:\Mac\Home\Documents\NinjaTrader 8\bin\Custom\Indicators\@MFI.cs(50,114): warning CS0436: The type 'TextPosition' in 'C:\Mac\Home\Documents\NinjaTrader 8\bin\Custom\DrawingTools\@Text.cs' conflicts with the imported type 'TextPosition' in 'NinjaTrader.Vendor, Version=8.1.6.0, Culture=neutral, PublicKeyToken=null'. Using the type defined in 'C:\Mac\Home\Documents\NinjaTrader 8\bin\Custom\DrawingTools\@Text.cs'. [C:\Mac\Home\Documents\NinjaTrader 8\bin\Custom\NinjaTrader.Custom.csproj]
C:\Mac\Home\Documents\NinjaTrader 8\bin\Custom\Indicators\@OBV.cs(37,6): warning CS0436: The type 'Draw' in 'C:\Mac\Home\Documents\NinjaTrader 8\bin\Custom\DrawingTools\@AndrewsPitchfork.cs' conflicts with the imported type 'Draw' in 'NinjaTrader.Vendor, Version=8.1.6.0, Culture=neutral, PublicKeyToken=null'. Using the type defined in 'C:\Mac\Home\Documents\NinjaTrader 8\bin\Custom\DrawingTools\@AndrewsPitchfork.cs'. [C:\Mac\Home\Documents\NinjaTrader 8\bin\Custom\NinjaTrader.Custom.csproj]
C:\Mac\Home\Documents\NinjaTrader 8\bin\Custom\Indicators\@OBV.cs(37,114): warning CS0436: The type 'TextPosition' in 'C:\Mac\Home\Documents\NinjaTrader 8\bin\Custom\DrawingTools\@Text.cs' conflicts with the imported type 'TextPosition' in 'NinjaTrader.Vendor, Version=8.1.6.0, Culture=neutral, PublicKeyToken=null'. Using the type defined in 'C:\Mac\Home\Documents\NinjaTrader 8\bin\Custom\DrawingTools\@Text.cs'. [C:\Mac\Home\Documents\NinjaTrader 8\bin\Custom\NinjaTrader.Custom.csproj]
C:\Mac\Home\Documents\NinjaTrader 8\bin\Custom\Indicators\@PriorDayOHLC.cs(72,5): warning CS0436: The type 'Draw' in 'C:\Mac\Home\Documents\NinjaTrader 8\bin\Custom\DrawingTools\@AndrewsPitchfork.cs' conflicts with the imported type 'Draw' in 'NinjaTrader.Vendor, Version=8.1.6.0, Culture=neutral, PublicKeyToken=null'. Using the type defined in 'C:\Mac\Home\Documents\NinjaTrader 8\bin\Custom\DrawingTools\@AndrewsPitchfork.cs'. [C:\Mac\Home\Documents\NinjaTrader 8\bin\Custom\NinjaTrader.Custom.csproj]
C:\Mac\Home\Documents\NinjaTrader 8\bin\Custom\Indicators\@PriorDayOHLC.cs(72,88): warning CS0436: The type 'TextPosition' in 'C:\Mac\Home\Documents\NinjaTrader 8\bin\Custom\DrawingTools\@Text.cs' conflicts with the imported type 'TextPosition' in 'NinjaTrader.Vendor, Version=8.1.6.0, Culture=neutral, PublicKeyToken=null'. Using the type defined in 'C:\Mac\Home\Documents\NinjaTrader 8\bin\Custom\DrawingTools\@Text.cs'. [C:\Mac\Home\Documents\NinjaTrader 8\bin\Custom\NinjaTrader.Custom.csproj]
C:\Mac\Home\Documents\NinjaTrader 8\bin\Custom\Indicators\@ChaikinMoneyFlow.cs(47,6): warning CS0436: The type 'Draw' in 'C:\Mac\Home\Documents\NinjaTrader 8\bin\Custom\DrawingTools\@AndrewsPitchfork.cs' conflicts with the imported type 'Draw' in 'NinjaTrader.Vendor, Version=8.1.6.0, Culture=neutral, PublicKeyToken=null'. Using the type defined in 'C:\Mac\Home\Documents\NinjaTrader 8\bin\Custom\DrawingTools\@AndrewsPitchfork.cs'. [C:\Mac\Home\Documents\NinjaTrader 8\bin\Custom\NinjaTrader.Custom.csproj]
C:\Mac\Home\Documents\NinjaTrader 8\bin\Custom\Indicators\@ChaikinMoneyFlow.cs(47,114): warning CS0436: The type 'TextPosition' in 'C:\Mac\Home\Documents\NinjaTrader 8\bin\Custom\DrawingTools\@Text.cs' conflicts with the imported type 'TextPosition' in 'NinjaTrader.Vendor, Version=8.1.6.0, Culture=neutral, PublicKeyToken=null'. Using the type defined in 'C:\Mac\Home\Documents\NinjaTrader 8\bin\Custom\DrawingTools\@Text.cs'. [C:\Mac\Home\Documents\NinjaTrader 8\bin\Custom\NinjaTrader.Custom.csproj]
C:\Mac\Home\Documents\NinjaTrader 8\bin\Custom\Indicators\@ChaikinOscillator.cs(50,6): warning CS0436: The type 'Draw' in 'C:\Mac\Home\Documents\NinjaTrader 8\bin\Custom\DrawingTools\@AndrewsPitchfork.cs' conflicts with the imported type 'Draw' in 'NinjaTrader.Vendor, Version=8.1.6.0, Culture=neutral, PublicKeyToken=null'. Using the type defined in 'C:\Mac\Home\Documents\NinjaTrader 8\bin\Custom\DrawingTools\@AndrewsPitchfork.cs'. [C:\Mac\Home\Documents\NinjaTrader 8\bin\Custom\NinjaTrader.Custom.csproj]
C:\Mac\Home\Documents\NinjaTrader 8\bin\Custom\Indicators\@ChaikinOscillator.cs(50,114): warning CS0436: The type 'TextPosition' in 'C:\Mac\Home\Documents\NinjaTrader 8\bin\Custom\DrawingTools\@Text.cs' conflicts with the imported type 'TextPosition' in 'NinjaTrader.Vendor, Version=8.1.6.0, Culture=neutral, PublicKeyToken=null'. Using the type defined in 'C:\Mac\Home\Documents\NinjaTrader 8\bin\Custom\DrawingTools\@Text.cs'. [C:\Mac\Home\Documents\NinjaTrader 8\bin\Custom\NinjaTrader.Custom.csproj]
C:\Mac\Home\Documents\NinjaTrader 8\bin\Custom\Strategies\CBASSuperTrendStrategy.cs(677,22): warning CS0414: The field 'CBAS_SuperTrendStrategy.auditLastAOpen' is assigned but its value is never used [C:\Mac\Home\Documents\NinjaTrader 8\bin\Custom\NinjaTrader.Custom.csproj]
C:\Mac\Home\Documents\NinjaTrader 8\bin\Custom\Strategies\CBASSuperTrendStrategy.cs(676,21): warning CS0414: The field 'CBAS_SuperTrendStrategy.auditLastPosQty' is assigned but its value is never used [C:\Mac\Home\Documents\NinjaTrader 8\bin\Custom\NinjaTrader.Custom.csproj]
C:\Mac\Home\Documents\NinjaTrader 8\bin\Custom\Strategies\CBASSuperTrendStrategy.cs(680,54): warning CS0414: The field 'CBAS_SuperTrendStrategy.auditLastSBStop' is assigned but its value is never used [C:\Mac\Home\Documents\NinjaTrader 8\bin\Custom\NinjaTrader.Custom.csproj]
C:\Mac\Home\Documents\NinjaTrader 8\bin\Custom\Strategies\CBASSuperTrendStrategy.cs(680,24): warning CS0414: The field 'CBAS_SuperTrendStrategy.auditLastSAStop' is assigned but its value is never used [C:\Mac\Home\Documents\NinjaTrader 8\bin\Custom\NinjaTrader.Custom.csproj]
C:\Mac\Home\Documents\NinjaTrader 8\bin\Custom\Indicators\CBASTestingIndicator3.cs(362,21): warning CS0414: The field 'CBASTestingIndicator3.pendingBullReversalBars' is assigned but its value is never used [C:\Mac\Home\Documents\NinjaTrader 8\bin\Custom\NinjaTrader.Custom.csproj]
C:\Mac\Home\Documents\NinjaTrader 8\bin\Custom\Strategies\CBASSuperTrendStrategy.cs(679,24): warning CS0414: The field 'CBAS_SuperTrendStrategy.auditLastLAStop' is assigned but its value is never used [C:\Mac\Home\Documents\NinjaTrader 8\bin\Custom\NinjaTrader.Custom.csproj]
C:\Mac\Home\Documents\NinjaTrader 8\bin\Custom\Indicators\CBASTestingIndicator3.cs(466,22): warning CS0414: The field 'CBASTestingIndicator3.signalLoggedThisBar' is assigned but its value is never used [C:\Mac\Home\Documents\NinjaTrader 8\bin\Custom\NinjaTrader.Custom.csproj]
C:\Mac\Home\Documents\NinjaTrader 8\bin\Custom\Strategies\GradientSlopeStrategy.cs(53,24): warning CS0414: The field 'GradientSlopeStrategy.prevFastEMA' is assigned but its value is never used [C:\Mac\Home\Documents\NinjaTrader 8\bin\Custom\NinjaTrader.Custom.csproj]
C:\Mac\Home\Documents\NinjaTrader 8\bin\Custom\Strategies\CBASSuperTrendStrategy.cs(678,44): warning CS0414: The field 'CBAS_SuperTrendStrategy.auditLastSLB' is assigned but its value is never used [C:\Mac\Home\Documents\NinjaTrader 8\bin\Custom\NinjaTrader.Custom.csproj]
C:\Mac\Home\Documents\NinjaTrader 8\bin\Custom\Indicators\CBASTestingIndicator3.cs(431,22): warning CS0414: The field 'CBASTestingIndicator3.signalDecidedThisBar' is assigned but its value is never used [C:\Mac\Home\Documents\NinjaTrader 8\bin\Custom\NinjaTrader.Custom.csproj]
C:\Mac\Home\Documents\NinjaTrader 8\bin\Custom\Indicators\CBASTestingIndicator3.cs(402,21): warning CS0414: The field 'CBASTestingIndicator3.lastLoggedBarClose' is assigned but its value is never used [C:\Mac\Home\Documents\NinjaTrader 8\bin\Custom\NinjaTrader.Custom.csproj]
C:\Mac\Home\Documents\NinjaTrader 8\bin\Custom\Indicators\CBASTestingIndicator3.cs(400,21): warning CS0414: The field 'CBASTestingIndicator3.lastLoggedBullBar' is assigned but its value is never used [C:\Mac\Home\Documents\NinjaTrader 8\bin\Custom\NinjaTrader.Custom.csproj]
C:\Mac\Home\Documents\NinjaTrader 8\bin\Custom\Strategies\CBASSuperTrendStrategy.cs(678,22): warning CS0414: The field 'CBAS_SuperTrendStrategy.auditLastSLA' is assigned but its value is never used [C:\Mac\Home\Documents\NinjaTrader 8\bin\Custom\NinjaTrader.Custom.csproj]
C:\Mac\Home\Documents\NinjaTrader 8\bin\Custom\Indicators\CBASTestingIndicator3.cs(361,21): warning CS0414: The field 'CBASTestingIndicator3.pendingBearReversalBars' is assigned but its value is never used [C:\Mac\Home\Documents\NinjaTrader 8\bin\Custom\NinjaTrader.Custom.csproj]
C:\Mac\Home\Documents\NinjaTrader 8\bin\Custom\Strategies\GradientSlopeStrategy.cs(119,21): warning CS0414: The field 'GradientSlopeStrategy.cooldownStartBar' is assigned but its value is never used [C:\Mac\Home\Documents\NinjaTrader 8\bin\Custom\NinjaTrader.Custom.csproj]
C:\Mac\Home\Documents\NinjaTrader 8\bin\Custom\Strategies\WebTrendFollower.cs(80,22): warning CS0414: The field 'WebTrendFollower.tradeHeaderWritten' is assigned but its value is never used [C:\Mac\Home\Documents\NinjaTrader 8\bin\Custom\NinjaTrader.Custom.csproj]
C:\Mac\Home\Documents\NinjaTrader 8\bin\Custom\Strategies\CBASSuperTrendStrategy.cs(679,54): warning CS0414: The field 'CBAS_SuperTrendStrategy.auditLastLBStop' is assigned but its value is never used [C:\Mac\Home\Documents\NinjaTrader 8\bin\Custom\NinjaTrader.Custom.csproj]
C:\Mac\Home\Documents\NinjaTrader 8\bin\Custom\Strategies\CBASSuperTrendStrategy.cs(746,24): warning CS0414: The field 'CBAS_SuperTrendStrategy.lastEntrySignalA' is assigned but its value is never used [C:\Mac\Home\Documents\NinjaTrader 8\bin\Custom\NinjaTrader.Custom.csproj]
C:\Mac\Home\Documents\NinjaTrader 8\bin\Custom\AddOns\CBASTerminalWindow.cs(42,22): warning CS0414: The field 'CBASTerminalWindow.metricsHeadersReceived' is assigned but its value is never used [C:\Mac\Home\Documents\NinjaTrader 8\bin\Custom\NinjaTrader.Custom.csproj]
C:\Mac\Home\Documents\NinjaTrader 8\bin\Custom\Indicators\CBASTestingIndicator3.cs(401,21): warning CS0414: The field 'CBASTestingIndicator3.lastLoggedBearBar' is assigned but its value is never used [C:\Mac\Home\Documents\NinjaTrader 8\bin\Custom\NinjaTrader.Custom.csproj]
C:\Mac\Home\Documents\NinjaTrader 8\bin\Custom\Strategies\CBASSuperTrendStrategy.cs(677,46): warning CS0414: The field 'CBAS_SuperTrendStrategy.auditLastBOpen' is assigned but its value is never used [C:\Mac\Home\Documents\NinjaTrader 8\bin\Custom\NinjaTrader.Custom.csproj]
C:\Mac\Home\Documents\NinjaTrader 8\bin\Custom\Strategies\CBASSuperTrendStrategy.cs(746,49): warning CS0414: The field 'CBAS_SuperTrendStrategy.lastEntrySignalB' is assigned but its value is never used [C:\Mac\Home\Documents\NinjaTrader 8\bin\Custom\NinjaTrader.Custom.csproj]
C:\Mac\Home\Documents\NinjaTrader 8\bin\Custom\Strategies\GradientSlopeStrategy.cs(54,24): warning CS0414: The field 'GradientSlopeStrategy.prevSlowEMA' is assigned but its value is never used [C:\Mac\Home\Documents\NinjaTrader 8\bin\Custom\NinjaTrader.Custom.csproj]

Build FAILED.

C:\Mac\Home\Documents\NinjaTrader 8\bin\Custom\Indicators\@IchimokuCloud.cs(19,31): warning CS0436: The type 'Indicator' in 'C:\Mac\Home\Documents\NinjaTrader 8\bin\Custom\Indicators\@IchimokuCloud.cs' conflicts with the imported type 'Indicator' in 'NinjaTrader.Vendor, Version=8.1.6.0, Culture=neutral, PublicKeyToken=null'. Using the type defined in 'C:\Mac\Home\Documents\NinjaTrader 8\bin\Custom\Indicators\@IchimokuCloud.cs'. [C:\Mac\Home\Documents\NinjaTrader 8\bin\Custom\NinjaTrader.Custom.csproj]
C:\Mac\Home\Documents\NinjaTrader 8\bin\Custom\Strategies\CoryBuySellStrategySimplfied.cs(28,32): warning CS0436: The type 'Strategy' in 'C:\Mac\Home\Documents\NinjaTrader 8\bin\Custom\Indicators\@IchimokuCloud.cs' conflicts with the imported type 'Strategy' in 'NinjaTrader.Vendor, Version=8.1.6.0, Culture=neutral, PublicKeyToken=null'. Using the type defined in 'C:\Mac\Home\Documents\NinjaTrader 8\bin\Custom\Indicators\@IchimokuCloud.cs'. [C:\Mac\Home\Documents\NinjaTrader 8\bin\Custom\NinjaTrader.Custom.csproj]
C:\Mac\Home\Documents\NinjaTrader 8\bin\Custom\Indicators\@Darvas.cs(15,24): warning CS0436: The type 'Indicator' in 'C:\Mac\Home\Documents\NinjaTrader 8\bin\Custom\Indicators\@IchimokuCloud.cs' conflicts with the imported type 'Indicator' in 'NinjaTrader.Vendor, Version=8.1.6.0, Culture=neutral, PublicKeyToken=null'. Using the type defined in 'C:\Mac\Home\Documents\NinjaTrader 8\bin\Custom\Indicators\@IchimokuCloud.cs'. [C:\Mac\Home\Documents\NinjaTrader 8\bin\Custom\NinjaTrader.Custom.csproj]
C:\Mac\Home\Documents\NinjaTrader 8\bin\Custom\Strategies\CoryBuySellStrategySimplfied.cs(36,13): warning CS0436: The type 'SMA' in 'C:\Mac\Home\Documents\NinjaTrader 8\bin\Custom\Indicators\@SMA.cs' conflicts with the imported type 'SMA' in 'NinjaTrader.Vendor, Version=8.1.6.0, Culture=neutral, PublicKeyToken=null'. Using the type defined in 'C:\Mac\Home\Documents\NinjaTrader 8\bin\Custom\Indicators\@SMA.cs'. [C:\Mac\Home\Documents\NinjaTrader 8\bin\Custom\NinjaTrader.Custom.csproj]
C:\Mac\Home\Documents\NinjaTrader 8\bin\Custom\Strategies\AiAssistedOptimizer.cs(22,40): warning CS0436: The type 'Strategy' in 'C:\Mac\Home\Documents\NinjaTrader 8\bin\Custom\Indicators\@IchimokuCloud.cs' conflicts with the imported type 'Strategy' in 'NinjaTrader.Vendor, Version=8.1.6.0, Culture=neutral, PublicKeyToken=null'. Using the type defined in 'C:\Mac\Home\Documents\NinjaTrader 8\bin\Custom\Indicators\@IchimokuCloud.cs'. [C:\Mac\Home\Documents\NinjaTrader 8\bin\Custom\NinjaTrader.Custom.csproj]
C:\Mac\Home\Documents\NinjaTrader 8\bin\Custom\Indicators\@CurrentDayOHL.cs(154,21): warning CS0436: The type 'CurrentDayOHL' in 'C:\Mac\Home\Documents\NinjaTrader 8\bin\Custom\Indicators\@CurrentDayOHL.cs' conflicts with the imported type 'CurrentDayOHL' in 'NinjaTrader.Vendor, Version=8.1.6.0, Culture=neutral, PublicKeyToken=null'. Using the type defined in 'C:\Mac\Home\Documents\NinjaTrader 8\bin\Custom\Indicators\@CurrentDayOHL.cs'. [C:\Mac\Home\Documents\NinjaTrader 8\bin\Custom\NinjaTrader.Custom.csproj]
C:\Mac\Home\Documents\NinjaTrader 8\bin\Custom\Indicators\@CurrentDayOHL.cs(159,21): warning CS0436: The type 'CurrentDayOHL' in 'C:\Mac\Home\Documents\NinjaTrader 8\bin\Custom\Indicators\@CurrentDayOHL.cs' conflicts with the imported type 'CurrentDayOHL' in 'NinjaTrader.Vendor, Version=8.1.6.0, Culture=neutral, PublicKeyToken=null'. Using the type defined in 'C:\Mac\Home\Documents\NinjaTrader 8\bin\Custom\Indicators\@CurrentDayOHL.cs'. [C:\Mac\Home\Documents\NinjaTrader 8\bin\Custom\NinjaTrader.Custom.csproj]
C:\Mac\Home\Documents\NinjaTrader 8\bin\Custom\Indicators\@Range.cs(16,23): warning CS0436: The type 'Indicator' in 'C:\Mac\Home\Documents\NinjaTrader 8\bin\Custom\Indicators\@IchimokuCloud.cs' conflicts with the imported type 'Indicator' in 'NinjaTrader.Vendor, Version=8.1.6.0, Culture=neutral, PublicKeyToken=null'. Using the type defined in 'C:\Mac\Home\Documents\NinjaTrader 8\bin\Custom\Indicators\@IchimokuCloud.cs'. [C:\Mac\Home\Documents\NinjaTrader 8\bin\Custom\NinjaTrader.Custom.csproj]
C:\Mac\Home\Documents\NinjaTrader 8\bin\Custom\Indicators\@DisparityIndex.cs(18,32): warning CS0436: The type 'Indicator' in 'C:\Mac\Home\Documents\NinjaTrader 8\bin\Custom\Indicators\@IchimokuCloud.cs' conflicts with the imported type 'Indicator' in 'NinjaTrader.Vendor, Version=8.1.6.0, Culture=neutral, PublicKeyToken=null'. Using the type defined in 'C:\Mac\Home\Documents\NinjaTrader 8\bin\Custom\Indicators\@IchimokuCloud.cs'. [C:\Mac\Home\Documents\NinjaTrader 8\bin\Custom\NinjaTrader.Custom.csproj]
C:\Mac\Home\Documents\NinjaTrader 8\bin\Custom\Indicators\@EMA.cs(79,21): warning CS0436: The type 'EMA' in 'C:\Mac\Home\Documents\NinjaTrader 8\bin\Custom\Indicators\@EMA.cs' conflicts with the imported type 'EMA' in 'NinjaTrader.Vendor, Version=8.1.6.0, Culture=neutral, PublicKeyToken=null'. Using the type defined in 'C:\Mac\Home\Documents\NinjaTrader 8\bin\Custom\Indicators\@EMA.cs'. [C:\Mac\Home\Documents\NinjaTrader 8\bin\Custom\NinjaTrader.Custom.csproj]
C:\Mac\Home\Documents\NinjaTrader 8\bin\Custom\Indicators\@EMA.cs(84,21): warning CS0436: The type 'EMA' in 'C:\Mac\Home\Documents\NinjaTrader 8\bin\Custom\Indicators\@EMA.cs' conflicts with the imported type 'EMA' in 'NinjaTrader.Vendor, Version=8.1.6.0, Culture=neutral, PublicKeyToken=null'. Using the type defined in 'C:\Mac\Home\Documents\NinjaTrader 8\bin\Custom\Indicators\@EMA.cs'. [C:\Mac\Home\Documents\NinjaTrader 8\bin\Custom\NinjaTrader.Custom.csproj]
C:\Mac\Home\Documents\NinjaTrader 8\bin\Custom\Indicators\@LinReg.cs(124,21): warning CS0436: The type 'LinReg' in 'C:\Mac\Home\Documents\NinjaTrader 8\bin\Custom\Indicators\@LinReg.cs' conflicts with the imported type 'LinReg' in 'NinjaTrader.Vendor, Version=8.1.6.0, Culture=neutral, PublicKeyToken=null'. Using the type defined in 'C:\Mac\Home\Documents\NinjaTrader 8\bin\Custom\Indicators\@LinReg.cs'. [C:\Mac\Home\Documents\NinjaTrader 8\bin\Custom\NinjaTrader.Custom.csproj]
C:\Mac\Home\Documents\NinjaTrader 8\bin\Custom\Indicators\@LinReg.cs(129,21): warning CS0436: The type 'LinReg' in 'C:\Mac\Home\Documents\NinjaTrader 8\bin\Custom\Indicators\@LinReg.cs' conflicts with the imported type 'LinReg' in 'NinjaTrader.Vendor, Version=8.1.6.0, Culture=neutral, PublicKeyToken=null'. Using the type defined in 'C:\Mac\Home\Documents\NinjaTrader 8\bin\Custom\Indicators\@LinReg.cs'. [C:\Mac\Home\Documents\NinjaTrader 8\bin\Custom\NinjaTrader.Custom.csproj]
C:\Mac\Home\Documents\NinjaTrader 8\bin\Custom\Indicators\@FibonacciPivots.cs(26,33): warning CS0436: The type 'Indicator' in 'C:\Mac\Home\Documents\NinjaTrader 8\bin\Custom\Indicators\@IchimokuCloud.cs' conflicts with the imported type 'Indicator' in 'NinjaTrader.Vendor, Version=8.1.6.0, Culture=neutral, PublicKeyToken=null'. Using the type defined in 'C:\Mac\Home\Documents\NinjaTrader 8\bin\Custom\Indicators\@IchimokuCloud.cs'. [C:\Mac\Home\Documents\NinjaTrader 8\bin\Custom\NinjaTrader.Custom.csproj]
C:\Mac\Home\Documents\NinjaTrader 8\bin\Custom\Indicators\@CurrentDayOHL.cs(170,21): warning CS0436: The type 'CurrentDayOHL' in 'C:\Mac\Home\Documents\NinjaTrader 8\bin\Custom\Indicators\@CurrentDayOHL.cs' conflicts with the imported type 'CurrentDayOHL' in 'NinjaTrader.Vendor, Version=8.1.6.0, Culture=neutral, PublicKeyToken=null'. Using the type defined in 'C:\Mac\Home\Documents\NinjaTrader 8\bin\Custom\Indicators\@CurrentDayOHL.cs'. [C:\Mac\Home\Documents\NinjaTrader 8\bin\Custom\NinjaTrader.Custom.csproj]
C:\Mac\Home\Documents\NinjaTrader 8\bin\Custom\Indicators\@CurrentDayOHL.cs(175,21): warning CS0436: The type 'CurrentDayOHL' in 'C:\Mac\Home\Documents\NinjaTrader 8\bin\Custom\Indicators\@CurrentDayOHL.cs' conflicts with the imported type 'CurrentDayOHL' in 'NinjaTrader.Vendor, Version=8.1.6.0, Culture=neutral, PublicKeyToken=null'. Using the type defined in 'C:\Mac\Home\Documents\NinjaTrader 8\bin\Custom\Indicators\@CurrentDayOHL.cs'. [C:\Mac\Home\Documents\NinjaTrader 8\bin\Custom\NinjaTrader.Custom.csproj]
C:\Mac\Home\Documents\NinjaTrader 8\bin\Custom\Indicators\@EMA.cs(95,21): warning CS0436: The type 'EMA' in 'C:\Mac\Home\Documents\NinjaTrader 8\bin\Custom\Indicators\@EMA.cs' conflicts with the imported type 'EMA' in 'NinjaTrader.Vendor, Version=8.1.6.0, Culture=neutral, PublicKeyToken=null'. Using the type defined in 'C:\Mac\Home\Documents\NinjaTrader 8\bin\Custom\Indicators\@EMA.cs'. [C:\Mac\Home\Documents\NinjaTrader 8\bin\Custom\NinjaTrader.Custom.csproj]
C:\Mac\Home\Documents\NinjaTrader 8\bin\Custom\Indicators\@EMA.cs(100,21): warning CS0436: The type 'EMA' in 'C:\Mac\Home\Documents\NinjaTrader 8\bin\Custom\Indicators\@EMA.cs' conflicts with the imported type 'EMA' in 'NinjaTrader.Vendor, Version=8.1.6.0, Culture=neutral, PublicKeyToken=null'. Using the type defined in 'C:\Mac\Home\Documents\NinjaTrader 8\bin\Custom\Indicators\@EMA.cs'. [C:\Mac\Home\Documents\NinjaTrader 8\bin\Custom\NinjaTrader.Custom.csproj]
C:\Mac\Home\Documents\NinjaTrader 8\bin\Custom\Indicators\@LinReg.cs(140,21): warning CS0436: The type 'LinReg' in 'C:\Mac\Home\Documents\NinjaTrader 8\bin\Custom\Indicators\@LinReg.cs' conflicts with the imported type 'LinReg' in 'NinjaTrader.Vendor, Version=8.1.6.0, Culture=neutral, PublicKeyToken=null'. Using the type defined in 'C:\Mac\Home\Documents\NinjaTrader 8\bin\Custom\Indicators\@LinReg.cs'. [C:\Mac\Home\Documents\NinjaTrader 8\bin\Custom\NinjaTrader.Custom.csproj]
C:\Mac\Home\Documents\NinjaTrader 8\bin\Custom\Indicators\@LinReg.cs(145,21): warning CS0436: The type 'LinReg' in 'C:\Mac\Home\Documents\NinjaTrader 8\bin\Custom\Indicators\@LinReg.cs' conflicts with the imported type 'LinReg' in 'NinjaTrader.Vendor, Version=8.1.6.0, Culture=neutral, PublicKeyToken=null'. Using the type defined in 'C:\Mac\Home\Documents\NinjaTrader 8\bin\Custom\Indicators\@LinReg.cs'. [C:\Mac\Home\Documents\NinjaTrader 8\bin\Custom\NinjaTrader.Custom.csproj]
C:\Mac\Home\Documents\NinjaTrader 8\bin\Custom\Indicators\@SMA.cs(101,21): warning CS0436: The type 'SMA' in 'C:\Mac\Home\Documents\NinjaTrader 8\bin\Custom\Indicators\@SMA.cs' conflicts with the imported type 'SMA' in 'NinjaTrader.Vendor, Version=8.1.6.0, Culture=neutral, PublicKeyToken=null'. Using the type defined in 'C:\Mac\Home\Documents\NinjaTrader 8\bin\Custom\Indicators\@SMA.cs'. [C:\Mac\Home\Documents\NinjaTrader 8\bin\Custom\NinjaTrader.Custom.csproj]
C:\Mac\Home\Documents\NinjaTrader 8\bin\Custom\Indicators\@SMA.cs(106,21): warning CS0436: The type 'SMA' in 'C:\Mac\Home\Documents\NinjaTrader 8\bin\Custom\Indicators\@SMA.cs' conflicts with the imported type 'SMA' in 'NinjaTrader.Vendor, Version=8.1.6.0, Culture=neutral, PublicKeyToken=null'. Using the type defined in 'C:\Mac\Home\Documents\NinjaTrader 8\bin\Custom\Indicators\@SMA.cs'. [C:\Mac\Home\Documents\NinjaTrader 8\bin\Custom\NinjaTrader.Custom.csproj]
C:\Mac\Home\Documents\NinjaTrader 8\bin\Custom\Indicators\@SUM.cs(68,21): warning CS0436: The type 'SUM' in 'C:\Mac\Home\Documents\NinjaTrader 8\bin\Custom\Indicators\@SUM.cs' conflicts with the imported type 'SUM' in 'NinjaTrader.Vendor, Version=8.1.6.0, Culture=neutral, PublicKeyToken=null'. Using the type defined in 'C:\Mac\Home\Documents\NinjaTrader 8\bin\Custom\Indicators\@SUM.cs'. [C:\Mac\Home\Documents\NinjaTrader 8\bin\Custom\NinjaTrader.Custom.csproj]
C:\Mac\Home\Documents\NinjaTrader 8\bin\Custom\Indicators\@SUM.cs(73,21): warning CS0436: The type 'SUM' in 'C:\Mac\Home\Documents\NinjaTrader 8\bin\Custom\Indicators\@SUM.cs' conflicts with the imported type 'SUM' in 'NinjaTrader.Vendor, Version=8.1.6.0, Culture=neutral, PublicKeyToken=null'. Using the type defined in 'C:\Mac\Home\Documents\NinjaTrader 8\bin\Custom\Indicators\@SUM.cs'. [C:\Mac\Home\Documents\NinjaTrader 8\bin\Custom\NinjaTrader.Custom.csproj]
C:\Mac\Home\Documents\NinjaTrader 8\bin\Custom\Indicators\@Swing.cs(399,21): warning CS0436: The type 'Swing' in 'C:\Mac\Home\Documents\NinjaTrader 8\bin\Custom\Indicators\@Swing.cs' conflicts with the imported type 'Swing' in 'NinjaTrader.Vendor, Version=8.1.6.0, Culture=neutral, PublicKeyToken=null'. Using the type defined in 'C:\Mac\Home\Documents\NinjaTrader 8\bin\Custom\Indicators\@Swing.cs'. [C:\Mac\Home\Documents\NinjaTrader 8\bin\Custom\NinjaTrader.Custom.csproj]
C:\Mac\Home\Documents\NinjaTrader 8\bin\Custom\Indicators\@Swing.cs(404,21): warning CS0436: The type 'Swing' in 'C:\Mac\Home\Documents\NinjaTrader 8\bin\Custom\Indicators\@Swing.cs' conflicts with the imported type 'Swing' in 'NinjaTrader.Vendor, Version=8.1.6.0, Culture=neutral, PublicKeyToken=null'. Using the type defined in 'C:\Mac\Home\Documents\NinjaTrader 8\bin\Custom\Indicators\@Swing.cs'. [C:\Mac\Home\Documents\NinjaTrader 8\bin\Custom\NinjaTrader.Custom.csproj]
C:\Mac\Home\Documents\NinjaTrader 8\bin\Custom\Indicators\@SMA.cs(117,21): warning CS0436: The type 'SMA' in 'C:\Mac\Home\Documents\NinjaTrader 8\bin\Custom\Indicators\@SMA.cs' conflicts with the imported type 'SMA' in 'NinjaTrader.Vendor, Version=8.1.6.0, Culture=neutral, PublicKeyToken=null'. Using the type defined in 'C:\Mac\Home\Documents\NinjaTrader 8\bin\Custom\Indicators\@SMA.cs'. [C:\Mac\Home\Documents\NinjaTrader 8\bin\Custom\NinjaTrader.Custom.csproj]
C:\Mac\Home\Documents\NinjaTrader 8\bin\Custom\Indicators\@SMA.cs(122,21): warning CS0436: The type 'SMA' in 'C:\Mac\Home\Documents\NinjaTrader 8\bin\Custom\Indicators\@SMA.cs' conflicts with the imported type 'SMA' in 'NinjaTrader.Vendor, Version=8.1.6.0, Culture=neutral, PublicKeyToken=null'. Using the type defined in 'C:\Mac\Home\Documents\NinjaTrader 8\bin\Custom\Indicators\@SMA.cs'. [C:\Mac\Home\Documents\NinjaTrader 8\bin\Custom\NinjaTrader.Custom.csproj]
C:\Mac\Home\Documents\NinjaTrader 8\bin\Custom\Indicators\@SUM.cs(84,21): warning CS0436: The type 'SUM' in 'C:\Mac\Home\Documents\NinjaTrader 8\bin\Custom\Indicators\@SUM.cs' conflicts with the imported type 'SUM' in 'NinjaTrader.Vendor, Version=8.1.6.0, Culture=neutral, PublicKeyToken=null'. Using the type defined in 'C:\Mac\Home\Documents\NinjaTrader 8\bin\Custom\Indicators\@SUM.cs'. [C:\Mac\Home\Documents\NinjaTrader 8\bin\Custom\NinjaTrader.Custom.csproj]
C:\Mac\Home\Documents\NinjaTrader 8\bin\Custom\Indicators\@SUM.cs(89,21): warning CS0436: The type 'SUM' in 'C:\Mac\Home\Documents\NinjaTrader 8\bin\Custom\Indicators\@SUM.cs' conflicts with the imported type 'SUM' in 'NinjaTrader.Vendor, Version=8.1.6.0, Culture=neutral, PublicKeyToken=null'. Using the type defined in 'C:\Mac\Home\Documents\NinjaTrader 8\bin\Custom\Indicators\@SUM.cs'. [C:\Mac\Home\Documents\NinjaTrader 8\bin\Custom\NinjaTrader.Custom.csproj]
C:\Mac\Home\Documents\NinjaTrader 8\bin\Custom\Indicators\@Swing.cs(415,21): warning CS0436: The type 'Swing' in 'C:\Mac\Home\Documents\NinjaTrader 8\bin\Custom\Indicators\@Swing.cs' conflicts with the imported type 'Swing' in 'NinjaTrader.Vendor, Version=8.1.6.0, Culture=neutral, PublicKeyToken=null'. Using the type defined in 'C:\Mac\Home\Documents\NinjaTrader 8\bin\Custom\Indicators\@Swing.cs'. [C:\Mac\Home\Documents\NinjaTrader 8\bin\Custom\NinjaTrader.Custom.csproj]
C:\Mac\Home\Documents\NinjaTrader 8\bin\Custom\Indicators\@Swing.cs(420,21): warning CS0436: The type 'Swing' in 'C:\Mac\Home\Documents\NinjaTrader 8\bin\Custom\Indicators\@Swing.cs' conflicts with the imported type 'Swing' in 'NinjaTrader.Vendor, Version=8.1.6.0, Culture=neutral, PublicKeyToken=null'. Using the type defined in 'C:\Mac\Home\Documents\NinjaTrader 8\bin\Custom\Indicators\@Swing.cs'. [C:\Mac\Home\Documents\NinjaTrader 8\bin\Custom\NinjaTrader.Custom.csproj]
C:\Mac\Home\Documents\NinjaTrader 8\bin\Custom\Indicators\@DrawingToolTile.cs(29,33): warning CS0436: The type 'Indicator' in 'C:\Mac\Home\Documents\NinjaTrader 8\bin\Custom\Indicators\@IchimokuCloud.cs' conflicts with the imported type 'Indicator' in 'NinjaTrader.Vendor, Version=8.1.6.0, Culture=neutral, PublicKeyToken=null'. Using the type defined in 'C:\Mac\Home\Documents\NinjaTrader 8\bin\Custom\Indicators\@IchimokuCloud.cs'. [C:\Mac\Home\Documents\NinjaTrader 8\bin\Custom\NinjaTrader.Custom.csproj]
C:\Mac\Home\Documents\NinjaTrader 8\bin\Custom\Indicators\@McClellanOscillator.cs(19,37): warning CS0436: The type 'Indicator' in 'C:\Mac\Home\Documents\NinjaTrader 8\bin\Custom\Indicators\@IchimokuCloud.cs' conflicts with the imported type 'Indicator' in 'NinjaTrader.Vendor, Version=8.1.6.0, Culture=neutral, PublicKeyToken=null'. Using the type defined in 'C:\Mac\Home\Documents\NinjaTrader 8\bin\Custom\Indicators\@IchimokuCloud.cs'. [C:\Mac\Home\Documents\NinjaTrader 8\bin\Custom\NinjaTrader.Custom.csproj]
C:\Mac\Home\Documents\NinjaTrader 8\bin\Custom\Indicators\@MoneyFlowOscillator.cs(19,37): warning CS0436: The type 'Indicator' in 'C:\Mac\Home\Documents\NinjaTrader 8\bin\Custom\Indicators\@IchimokuCloud.cs' conflicts with the imported type 'Indicator' in 'NinjaTrader.Vendor, Version=8.1.6.0, Culture=neutral, PublicKeyToken=null'. Using the type defined in 'C:\Mac\Home\Documents\NinjaTrader 8\bin\Custom\Indicators\@IchimokuCloud.cs'. [C:\Mac\Home\Documents\NinjaTrader 8\bin\Custom\NinjaTrader.Custom.csproj]
C:\Mac\Home\Documents\NinjaTrader 8\bin\Custom\Indicators\@MovingAverageRibbon.cs(19,37): warning CS0436: The type 'Indicator' in 'C:\Mac\Home\Documents\NinjaTrader 8\bin\Custom\Indicators\@IchimokuCloud.cs' conflicts with the imported type 'Indicator' in 'NinjaTrader.Vendor, Version=8.1.6.0, Culture=neutral, PublicKeyToken=null'. Using the type defined in 'C:\Mac\Home\Documents\NinjaTrader 8\bin\Custom\Indicators\@IchimokuCloud.cs'. [C:\Mac\Home\Documents\NinjaTrader 8\bin\Custom\NinjaTrader.Custom.csproj]
C:\Mac\Home\Documents\NinjaTrader 8\bin\Custom\MarketAnalyzerColumns\@MarketAnalyzerColumn.cs(31,23): warning CS0436: The type 'Indicator' in 'C:\Mac\Home\Documents\NinjaTrader 8\bin\Custom\Indicators\@IchimokuCloud.cs' conflicts with the imported type 'Indicator' in 'NinjaTrader.Vendor, Version=8.1.6.0, Culture=neutral, PublicKeyToken=null'. Using the type defined in 'C:\Mac\Home\Documents\NinjaTrader 8\bin\Custom\Indicators\@IchimokuCloud.cs'. [C:\Mac\Home\Documents\NinjaTrader 8\bin\Custom\NinjaTrader.Custom.csproj]
C:\Mac\Home\Documents\NinjaTrader 8\bin\Custom\Strategies\@Strategy.cs(15,20): warning CS0436: The type 'Indicator' in 'C:\Mac\Home\Documents\NinjaTrader 8\bin\Custom\Indicators\@IchimokuCloud.cs' conflicts with the imported type 'Indicator' in 'NinjaTrader.Vendor, Version=8.1.6.0, Culture=neutral, PublicKeyToken=null'. Using the type defined in 'C:\Mac\Home\Documents\NinjaTrader 8\bin\Custom\Indicators\@IchimokuCloud.cs'. [C:\Mac\Home\Documents\NinjaTrader 8\bin\Custom\NinjaTrader.Custom.csproj]
C:\Mac\Home\Documents\NinjaTrader 8\bin\Custom\Strategies\@SampleMultiInstrument.cs(15,39): warning CS0436: The type 'Strategy' in 'C:\Mac\Home\Documents\NinjaTrader 8\bin\Custom\Indicators\@IchimokuCloud.cs' conflicts with the imported type 'Strategy' in 'NinjaTrader.Vendor, Version=8.1.6.0, Culture=neutral, PublicKeyToken=null'. Using the type defined in 'C:\Mac\Home\Documents\NinjaTrader 8\bin\Custom\Indicators\@IchimokuCloud.cs'. [C:\Mac\Home\Documents\NinjaTrader 8\bin\Custom\NinjaTrader.Custom.csproj]
C:\Mac\Home\Documents\NinjaTrader 8\bin\Custom\Strategies\@SampleMultiTimeFrame.cs(13,38): warning CS0436: The type 'Strategy' in 'C:\Mac\Home\Documents\NinjaTrader 8\bin\Custom\Indicators\@IchimokuCloud.cs' conflicts with the imported type 'Strategy' in 'NinjaTrader.Vendor, Version=8.1.6.0, Culture=neutral, PublicKeyToken=null'. Using the type defined in 'C:\Mac\Home\Documents\NinjaTrader 8\bin\Custom\Indicators\@IchimokuCloud.cs'. [C:\Mac\Home\Documents\NinjaTrader 8\bin\Custom\NinjaTrader.Custom.csproj]
C:\Mac\Home\Documents\NinjaTrader 8\bin\Custom\Strategies\@SampleMultiTimeFrame.cs(15,11): warning CS0436: The type 'SMA' in 'C:\Mac\Home\Documents\NinjaTrader 8\bin\Custom\Indicators\@SMA.cs' conflicts with the imported type 'SMA' in 'NinjaTrader.Vendor, Version=8.1.6.0, Culture=neutral, PublicKeyToken=null'. Using the type defined in 'C:\Mac\Home\Documents\NinjaTrader 8\bin\Custom\Indicators\@SMA.cs'. [C:\Mac\Home\Documents\NinjaTrader 8\bin\Custom\NinjaTrader.Custom.csproj]
C:\Mac\Home\Documents\NinjaTrader 8\bin\Custom\Strategies\@SampleMultiTimeFrame.cs(16,11): warning CS0436: The type 'SMA' in 'C:\Mac\Home\Documents\NinjaTrader 8\bin\Custom\Indicators\@SMA.cs' conflicts with the imported type 'SMA' in 'NinjaTrader.Vendor, Version=8.1.6.0, Culture=neutral, PublicKeyToken=null'. Using the type defined in 'C:\Mac\Home\Documents\NinjaTrader 8\bin\Custom\Indicators\@SMA.cs'. [C:\Mac\Home\Documents\NinjaTrader 8\bin\Custom\NinjaTrader.Custom.csproj]
C:\Mac\Home\Documents\NinjaTrader 8\bin\Custom\Strategies\@SampleMultiTimeFrame.cs(17,11): warning CS0436: The type 'SMA' in 'C:\Mac\Home\Documents\NinjaTrader 8\bin\Custom\Indicators\@SMA.cs' conflicts with the imported type 'SMA' in 'NinjaTrader.Vendor, Version=8.1.6.0, Culture=neutral, PublicKeyToken=null'. Using the type defined in 'C:\Mac\Home\Documents\NinjaTrader 8\bin\Custom\Indicators\@SMA.cs'. [C:\Mac\Home\Documents\NinjaTrader 8\bin\Custom\NinjaTrader.Custom.csproj]
C:\Mac\Home\Documents\NinjaTrader 8\bin\Custom\Strategies\@SampleMultiTimeFrame.cs(18,11): warning CS0436: The type 'SMA' in 'C:\Mac\Home\Documents\NinjaTrader 8\bin\Custom\Indicators\@SMA.cs' conflicts with the imported type 'SMA' in 'NinjaTrader.Vendor, Version=8.1.6.0, Culture=neutral, PublicKeyToken=null'. Using the type defined in 'C:\Mac\Home\Documents\NinjaTrader 8\bin\Custom\Indicators\@SMA.cs'. [C:\Mac\Home\Documents\NinjaTrader 8\bin\Custom\NinjaTrader.Custom.csproj]
C:\Mac\Home\Documents\NinjaTrader 8\bin\Custom\Strategies\@SampleMultiTimeFrame.cs(19,11): warning CS0436: The type 'SMA' in 'C:\Mac\Home\Documents\NinjaTrader 8\bin\Custom\Indicators\@SMA.cs' conflicts with the imported type 'SMA' in 'NinjaTrader.Vendor, Version=8.1.6.0, Culture=neutral, PublicKeyToken=null'. Using the type defined in 'C:\Mac\Home\Documents\NinjaTrader 8\bin\Custom\Indicators\@SMA.cs'. [C:\Mac\Home\Documents\NinjaTrader 8\bin\Custom\NinjaTrader.Custom.csproj]
C:\Mac\Home\Documents\NinjaTrader 8\bin\Custom\Strategies\@SampleMultiTimeFrame.cs(20,11): warning CS0436: The type 'SMA' in 'C:\Mac\Home\Documents\NinjaTrader 8\bin\Custom\Indicators\@SMA.cs' conflicts with the imported type 'SMA' in 'NinjaTrader.Vendor, Version=8.1.6.0, Culture=neutral, PublicKeyToken=null'. Using the type defined in 'C:\Mac\Home\Documents\NinjaTrader 8\bin\Custom\Indicators\@SMA.cs'. [C:\Mac\Home\Documents\NinjaTrader 8\bin\Custom\NinjaTrader.Custom.csproj]
C:\Mac\Home\Documents\NinjaTrader 8\bin\Custom\Strategies\OpenAISTR.cs(33,43): warning CS0436: The type 'Strategy' in 'C:\Mac\Home\Documents\NinjaTrader 8\bin\Custom\Indicators\@IchimokuCloud.cs' conflicts with the imported type 'Strategy' in 'NinjaTrader.Vendor, Version=8.1.6.0, Culture=neutral, PublicKeyToken=null'. Using the type defined in 'C:\Mac\Home\Documents\NinjaTrader 8\bin\Custom\Indicators\@IchimokuCloud.cs'. [C:\Mac\Home\Documents\NinjaTrader 8\bin\Custom\NinjaTrader.Custom.csproj]
C:\Mac\Home\Documents\NinjaTrader 8\bin\Custom\Strategies\@@DepthPeekExample.cs(10,37): warning CS0436: The type 'Strategy' in 'C:\Mac\Home\Documents\NinjaTrader 8\bin\Custom\Indicators\@IchimokuCloud.cs' conflicts with the imported type 'Strategy' in 'NinjaTrader.Vendor, Version=8.1.6.0, Culture=neutral, PublicKeyToken=null'. Using the type defined in 'C:\Mac\Home\Documents\NinjaTrader 8\bin\Custom\Indicators\@IchimokuCloud.cs'. [C:\Mac\Home\Documents\NinjaTrader 8\bin\Custom\NinjaTrader.Custom.csproj]
C:\Mac\Home\Documents\NinjaTrader 8\bin\Custom\Indicators\@CurrentDayOHL.cs(134,10): warning CS0436: The type 'CurrentDayOHL' in 'C:\Mac\Home\Documents\NinjaTrader 8\bin\Custom\Indicators\@CurrentDayOHL.cs' conflicts with the imported type 'CurrentDayOHL' in 'NinjaTrader.Vendor, Version=8.1.6.0, Culture=neutral, PublicKeyToken=null'. Using the type defined in 'C:\Mac\Home\Documents\NinjaTrader 8\bin\Custom\Indicators\@CurrentDayOHL.cs'. [C:\Mac\Home\Documents\NinjaTrader 8\bin\Custom\NinjaTrader.Custom.csproj]
C:\Mac\Home\Documents\NinjaTrader 8\bin\Custom\Indicators\@CurrentDayOHL.cs(139,10): warning CS0436: The type 'CurrentDayOHL' in 'C:\Mac\Home\Documents\NinjaTrader 8\bin\Custom\Indicators\@CurrentDayOHL.cs' conflicts with the imported type 'CurrentDayOHL' in 'NinjaTrader.Vendor, Version=8.1.6.0, Culture=neutral, PublicKeyToken=null'. Using the type defined in 'C:\Mac\Home\Documents\NinjaTrader 8\bin\Custom\Indicators\@CurrentDayOHL.cs'. [C:\Mac\Home\Documents\NinjaTrader 8\bin\Custom\NinjaTrader.Custom.csproj]
C:\Mac\Home\Documents\NinjaTrader 8\bin\Custom\Indicators\@EMA.cs(59,10): warning CS0436: The type 'EMA' in 'C:\Mac\Home\Documents\NinjaTrader 8\bin\Custom\Indicators\@EMA.cs' conflicts with the imported type 'EMA' in 'NinjaTrader.Vendor, Version=8.1.6.0, Culture=neutral, PublicKeyToken=null'. Using the type defined in 'C:\Mac\Home\Documents\NinjaTrader 8\bin\Custom\Indicators\@EMA.cs'. [C:\Mac\Home\Documents\NinjaTrader 8\bin\Custom\NinjaTrader.Custom.csproj]
C:\Mac\Home\Documents\NinjaTrader 8\bin\Custom\Indicators\@EMA.cs(64,10): warning CS0436: The type 'EMA' in 'C:\Mac\Home\Documents\NinjaTrader 8\bin\Custom\Indicators\@EMA.cs' conflicts with the imported type 'EMA' in 'NinjaTrader.Vendor, Version=8.1.6.0, Culture=neutral, PublicKeyToken=null'. Using the type defined in 'C:\Mac\Home\Documents\NinjaTrader 8\bin\Custom\Indicators\@EMA.cs'. [C:\Mac\Home\Documents\NinjaTrader 8\bin\Custom\NinjaTrader.Custom.csproj]
C:\Mac\Home\Documents\NinjaTrader 8\bin\Custom\Indicators\@LinReg.cs(104,10): warning CS0436: The type 'LinReg' in 'C:\Mac\Home\Documents\NinjaTrader 8\bin\Custom\Indicators\@LinReg.cs' conflicts with the imported type 'LinReg' in 'NinjaTrader.Vendor, Version=8.1.6.0, Culture=neutral, PublicKeyToken=null'. Using the type defined in 'C:\Mac\Home\Documents\NinjaTrader 8\bin\Custom\Indicators\@LinReg.cs'. [C:\Mac\Home\Documents\NinjaTrader 8\bin\Custom\NinjaTrader.Custom.csproj]
C:\Mac\Home\Documents\NinjaTrader 8\bin\Custom\Indicators\@LinReg.cs(109,10): warning CS0436: The type 'LinReg' in 'C:\Mac\Home\Documents\NinjaTrader 8\bin\Custom\Indicators\@LinReg.cs' conflicts with the imported type 'LinReg' in 'NinjaTrader.Vendor, Version=8.1.6.0, Culture=neutral, PublicKeyToken=null'. Using the type defined in 'C:\Mac\Home\Documents\NinjaTrader 8\bin\Custom\Indicators\@LinReg.cs'. [C:\Mac\Home\Documents\NinjaTrader 8\bin\Custom\NinjaTrader.Custom.csproj]
C:\Mac\Home\Documents\NinjaTrader 8\bin\Custom\Indicators\@SMA.cs(81,10): warning CS0436: The type 'SMA' in 'C:\Mac\Home\Documents\NinjaTrader 8\bin\Custom\Indicators\@SMA.cs' conflicts with the imported type 'SMA' in 'NinjaTrader.Vendor, Version=8.1.6.0, Culture=neutral, PublicKeyToken=null'. Using the type defined in 'C:\Mac\Home\Documents\NinjaTrader 8\bin\Custom\Indicators\@SMA.cs'. [C:\Mac\Home\Documents\NinjaTrader 8\bin\Custom\NinjaTrader.Custom.csproj]
C:\Mac\Home\Documents\NinjaTrader 8\bin\Custom\Indicators\@SMA.cs(86,10): warning CS0436: The type 'SMA' in 'C:\Mac\Home\Documents\NinjaTrader 8\bin\Custom\Indicators\@SMA.cs' conflicts with the imported type 'SMA' in 'NinjaTrader.Vendor, Version=8.1.6.0, Culture=neutral, PublicKeyToken=null'. Using the type defined in 'C:\Mac\Home\Documents\NinjaTrader 8\bin\Custom\Indicators\@SMA.cs'. [C:\Mac\Home\Documents\NinjaTrader 8\bin\Custom\NinjaTrader.Custom.csproj]
C:\Mac\Home\Documents\NinjaTrader 8\bin\Custom\Indicators\@SUM.cs(48,10): warning CS0436: The type 'SUM' in 'C:\Mac\Home\Documents\NinjaTrader 8\bin\Custom\Indicators\@SUM.cs' conflicts with the imported type 'SUM' in 'NinjaTrader.Vendor, Version=8.1.6.0, Culture=neutral, PublicKeyToken=null'. Using the type defined in 'C:\Mac\Home\Documents\NinjaTrader 8\bin\Custom\Indicators\@SUM.cs'. [C:\Mac\Home\Documents\NinjaTrader 8\bin\Custom\NinjaTrader.Custom.csproj]
C:\Mac\Home\Documents\NinjaTrader 8\bin\Custom\Indicators\@SUM.cs(53,10): warning CS0436: The type 'SUM' in 'C:\Mac\Home\Documents\NinjaTrader 8\bin\Custom\Indicators\@SUM.cs' conflicts with the imported type 'SUM' in 'NinjaTrader.Vendor, Version=8.1.6.0, Culture=neutral, PublicKeyToken=null'. Using the type defined in 'C:\Mac\Home\Documents\NinjaTrader 8\bin\Custom\Indicators\@SUM.cs'. [C:\Mac\Home\Documents\NinjaTrader 8\bin\Custom\NinjaTrader.Custom.csproj]
C:\Mac\Home\Documents\NinjaTrader 8\bin\Custom\Indicators\@Swing.cs(379,10): warning CS0436: The type 'Swing' in 'C:\Mac\Home\Documents\NinjaTrader 8\bin\Custom\Indicators\@Swing.cs' conflicts with the imported type 'Swing' in 'NinjaTrader.Vendor, Version=8.1.6.0, Culture=neutral, PublicKeyToken=null'. Using the type defined in 'C:\Mac\Home\Documents\NinjaTrader 8\bin\Custom\Indicators\@Swing.cs'. [C:\Mac\Home\Documents\NinjaTrader 8\bin\Custom\NinjaTrader.Custom.csproj]
C:\Mac\Home\Documents\NinjaTrader 8\bin\Custom\Indicators\@Swing.cs(384,10): warning CS0436: The type 'Swing' in 'C:\Mac\Home\Documents\NinjaTrader 8\bin\Custom\Indicators\@Swing.cs' conflicts with the imported type 'Swing' in 'NinjaTrader.Vendor, Version=8.1.6.0, Culture=neutral, PublicKeyToken=null'. Using the type defined in 'C:\Mac\Home\Documents\NinjaTrader 8\bin\Custom\Indicators\@Swing.cs'. [C:\Mac\Home\Documents\NinjaTrader 8\bin\Custom\NinjaTrader.Custom.csproj]
C:\Mac\Home\Documents\NinjaTrader 8\bin\Custom\Strategies\Learningstrategy.cs(28,34): warning CS0436: The type 'Strategy' in 'C:\Mac\Home\Documents\NinjaTrader 8\bin\Custom\Indicators\@IchimokuCloud.cs' conflicts with the imported type 'Strategy' in 'NinjaTrader.Vendor, Version=8.1.6.0, Culture=neutral, PublicKeyToken=null'. Using the type defined in 'C:\Mac\Home\Documents\NinjaTrader 8\bin\Custom\Indicators\@IchimokuCloud.cs'. [C:\Mac\Home\Documents\NinjaTrader 8\bin\Custom\NinjaTrader.Custom.csproj]
C:\Mac\Home\Documents\NinjaTrader 8\bin\Custom\Indicators\@NetChangeDisplay.cs(22,34): warning CS0436: The type 'Indicator' in 'C:\Mac\Home\Documents\NinjaTrader 8\bin\Custom\Indicators\@IchimokuCloud.cs' conflicts with the imported type 'Indicator' in 'NinjaTrader.Vendor, Version=8.1.6.0, Culture=neutral, PublicKeyToken=null'. Using the type defined in 'C:\Mac\Home\Documents\NinjaTrader 8\bin\Custom\Indicators\@IchimokuCloud.cs'. [C:\Mac\Home\Documents\NinjaTrader 8\bin\Custom\NinjaTrader.Custom.csproj]
C:\Mac\Home\Documents\NinjaTrader 8\bin\Custom\DrawingTools\@ChartMarkers.cs(636,17): warning CS0436: The type 'ArrowDown' in 'C:\Mac\Home\Documents\NinjaTrader 8\bin\Custom\DrawingTools\@ChartMarkers.cs' conflicts with the imported type 'ArrowDown' in 'NinjaTrader.Vendor, Version=8.1.6.0, Culture=neutral, PublicKeyToken=null'. Using the type defined in 'C:\Mac\Home\Documents\NinjaTrader 8\bin\Custom\DrawingTools\@ChartMarkers.cs'. [C:\Mac\Home\Documents\NinjaTrader 8\bin\Custom\NinjaTrader.Custom.csproj]
C:\Mac\Home\Documents\NinjaTrader 8\bin\Custom\DrawingTools\@ChartMarkers.cs(649,17): warning CS0436: The type 'ArrowDown' in 'C:\Mac\Home\Documents\NinjaTrader 8\bin\Custom\DrawingTools\@ChartMarkers.cs' conflicts with the imported type 'ArrowDown' in 'NinjaTrader.Vendor, Version=8.1.6.0, Culture=neutral, PublicKeyToken=null'. Using the type defined in 'C:\Mac\Home\Documents\NinjaTrader 8\bin\Custom\DrawingTools\@ChartMarkers.cs'. [C:\Mac\Home\Documents\NinjaTrader 8\bin\Custom\NinjaTrader.Custom.csproj]
C:\Mac\Home\Documents\NinjaTrader 8\bin\Custom\DrawingTools\@ChartMarkers.cs(663,17): warning CS0436: The type 'ArrowDown' in 'C:\Mac\Home\Documents\NinjaTrader 8\bin\Custom\DrawingTools\@ChartMarkers.cs' conflicts with the imported type 'ArrowDown' in 'NinjaTrader.Vendor, Version=8.1.6.0, Culture=neutral, PublicKeyToken=null'. Using the type defined in 'C:\Mac\Home\Documents\NinjaTrader 8\bin\Custom\DrawingTools\@ChartMarkers.cs'. [C:\Mac\Home\Documents\NinjaTrader 8\bin\Custom\NinjaTrader.Custom.csproj]
C:\Mac\Home\Documents\NinjaTrader 8\bin\Custom\DrawingTools\@ChartMarkers.cs(677,17): warning CS0436: The type 'ArrowDown' in 'C:\Mac\Home\Documents\NinjaTrader 8\bin\Custom\DrawingTools\@ChartMarkers.cs' conflicts with the imported type 'ArrowDown' in 'NinjaTrader.Vendor, Version=8.1.6.0, Culture=neutral, PublicKeyToken=null'. Using the type defined in 'C:\Mac\Home\Documents\NinjaTrader 8\bin\Custom\DrawingTools\@ChartMarkers.cs'. [C:\Mac\Home\Documents\NinjaTrader 8\bin\Custom\NinjaTrader.Custom.csproj]
C:\Mac\Home\Documents\NinjaTrader 8\bin\Custom\DrawingTools\@ChartMarkers.cs(691,17): warning CS0436: The type 'ArrowDown' in 'C:\Mac\Home\Documents\NinjaTrader 8\bin\Custom\DrawingTools\@ChartMarkers.cs' conflicts with the imported type 'ArrowDown' in 'NinjaTrader.Vendor, Version=8.1.6.0, Culture=neutral, PublicKeyToken=null'. Using the type defined in 'C:\Mac\Home\Documents\NinjaTrader 8\bin\Custom\DrawingTools\@ChartMarkers.cs'. [C:\Mac\Home\Documents\NinjaTrader 8\bin\Custom\NinjaTrader.Custom.csproj]
C:\Mac\Home\Documents\NinjaTrader 8\bin\Custom\Strategies\@@CBASTesting.cs(13,32): warning CS0436: The type 'Strategy' in 'C:\Mac\Home\Documents\NinjaTrader 8\bin\Custom\Indicators\@IchimokuCloud.cs' conflicts with the imported type 'Strategy' in 'NinjaTrader.Vendor, Version=8.1.6.0, Culture=neutral, PublicKeyToken=null'. Using the type defined in 'C:\Mac\Home\Documents\NinjaTrader 8\bin\Custom\Indicators\@IchimokuCloud.cs'. [C:\Mac\Home\Documents\NinjaTrader 8\bin\Custom\NinjaTrader.Custom.csproj]
C:\Mac\Home\Documents\NinjaTrader 8\bin\Custom\DrawingTools\@ChartMarkers.cs(705,17): warning CS0436: The type 'ArrowDown' in 'C:\Mac\Home\Documents\NinjaTrader 8\bin\Custom\DrawingTools\@ChartMarkers.cs' conflicts with the imported type 'ArrowDown' in 'NinjaTrader.Vendor, Version=8.1.6.0, Culture=neutral, PublicKeyToken=null'. Using the type defined in 'C:\Mac\Home\Documents\NinjaTrader 8\bin\Custom\DrawingTools\@ChartMarkers.cs'. [C:\Mac\Home\Documents\NinjaTrader 8\bin\Custom\NinjaTrader.Custom.csproj]
C:\Mac\Home\Documents\NinjaTrader 8\bin\Custom\Indicators\@NetChangeDisplay.cs(46,11): warning CS0436: The type 'TextPosition' in 'C:\Mac\Home\Documents\NinjaTrader 8\bin\Custom\DrawingTools\@Text.cs' conflicts with the imported type 'TextPosition' in 'NinjaTrader.Vendor, Version=8.1.6.0, Culture=neutral, PublicKeyToken=null'. Using the type defined in 'C:\Mac\Home\Documents\NinjaTrader 8\bin\Custom\DrawingTools\@Text.cs'. [C:\Mac\Home\Documents\NinjaTrader 8\bin\Custom\NinjaTrader.Custom.csproj]
C:\Mac\Home\Documents\NinjaTrader 8\bin\Custom\DrawingTools\@ChartMarkers.cs(719,17): warning CS0436: The type 'ArrowUp' in 'C:\Mac\Home\Documents\NinjaTrader 8\bin\Custom\DrawingTools\@ChartMarkers.cs' conflicts with the imported type 'ArrowUp' in 'NinjaTrader.Vendor, Version=8.1.6.0, Culture=neutral, PublicKeyToken=null'. Using the type defined in 'C:\Mac\Home\Documents\NinjaTrader 8\bin\Custom\DrawingTools\@ChartMarkers.cs'. [C:\Mac\Home\Documents\NinjaTrader 8\bin\Custom\NinjaTrader.Custom.csproj]
C:\Mac\Home\Documents\NinjaTrader 8\bin\Custom\DrawingTools\@ChartMarkers.cs(732,17): warning CS0436: The type 'ArrowUp' in 'C:\Mac\Home\Documents\NinjaTrader 8\bin\Custom\DrawingTools\@ChartMarkers.cs' conflicts with the imported type 'ArrowUp' in 'NinjaTrader.Vendor, Version=8.1.6.0, Culture=neutral, PublicKeyToken=null'. Using the type defined in 'C:\Mac\Home\Documents\NinjaTrader 8\bin\Custom\DrawingTools\@ChartMarkers.cs'. [C:\Mac\Home\Documents\NinjaTrader 8\bin\Custom\NinjaTrader.Custom.csproj]
C:\Mac\Home\Documents\NinjaTrader 8\bin\Custom\DrawingTools\@ChartMarkers.cs(746,17): warning CS0436: The type 'ArrowUp' in 'C:\Mac\Home\Documents\NinjaTrader 8\bin\Custom\DrawingTools\@ChartMarkers.cs' conflicts with the imported type 'ArrowUp' in 'NinjaTrader.Vendor, Version=8.1.6.0, Culture=neutral, PublicKeyToken=null'. Using the type defined in 'C:\Mac\Home\Documents\NinjaTrader 8\bin\Custom\DrawingTools\@ChartMarkers.cs'. [C:\Mac\Home\Documents\NinjaTrader 8\bin\Custom\NinjaTrader.Custom.csproj]
C:\Mac\Home\Documents\NinjaTrader 8\bin\Custom\DrawingTools\@ChartMarkers.cs(760,17): warning CS0436: The type 'ArrowUp' in 'C:\Mac\Home\Documents\NinjaTrader 8\bin\Custom\DrawingTools\@ChartMarkers.cs' conflicts with the imported type 'ArrowUp' in 'NinjaTrader.Vendor, Version=8.1.6.0, Culture=neutral, PublicKeyToken=null'. Using the type defined in 'C:\Mac\Home\Documents\NinjaTrader 8\bin\Custom\DrawingTools\@ChartMarkers.cs'. [C:\Mac\Home\Documents\NinjaTrader 8\bin\Custom\NinjaTrader.Custom.csproj]
C:\Mac\Home\Documents\NinjaTrader 8\bin\Custom\DrawingTools\@ChartMarkers.cs(774,17): warning CS0436: The type 'ArrowUp' in 'C:\Mac\Home\Documents\NinjaTrader 8\bin\Custom\DrawingTools\@ChartMarkers.cs' conflicts with the imported type 'ArrowUp' in 'NinjaTrader.Vendor, Version=8.1.6.0, Culture=neutral, PublicKeyToken=null'. Using the type defined in 'C:\Mac\Home\Documents\NinjaTrader 8\bin\Custom\DrawingTools\@ChartMarkers.cs'. [C:\Mac\Home\Documents\NinjaTrader 8\bin\Custom\NinjaTrader.Custom.csproj]
C:\Mac\Home\Documents\NinjaTrader 8\bin\Custom\DrawingTools\@ChartMarkers.cs(788,17): warning CS0436: The type 'ArrowUp' in 'C:\Mac\Home\Documents\NinjaTrader 8\bin\Custom\DrawingTools\@ChartMarkers.cs' conflicts with the imported type 'ArrowUp' in 'NinjaTrader.Vendor, Version=8.1.6.0, Culture=neutral, PublicKeyToken=null'. Using the type defined in 'C:\Mac\Home\Documents\NinjaTrader 8\bin\Custom\DrawingTools\@ChartMarkers.cs'. [C:\Mac\Home\Documents\NinjaTrader 8\bin\Custom\NinjaTrader.Custom.csproj]
C:\Mac\Home\Documents\NinjaTrader 8\bin\Custom\Strategies\@@CBASTesting.cs(49,9): warning CS0436: The type 'EMA' in 'C:\Mac\Home\Documents\NinjaTrader 8\bin\Custom\Indicators\@EMA.cs' conflicts with the imported type 'EMA' in 'NinjaTrader.Vendor, Version=8.1.6.0, Culture=neutral, PublicKeyToken=null'. Using the type defined in 'C:\Mac\Home\Documents\NinjaTrader 8\bin\Custom\Indicators\@EMA.cs'. [C:\Mac\Home\Documents\NinjaTrader 8\bin\Custom\NinjaTrader.Custom.csproj]
C:\Mac\Home\Documents\NinjaTrader 8\bin\Custom\Strategies\@@CBASTesting.cs(50,9): warning CS0436: The type 'EMA' in 'C:\Mac\Home\Documents\NinjaTrader 8\bin\Custom\Indicators\@EMA.cs' conflicts with the imported type 'EMA' in 'NinjaTrader.Vendor, Version=8.1.6.0, Culture=neutral, PublicKeyToken=null'. Using the type defined in 'C:\Mac\Home\Documents\NinjaTrader 8\bin\Custom\Indicators\@EMA.cs'. [C:\Mac\Home\Documents\NinjaTrader 8\bin\Custom\NinjaTrader.Custom.csproj]
C:\Mac\Home\Documents\NinjaTrader 8\bin\Custom\DrawingTools\@ChartMarkers.cs(802,17): warning CS0436: The type 'Diamond' in 'C:\Mac\Home\Documents\NinjaTrader 8\bin\Custom\DrawingTools\@ChartMarkers.cs' conflicts with the imported type 'Diamond' in 'NinjaTrader.Vendor, Version=8.1.6.0, Culture=neutral, PublicKeyToken=null'. Using the type defined in 'C:\Mac\Home\Documents\NinjaTrader 8\bin\Custom\DrawingTools\@ChartMarkers.cs'. [C:\Mac\Home\Documents\NinjaTrader 8\bin\Custom\NinjaTrader.Custom.csproj]
C:\Mac\Home\Documents\NinjaTrader 8\bin\Custom\DrawingTools\@ChartMarkers.cs(815,17): warning CS0436: The type 'Diamond' in 'C:\Mac\Home\Documents\NinjaTrader 8\bin\Custom\DrawingTools\@ChartMarkers.cs' conflicts with the imported type 'Diamond' in 'NinjaTrader.Vendor, Version=8.1.6.0, Culture=neutral, PublicKeyToken=null'. Using the type defined in 'C:\Mac\Home\Documents\NinjaTrader 8\bin\Custom\DrawingTools\@ChartMarkers.cs'. [C:\Mac\Home\Documents\NinjaTrader 8\bin\Custom\NinjaTrader.Custom.csproj]
C:\Mac\Home\Documents\NinjaTrader 8\bin\Custom\Strategies\@@CBASTesting.cs(51,9): warning CS0436: The type 'SMA' in 'C:\Mac\Home\Documents\NinjaTrader 8\bin\Custom\Indicators\@SMA.cs' conflicts with the imported type 'SMA' in 'NinjaTrader.Vendor, Version=8.1.6.0, Culture=neutral, PublicKeyToken=null'. Using the type defined in 'C:\Mac\Home\Documents\NinjaTrader 8\bin\Custom\Indicators\@SMA.cs'. [C:\Mac\Home\Documents\NinjaTrader 8\bin\Custom\NinjaTrader.Custom.csproj]
C:\Mac\Home\Documents\NinjaTrader 8\bin\Custom\DrawingTools\@ChartMarkers.cs(829,17): warning CS0436: The type 'Diamond' in 'C:\Mac\Home\Documents\NinjaTrader 8\bin\Custom\DrawingTools\@ChartMarkers.cs' conflicts with the imported type 'Diamond' in 'NinjaTrader.Vendor, Version=8.1.6.0, Culture=neutral, PublicKeyToken=null'. Using the type defined in 'C:\Mac\Home\Documents\NinjaTrader 8\bin\Custom\DrawingTools\@ChartMarkers.cs'. [C:\Mac\Home\Documents\NinjaTrader 8\bin\Custom\NinjaTrader.Custom.csproj]
C:\Mac\Home\Documents\NinjaTrader 8\bin\Custom\DrawingTools\@ChartMarkers.cs(843,17): warning CS0436: The type 'Diamond' in 'C:\Mac\Home\Documents\NinjaTrader 8\bin\Custom\DrawingTools\@ChartMarkers.cs' conflicts with the imported type 'Diamond' in 'NinjaTrader.Vendor, Version=8.1.6.0, Culture=neutral, PublicKeyToken=null'. Using the type defined in 'C:\Mac\Home\Documents\NinjaTrader 8\bin\Custom\DrawingTools\@ChartMarkers.cs'. [C:\Mac\Home\Documents\NinjaTrader 8\bin\Custom\NinjaTrader.Custom.csproj]
C:\Mac\Home\Documents\NinjaTrader 8\bin\Custom\DrawingTools\@ChartMarkers.cs(857,17): warning CS0436: The type 'Diamond' in 'C:\Mac\Home\Documents\NinjaTrader 8\bin\Custom\DrawingTools\@ChartMarkers.cs' conflicts with the imported type 'Diamond' in 'NinjaTrader.Vendor, Version=8.1.6.0, Culture=neutral, PublicKeyToken=null'. Using the type defined in 'C:\Mac\Home\Documents\NinjaTrader 8\bin\Custom\DrawingTools\@ChartMarkers.cs'. [C:\Mac\Home\Documents\NinjaTrader 8\bin\Custom\NinjaTrader.Custom.csproj]
C:\Mac\Home\Documents\NinjaTrader 8\bin\Custom\DrawingTools\@ChartMarkers.cs(871,17): warning CS0436: The type 'Diamond' in 'C:\Mac\Home\Documents\NinjaTrader 8\bin\Custom\DrawingTools\@ChartMarkers.cs' conflicts with the imported type 'Diamond' in 'NinjaTrader.Vendor, Version=8.1.6.0, Culture=neutral, PublicKeyToken=null'. Using the type defined in 'C:\Mac\Home\Documents\NinjaTrader 8\bin\Custom\DrawingTools\@ChartMarkers.cs'. [C:\Mac\Home\Documents\NinjaTrader 8\bin\Custom\NinjaTrader.Custom.csproj]
C:\Mac\Home\Documents\NinjaTrader 8\bin\Custom\DrawingTools\@ChartMarkers.cs(885,17): warning CS0436: The type 'Dot' in 'C:\Mac\Home\Documents\NinjaTrader 8\bin\Custom\DrawingTools\@ChartMarkers.cs' conflicts with the imported type 'Dot' in 'NinjaTrader.Vendor, Version=8.1.6.0, Culture=neutral, PublicKeyToken=null'. Using the type defined in 'C:\Mac\Home\Documents\NinjaTrader 8\bin\Custom\DrawingTools\@ChartMarkers.cs'. [C:\Mac\Home\Documents\NinjaTrader 8\bin\Custom\NinjaTrader.Custom.csproj]
C:\Mac\Home\Documents\NinjaTrader 8\bin\Custom\DrawingTools\@ChartMarkers.cs(898,17): warning CS0436: The type 'Dot' in 'C:\Mac\Home\Documents\NinjaTrader 8\bin\Custom\DrawingTools\@ChartMarkers.cs' conflicts with the imported type 'Dot' in 'NinjaTrader.Vendor, Version=8.1.6.0, Culture=neutral, PublicKeyToken=null'. Using the type defined in 'C:\Mac\Home\Documents\NinjaTrader 8\bin\Custom\DrawingTools\@ChartMarkers.cs'. [C:\Mac\Home\Documents\NinjaTrader 8\bin\Custom\NinjaTrader.Custom.csproj]
C:\Mac\Home\Documents\NinjaTrader 8\bin\Custom\DrawingTools\@ChartMarkers.cs(912,17): warning CS0436: The type 'Dot' in 'C:\Mac\Home\Documents\NinjaTrader 8\bin\Custom\DrawingTools\@ChartMarkers.cs' conflicts with the imported type 'Dot' in 'NinjaTrader.Vendor, Version=8.1.6.0, Culture=neutral, PublicKeyToken=null'. Using the type defined in 'C:\Mac\Home\Documents\NinjaTrader 8\bin\Custom\DrawingTools\@ChartMarkers.cs'. [C:\Mac\Home\Documents\NinjaTrader 8\bin\Custom\NinjaTrader.Custom.csproj]
C:\Mac\Home\Documents\NinjaTrader 8\bin\Custom\DrawingTools\@ChartMarkers.cs(926,17): warning CS0436: The type 'Dot' in 'C:\Mac\Home\Documents\NinjaTrader 8\bin\Custom\DrawingTools\@ChartMarkers.cs' conflicts with the imported type 'Dot' in 'NinjaTrader.Vendor, Version=8.1.6.0, Culture=neutral, PublicKeyToken=null'. Using the type defined in 'C:\Mac\Home\Documents\NinjaTrader 8\bin\Custom\DrawingTools\@ChartMarkers.cs'. [C:\Mac\Home\Documents\NinjaTrader 8\bin\Custom\NinjaTrader.Custom.csproj]
C:\Mac\Home\Documents\NinjaTrader 8\bin\Custom\DrawingTools\@ChartMarkers.cs(940,17): warning CS0436: The type 'Dot' in 'C:\Mac\Home\Documents\NinjaTrader 8\bin\Custom\DrawingTools\@ChartMarkers.cs' conflicts with the imported type 'Dot' in 'NinjaTrader.Vendor, Version=8.1.6.0, Culture=neutral, PublicKeyToken=null'. Using the type defined in 'C:\Mac\Home\Documents\NinjaTrader 8\bin\Custom\DrawingTools\@ChartMarkers.cs'. [C:\Mac\Home\Documents\NinjaTrader 8\bin\Custom\NinjaTrader.Custom.csproj]
C:\Mac\Home\Documents\NinjaTrader 8\bin\Custom\DrawingTools\@ChartMarkers.cs(954,17): warning CS0436: The type 'Dot' in 'C:\Mac\Home\Documents\NinjaTrader 8\bin\Custom\DrawingTools\@ChartMarkers.cs' conflicts with the imported type 'Dot' in 'NinjaTrader.Vendor, Version=8.1.6.0, Culture=neutral, PublicKeyToken=null'. Using the type defined in 'C:\Mac\Home\Documents\NinjaTrader 8\bin\Custom\DrawingTools\@ChartMarkers.cs'. [C:\Mac\Home\Documents\NinjaTrader 8\bin\Custom\NinjaTrader.Custom.csproj]
C:\Mac\Home\Documents\NinjaTrader 8\bin\Custom\DrawingTools\@ChartMarkers.cs(968,17): warning CS0436: The type 'Square' in 'C:\Mac\Home\Documents\NinjaTrader 8\bin\Custom\DrawingTools\@ChartMarkers.cs' conflicts with the imported type 'Square' in 'NinjaTrader.Vendor, Version=8.1.6.0, Culture=neutral, PublicKeyToken=null'. Using the type defined in 'C:\Mac\Home\Documents\NinjaTrader 8\bin\Custom\DrawingTools\@ChartMarkers.cs'. [C:\Mac\Home\Documents\NinjaTrader 8\bin\Custom\NinjaTrader.Custom.csproj]
C:\Mac\Home\Documents\NinjaTrader 8\bin\Custom\DrawingTools\@ChartMarkers.cs(981,17): warning CS0436: The type 'Square' in 'C:\Mac\Home\Documents\NinjaTrader 8\bin\Custom\DrawingTools\@ChartMarkers.cs' conflicts with the imported type 'Square' in 'NinjaTrader.Vendor, Version=8.1.6.0, Culture=neutral, PublicKeyToken=null'. Using the type defined in 'C:\Mac\Home\Documents\NinjaTrader 8\bin\Custom\DrawingTools\@ChartMarkers.cs'. [C:\Mac\Home\Documents\NinjaTrader 8\bin\Custom\NinjaTrader.Custom.csproj]
C:\Mac\Home\Documents\NinjaTrader 8\bin\Custom\DrawingTools\@ChartMarkers.cs(995,17): warning CS0436: The type 'Square' in 'C:\Mac\Home\Documents\NinjaTrader 8\bin\Custom\DrawingTools\@ChartMarkers.cs' conflicts with the imported type 'Square' in 'NinjaTrader.Vendor, Version=8.1.6.0, Culture=neutral, PublicKeyToken=null'. Using the type defined in 'C:\Mac\Home\Documents\NinjaTrader 8\bin\Custom\DrawingTools\@ChartMarkers.cs'. [C:\Mac\Home\Documents\NinjaTrader 8\bin\Custom\NinjaTrader.Custom.csproj]
C:\Mac\Home\Documents\NinjaTrader 8\bin\Custom\DrawingTools\@ChartMarkers.cs(1009,17): warning CS0436: The type 'Square' in 'C:\Mac\Home\Documents\NinjaTrader 8\bin\Custom\DrawingTools\@ChartMarkers.cs' conflicts with the imported type 'Square' in 'NinjaTrader.Vendor, Version=8.1.6.0, Culture=neutral, PublicKeyToken=null'. Using the type defined in 'C:\Mac\Home\Documents\NinjaTrader 8\bin\Custom\DrawingTools\@ChartMarkers.cs'. [C:\Mac\Home\Documents\NinjaTrader 8\bin\Custom\NinjaTrader.Custom.csproj]
C:\Mac\Home\Documents\NinjaTrader 8\bin\Custom\DrawingTools\@ChartMarkers.cs(1023,17): warning CS0436: The type 'Square' in 'C:\Mac\Home\Documents\NinjaTrader 8\bin\Custom\DrawingTools\@ChartMarkers.cs' conflicts with the imported type 'Square' in 'NinjaTrader.Vendor, Version=8.1.6.0, Culture=neutral, PublicKeyToken=null'. Using the type defined in 'C:\Mac\Home\Documents\NinjaTrader 8\bin\Custom\DrawingTools\@ChartMarkers.cs'. [C:\Mac\Home\Documents\NinjaTrader 8\bin\Custom\NinjaTrader.Custom.csproj]
C:\Mac\Home\Documents\NinjaTrader 8\bin\Custom\DrawingTools\@ChartMarkers.cs(1037,17): warning CS0436: The type 'Square' in 'C:\Mac\Home\Documents\NinjaTrader 8\bin\Custom\DrawingTools\@ChartMarkers.cs' conflicts with the imported type 'Square' in 'NinjaTrader.Vendor, Version=8.1.6.0, Culture=neutral, PublicKeyToken=null'. Using the type defined in 'C:\Mac\Home\Documents\NinjaTrader 8\bin\Custom\DrawingTools\@ChartMarkers.cs'. [C:\Mac\Home\Documents\NinjaTrader 8\bin\Custom\NinjaTrader.Custom.csproj]
C:\Mac\Home\Documents\NinjaTrader 8\bin\Custom\DrawingTools\@ChartMarkers.cs(1051,17): warning CS0436: The type 'TriangleDown' in 'C:\Mac\Home\Documents\NinjaTrader 8\bin\Custom\DrawingTools\@ChartMarkers.cs' conflicts with the imported type 'TriangleDown' in 'NinjaTrader.Vendor, Version=8.1.6.0, Culture=neutral, PublicKeyToken=null'. Using the type defined in 'C:\Mac\Home\Documents\NinjaTrader 8\bin\Custom\DrawingTools\@ChartMarkers.cs'. [C:\Mac\Home\Documents\NinjaTrader 8\bin\Custom\NinjaTrader.Custom.csproj]
C:\Mac\Home\Documents\NinjaTrader 8\bin\Custom\DrawingTools\@ChartMarkers.cs(1064,17): warning CS0436: The type 'TriangleDown' in 'C:\Mac\Home\Documents\NinjaTrader 8\bin\Custom\DrawingTools\@ChartMarkers.cs' conflicts with the imported type 'TriangleDown' in 'NinjaTrader.Vendor, Version=8.1.6.0, Culture=neutral, PublicKeyToken=null'. Using the type defined in 'C:\Mac\Home\Documents\NinjaTrader 8\bin\Custom\DrawingTools\@ChartMarkers.cs'. [C:\Mac\Home\Documents\NinjaTrader 8\bin\Custom\NinjaTrader.Custom.csproj]
C:\Mac\Home\Documents\NinjaTrader 8\bin\Custom\DrawingTools\@ChartMarkers.cs(1078,17): warning CS0436: The type 'TriangleDown' in 'C:\Mac\Home\Documents\NinjaTrader 8\bin\Custom\DrawingTools\@ChartMarkers.cs' conflicts with the imported type 'TriangleDown' in 'NinjaTrader.Vendor, Version=8.1.6.0, Culture=neutral, PublicKeyToken=null'. Using the type defined in 'C:\Mac\Home\Documents\NinjaTrader 8\bin\Custom\DrawingTools\@ChartMarkers.cs'. [C:\Mac\Home\Documents\NinjaTrader 8\bin\Custom\NinjaTrader.Custom.csproj]
C:\Mac\Home\Documents\NinjaTrader 8\bin\Custom\DrawingTools\@ChartMarkers.cs(1092,17): warning CS0436: The type 'TriangleDown' in 'C:\Mac\Home\Documents\NinjaTrader 8\bin\Custom\DrawingTools\@ChartMarkers.cs' conflicts with the imported type 'TriangleDown' in 'NinjaTrader.Vendor, Version=8.1.6.0, Culture=neutral, PublicKeyToken=null'. Using the type defined in 'C:\Mac\Home\Documents\NinjaTrader 8\bin\Custom\DrawingTools\@ChartMarkers.cs'. [C:\Mac\Home\Documents\NinjaTrader 8\bin\Custom\NinjaTrader.Custom.csproj]
C:\Mac\Home\Documents\NinjaTrader 8\bin\Custom\DrawingTools\@ChartMarkers.cs(1106,17): warning CS0436: The type 'TriangleDown' in 'C:\Mac\Home\Documents\NinjaTrader 8\bin\Custom\DrawingTools\@ChartMarkers.cs' conflicts with the imported type 'TriangleDown' in 'NinjaTrader.Vendor, Version=8.1.6.0, Culture=neutral, PublicKeyToken=null'. Using the type defined in 'C:\Mac\Home\Documents\NinjaTrader 8\bin\Custom\DrawingTools\@ChartMarkers.cs'. [C:\Mac\Home\Documents\NinjaTrader 8\bin\Custom\NinjaTrader.Custom.csproj]
C:\Mac\Home\Documents\NinjaTrader 8\bin\Custom\DrawingTools\@ChartMarkers.cs(1120,17): warning CS0436: The type 'TriangleDown' in 'C:\Mac\Home\Documents\NinjaTrader 8\bin\Custom\DrawingTools\@ChartMarkers.cs' conflicts with the imported type 'TriangleDown' in 'NinjaTrader.Vendor, Version=8.1.6.0, Culture=neutral, PublicKeyToken=null'. Using the type defined in 'C:\Mac\Home\Documents\NinjaTrader 8\bin\Custom\DrawingTools\@ChartMarkers.cs'. [C:\Mac\Home\Documents\NinjaTrader 8\bin\Custom\NinjaTrader.Custom.csproj]
C:\Mac\Home\Documents\NinjaTrader 8\bin\Custom\DrawingTools\@ChartMarkers.cs(1134,17): warning CS0436: The type 'TriangleUp' in 'C:\Mac\Home\Documents\NinjaTrader 8\bin\Custom\DrawingTools\@ChartMarkers.cs' conflicts with the imported type 'TriangleUp' in 'NinjaTrader.Vendor, Version=8.1.6.0, Culture=neutral, PublicKeyToken=null'. Using the type defined in 'C:\Mac\Home\Documents\NinjaTrader 8\bin\Custom\DrawingTools\@ChartMarkers.cs'. [C:\Mac\Home\Documents\NinjaTrader 8\bin\Custom\NinjaTrader.Custom.csproj]
C:\Mac\Home\Documents\NinjaTrader 8\bin\Custom\DrawingTools\@ChartMarkers.cs(1147,17): warning CS0436: The type 'TriangleUp' in 'C:\Mac\Home\Documents\NinjaTrader 8\bin\Custom\DrawingTools\@ChartMarkers.cs' conflicts with the imported type 'TriangleUp' in 'NinjaTrader.Vendor, Version=8.1.6.0, Culture=neutral, PublicKeyToken=null'. Using the type defined in 'C:\Mac\Home\Documents\NinjaTrader 8\bin\Custom\DrawingTools\@ChartMarkers.cs'. [C:\Mac\Home\Documents\NinjaTrader 8\bin\Custom\NinjaTrader.Custom.csproj]
C:\Mac\Home\Documents\NinjaTrader 8\bin\Custom\DrawingTools\@ChartMarkers.cs(1161,17): warning CS0436: The type 'TriangleUp' in 'C:\Mac\Home\Documents\NinjaTrader 8\bin\Custom\DrawingTools\@ChartMarkers.cs' conflicts with the imported type 'TriangleUp' in 'NinjaTrader.Vendor, Version=8.1.6.0, Culture=neutral, PublicKeyToken=null'. Using the type defined in 'C:\Mac\Home\Documents\NinjaTrader 8\bin\Custom\DrawingTools\@ChartMarkers.cs'. [C:\Mac\Home\Documents\NinjaTrader 8\bin\Custom\NinjaTrader.Custom.csproj]
C:\Mac\Home\Documents\NinjaTrader 8\bin\Custom\DrawingTools\@ChartMarkers.cs(1175,17): warning CS0436: The type 'TriangleUp' in 'C:\Mac\Home\Documents\NinjaTrader 8\bin\Custom\DrawingTools\@ChartMarkers.cs' conflicts with the imported type 'TriangleUp' in 'NinjaTrader.Vendor, Version=8.1.6.0, Culture=neutral, PublicKeyToken=null'. Using the type defined in 'C:\Mac\Home\Documents\NinjaTrader 8\bin\Custom\DrawingTools\@ChartMarkers.cs'. [C:\Mac\Home\Documents\NinjaTrader 8\bin\Custom\NinjaTrader.Custom.csproj]
C:\Mac\Home\Documents\NinjaTrader 8\bin\Custom\Strategies\CorysBuySellStrategyGPT5.cs(29,45): warning CS0436: The type 'Strategy' in 'C:\Mac\Home\Documents\NinjaTrader 8\bin\Custom\Indicators\@IchimokuCloud.cs' conflicts with the imported type 'Strategy' in 'NinjaTrader.Vendor, Version=8.1.6.0, Culture=neutral, PublicKeyToken=null'. Using the type defined in 'C:\Mac\Home\Documents\NinjaTrader 8\bin\Custom\Indicators\@IchimokuCloud.cs'. [C:\Mac\Home\Documents\NinjaTrader 8\bin\Custom\NinjaTrader.Custom.csproj]
C:\Mac\Home\Documents\NinjaTrader 8\bin\Custom\DrawingTools\@ChartMarkers.cs(1189,17): warning CS0436: The type 'TriangleUp' in 'C:\Mac\Home\Documents\NinjaTrader 8\bin\Custom\DrawingTools\@ChartMarkers.cs' conflicts with the imported type 'TriangleUp' in 'NinjaTrader.Vendor, Version=8.1.6.0, Culture=neutral, PublicKeyToken=null'. Using the type defined in 'C:\Mac\Home\Documents\NinjaTrader 8\bin\Custom\DrawingTools\@ChartMarkers.cs'. [C:\Mac\Home\Documents\NinjaTrader 8\bin\Custom\NinjaTrader.Custom.csproj]
C:\Mac\Home\Documents\NinjaTrader 8\bin\Custom\Indicators\@Pivots.cs(26,24): warning CS0436: The type 'Indicator' in 'C:\Mac\Home\Documents\NinjaTrader 8\bin\Custom\Indicators\@IchimokuCloud.cs' conflicts with the imported type 'Indicator' in 'NinjaTrader.Vendor, Version=8.1.6.0, Culture=neutral, PublicKeyToken=null'. Using the type defined in 'C:\Mac\Home\Documents\NinjaTrader 8\bin\Custom\Indicators\@IchimokuCloud.cs'. [C:\Mac\Home\Documents\NinjaTrader 8\bin\Custom\NinjaTrader.Custom.csproj]
C:\Mac\Home\Documents\NinjaTrader 8\bin\Custom\DrawingTools\@ChartMarkers.cs(1203,17): warning CS0436: The type 'TriangleUp' in 'C:\Mac\Home\Documents\NinjaTrader 8\bin\Custom\DrawingTools\@ChartMarkers.cs' conflicts with the imported type 'TriangleUp' in 'NinjaTrader.Vendor, Version=8.1.6.0, Culture=neutral, PublicKeyToken=null'. Using the type defined in 'C:\Mac\Home\Documents\NinjaTrader 8\bin\Custom\DrawingTools\@ChartMarkers.cs'. [C:\Mac\Home\Documents\NinjaTrader 8\bin\Custom\NinjaTrader.Custom.csproj]
C:\Mac\Home\Documents\NinjaTrader 8\bin\Custom\Strategies\@@CorysBuySellSupertrendStrategy.cs(26,47): warning CS0436: The type 'Strategy' in 'C:\Mac\Home\Documents\NinjaTrader 8\bin\Custom\Indicators\@IchimokuCloud.cs' conflicts with the imported type 'Strategy' in 'NinjaTrader.Vendor, Version=8.1.6.0, Culture=neutral, PublicKeyToken=null'. Using the type defined in 'C:\Mac\Home\Documents\NinjaTrader 8\bin\Custom\Indicators\@IchimokuCloud.cs'. [C:\Mac\Home\Documents\NinjaTrader 8\bin\Custom\NinjaTrader.Custom.csproj]
C:\Mac\Home\Documents\NinjaTrader 8\bin\Custom\Strategies\@@CorysBuySellSupertrendStrategy.cs(104,13): warning CS0436: The type 'EMA' in 'C:\Mac\Home\Documents\NinjaTrader 8\bin\Custom\Indicators\@EMA.cs' conflicts with the imported type 'EMA' in 'NinjaTrader.Vendor, Version=8.1.6.0, Culture=neutral, PublicKeyToken=null'. Using the type defined in 'C:\Mac\Home\Documents\NinjaTrader 8\bin\Custom\Indicators\@EMA.cs'. [C:\Mac\Home\Documents\NinjaTrader 8\bin\Custom\NinjaTrader.Custom.csproj]
C:\Mac\Home\Documents\NinjaTrader 8\bin\Custom\Strategies\@@CorysBuySellSupertrendStrategy.cs(105,13): warning CS0436: The type 'EMA' in 'C:\Mac\Home\Documents\NinjaTrader 8\bin\Custom\Indicators\@EMA.cs' conflicts with the imported type 'EMA' in 'NinjaTrader.Vendor, Version=8.1.6.0, Culture=neutral, PublicKeyToken=null'. Using the type defined in 'C:\Mac\Home\Documents\NinjaTrader 8\bin\Custom\Indicators\@EMA.cs'. [C:\Mac\Home\Documents\NinjaTrader 8\bin\Custom\NinjaTrader.Custom.csproj]
C:\Mac\Home\Documents\NinjaTrader 8\bin\Custom\MarketAnalyzerColumns\@DaysUntilRollover.cs(29,35): warning CS0436: The type 'MarketAnalyzerColumn' in 'C:\Mac\Home\Documents\NinjaTrader 8\bin\Custom\Indicators\@IchimokuCloud.cs' conflicts with the imported type 'MarketAnalyzerColumn' in 'NinjaTrader.Vendor, Version=8.1.6.0, Culture=neutral, PublicKeyToken=null'. Using the type defined in 'C:\Mac\Home\Documents\NinjaTrader 8\bin\Custom\Indicators\@IchimokuCloud.cs'. [C:\Mac\Home\Documents\NinjaTrader 8\bin\Custom\NinjaTrader.Custom.csproj]
C:\Mac\Home\Documents\NinjaTrader 8\bin\Custom\Indicators\@CurrentDayOHL.cs(133,11): warning CS0436: The type 'CurrentDayOHL' in 'C:\Mac\Home\Documents\NinjaTrader 8\bin\Custom\Indicators\@CurrentDayOHL.cs' conflicts with the imported type 'CurrentDayOHL' in 'NinjaTrader.Vendor, Version=8.1.6.0, Culture=neutral, PublicKeyToken=null'. Using the type defined in 'C:\Mac\Home\Documents\NinjaTrader 8\bin\Custom\Indicators\@CurrentDayOHL.cs'. [C:\Mac\Home\Documents\NinjaTrader 8\bin\Custom\NinjaTrader.Custom.csproj]
C:\Mac\Home\Documents\NinjaTrader 8\bin\Custom\Indicators\@EMA.cs(58,11): warning CS0436: The type 'EMA' in 'C:\Mac\Home\Documents\NinjaTrader 8\bin\Custom\Indicators\@EMA.cs' conflicts with the imported type 'EMA' in 'NinjaTrader.Vendor, Version=8.1.6.0, Culture=neutral, PublicKeyToken=null'. Using the type defined in 'C:\Mac\Home\Documents\NinjaTrader 8\bin\Custom\Indicators\@EMA.cs'. [C:\Mac\Home\Documents\NinjaTrader 8\bin\Custom\NinjaTrader.Custom.csproj]
C:\Mac\Home\Documents\NinjaTrader 8\bin\Custom\Indicators\@LinReg.cs(103,11): warning CS0436: The type 'LinReg' in 'C:\Mac\Home\Documents\NinjaTrader 8\bin\Custom\Indicators\@LinReg.cs' conflicts with the imported type 'LinReg' in 'NinjaTrader.Vendor, Version=8.1.6.0, Culture=neutral, PublicKeyToken=null'. Using the type defined in 'C:\Mac\Home\Documents\NinjaTrader 8\bin\Custom\Indicators\@LinReg.cs'. [C:\Mac\Home\Documents\NinjaTrader 8\bin\Custom\NinjaTrader.Custom.csproj]
C:\Mac\Home\Documents\NinjaTrader 8\bin\Custom\MarketAnalyzerColumns\@NetChangeMaxDown.cs(30,34): warning CS0436: The type 'MarketAnalyzerColumn' in 'C:\Mac\Home\Documents\NinjaTrader 8\bin\Custom\Indicators\@IchimokuCloud.cs' conflicts with the imported type 'MarketAnalyzerColumn' in 'NinjaTrader.Vendor, Version=8.1.6.0, Culture=neutral, PublicKeyToken=null'. Using the type defined in 'C:\Mac\Home\Documents\NinjaTrader 8\bin\Custom\Indicators\@IchimokuCloud.cs'. [C:\Mac\Home\Documents\NinjaTrader 8\bin\Custom\NinjaTrader.Custom.csproj]
C:\Mac\Home\Documents\NinjaTrader 8\bin\Custom\Indicators\@PriceLine.cs(22,27): warning CS0436: The type 'Indicator' in 'C:\Mac\Home\Documents\NinjaTrader 8\bin\Custom\Indicators\@IchimokuCloud.cs' conflicts with the imported type 'Indicator' in 'NinjaTrader.Vendor, Version=8.1.6.0, Culture=neutral, PublicKeyToken=null'. Using the type defined in 'C:\Mac\Home\Documents\NinjaTrader 8\bin\Custom\Indicators\@IchimokuCloud.cs'. [C:\Mac\Home\Documents\NinjaTrader 8\bin\Custom\NinjaTrader.Custom.csproj]
C:\Mac\Home\Documents\NinjaTrader 8\bin\Custom\MarketAnalyzerColumns\@NetChangeMaxUp.cs(30,32): warning CS0436: The type 'MarketAnalyzerColumn' in 'C:\Mac\Home\Documents\NinjaTrader 8\bin\Custom\Indicators\@IchimokuCloud.cs' conflicts with the imported type 'MarketAnalyzerColumn' in 'NinjaTrader.Vendor, Version=8.1.6.0, Culture=neutral, PublicKeyToken=null'. Using the type defined in 'C:\Mac\Home\Documents\NinjaTrader 8\bin\Custom\Indicators\@IchimokuCloud.cs'. [C:\Mac\Home\Documents\NinjaTrader 8\bin\Custom\NinjaTrader.Custom.csproj]
C:\Mac\Home\Documents\NinjaTrader 8\bin\Custom\Indicators\@SMA.cs(80,11): warning CS0436: The type 'SMA' in 'C:\Mac\Home\Documents\NinjaTrader 8\bin\Custom\Indicators\@SMA.cs' conflicts with the imported type 'SMA' in 'NinjaTrader.Vendor, Version=8.1.6.0, Culture=neutral, PublicKeyToken=null'. Using the type defined in 'C:\Mac\Home\Documents\NinjaTrader 8\bin\Custom\Indicators\@SMA.cs'. [C:\Mac\Home\Documents\NinjaTrader 8\bin\Custom\NinjaTrader.Custom.csproj]
C:\Mac\Home\Documents\NinjaTrader 8\bin\Custom\Indicators\@SUM.cs(47,11): warning CS0436: The type 'SUM' in 'C:\Mac\Home\Documents\NinjaTrader 8\bin\Custom\Indicators\@SUM.cs' conflicts with the imported type 'SUM' in 'NinjaTrader.Vendor, Version=8.1.6.0, Culture=neutral, PublicKeyToken=null'. Using the type defined in 'C:\Mac\Home\Documents\NinjaTrader 8\bin\Custom\Indicators\@SUM.cs'. [C:\Mac\Home\Documents\NinjaTrader 8\bin\Custom\NinjaTrader.Custom.csproj]
C:\Mac\Home\Documents\NinjaTrader 8\bin\Custom\Indicators\@Swing.cs(378,11): warning CS0436: The type 'Swing' in 'C:\Mac\Home\Documents\NinjaTrader 8\bin\Custom\Indicators\@Swing.cs' conflicts with the imported type 'Swing' in 'NinjaTrader.Vendor, Version=8.1.6.0, Culture=neutral, PublicKeyToken=null'. Using the type defined in 'C:\Mac\Home\Documents\NinjaTrader 8\bin\Custom\Indicators\@Swing.cs'. [C:\Mac\Home\Documents\NinjaTrader 8\bin\Custom\NinjaTrader.Custom.csproj]
C:\Mac\Home\Documents\NinjaTrader 8\bin\Custom\DrawingTools\@Text.cs(676,18): warning CS0436: The type 'Text' in 'C:\Mac\Home\Documents\NinjaTrader 8\bin\Custom\DrawingTools\@Text.cs' conflicts with the imported type 'Text' in 'NinjaTrader.Vendor, Version=8.1.6.0, Culture=neutral, PublicKeyToken=null'. Using the type defined in 'C:\Mac\Home\Documents\NinjaTrader 8\bin\Custom\DrawingTools\@Text.cs'. [C:\Mac\Home\Documents\NinjaTrader 8\bin\Custom\NinjaTrader.Custom.csproj]
C:\Mac\Home\Documents\NinjaTrader 8\bin\Custom\DrawingTools\@Text.cs(743,17): warning CS0436: The type 'Text' in 'C:\Mac\Home\Documents\NinjaTrader 8\bin\Custom\DrawingTools\@Text.cs' conflicts with the imported type 'Text' in 'NinjaTrader.Vendor, Version=8.1.6.0, Culture=neutral, PublicKeyToken=null'. Using the type defined in 'C:\Mac\Home\Documents\NinjaTrader 8\bin\Custom\DrawingTools\@Text.cs'. [C:\Mac\Home\Documents\NinjaTrader 8\bin\Custom\NinjaTrader.Custom.csproj]
C:\Mac\Home\Documents\NinjaTrader 8\bin\Custom\DrawingTools\@Text.cs(756,17): warning CS0436: The type 'Text' in 'C:\Mac\Home\Documents\NinjaTrader 8\bin\Custom\DrawingTools\@Text.cs' conflicts with the imported type 'Text' in 'NinjaTrader.Vendor, Version=8.1.6.0, Culture=neutral, PublicKeyToken=null'. Using the type defined in 'C:\Mac\Home\Documents\NinjaTrader 8\bin\Custom\DrawingTools\@Text.cs'. [C:\Mac\Home\Documents\NinjaTrader 8\bin\Custom\NinjaTrader.Custom.csproj]
C:\Mac\Home\Documents\NinjaTrader 8\bin\Custom\DrawingTools\@Text.cs(770,17): warning CS0436: The type 'Text' in 'C:\Mac\Home\Documents\NinjaTrader 8\bin\Custom\DrawingTools\@Text.cs' conflicts with the imported type 'Text' in 'NinjaTrader.Vendor, Version=8.1.6.0, Culture=neutral, PublicKeyToken=null'. Using the type defined in 'C:\Mac\Home\Documents\NinjaTrader 8\bin\Custom\DrawingTools\@Text.cs'. [C:\Mac\Home\Documents\NinjaTrader 8\bin\Custom\NinjaTrader.Custom.csproj]
C:\Mac\Home\Documents\NinjaTrader 8\bin\Custom\DrawingTools\@Text.cs(790,17): warning CS0436: The type 'Text' in 'C:\Mac\Home\Documents\NinjaTrader 8\bin\Custom\DrawingTools\@Text.cs' conflicts with the imported type 'Text' in 'NinjaTrader.Vendor, Version=8.1.6.0, Culture=neutral, PublicKeyToken=null'. Using the type defined in 'C:\Mac\Home\Documents\NinjaTrader 8\bin\Custom\DrawingTools\@Text.cs'. [C:\Mac\Home\Documents\NinjaTrader 8\bin\Custom\NinjaTrader.Custom.csproj]
C:\Mac\Home\Documents\NinjaTrader 8\bin\Custom\DrawingTools\@Text.cs(811,17): warning CS0436: The type 'Text' in 'C:\Mac\Home\Documents\NinjaTrader 8\bin\Custom\DrawingTools\@Text.cs' conflicts with the imported type 'Text' in 'NinjaTrader.Vendor, Version=8.1.6.0, Culture=neutral, PublicKeyToken=null'. Using the type defined in 'C:\Mac\Home\Documents\NinjaTrader 8\bin\Custom\DrawingTools\@Text.cs'. [C:\Mac\Home\Documents\NinjaTrader 8\bin\Custom\NinjaTrader.Custom.csproj]
C:\Mac\Home\Documents\NinjaTrader 8\bin\Custom\DrawingTools\@Text.cs(837,17): warning CS0436: The type 'Text' in 'C:\Mac\Home\Documents\NinjaTrader 8\bin\Custom\DrawingTools\@Text.cs' conflicts with the imported type 'Text' in 'NinjaTrader.Vendor, Version=8.1.6.0, Culture=neutral, PublicKeyToken=null'. Using the type defined in 'C:\Mac\Home\Documents\NinjaTrader 8\bin\Custom\DrawingTools\@Text.cs'. [C:\Mac\Home\Documents\NinjaTrader 8\bin\Custom\NinjaTrader.Custom.csproj]
C:\Mac\Home\Documents\NinjaTrader 8\bin\Custom\DrawingTools\@Text.cs(863,17): warning CS0436: The type 'Text' in 'C:\Mac\Home\Documents\NinjaTrader 8\bin\Custom\DrawingTools\@Text.cs' conflicts with the imported type 'Text' in 'NinjaTrader.Vendor, Version=8.1.6.0, Culture=neutral, PublicKeyToken=null'. Using the type defined in 'C:\Mac\Home\Documents\NinjaTrader 8\bin\Custom\DrawingTools\@Text.cs'. [C:\Mac\Home\Documents\NinjaTrader 8\bin\Custom\NinjaTrader.Custom.csproj]
C:\Mac\Home\Documents\NinjaTrader 8\bin\Custom\DrawingTools\@Text.cs(888,4): warning CS0436: The type 'TextPosition' in 'C:\Mac\Home\Documents\NinjaTrader 8\bin\Custom\DrawingTools\@Text.cs' conflicts with the imported type 'TextPosition' in 'NinjaTrader.Vendor, Version=8.1.6.0, Culture=neutral, PublicKeyToken=null'. Using the type defined in 'C:\Mac\Home\Documents\NinjaTrader 8\bin\Custom\DrawingTools\@Text.cs'. [C:\Mac\Home\Documents\NinjaTrader 8\bin\Custom\NinjaTrader.Custom.csproj]
C:\Mac\Home\Documents\NinjaTrader 8\bin\Custom\DrawingTools\@Text.cs(887,18): warning CS0436: The type 'TextFixed' in 'C:\Mac\Home\Documents\NinjaTrader 8\bin\Custom\DrawingTools\@Text.cs' conflicts with the imported type 'TextFixed' in 'NinjaTrader.Vendor, Version=8.1.6.0, Culture=neutral, PublicKeyToken=null'. Using the type defined in 'C:\Mac\Home\Documents\NinjaTrader 8\bin\Custom\DrawingTools\@Text.cs'. [C:\Mac\Home\Documents\NinjaTrader 8\bin\Custom\NinjaTrader.Custom.csproj]
C:\Mac\Home\Documents\NinjaTrader 8\bin\Custom\DrawingTools\@Text.cs(987,85): warning CS0436: The type 'TextPosition' in 'C:\Mac\Home\Documents\NinjaTrader 8\bin\Custom\DrawingTools\@Text.cs' conflicts with the imported type 'TextPosition' in 'NinjaTrader.Vendor, Version=8.1.6.0, Culture=neutral, PublicKeyToken=null'. Using the type defined in 'C:\Mac\Home\Documents\NinjaTrader 8\bin\Custom\DrawingTools\@Text.cs'. [C:\Mac\Home\Documents\NinjaTrader 8\bin\Custom\NinjaTrader.Custom.csproj]
C:\Mac\Home\Documents\NinjaTrader 8\bin\Custom\DrawingTools\@Text.cs(987,17): warning CS0436: The type 'TextFixed' in 'C:\Mac\Home\Documents\NinjaTrader 8\bin\Custom\DrawingTools\@Text.cs' conflicts with the imported type 'TextFixed' in 'NinjaTrader.Vendor, Version=8.1.6.0, Culture=neutral, PublicKeyToken=null'. Using the type defined in 'C:\Mac\Home\Documents\NinjaTrader 8\bin\Custom\DrawingTools\@Text.cs'. [C:\Mac\Home\Documents\NinjaTrader 8\bin\Custom\NinjaTrader.Custom.csproj]
C:\Mac\Home\Documents\NinjaTrader 8\bin\Custom\Strategies\CorysBuySellStrategyGPT5Trailing.cs(27,46): warning CS0436: The type 'Strategy' in 'C:\Mac\Home\Documents\NinjaTrader 8\bin\Custom\Indicators\@IchimokuCloud.cs' conflicts with the imported type 'Strategy' in 'NinjaTrader.Vendor, Version=8.1.6.0, Culture=neutral, PublicKeyToken=null'. Using the type defined in 'C:\Mac\Home\Documents\NinjaTrader 8\bin\Custom\Indicators\@IchimokuCloud.cs'. [C:\Mac\Home\Documents\NinjaTrader 8\bin\Custom\NinjaTrader.Custom.csproj]
C:\Mac\Home\Documents\NinjaTrader 8\bin\Custom\DrawingTools\@Text.cs(1008,85): warning CS0436: The type 'TextPosition' in 'C:\Mac\Home\Documents\NinjaTrader 8\bin\Custom\DrawingTools\@Text.cs' conflicts with the imported type 'TextPosition' in 'NinjaTrader.Vendor, Version=8.1.6.0, Culture=neutral, PublicKeyToken=null'. Using the type defined in 'C:\Mac\Home\Documents\NinjaTrader 8\bin\Custom\DrawingTools\@Text.cs'. [C:\Mac\Home\Documents\NinjaTrader 8\bin\Custom\NinjaTrader.Custom.csproj]
C:\Mac\Home\Documents\NinjaTrader 8\bin\Custom\DrawingTools\@Text.cs(1008,17): warning CS0436: The type 'TextFixed' in 'C:\Mac\Home\Documents\NinjaTrader 8\bin\Custom\DrawingTools\@Text.cs' conflicts with the imported type 'TextFixed' in 'NinjaTrader.Vendor, Version=8.1.6.0, Culture=neutral, PublicKeyToken=null'. Using the type defined in 'C:\Mac\Home\Documents\NinjaTrader 8\bin\Custom\DrawingTools\@Text.cs'. [C:\Mac\Home\Documents\NinjaTrader 8\bin\Custom\NinjaTrader.Custom.csproj]
C:\Mac\Home\Documents\NinjaTrader 8\bin\Custom\DrawingTools\@Text.cs(1020,85): warning CS0436: The type 'TextPosition' in 'C:\Mac\Home\Documents\NinjaTrader 8\bin\Custom\DrawingTools\@Text.cs' conflicts with the imported type 'TextPosition' in 'NinjaTrader.Vendor, Version=8.1.6.0, Culture=neutral, PublicKeyToken=null'. Using the type defined in 'C:\Mac\Home\Documents\NinjaTrader 8\bin\Custom\DrawingTools\@Text.cs'. [C:\Mac\Home\Documents\NinjaTrader 8\bin\Custom\NinjaTrader.Custom.csproj]
C:\Mac\Home\Documents\NinjaTrader 8\bin\Custom\DrawingTools\@Text.cs(1020,17): warning CS0436: The type 'TextFixed' in 'C:\Mac\Home\Documents\NinjaTrader 8\bin\Custom\DrawingTools\@Text.cs' conflicts with the imported type 'TextFixed' in 'NinjaTrader.Vendor, Version=8.1.6.0, Culture=neutral, PublicKeyToken=null'. Using the type defined in 'C:\Mac\Home\Documents\NinjaTrader 8\bin\Custom\DrawingTools\@Text.cs'. [C:\Mac\Home\Documents\NinjaTrader 8\bin\Custom\NinjaTrader.Custom.csproj]
C:\Mac\Home\Documents\NinjaTrader 8\bin\Custom\DrawingTools\@Text.cs(1033,85): warning CS0436: The type 'TextPosition' in 'C:\Mac\Home\Documents\NinjaTrader 8\bin\Custom\DrawingTools\@Text.cs' conflicts with the imported type 'TextPosition' in 'NinjaTrader.Vendor, Version=8.1.6.0, Culture=neutral, PublicKeyToken=null'. Using the type defined in 'C:\Mac\Home\Documents\NinjaTrader 8\bin\Custom\DrawingTools\@Text.cs'. [C:\Mac\Home\Documents\NinjaTrader 8\bin\Custom\NinjaTrader.Custom.csproj]
C:\Mac\Home\Documents\NinjaTrader 8\bin\Custom\DrawingTools\@Text.cs(1033,17): warning CS0436: The type 'TextFixed' in 'C:\Mac\Home\Documents\NinjaTrader 8\bin\Custom\DrawingTools\@Text.cs' conflicts with the imported type 'TextFixed' in 'NinjaTrader.Vendor, Version=8.1.6.0, Culture=neutral, PublicKeyToken=null'. Using the type defined in 'C:\Mac\Home\Documents\NinjaTrader 8\bin\Custom\DrawingTools\@Text.cs'. [C:\Mac\Home\Documents\NinjaTrader 8\bin\Custom\NinjaTrader.Custom.csproj]
C:\Mac\Home\Documents\NinjaTrader 8\bin\Custom\Indicators\@PsychologicalLine.cs(14,35): warning CS0436: The type 'Indicator' in 'C:\Mac\Home\Documents\NinjaTrader 8\bin\Custom\Indicators\@IchimokuCloud.cs' conflicts with the imported type 'Indicator' in 'NinjaTrader.Vendor, Version=8.1.6.0, Culture=neutral, PublicKeyToken=null'. Using the type defined in 'C:\Mac\Home\Documents\NinjaTrader 8\bin\Custom\Indicators\@IchimokuCloud.cs'. [C:\Mac\Home\Documents\NinjaTrader 8\bin\Custom\NinjaTrader.Custom.csproj]
C:\Mac\Home\Documents\NinjaTrader 8\bin\Custom\Strategies\LearningStrategyUnlocked.cs(28,42): warning CS0436: The type 'Strategy' in 'C:\Mac\Home\Documents\NinjaTrader 8\bin\Custom\Indicators\@IchimokuCloud.cs' conflicts with the imported type 'Strategy' in 'NinjaTrader.Vendor, Version=8.1.6.0, Culture=neutral, PublicKeyToken=null'. Using the type defined in 'C:\Mac\Home\Documents\NinjaTrader 8\bin\Custom\Indicators\@IchimokuCloud.cs'. [C:\Mac\Home\Documents\NinjaTrader 8\bin\Custom\NinjaTrader.Custom.csproj]
C:\Mac\Home\Documents\NinjaTrader 8\bin\Custom\Indicators\@RangeCounter.cs(15,30): warning CS0436: The type 'Indicator' in 'C:\Mac\Home\Documents\NinjaTrader 8\bin\Custom\Indicators\@IchimokuCloud.cs' conflicts with the imported type 'Indicator' in 'NinjaTrader.Vendor, Version=8.1.6.0, Culture=neutral, PublicKeyToken=null'. Using the type defined in 'C:\Mac\Home\Documents\NinjaTrader 8\bin\Custom\Indicators\@IchimokuCloud.cs'. [C:\Mac\Home\Documents\NinjaTrader 8\bin\Custom\NinjaTrader.Custom.csproj]
C:\Mac\Home\Documents\NinjaTrader 8\bin\Custom\MarketAnalyzerColumns\@AskPrice.cs(29,26): warning CS0436: The type 'MarketAnalyzerColumn' in 'C:\Mac\Home\Documents\NinjaTrader 8\bin\Custom\Indicators\@IchimokuCloud.cs' conflicts with the imported type 'MarketAnalyzerColumn' in 'NinjaTrader.Vendor, Version=8.1.6.0, Culture=neutral, PublicKeyToken=null'. Using the type defined in 'C:\Mac\Home\Documents\NinjaTrader 8\bin\Custom\Indicators\@IchimokuCloud.cs'. [C:\Mac\Home\Documents\NinjaTrader 8\bin\Custom\NinjaTrader.Custom.csproj]
C:\Mac\Home\Documents\NinjaTrader 8\bin\Custom\Strategies\CoryBuySellV2.cs(28,34): warning CS0436: The type 'Strategy' in 'C:\Mac\Home\Documents\NinjaTrader 8\bin\Custom\Indicators\@IchimokuCloud.cs' conflicts with the imported type 'Strategy' in 'NinjaTrader.Vendor, Version=8.1.6.0, Culture=neutral, PublicKeyToken=null'. Using the type defined in 'C:\Mac\Home\Documents\NinjaTrader 8\bin\Custom\Indicators\@IchimokuCloud.cs'. [C:\Mac\Home\Documents\NinjaTrader 8\bin\Custom\NinjaTrader.Custom.csproj]
C:\Mac\Home\Documents\NinjaTrader 8\bin\Custom\MarketAnalyzerColumns\@AskSize.cs(29,25): warning CS0436: The type 'MarketAnalyzerColumn' in 'C:\Mac\Home\Documents\NinjaTrader 8\bin\Custom\Indicators\@IchimokuCloud.cs' conflicts with the imported type 'MarketAnalyzerColumn' in 'NinjaTrader.Vendor, Version=8.1.6.0, Culture=neutral, PublicKeyToken=null'. Using the type defined in 'C:\Mac\Home\Documents\NinjaTrader 8\bin\Custom\Indicators\@IchimokuCloud.cs'. [C:\Mac\Home\Documents\NinjaTrader 8\bin\Custom\NinjaTrader.Custom.csproj]
C:\Mac\Home\Documents\NinjaTrader 8\bin\Custom\Indicators\@RelativeVigorIndex.cs(19,36): warning CS0436: The type 'Indicator' in 'C:\Mac\Home\Documents\NinjaTrader 8\bin\Custom\Indicators\@IchimokuCloud.cs' conflicts with the imported type 'Indicator' in 'NinjaTrader.Vendor, Version=8.1.6.0, Culture=neutral, PublicKeyToken=null'. Using the type defined in 'C:\Mac\Home\Documents\NinjaTrader 8\bin\Custom\Indicators\@IchimokuCloud.cs'. [C:\Mac\Home\Documents\NinjaTrader 8\bin\Custom\NinjaTrader.Custom.csproj]
C:\Mac\Home\Documents\NinjaTrader 8\bin\Custom\MarketAnalyzerColumns\@AverageDailyVolume.cs(29,36): warning CS0436: The type 'MarketAnalyzerColumn' in 'C:\Mac\Home\Documents\NinjaTrader 8\bin\Custom\Indicators\@IchimokuCloud.cs' conflicts with the imported type 'MarketAnalyzerColumn' in 'NinjaTrader.Vendor, Version=8.1.6.0, Culture=neutral, PublicKeyToken=null'. Using the type defined in 'C:\Mac\Home\Documents\NinjaTrader 8\bin\Custom\Indicators\@IchimokuCloud.cs'. [C:\Mac\Home\Documents\NinjaTrader 8\bin\Custom\NinjaTrader.Custom.csproj]
C:\Mac\Home\Documents\NinjaTrader 8\bin\Custom\MarketAnalyzerColumns\@Beta.cs(29,22): warning CS0436: The type 'MarketAnalyzerColumn' in 'C:\Mac\Home\Documents\NinjaTrader 8\bin\Custom\Indicators\@IchimokuCloud.cs' conflicts with the imported type 'MarketAnalyzerColumn' in 'NinjaTrader.Vendor, Version=8.1.6.0, Culture=neutral, PublicKeyToken=null'. Using the type defined in 'C:\Mac\Home\Documents\NinjaTrader 8\bin\Custom\Indicators\@IchimokuCloud.cs'. [C:\Mac\Home\Documents\NinjaTrader 8\bin\Custom\NinjaTrader.Custom.csproj]
C:\Mac\Home\Documents\NinjaTrader 8\bin\Custom\MarketAnalyzerColumns\@BidAskSpread.cs(29,30): warning CS0436: The type 'MarketAnalyzerColumn' in 'C:\Mac\Home\Documents\NinjaTrader 8\bin\Custom\Indicators\@IchimokuCloud.cs' conflicts with the imported type 'MarketAnalyzerColumn' in 'NinjaTrader.Vendor, Version=8.1.6.0, Culture=neutral, PublicKeyToken=null'. Using the type defined in 'C:\Mac\Home\Documents\NinjaTrader 8\bin\Custom\Indicators\@IchimokuCloud.cs'. [C:\Mac\Home\Documents\NinjaTrader 8\bin\Custom\NinjaTrader.Custom.csproj]
C:\Mac\Home\Documents\NinjaTrader 8\bin\Custom\MarketAnalyzerColumns\@BidPrice.cs(29,26): warning CS0436: The type 'MarketAnalyzerColumn' in 'C:\Mac\Home\Documents\NinjaTrader 8\bin\Custom\Indicators\@IchimokuCloud.cs' conflicts with the imported type 'MarketAnalyzerColumn' in 'NinjaTrader.Vendor, Version=8.1.6.0, Culture=neutral, PublicKeyToken=null'. Using the type defined in 'C:\Mac\Home\Documents\NinjaTrader 8\bin\Custom\Indicators\@IchimokuCloud.cs'. [C:\Mac\Home\Documents\NinjaTrader 8\bin\Custom\NinjaTrader.Custom.csproj]
C:\Mac\Home\Documents\NinjaTrader 8\bin\Custom\Indicators\@SampleCustomRender.cs(18,35): warning CS0436: The type 'Indicator' in 'C:\Mac\Home\Documents\NinjaTrader 8\bin\Custom\Indicators\@IchimokuCloud.cs' conflicts with the imported type 'Indicator' in 'NinjaTrader.Vendor, Version=8.1.6.0, Culture=neutral, PublicKeyToken=null'. Using the type defined in 'C:\Mac\Home\Documents\NinjaTrader 8\bin\Custom\Indicators\@IchimokuCloud.cs'. [C:\Mac\Home\Documents\NinjaTrader 8\bin\Custom\NinjaTrader.Custom.csproj]
C:\Mac\Home\Documents\NinjaTrader 8\bin\Custom\MarketAnalyzerColumns\@BidSize.cs(29,25): warning CS0436: The type 'MarketAnalyzerColumn' in 'C:\Mac\Home\Documents\NinjaTrader 8\bin\Custom\Indicators\@IchimokuCloud.cs' conflicts with the imported type 'MarketAnalyzerColumn' in 'NinjaTrader.Vendor, Version=8.1.6.0, Culture=neutral, PublicKeyToken=null'. Using the type defined in 'C:\Mac\Home\Documents\NinjaTrader 8\bin\Custom\Indicators\@IchimokuCloud.cs'. [C:\Mac\Home\Documents\NinjaTrader 8\bin\Custom\NinjaTrader.Custom.csproj]
C:\Mac\Home\Documents\NinjaTrader 8\bin\Custom\Strategies\@SampleAtmStrategy.cs(8,35): warning CS0436: The type 'Strategy' in 'C:\Mac\Home\Documents\NinjaTrader 8\bin\Custom\Indicators\@IchimokuCloud.cs' conflicts with the imported type 'Strategy' in 'NinjaTrader.Vendor, Version=8.1.6.0, Culture=neutral, PublicKeyToken=null'. Using the type defined in 'C:\Mac\Home\Documents\NinjaTrader 8\bin\Custom\Indicators\@IchimokuCloud.cs'. [C:\Mac\Home\Documents\NinjaTrader 8\bin\Custom\NinjaTrader.Custom.csproj]
C:\Mac\Home\Documents\NinjaTrader 8\bin\Custom\MarketAnalyzerColumns\@CalendarYearHigh.cs(29,34): warning CS0436: The type 'MarketAnalyzerColumn' in 'C:\Mac\Home\Documents\NinjaTrader 8\bin\Custom\Indicators\@IchimokuCloud.cs' conflicts with the imported type 'MarketAnalyzerColumn' in 'NinjaTrader.Vendor, Version=8.1.6.0, Culture=neutral, PublicKeyToken=null'. Using the type defined in 'C:\Mac\Home\Documents\NinjaTrader 8\bin\Custom\Indicators\@IchimokuCloud.cs'. [C:\Mac\Home\Documents\NinjaTrader 8\bin\Custom\NinjaTrader.Custom.csproj]
C:\Mac\Home\Documents\NinjaTrader 8\bin\Custom\Strategies\@SampleMACrossOver.cs(14,35): warning CS0436: The type 'Strategy' in 'C:\Mac\Home\Documents\NinjaTrader 8\bin\Custom\Indicators\@IchimokuCloud.cs' conflicts with the imported type 'Strategy' in 'NinjaTrader.Vendor, Version=8.1.6.0, Culture=neutral, PublicKeyToken=null'. Using the type defined in 'C:\Mac\Home\Documents\NinjaTrader 8\bin\Custom\Indicators\@IchimokuCloud.cs'. [C:\Mac\Home\Documents\NinjaTrader 8\bin\Custom\NinjaTrader.Custom.csproj]
C:\Mac\Home\Documents\NinjaTrader 8\bin\Custom\MarketAnalyzerColumns\@CalendarYearHighDate.cs(29,38): warning CS0436: The type 'MarketAnalyzerColumn' in 'C:\Mac\Home\Documents\NinjaTrader 8\bin\Custom\Indicators\@IchimokuCloud.cs' conflicts with the imported type 'MarketAnalyzerColumn' in 'NinjaTrader.Vendor, Version=8.1.6.0, Culture=neutral, PublicKeyToken=null'. Using the type defined in 'C:\Mac\Home\Documents\NinjaTrader 8\bin\Custom\Indicators\@IchimokuCloud.cs'. [C:\Mac\Home\Documents\NinjaTrader 8\bin\Custom\NinjaTrader.Custom.csproj]
C:\Mac\Home\Documents\NinjaTrader 8\bin\Custom\Strategies\@SampleMACrossOver.cs(16,11): warning CS0436: The type 'SMA' in 'C:\Mac\Home\Documents\NinjaTrader 8\bin\Custom\Indicators\@SMA.cs' conflicts with the imported type 'SMA' in 'NinjaTrader.Vendor, Version=8.1.6.0, Culture=neutral, PublicKeyToken=null'. Using the type defined in 'C:\Mac\Home\Documents\NinjaTrader 8\bin\Custom\Indicators\@SMA.cs'. [C:\Mac\Home\Documents\NinjaTrader 8\bin\Custom\NinjaTrader.Custom.csproj]
C:\Mac\Home\Documents\NinjaTrader 8\bin\Custom\Strategies\@SampleMACrossOver.cs(17,11): warning CS0436: The type 'SMA' in 'C:\Mac\Home\Documents\NinjaTrader 8\bin\Custom\Indicators\@SMA.cs' conflicts with the imported type 'SMA' in 'NinjaTrader.Vendor, Version=8.1.6.0, Culture=neutral, PublicKeyToken=null'. Using the type defined in 'C:\Mac\Home\Documents\NinjaTrader 8\bin\Custom\Indicators\@SMA.cs'. [C:\Mac\Home\Documents\NinjaTrader 8\bin\Custom\NinjaTrader.Custom.csproj]
C:\Mac\Home\Documents\NinjaTrader 8\bin\Custom\Indicators\@SampleCustomRender.cs(25,11): warning CS0436: The type 'SMA' in 'C:\Mac\Home\Documents\NinjaTrader 8\bin\Custom\Indicators\@SMA.cs' conflicts with the imported type 'SMA' in 'NinjaTrader.Vendor, Version=8.1.6.0, Culture=neutral, PublicKeyToken=null'. Using the type defined in 'C:\Mac\Home\Documents\NinjaTrader 8\bin\Custom\Indicators\@SMA.cs'. [C:\Mac\Home\Documents\NinjaTrader 8\bin\Custom\NinjaTrader.Custom.csproj]
C:\Mac\Home\Documents\NinjaTrader 8\bin\Custom\MarketAnalyzerColumns\@CalendarYearLow.cs(29,33): warning CS0436: The type 'MarketAnalyzerColumn' in 'C:\Mac\Home\Documents\NinjaTrader 8\bin\Custom\Indicators\@IchimokuCloud.cs' conflicts with the imported type 'MarketAnalyzerColumn' in 'NinjaTrader.Vendor, Version=8.1.6.0, Culture=neutral, PublicKeyToken=null'. Using the type defined in 'C:\Mac\Home\Documents\NinjaTrader 8\bin\Custom\Indicators\@IchimokuCloud.cs'. [C:\Mac\Home\Documents\NinjaTrader 8\bin\Custom\NinjaTrader.Custom.csproj]
C:\Mac\Home\Documents\NinjaTrader 8\bin\Custom\MarketAnalyzerColumns\@CalendarYearLowDate.cs(29,37): warning CS0436: The type 'MarketAnalyzerColumn' in 'C:\Mac\Home\Documents\NinjaTrader 8\bin\Custom\Indicators\@IchimokuCloud.cs' conflicts with the imported type 'MarketAnalyzerColumn' in 'NinjaTrader.Vendor, Version=8.1.6.0, Culture=neutral, PublicKeyToken=null'. Using the type defined in 'C:\Mac\Home\Documents\NinjaTrader 8\bin\Custom\Indicators\@IchimokuCloud.cs'. [C:\Mac\Home\Documents\NinjaTrader 8\bin\Custom\NinjaTrader.Custom.csproj]
C:\Mac\Home\Documents\NinjaTrader 8\bin\Custom\Strategies\MNQTickTemplate.cs(21,42): warning CS0436: The type 'Strategy' in 'C:\Mac\Home\Documents\NinjaTrader 8\bin\Custom\Indicators\@IchimokuCloud.cs' conflicts with the imported type 'Strategy' in 'NinjaTrader.Vendor, Version=8.1.6.0, Culture=neutral, PublicKeyToken=null'. Using the type defined in 'C:\Mac\Home\Documents\NinjaTrader 8\bin\Custom\Indicators\@IchimokuCloud.cs'. [C:\Mac\Home\Documents\NinjaTrader 8\bin\Custom\NinjaTrader.Custom.csproj]
C:\Mac\Home\Documents\NinjaTrader 8\bin\Custom\MarketAnalyzerColumns\@CurrentRatio.cs(29,30): warning CS0436: The type 'MarketAnalyzerColumn' in 'C:\Mac\Home\Documents\NinjaTrader 8\bin\Custom\Indicators\@IchimokuCloud.cs' conflicts with the imported type 'MarketAnalyzerColumn' in 'NinjaTrader.Vendor, Version=8.1.6.0, Culture=neutral, PublicKeyToken=null'. Using the type defined in 'C:\Mac\Home\Documents\NinjaTrader 8\bin\Custom\Indicators\@IchimokuCloud.cs'. [C:\Mac\Home\Documents\NinjaTrader 8\bin\Custom\NinjaTrader.Custom.csproj]
C:\Mac\Home\Documents\NinjaTrader 8\bin\Custom\MarketAnalyzerColumns\@DailyHigh.cs(29,27): warning CS0436: The type 'MarketAnalyzerColumn' in 'C:\Mac\Home\Documents\NinjaTrader 8\bin\Custom\Indicators\@IchimokuCloud.cs' conflicts with the imported type 'MarketAnalyzerColumn' in 'NinjaTrader.Vendor, Version=8.1.6.0, Culture=neutral, PublicKeyToken=null'. Using the type defined in 'C:\Mac\Home\Documents\NinjaTrader 8\bin\Custom\Indicators\@IchimokuCloud.cs'. [C:\Mac\Home\Documents\NinjaTrader 8\bin\Custom\NinjaTrader.Custom.csproj]
C:\Mac\Home\Documents\NinjaTrader 8\bin\Custom\Indicators\@TickCounter.cs(17,29): warning CS0436: The type 'Indicator' in 'C:\Mac\Home\Documents\NinjaTrader 8\bin\Custom\Indicators\@IchimokuCloud.cs' conflicts with the imported type 'Indicator' in 'NinjaTrader.Vendor, Version=8.1.6.0, Culture=neutral, PublicKeyToken=null'. Using the type defined in 'C:\Mac\Home\Documents\NinjaTrader 8\bin\Custom\Indicators\@IchimokuCloud.cs'. [C:\Mac\Home\Documents\NinjaTrader 8\bin\Custom\NinjaTrader.Custom.csproj]
C:\Mac\Home\Documents\NinjaTrader 8\bin\Custom\MarketAnalyzerColumns\@DailyLow.cs(29,26): warning CS0436: The type 'MarketAnalyzerColumn' in 'C:\Mac\Home\Documents\NinjaTrader 8\bin\Custom\Indicators\@IchimokuCloud.cs' conflicts with the imported type 'MarketAnalyzerColumn' in 'NinjaTrader.Vendor, Version=8.1.6.0, Culture=neutral, PublicKeyToken=null'. Using the type defined in 'C:\Mac\Home\Documents\NinjaTrader 8\bin\Custom\Indicators\@IchimokuCloud.cs'. [C:\Mac\Home\Documents\NinjaTrader 8\bin\Custom\NinjaTrader.Custom.csproj]
C:\Mac\Home\Documents\NinjaTrader 8\bin\Custom\DrawingTools\@Region.cs(331,18): warning CS0436: The type 'Region' in 'C:\Mac\Home\Documents\NinjaTrader 8\bin\Custom\DrawingTools\@Region.cs' conflicts with the imported type 'Region' in 'NinjaTrader.Vendor, Version=8.1.6.0, Culture=neutral, PublicKeyToken=null'. Using the type defined in 'C:\Mac\Home\Documents\NinjaTrader 8\bin\Custom\DrawingTools\@Region.cs'. [C:\Mac\Home\Documents\NinjaTrader 8\bin\Custom\NinjaTrader.Custom.csproj]
C:\Mac\Home\Documents\NinjaTrader 8\bin\Custom\DrawingTools\@Region.cs(379,17): warning CS0436: The type 'Region' in 'C:\Mac\Home\Documents\NinjaTrader 8\bin\Custom\DrawingTools\@Region.cs' conflicts with the imported type 'Region' in 'NinjaTrader.Vendor, Version=8.1.6.0, Culture=neutral, PublicKeyToken=null'. Using the type defined in 'C:\Mac\Home\Documents\NinjaTrader 8\bin\Custom\DrawingTools\@Region.cs'. [C:\Mac\Home\Documents\NinjaTrader 8\bin\Custom\NinjaTrader.Custom.csproj]
C:\Mac\Home\Documents\NinjaTrader 8\bin\Custom\Strategies\MNQTickTemplate.cs(110,17): warning CS0436: The type 'SMA' in 'C:\Mac\Home\Documents\NinjaTrader 8\bin\Custom\Indicators\@SMA.cs' conflicts with the imported type 'SMA' in 'NinjaTrader.Vendor, Version=8.1.6.0, Culture=neutral, PublicKeyToken=null'. Using the type defined in 'C:\Mac\Home\Documents\NinjaTrader 8\bin\Custom\Indicators\@SMA.cs'. [C:\Mac\Home\Documents\NinjaTrader 8\bin\Custom\NinjaTrader.Custom.csproj]
C:\Mac\Home\Documents\NinjaTrader 8\bin\Custom\MarketAnalyzerColumns\@DailyVolume.cs(29,29): warning CS0436: The type 'MarketAnalyzerColumn' in 'C:\Mac\Home\Documents\NinjaTrader 8\bin\Custom\Indicators\@IchimokuCloud.cs' conflicts with the imported type 'MarketAnalyzerColumn' in 'NinjaTrader.Vendor, Version=8.1.6.0, Culture=neutral, PublicKeyToken=null'. Using the type defined in 'C:\Mac\Home\Documents\NinjaTrader 8\bin\Custom\Indicators\@IchimokuCloud.cs'. [C:\Mac\Home\Documents\NinjaTrader 8\bin\Custom\NinjaTrader.Custom.csproj]
C:\Mac\Home\Documents\NinjaTrader 8\bin\Custom\DrawingTools\@Region.cs(400,17): warning CS0436: The type 'Region' in 'C:\Mac\Home\Documents\NinjaTrader 8\bin\Custom\DrawingTools\@Region.cs' conflicts with the imported type 'Region' in 'NinjaTrader.Vendor, Version=8.1.6.0, Culture=neutral, PublicKeyToken=null'. Using the type defined in 'C:\Mac\Home\Documents\NinjaTrader 8\bin\Custom\DrawingTools\@Region.cs'. [C:\Mac\Home\Documents\NinjaTrader 8\bin\Custom\NinjaTrader.Custom.csproj]
C:\Mac\Home\Documents\NinjaTrader 8\bin\Custom\Strategies\MNQTickTemplate.cs(112,17): warning CS0436: The type 'EMA' in 'C:\Mac\Home\Documents\NinjaTrader 8\bin\Custom\Indicators\@EMA.cs' conflicts with the imported type 'EMA' in 'NinjaTrader.Vendor, Version=8.1.6.0, Culture=neutral, PublicKeyToken=null'. Using the type defined in 'C:\Mac\Home\Documents\NinjaTrader 8\bin\Custom\Indicators\@EMA.cs'. [C:\Mac\Home\Documents\NinjaTrader 8\bin\Custom\NinjaTrader.Custom.csproj]
C:\Mac\Home\Documents\NinjaTrader 8\bin\Custom\DrawingTools\@Region.cs(420,17): warning CS0436: The type 'Region' in 'C:\Mac\Home\Documents\NinjaTrader 8\bin\Custom\DrawingTools\@Region.cs' conflicts with the imported type 'Region' in 'NinjaTrader.Vendor, Version=8.1.6.0, Culture=neutral, PublicKeyToken=null'. Using the type defined in 'C:\Mac\Home\Documents\NinjaTrader 8\bin\Custom\DrawingTools\@Region.cs'. [C:\Mac\Home\Documents\NinjaTrader 8\bin\Custom\NinjaTrader.Custom.csproj]
C:\Mac\Home\Documents\NinjaTrader 8\bin\Custom\DrawingTools\@Region.cs(440,17): warning CS0436: The type 'Region' in 'C:\Mac\Home\Documents\NinjaTrader 8\bin\Custom\DrawingTools\@Region.cs' conflicts with the imported type 'Region' in 'NinjaTrader.Vendor, Version=8.1.6.0, Culture=neutral, PublicKeyToken=null'. Using the type defined in 'C:\Mac\Home\Documents\NinjaTrader 8\bin\Custom\DrawingTools\@Region.cs'. [C:\Mac\Home\Documents\NinjaTrader 8\bin\Custom\NinjaTrader.Custom.csproj]
C:\Mac\Home\Documents\NinjaTrader 8\bin\Custom\Indicators\@TrendLines.cs(21,28): warning CS0436: The type 'Indicator' in 'C:\Mac\Home\Documents\NinjaTrader 8\bin\Custom\Indicators\@IchimokuCloud.cs' conflicts with the imported type 'Indicator' in 'NinjaTrader.Vendor, Version=8.1.6.0, Culture=neutral, PublicKeyToken=null'. Using the type defined in 'C:\Mac\Home\Documents\NinjaTrader 8\bin\Custom\Indicators\@IchimokuCloud.cs'. [C:\Mac\Home\Documents\NinjaTrader 8\bin\Custom\NinjaTrader.Custom.csproj]
C:\Mac\Home\Documents\NinjaTrader 8\bin\Custom\MarketAnalyzerColumns\@DividendAmount.cs(29,32): warning CS0436: The type 'MarketAnalyzerColumn' in 'C:\Mac\Home\Documents\NinjaTrader 8\bin\Custom\Indicators\@IchimokuCloud.cs' conflicts with the imported type 'MarketAnalyzerColumn' in 'NinjaTrader.Vendor, Version=8.1.6.0, Culture=neutral, PublicKeyToken=null'. Using the type defined in 'C:\Mac\Home\Documents\NinjaTrader 8\bin\Custom\Indicators\@IchimokuCloud.cs'. [C:\Mac\Home\Documents\NinjaTrader 8\bin\Custom\NinjaTrader.Custom.csproj]
C:\Mac\Home\Documents\NinjaTrader 8\bin\Custom\Strategies\CoryBuySellV2.cs(62,52): warning CS0436: The type 'SMA' in 'C:\Mac\Home\Documents\NinjaTrader 8\bin\Custom\Indicators\@SMA.cs' conflicts with the imported type 'SMA' in 'NinjaTrader.Vendor, Version=8.1.6.0, Culture=neutral, PublicKeyToken=null'. Using the type defined in 'C:\Mac\Home\Documents\NinjaTrader 8\bin\Custom\Indicators\@SMA.cs'. [C:\Mac\Home\Documents\NinjaTrader 8\bin\Custom\NinjaTrader.Custom.csproj]
C:\Mac\Home\Documents\NinjaTrader 8\bin\Custom\Strategies\BareOhlcLogger.cs(20,35): warning CS0436: The type 'Strategy' in 'C:\Mac\Home\Documents\NinjaTrader 8\bin\Custom\Indicators\@IchimokuCloud.cs' conflicts with the imported type 'Strategy' in 'NinjaTrader.Vendor, Version=8.1.6.0, Culture=neutral, PublicKeyToken=null'. Using the type defined in 'C:\Mac\Home\Documents\NinjaTrader 8\bin\Custom\Indicators\@IchimokuCloud.cs'. [C:\Mac\Home\Documents\NinjaTrader 8\bin\Custom\NinjaTrader.Custom.csproj]
C:\Mac\Home\Documents\NinjaTrader 8\bin\Custom\Indicators\@TrendLines.cs(32,11): warning CS0436: The type 'Swing' in 'C:\Mac\Home\Documents\NinjaTrader 8\bin\Custom\Indicators\@Swing.cs' conflicts with the imported type 'Swing' in 'NinjaTrader.Vendor, Version=8.1.6.0, Culture=neutral, PublicKeyToken=null'. Using the type defined in 'C:\Mac\Home\Documents\NinjaTrader 8\bin\Custom\Indicators\@Swing.cs'. [C:\Mac\Home\Documents\NinjaTrader 8\bin\Custom\NinjaTrader.Custom.csproj]
C:\Mac\Home\Documents\NinjaTrader 8\bin\Custom\Strategies\CorySTR.cs(28,25): warning CS0436: The type 'Strategy' in 'C:\Mac\Home\Documents\NinjaTrader 8\bin\Custom\Indicators\@IchimokuCloud.cs' conflicts with the imported type 'Strategy' in 'NinjaTrader.Vendor, Version=8.1.6.0, Culture=neutral, PublicKeyToken=null'. Using the type defined in 'C:\Mac\Home\Documents\NinjaTrader 8\bin\Custom\Indicators\@IchimokuCloud.cs'. [C:\Mac\Home\Documents\NinjaTrader 8\bin\Custom\NinjaTrader.Custom.csproj]
C:\Mac\Home\Documents\NinjaTrader 8\bin\Custom\Strategies\Learninstrategy.cs(28,33): warning CS0436: The type 'Strategy' in 'C:\Mac\Home\Documents\NinjaTrader 8\bin\Custom\Indicators\@IchimokuCloud.cs' conflicts with the imported type 'Strategy' in 'NinjaTrader.Vendor, Version=8.1.6.0, Culture=neutral, PublicKeyToken=null'. Using the type defined in 'C:\Mac\Home\Documents\NinjaTrader 8\bin\Custom\Indicators\@IchimokuCloud.cs'. [C:\Mac\Home\Documents\NinjaTrader 8\bin\Custom\NinjaTrader.Custom.csproj]
C:\Mac\Home\Documents\NinjaTrader 8\bin\Custom\Indicators\@FVG.cs(22,21): warning CS0436: The type 'Indicator' in 'C:\Mac\Home\Documents\NinjaTrader 8\bin\Custom\Indicators\@IchimokuCloud.cs' conflicts with the imported type 'Indicator' in 'NinjaTrader.Vendor, Version=8.1.6.0, Culture=neutral, PublicKeyToken=null'. Using the type defined in 'C:\Mac\Home\Documents\NinjaTrader 8\bin\Custom\Indicators\@IchimokuCloud.cs'. [C:\Mac\Home\Documents\NinjaTrader 8\bin\Custom\NinjaTrader.Custom.csproj]
C:\Mac\Home\Documents\NinjaTrader 8\bin\Custom\Strategies\BarsOnTheFlow.cs(16,34): warning CS0436: The type 'Strategy' in 'C:\Mac\Home\Documents\NinjaTrader 8\bin\Custom\Indicators\@IchimokuCloud.cs' conflicts with the imported type 'Strategy' in 'NinjaTrader.Vendor, Version=8.1.6.0, Culture=neutral, PublicKeyToken=null'. Using the type defined in 'C:\Mac\Home\Documents\NinjaTrader 8\bin\Custom\Indicators\@IchimokuCloud.cs'. [C:\Mac\Home\Documents\NinjaTrader 8\bin\Custom\NinjaTrader.Custom.csproj]
C:\Mac\Home\Documents\NinjaTrader 8\bin\Custom\Strategies\WebTrendFollower.cs(23,37): warning CS0436: The type 'Strategy' in 'C:\Mac\Home\Documents\NinjaTrader 8\bin\Custom\Indicators\@IchimokuCloud.cs' conflicts with the imported type 'Strategy' in 'NinjaTrader.Vendor, Version=8.1.6.0, Culture=neutral, PublicKeyToken=null'. Using the type defined in 'C:\Mac\Home\Documents\NinjaTrader 8\bin\Custom\Indicators\@IchimokuCloud.cs'. [C:\Mac\Home\Documents\NinjaTrader 8\bin\Custom\NinjaTrader.Custom.csproj]
C:\Mac\Home\Documents\NinjaTrader 8\bin\Custom\Indicators\@VolumeCounter.cs(17,31): warning CS0436: The type 'Indicator' in 'C:\Mac\Home\Documents\NinjaTrader 8\bin\Custom\Indicators\@IchimokuCloud.cs' conflicts with the imported type 'Indicator' in 'NinjaTrader.Vendor, Version=8.1.6.0, Culture=neutral, PublicKeyToken=null'. Using the type defined in 'C:\Mac\Home\Documents\NinjaTrader 8\bin\Custom\Indicators\@IchimokuCloud.cs'. [C:\Mac\Home\Documents\NinjaTrader 8\bin\Custom\NinjaTrader.Custom.csproj]
C:\Mac\Home\Documents\NinjaTrader 8\bin\Custom\MarketAnalyzerColumns\@HistoricalVolatility.cs(29,38): warning CS0436: The type 'MarketAnalyzerColumn' in 'C:\Mac\Home\Documents\NinjaTrader 8\bin\Custom\Indicators\@IchimokuCloud.cs' conflicts with the imported type 'MarketAnalyzerColumn' in 'NinjaTrader.Vendor, Version=8.1.6.0, Culture=neutral, PublicKeyToken=null'. Using the type defined in 'C:\Mac\Home\Documents\NinjaTrader 8\bin\Custom\Indicators\@IchimokuCloud.cs'. [C:\Mac\Home\Documents\NinjaTrader 8\bin\Custom\NinjaTrader.Custom.csproj]
C:\Mac\Home\Documents\NinjaTrader 8\bin\Custom\MarketAnalyzerColumns\@LastClose.cs(29,27): warning CS0436: The type 'MarketAnalyzerColumn' in 'C:\Mac\Home\Documents\NinjaTrader 8\bin\Custom\Indicators\@IchimokuCloud.cs' conflicts with the imported type 'MarketAnalyzerColumn' in 'NinjaTrader.Vendor, Version=8.1.6.0, Culture=neutral, PublicKeyToken=null'. Using the type defined in 'C:\Mac\Home\Documents\NinjaTrader 8\bin\Custom\Indicators\@IchimokuCloud.cs'. [C:\Mac\Home\Documents\NinjaTrader 8\bin\Custom\NinjaTrader.Custom.csproj]
C:\Mac\Home\Documents\NinjaTrader 8\bin\Custom\MarketAnalyzerColumns\@LastPrice.cs(29,27): warning CS0436: The type 'MarketAnalyzerColumn' in 'C:\Mac\Home\Documents\NinjaTrader 8\bin\Custom\Indicators\@IchimokuCloud.cs' conflicts with the imported type 'MarketAnalyzerColumn' in 'NinjaTrader.Vendor, Version=8.1.6.0, Culture=neutral, PublicKeyToken=null'. Using the type defined in 'C:\Mac\Home\Documents\NinjaTrader 8\bin\Custom\Indicators\@IchimokuCloud.cs'. [C:\Mac\Home\Documents\NinjaTrader 8\bin\Custom\NinjaTrader.Custom.csproj]
C:\Mac\Home\Documents\NinjaTrader 8\bin\Custom\Indicators\@VolumeProfile.cs(23,31): warning CS0436: The type 'Indicator' in 'C:\Mac\Home\Documents\NinjaTrader 8\bin\Custom\Indicators\@IchimokuCloud.cs' conflicts with the imported type 'Indicator' in 'NinjaTrader.Vendor, Version=8.1.6.0, Culture=neutral, PublicKeyToken=null'. Using the type defined in 'C:\Mac\Home\Documents\NinjaTrader 8\bin\Custom\Indicators\@IchimokuCloud.cs'. [C:\Mac\Home\Documents\NinjaTrader 8\bin\Custom\NinjaTrader.Custom.csproj]
C:\Mac\Home\Documents\NinjaTrader 8\bin\Custom\MarketAnalyzerColumns\@LastSize.cs(20,26): warning CS0436: The type 'MarketAnalyzerColumn' in 'C:\Mac\Home\Documents\NinjaTrader 8\bin\Custom\Indicators\@IchimokuCloud.cs' conflicts with the imported type 'MarketAnalyzerColumn' in 'NinjaTrader.Vendor, Version=8.1.6.0, Culture=neutral, PublicKeyToken=null'. Using the type defined in 'C:\Mac\Home\Documents\NinjaTrader 8\bin\Custom\Indicators\@IchimokuCloud.cs'. [C:\Mac\Home\Documents\NinjaTrader 8\bin\Custom\NinjaTrader.Custom.csproj]
C:\Mac\Home\Documents\NinjaTrader 8\bin\Custom\MarketAnalyzerColumns\@Low52Weeks.cs(29,28): warning CS0436: The type 'MarketAnalyzerColumn' in 'C:\Mac\Home\Documents\NinjaTrader 8\bin\Custom\Indicators\@IchimokuCloud.cs' conflicts with the imported type 'MarketAnalyzerColumn' in 'NinjaTrader.Vendor, Version=8.1.6.0, Culture=neutral, PublicKeyToken=null'. Using the type defined in 'C:\Mac\Home\Documents\NinjaTrader 8\bin\Custom\Indicators\@IchimokuCloud.cs'. [C:\Mac\Home\Documents\NinjaTrader 8\bin\Custom\NinjaTrader.Custom.csproj]
C:\Mac\Home\Documents\NinjaTrader 8\bin\Custom\MarketAnalyzerColumns\@Low52WeeksDate.cs(29,32): warning CS0436: The type 'MarketAnalyzerColumn' in 'C:\Mac\Home\Documents\NinjaTrader 8\bin\Custom\Indicators\@IchimokuCloud.cs' conflicts with the imported type 'MarketAnalyzerColumn' in 'NinjaTrader.Vendor, Version=8.1.6.0, Culture=neutral, PublicKeyToken=null'. Using the type defined in 'C:\Mac\Home\Documents\NinjaTrader 8\bin\Custom\Indicators\@IchimokuCloud.cs'. [C:\Mac\Home\Documents\NinjaTrader 8\bin\Custom\NinjaTrader.Custom.csproj]
C:\Mac\Home\Documents\NinjaTrader 8\bin\Custom\MarketAnalyzerColumns\@MarketCap.cs(29,27): warning CS0436: The type 'MarketAnalyzerColumn' in 'C:\Mac\Home\Documents\NinjaTrader 8\bin\Custom\Indicators\@IchimokuCloud.cs' conflicts with the imported type 'MarketAnalyzerColumn' in 'NinjaTrader.Vendor, Version=8.1.6.0, Culture=neutral, PublicKeyToken=null'. Using the type defined in 'C:\Mac\Home\Documents\NinjaTrader 8\bin\Custom\Indicators\@IchimokuCloud.cs'. [C:\Mac\Home\Documents\NinjaTrader 8\bin\Custom\NinjaTrader.Custom.csproj]
C:\Mac\Home\Documents\NinjaTrader 8\bin\Custom\MarketAnalyzerColumns\@NetChange.cs(30,27): warning CS0436: The type 'MarketAnalyzerColumn' in 'C:\Mac\Home\Documents\NinjaTrader 8\bin\Custom\Indicators\@IchimokuCloud.cs' conflicts with the imported type 'MarketAnalyzerColumn' in 'NinjaTrader.Vendor, Version=8.1.6.0, Culture=neutral, PublicKeyToken=null'. Using the type defined in 'C:\Mac\Home\Documents\NinjaTrader 8\bin\Custom\Indicators\@IchimokuCloud.cs'. [C:\Mac\Home\Documents\NinjaTrader 8\bin\Custom\NinjaTrader.Custom.csproj]
C:\Mac\Home\Documents\NinjaTrader 8\bin\Custom\MarketAnalyzerColumns\@NextYearsEarningsPerShare.cs(29,43): warning CS0436: The type 'MarketAnalyzerColumn' in 'C:\Mac\Home\Documents\NinjaTrader 8\bin\Custom\Indicators\@IchimokuCloud.cs' conflicts with the imported type 'MarketAnalyzerColumn' in 'NinjaTrader.Vendor, Version=8.1.6.0, Culture=neutral, PublicKeyToken=null'. Using the type defined in 'C:\Mac\Home\Documents\NinjaTrader 8\bin\Custom\Indicators\@IchimokuCloud.cs'. [C:\Mac\Home\Documents\NinjaTrader 8\bin\Custom\NinjaTrader.Custom.csproj]
C:\Mac\Home\Documents\NinjaTrader 8\bin\Custom\Indicators\@VolumeUpDown.cs(17,30): warning CS0436: The type 'Indicator' in 'C:\Mac\Home\Documents\NinjaTrader 8\bin\Custom\Indicators\@IchimokuCloud.cs' conflicts with the imported type 'Indicator' in 'NinjaTrader.Vendor, Version=8.1.6.0, Culture=neutral, PublicKeyToken=null'. Using the type defined in 'C:\Mac\Home\Documents\NinjaTrader 8\bin\Custom\Indicators\@IchimokuCloud.cs'. [C:\Mac\Home\Documents\NinjaTrader 8\bin\Custom\NinjaTrader.Custom.csproj]
C:\Mac\Home\Documents\NinjaTrader 8\bin\Custom\MarketAnalyzerColumns\@Opening.cs(29,25): warning CS0436: The type 'MarketAnalyzerColumn' in 'C:\Mac\Home\Documents\NinjaTrader 8\bin\Custom\Indicators\@IchimokuCloud.cs' conflicts with the imported type 'MarketAnalyzerColumn' in 'NinjaTrader.Vendor, Version=8.1.6.0, Culture=neutral, PublicKeyToken=null'. Using the type defined in 'C:\Mac\Home\Documents\NinjaTrader 8\bin\Custom\Indicators\@IchimokuCloud.cs'. [C:\Mac\Home\Documents\NinjaTrader 8\bin\Custom\NinjaTrader.Custom.csproj]
C:\Mac\Home\Documents\NinjaTrader 8\bin\Custom\MarketAnalyzerColumns\@OpenInterest.cs(29,30): warning CS0436: The type 'MarketAnalyzerColumn' in 'C:\Mac\Home\Documents\NinjaTrader 8\bin\Custom\Indicators\@IchimokuCloud.cs' conflicts with the imported type 'MarketAnalyzerColumn' in 'NinjaTrader.Vendor, Version=8.1.6.0, Culture=neutral, PublicKeyToken=null'. Using the type defined in 'C:\Mac\Home\Documents\NinjaTrader 8\bin\Custom\Indicators\@IchimokuCloud.cs'. [C:\Mac\Home\Documents\NinjaTrader 8\bin\Custom\NinjaTrader.Custom.csproj]
C:\Mac\Home\Documents\NinjaTrader 8\bin\Custom\Indicators\@VolumeZones.cs(19,29): warning CS0436: The type 'Indicator' in 'C:\Mac\Home\Documents\NinjaTrader 8\bin\Custom\Indicators\@IchimokuCloud.cs' conflicts with the imported type 'Indicator' in 'NinjaTrader.Vendor, Version=8.1.6.0, Culture=neutral, PublicKeyToken=null'. Using the type defined in 'C:\Mac\Home\Documents\NinjaTrader 8\bin\Custom\Indicators\@IchimokuCloud.cs'. [C:\Mac\Home\Documents\NinjaTrader 8\bin\Custom\NinjaTrader.Custom.csproj]
C:\Mac\Home\Documents\NinjaTrader 8\bin\Custom\MarketAnalyzerColumns\@PercentHeldByInstitutions.cs(29,43): warning CS0436: The type 'MarketAnalyzerColumn' in 'C:\Mac\Home\Documents\NinjaTrader 8\bin\Custom\Indicators\@IchimokuCloud.cs' conflicts with the imported type 'MarketAnalyzerColumn' in 'NinjaTrader.Vendor, Version=8.1.6.0, Culture=neutral, PublicKeyToken=null'. Using the type defined in 'C:\Mac\Home\Documents\NinjaTrader 8\bin\Custom\Indicators\@IchimokuCloud.cs'. [C:\Mac\Home\Documents\NinjaTrader 8\bin\Custom\NinjaTrader.Custom.csproj]
C:\Mac\Home\Documents\NinjaTrader 8\bin\Custom\Indicators\@BarTimer.cs(19,26): warning CS0436: The type 'Indicator' in 'C:\Mac\Home\Documents\NinjaTrader 8\bin\Custom\Indicators\@IchimokuCloud.cs' conflicts with the imported type 'Indicator' in 'NinjaTrader.Vendor, Version=8.1.6.0, Culture=neutral, PublicKeyToken=null'. Using the type defined in 'C:\Mac\Home\Documents\NinjaTrader 8\bin\Custom\Indicators\@IchimokuCloud.cs'. [C:\Mac\Home\Documents\NinjaTrader 8\bin\Custom\NinjaTrader.Custom.csproj]
C:\Mac\Home\Documents\NinjaTrader 8\bin\Custom\MarketAnalyzerColumns\@PositionAvgPrice.cs(29,34): warning CS0436: The type 'MarketAnalyzerColumn' in 'C:\Mac\Home\Documents\NinjaTrader 8\bin\Custom\Indicators\@IchimokuCloud.cs' conflicts with the imported type 'MarketAnalyzerColumn' in 'NinjaTrader.Vendor, Version=8.1.6.0, Culture=neutral, PublicKeyToken=null'. Using the type defined in 'C:\Mac\Home\Documents\NinjaTrader 8\bin\Custom\Indicators\@IchimokuCloud.cs'. [C:\Mac\Home\Documents\NinjaTrader 8\bin\Custom\NinjaTrader.Custom.csproj]
C:\Mac\Home\Documents\NinjaTrader 8\bin\Custom\MarketAnalyzerColumns\@PositionSize.cs(29,30): warning CS0436: The type 'MarketAnalyzerColumn' in 'C:\Mac\Home\Documents\NinjaTrader 8\bin\Custom\Indicators\@IchimokuCloud.cs' conflicts with the imported type 'MarketAnalyzerColumn' in 'NinjaTrader.Vendor, Version=8.1.6.0, Culture=neutral, PublicKeyToken=null'. Using the type defined in 'C:\Mac\Home\Documents\NinjaTrader 8\bin\Custom\Indicators\@IchimokuCloud.cs'. [C:\Mac\Home\Documents\NinjaTrader 8\bin\Custom\NinjaTrader.Custom.csproj]
C:\Mac\Home\Documents\NinjaTrader 8\bin\Custom\DrawingTools\@ChartMarkers.cs(305,25): warning CS0436: The type 'Square' in 'C:\Mac\Home\Documents\NinjaTrader 8\bin\Custom\DrawingTools\@ChartMarkers.cs' conflicts with the imported type 'Square' in 'NinjaTrader.Vendor, Version=8.1.6.0, Culture=neutral, PublicKeyToken=null'. Using the type defined in 'C:\Mac\Home\Documents\NinjaTrader 8\bin\Custom\DrawingTools\@ChartMarkers.cs'. [C:\Mac\Home\Documents\NinjaTrader 8\bin\Custom\NinjaTrader.Custom.csproj]
C:\Mac\Home\Documents\NinjaTrader 8\bin\Custom\DrawingTools\@ChartMarkers.cs(252,24): warning CS0436: The type 'ChartMarker' in 'C:\Mac\Home\Documents\NinjaTrader 8\bin\Custom\DrawingTools\@ChartMarkers.cs' conflicts with the imported type 'ChartMarker' in 'NinjaTrader.Vendor, Version=8.1.6.0, Culture=neutral, PublicKeyToken=null'. Using the type defined in 'C:\Mac\Home\Documents\NinjaTrader 8\bin\Custom\DrawingTools\@ChartMarkers.cs'. [C:\Mac\Home\Documents\NinjaTrader 8\bin\Custom\NinjaTrader.Custom.csproj]
C:\Mac\Home\Documents\NinjaTrader 8\bin\Custom\Indicators\@Correlation.cs(18,29): warning CS0436: The type 'Indicator' in 'C:\Mac\Home\Documents\NinjaTrader 8\bin\Custom\Indicators\@IchimokuCloud.cs' conflicts with the imported type 'Indicator' in 'NinjaTrader.Vendor, Version=8.1.6.0, Culture=neutral, PublicKeyToken=null'. Using the type defined in 'C:\Mac\Home\Documents\NinjaTrader 8\bin\Custom\Indicators\@IchimokuCloud.cs'. [C:\Mac\Home\Documents\NinjaTrader 8\bin\Custom\NinjaTrader.Custom.csproj]
C:\Mac\Home\Documents\NinjaTrader 8\bin\Custom\MarketAnalyzerColumns\@PriceEarningsRatio.cs(29,36): warning CS0436: The type 'MarketAnalyzerColumn' in 'C:\Mac\Home\Documents\NinjaTrader 8\bin\Custom\Indicators\@IchimokuCloud.cs' conflicts with the imported type 'MarketAnalyzerColumn' in 'NinjaTrader.Vendor, Version=8.1.6.0, Culture=neutral, PublicKeyToken=null'. Using the type defined in 'C:\Mac\Home\Documents\NinjaTrader 8\bin\Custom\Indicators\@IchimokuCloud.cs'. [C:\Mac\Home\Documents\NinjaTrader 8\bin\Custom\NinjaTrader.Custom.csproj]
C:\Mac\Home\Documents\NinjaTrader 8\bin\Custom\MarketAnalyzerColumns\@ProfitLoss.cs(29,28): warning CS0436: The type 'MarketAnalyzerColumn' in 'C:\Mac\Home\Documents\NinjaTrader 8\bin\Custom\Indicators\@IchimokuCloud.cs' conflicts with the imported type 'MarketAnalyzerColumn' in 'NinjaTrader.Vendor, Version=8.1.6.0, Culture=neutral, PublicKeyToken=null'. Using the type defined in 'C:\Mac\Home\Documents\NinjaTrader 8\bin\Custom\Indicators\@IchimokuCloud.cs'. [C:\Mac\Home\Documents\NinjaTrader 8\bin\Custom\NinjaTrader.Custom.csproj]
C:\Mac\Home\Documents\NinjaTrader 8\bin\Custom\DrawingTools\@ChartMarkers.cs(47,10): warning CS0436: The type 'ChartMarkerSize' in 'C:\Mac\Home\Documents\NinjaTrader 8\bin\Custom\DrawingTools\@ChartMarkers.cs' conflicts with the imported type 'ChartMarkerSize' in 'NinjaTrader.Vendor, Version=8.1.6.0, Culture=neutral, PublicKeyToken=null'. Using the type defined in 'C:\Mac\Home\Documents\NinjaTrader 8\bin\Custom\DrawingTools\@ChartMarkers.cs'. [C:\Mac\Home\Documents\NinjaTrader 8\bin\Custom\NinjaTrader.Custom.csproj]
C:\Mac\Home\Documents\NinjaTrader 8\bin\Custom\DrawingTools\@ChartMarkers.cs(352,42): warning CS0436: The type 'ChartMarker' in 'C:\Mac\Home\Documents\NinjaTrader 8\bin\Custom\DrawingTools\@ChartMarkers.cs' conflicts with the imported type 'ChartMarker' in 'NinjaTrader.Vendor, Version=8.1.6.0, Culture=neutral, PublicKeyToken=null'. Using the type defined in 'C:\Mac\Home\Documents\NinjaTrader 8\bin\Custom\DrawingTools\@ChartMarkers.cs'. [C:\Mac\Home\Documents\NinjaTrader 8\bin\Custom\NinjaTrader.Custom.csproj]
C:\Mac\Home\Documents\NinjaTrader 8\bin\Custom\Indicators\@Vortex.cs(19,24): warning CS0436: The type 'Indicator' in 'C:\Mac\Home\Documents\NinjaTrader 8\bin\Custom\Indicators\@IchimokuCloud.cs' conflicts with the imported type 'Indicator' in 'NinjaTrader.Vendor, Version=8.1.6.0, Culture=neutral, PublicKeyToken=null'. Using the type defined in 'C:\Mac\Home\Documents\NinjaTrader 8\bin\Custom\Indicators\@IchimokuCloud.cs'. [C:\Mac\Home\Documents\NinjaTrader 8\bin\Custom\NinjaTrader.Custom.csproj]
C:\Mac\Home\Documents\NinjaTrader 8\bin\Custom\Indicators\@BlockVolume.cs(16,29): warning CS0436: The type 'Indicator' in 'C:\Mac\Home\Documents\NinjaTrader 8\bin\Custom\Indicators\@IchimokuCloud.cs' conflicts with the imported type 'Indicator' in 'NinjaTrader.Vendor, Version=8.1.6.0, Culture=neutral, PublicKeyToken=null'. Using the type defined in 'C:\Mac\Home\Documents\NinjaTrader 8\bin\Custom\Indicators\@IchimokuCloud.cs'. [C:\Mac\Home\Documents\NinjaTrader 8\bin\Custom\NinjaTrader.Custom.csproj]
C:\Mac\Home\Documents\NinjaTrader 8\bin\Custom\DrawingTools\@ChartMarkers.cs(436,27): warning CS0436: The type 'ArrowMarkerBase' in 'C:\Mac\Home\Documents\NinjaTrader 8\bin\Custom\DrawingTools\@ChartMarkers.cs' conflicts with the imported type 'ArrowMarkerBase' in 'NinjaTrader.Vendor, Version=8.1.6.0, Culture=neutral, PublicKeyToken=null'. Using the type defined in 'C:\Mac\Home\Documents\NinjaTrader 8\bin\Custom\DrawingTools\@ChartMarkers.cs'. [C:\Mac\Home\Documents\NinjaTrader 8\bin\Custom\NinjaTrader.Custom.csproj]
C:\Mac\Home\Documents\NinjaTrader 8\bin\Custom\MarketAnalyzerColumns\@RealizedProfitLoss.cs(29,36): warning CS0436: The type 'MarketAnalyzerColumn' in 'C:\Mac\Home\Documents\NinjaTrader 8\bin\Custom\Indicators\@IchimokuCloud.cs' conflicts with the imported type 'MarketAnalyzerColumn' in 'NinjaTrader.Vendor, Version=8.1.6.0, Culture=neutral, PublicKeyToken=null'. Using the type defined in 'C:\Mac\Home\Documents\NinjaTrader 8\bin\Custom\Indicators\@IchimokuCloud.cs'. [C:\Mac\Home\Documents\NinjaTrader 8\bin\Custom\NinjaTrader.Custom.csproj]
C:\Mac\Home\Documents\NinjaTrader 8\bin\Custom\Indicators\@ADX.cs(21,21): warning CS0436: The type 'Indicator' in 'C:\Mac\Home\Documents\NinjaTrader 8\bin\Custom\Indicators\@IchimokuCloud.cs' conflicts with the imported type 'Indicator' in 'NinjaTrader.Vendor, Version=8.1.6.0, Culture=neutral, PublicKeyToken=null'. Using the type defined in 'C:\Mac\Home\Documents\NinjaTrader 8\bin\Custom\Indicators\@IchimokuCloud.cs'. [C:\Mac\Home\Documents\NinjaTrader 8\bin\Custom\NinjaTrader.Custom.csproj]
C:\Mac\Home\Documents\NinjaTrader 8\bin\Custom\DrawingTools\@ChartMarkers.cs(462,25): warning CS0436: The type 'ArrowMarkerBase' in 'C:\Mac\Home\Documents\NinjaTrader 8\bin\Custom\DrawingTools\@ChartMarkers.cs' conflicts with the imported type 'ArrowMarkerBase' in 'NinjaTrader.Vendor, Version=8.1.6.0, Culture=neutral, PublicKeyToken=null'. Using the type defined in 'C:\Mac\Home\Documents\NinjaTrader 8\bin\Custom\DrawingTools\@ChartMarkers.cs'. [C:\Mac\Home\Documents\NinjaTrader 8\bin\Custom\NinjaTrader.Custom.csproj]
C:\Mac\Home\Documents\NinjaTrader 8\bin\Custom\DrawingTools\@ChartMarkers.cs(485,39): warning CS0436: The type 'ChartMarker' in 'C:\Mac\Home\Documents\NinjaTrader 8\bin\Custom\DrawingTools\@ChartMarkers.cs' conflicts with the imported type 'ChartMarker' in 'NinjaTrader.Vendor, Version=8.1.6.0, Culture=neutral, PublicKeyToken=null'. Using the type defined in 'C:\Mac\Home\Documents\NinjaTrader 8\bin\Custom\DrawingTools\@ChartMarkers.cs'. [C:\Mac\Home\Documents\NinjaTrader 8\bin\Custom\NinjaTrader.Custom.csproj]
C:\Mac\Home\Documents\NinjaTrader 8\bin\Custom\Indicators\@Aroon.cs(21,23): warning CS0436: The type 'Indicator' in 'C:\Mac\Home\Documents\NinjaTrader 8\bin\Custom\Indicators\@IchimokuCloud.cs' conflicts with the imported type 'Indicator' in 'NinjaTrader.Vendor, Version=8.1.6.0, Culture=neutral, PublicKeyToken=null'. Using the type defined in 'C:\Mac\Home\Documents\NinjaTrader 8\bin\Custom\Indicators\@IchimokuCloud.cs'. [C:\Mac\Home\Documents\NinjaTrader 8\bin\Custom\NinjaTrader.Custom.csproj]
C:\Mac\Home\Documents\NinjaTrader 8\bin\Custom\Indicators\@BuySellVolume.cs(18,31): warning CS0436: The type 'Indicator' in 'C:\Mac\Home\Documents\NinjaTrader 8\bin\Custom\Indicators\@IchimokuCloud.cs' conflicts with the imported type 'Indicator' in 'NinjaTrader.Vendor, Version=8.1.6.0, Culture=neutral, PublicKeyToken=null'. Using the type defined in 'C:\Mac\Home\Documents\NinjaTrader 8\bin\Custom\Indicators\@IchimokuCloud.cs'. [C:\Mac\Home\Documents\NinjaTrader 8\bin\Custom\NinjaTrader.Custom.csproj]
C:\Mac\Home\Documents\NinjaTrader 8\bin\Custom\DrawingTools\@ChartMarkers.cs(541,30): warning CS0436: The type 'TriangleBase' in 'C:\Mac\Home\Documents\NinjaTrader 8\bin\Custom\DrawingTools\@ChartMarkers.cs' conflicts with the imported type 'TriangleBase' in 'NinjaTrader.Vendor, Version=8.1.6.0, Culture=neutral, PublicKeyToken=null'. Using the type defined in 'C:\Mac\Home\Documents\NinjaTrader 8\bin\Custom\DrawingTools\@ChartMarkers.cs'. [C:\Mac\Home\Documents\NinjaTrader 8\bin\Custom\NinjaTrader.Custom.csproj]
C:\Mac\Home\Documents\NinjaTrader 8\bin\Custom\MarketAnalyzerColumns\@RevenuePerShare.cs(29,33): warning CS0436: The type 'MarketAnalyzerColumn' in 'C:\Mac\Home\Documents\NinjaTrader 8\bin\Custom\Indicators\@IchimokuCloud.cs' conflicts with the imported type 'MarketAnalyzerColumn' in 'NinjaTrader.Vendor, Version=8.1.6.0, Culture=neutral, PublicKeyToken=null'. Using the type defined in 'C:\Mac\Home\Documents\NinjaTrader 8\bin\Custom\Indicators\@IchimokuCloud.cs'. [C:\Mac\Home\Documents\NinjaTrader 8\bin\Custom\NinjaTrader.Custom.csproj]
C:\Mac\Home\Documents\NinjaTrader 8\bin\Custom\DrawingTools\@ChartMarkers.cs(567,28): warning CS0436: The type 'TriangleBase' in 'C:\Mac\Home\Documents\NinjaTrader 8\bin\Custom\DrawingTools\@ChartMarkers.cs' conflicts with the imported type 'TriangleBase' in 'NinjaTrader.Vendor, Version=8.1.6.0, Culture=neutral, PublicKeyToken=null'. Using the type defined in 'C:\Mac\Home\Documents\NinjaTrader 8\bin\Custom\DrawingTools\@ChartMarkers.cs'. [C:\Mac\Home\Documents\NinjaTrader 8\bin\Custom\NinjaTrader.Custom.csproj]
C:\Mac\Home\Documents\NinjaTrader 8\bin\Custom\MarketAnalyzerColumns\@Settlement.cs(29,28): warning CS0436: The type 'MarketAnalyzerColumn' in 'C:\Mac\Home\Documents\NinjaTrader 8\bin\Custom\Indicators\@IchimokuCloud.cs' conflicts with the imported type 'MarketAnalyzerColumn' in 'NinjaTrader.Vendor, Version=8.1.6.0, Culture=neutral, PublicKeyToken=null'. Using the type defined in 'C:\Mac\Home\Documents\NinjaTrader 8\bin\Custom\Indicators\@IchimokuCloud.cs'. [C:\Mac\Home\Documents\NinjaTrader 8\bin\Custom\NinjaTrader.Custom.csproj]
C:\Mac\Home\Documents\NinjaTrader 8\bin\Custom\MarketAnalyzerColumns\@SharesOutstanding.cs(29,35): warning CS0436: The type 'MarketAnalyzerColumn' in 'C:\Mac\Home\Documents\NinjaTrader 8\bin\Custom\Indicators\@IchimokuCloud.cs' conflicts with the imported type 'MarketAnalyzerColumn' in 'NinjaTrader.Vendor, Version=8.1.6.0, Culture=neutral, PublicKeyToken=null'. Using the type defined in 'C:\Mac\Home\Documents\NinjaTrader 8\bin\Custom\Indicators\@IchimokuCloud.cs'. [C:\Mac\Home\Documents\NinjaTrader 8\bin\Custom\NinjaTrader.Custom.csproj]
C:\Mac\Home\Documents\NinjaTrader 8\bin\Custom\MarketAnalyzerColumns\@ShortInterest.cs(29,31): warning CS0436: The type 'MarketAnalyzerColumn' in 'C:\Mac\Home\Documents\NinjaTrader 8\bin\Custom\Indicators\@IchimokuCloud.cs' conflicts with the imported type 'MarketAnalyzerColumn' in 'NinjaTrader.Vendor, Version=8.1.6.0, Culture=neutral, PublicKeyToken=null'. Using the type defined in 'C:\Mac\Home\Documents\NinjaTrader 8\bin\Custom\Indicators\@IchimokuCloud.cs'. [C:\Mac\Home\Documents\NinjaTrader 8\bin\Custom\NinjaTrader.Custom.csproj]
C:\Mac\Home\Documents\NinjaTrader 8\bin\Custom\Indicators\@AroonOscillator.cs(20,33): warning CS0436: The type 'Indicator' in 'C:\Mac\Home\Documents\NinjaTrader 8\bin\Custom\Indicators\@IchimokuCloud.cs' conflicts with the imported type 'Indicator' in 'NinjaTrader.Vendor, Version=8.1.6.0, Culture=neutral, PublicKeyToken=null'. Using the type defined in 'C:\Mac\Home\Documents\NinjaTrader 8\bin\Custom\Indicators\@IchimokuCloud.cs'. [C:\Mac\Home\Documents\NinjaTrader 8\bin\Custom\NinjaTrader.Custom.csproj]
C:\Mac\Home\Documents\NinjaTrader 8\bin\Custom\Indicators\@CamarillaPivots.cs(26,33): warning CS0436: The type 'Indicator' in 'C:\Mac\Home\Documents\NinjaTrader 8\bin\Custom\Indicators\@IchimokuCloud.cs' conflicts with the imported type 'Indicator' in 'NinjaTrader.Vendor, Version=8.1.6.0, Culture=neutral, PublicKeyToken=null'. Using the type defined in 'C:\Mac\Home\Documents\NinjaTrader 8\bin\Custom\Indicators\@IchimokuCloud.cs'. [C:\Mac\Home\Documents\NinjaTrader 8\bin\Custom\NinjaTrader.Custom.csproj]
C:\Mac\Home\Documents\NinjaTrader 8\bin\Custom\MarketAnalyzerColumns\@ShortInterestRatio.cs(29,36): warning CS0436: The type 'MarketAnalyzerColumn' in 'C:\Mac\Home\Documents\NinjaTrader 8\bin\Custom\Indicators\@IchimokuCloud.cs' conflicts with the imported type 'MarketAnalyzerColumn' in 'NinjaTrader.Vendor, Version=8.1.6.0, Culture=neutral, PublicKeyToken=null'. Using the type defined in 'C:\Mac\Home\Documents\NinjaTrader 8\bin\Custom\Indicators\@IchimokuCloud.cs'. [C:\Mac\Home\Documents\NinjaTrader 8\bin\Custom\NinjaTrader.Custom.csproj]
C:\Mac\Home\Documents\NinjaTrader 8\bin\Custom\Strategies\CBASSuperTrendStrategy.cs(35,44): warning CS0436: The type 'Strategy' in 'C:\Mac\Home\Documents\NinjaTrader 8\bin\Custom\Indicators\@IchimokuCloud.cs' conflicts with the imported type 'Strategy' in 'NinjaTrader.Vendor, Version=8.1.6.0, Culture=neutral, PublicKeyToken=null'. Using the type defined in 'C:\Mac\Home\Documents\NinjaTrader 8\bin\Custom\Indicators\@IchimokuCloud.cs'. [C:\Mac\Home\Documents\NinjaTrader 8\bin\Custom\NinjaTrader.Custom.csproj]
C:\Mac\Home\Documents\NinjaTrader 8\bin\Custom\Indicators\@ATR.cs(19,21): warning CS0436: The type 'Indicator' in 'C:\Mac\Home\Documents\NinjaTrader 8\bin\Custom\Indicators\@IchimokuCloud.cs' conflicts with the imported type 'Indicator' in 'NinjaTrader.Vendor, Version=8.1.6.0, Culture=neutral, PublicKeyToken=null'. Using the type defined in 'C:\Mac\Home\Documents\NinjaTrader 8\bin\Custom\Indicators\@IchimokuCloud.cs'. [C:\Mac\Home\Documents\NinjaTrader 8\bin\Custom\NinjaTrader.Custom.csproj]
C:\Mac\Home\Documents\NinjaTrader 8\bin\Custom\MarketAnalyzerColumns\@TimeLastTick.cs(29,30): warning CS0436: The type 'MarketAnalyzerColumn' in 'C:\Mac\Home\Documents\NinjaTrader 8\bin\Custom\Indicators\@IchimokuCloud.cs' conflicts with the imported type 'MarketAnalyzerColumn' in 'NinjaTrader.Vendor, Version=8.1.6.0, Culture=neutral, PublicKeyToken=null'. Using the type defined in 'C:\Mac\Home\Documents\NinjaTrader 8\bin\Custom\Indicators\@IchimokuCloud.cs'. [C:\Mac\Home\Documents\NinjaTrader 8\bin\Custom\NinjaTrader.Custom.csproj]
C:\Mac\Home\Documents\NinjaTrader 8\bin\Custom\MarketAnalyzerColumns\@TradedContracts.cs(29,33): warning CS0436: The type 'MarketAnalyzerColumn' in 'C:\Mac\Home\Documents\NinjaTrader 8\bin\Custom\Indicators\@IchimokuCloud.cs' conflicts with the imported type 'MarketAnalyzerColumn' in 'NinjaTrader.Vendor, Version=8.1.6.0, Culture=neutral, PublicKeyToken=null'. Using the type defined in 'C:\Mac\Home\Documents\NinjaTrader 8\bin\Custom\Indicators\@IchimokuCloud.cs'. [C:\Mac\Home\Documents\NinjaTrader 8\bin\Custom\NinjaTrader.Custom.csproj]
C:\Mac\Home\Documents\NinjaTrader 8\bin\Custom\Indicators\@Bollinger.cs(20,27): warning CS0436: The type 'Indicator' in 'C:\Mac\Home\Documents\NinjaTrader 8\bin\Custom\Indicators\@IchimokuCloud.cs' conflicts with the imported type 'Indicator' in 'NinjaTrader.Vendor, Version=8.1.6.0, Culture=neutral, PublicKeyToken=null'. Using the type defined in 'C:\Mac\Home\Documents\NinjaTrader 8\bin\Custom\Indicators\@IchimokuCloud.cs'. [C:\Mac\Home\Documents\NinjaTrader 8\bin\Custom\NinjaTrader.Custom.csproj]
C:\Mac\Home\Documents\NinjaTrader 8\bin\Custom\Indicators\@Bollinger.cs(22,11): warning CS0436: The type 'SMA' in 'C:\Mac\Home\Documents\NinjaTrader 8\bin\Custom\Indicators\@SMA.cs' conflicts with the imported type 'SMA' in 'NinjaTrader.Vendor, Version=8.1.6.0, Culture=neutral, PublicKeyToken=null'. Using the type defined in 'C:\Mac\Home\Documents\NinjaTrader 8\bin\Custom\Indicators\@SMA.cs'. [C:\Mac\Home\Documents\NinjaTrader 8\bin\Custom\NinjaTrader.Custom.csproj]
C:\Mac\Home\Documents\NinjaTrader 8\bin\Custom\MarketAnalyzerColumns\@UnrealizedProfitLoss.cs(29,38): warning CS0436: The type 'MarketAnalyzerColumn' in 'C:\Mac\Home\Documents\NinjaTrader 8\bin\Custom\Indicators\@IchimokuCloud.cs' conflicts with the imported type 'MarketAnalyzerColumn' in 'NinjaTrader.Vendor, Version=8.1.6.0, Culture=neutral, PublicKeyToken=null'. Using the type defined in 'C:\Mac\Home\Documents\NinjaTrader 8\bin\Custom\Indicators\@IchimokuCloud.cs'. [C:\Mac\Home\Documents\NinjaTrader 8\bin\Custom\NinjaTrader.Custom.csproj]
C:\Mac\Home\Documents\NinjaTrader 8\bin\Custom\MarketAnalyzerColumns\@VWAP.cs(29,22): warning CS0436: The type 'MarketAnalyzerColumn' in 'C:\Mac\Home\Documents\NinjaTrader 8\bin\Custom\Indicators\@IchimokuCloud.cs' conflicts with the imported type 'MarketAnalyzerColumn' in 'NinjaTrader.Vendor, Version=8.1.6.0, Culture=neutral, PublicKeyToken=null'. Using the type defined in 'C:\Mac\Home\Documents\NinjaTrader 8\bin\Custom\Indicators\@IchimokuCloud.cs'. [C:\Mac\Home\Documents\NinjaTrader 8\bin\Custom\NinjaTrader.Custom.csproj]
C:\Mac\Home\Documents\NinjaTrader 8\bin\Custom\Indicators\@CCI.cs(20,21): warning CS0436: The type 'Indicator' in 'C:\Mac\Home\Documents\NinjaTrader 8\bin\Custom\Indicators\@IchimokuCloud.cs' conflicts with the imported type 'Indicator' in 'NinjaTrader.Vendor, Version=8.1.6.0, Culture=neutral, PublicKeyToken=null'. Using the type defined in 'C:\Mac\Home\Documents\NinjaTrader 8\bin\Custom\Indicators\@IchimokuCloud.cs'. [C:\Mac\Home\Documents\NinjaTrader 8\bin\Custom\NinjaTrader.Custom.csproj]
C:\Mac\Home\Documents\NinjaTrader 8\bin\Custom\Indicators\@CCI.cs(22,11): warning CS0436: The type 'SMA' in 'C:\Mac\Home\Documents\NinjaTrader 8\bin\Custom\Indicators\@SMA.cs' conflicts with the imported type 'SMA' in 'NinjaTrader.Vendor, Version=8.1.6.0, Culture=neutral, PublicKeyToken=null'. Using the type defined in 'C:\Mac\Home\Documents\NinjaTrader 8\bin\Custom\Indicators\@SMA.cs'. [C:\Mac\Home\Documents\NinjaTrader 8\bin\Custom\NinjaTrader.Custom.csproj]
C:\Mac\Home\Documents\NinjaTrader 8\bin\Custom\DrawingTools\@Text.cs(573,31): warning CS0436: The type 'Text' in 'C:\Mac\Home\Documents\NinjaTrader 8\bin\Custom\DrawingTools\@Text.cs' conflicts with the imported type 'Text' in 'NinjaTrader.Vendor, Version=8.1.6.0, Culture=neutral, PublicKeyToken=null'. Using the type defined in 'C:\Mac\Home\Documents\NinjaTrader 8\bin\Custom\DrawingTools\@Text.cs'. [C:\Mac\Home\Documents\NinjaTrader 8\bin\Custom\NinjaTrader.Custom.csproj]
C:\Mac\Home\Documents\NinjaTrader 8\bin\Custom\Indicators\@ChaikinMoneyFlow.cs(19,34): warning CS0436: The type 'Indicator' in 'C:\Mac\Home\Documents\NinjaTrader 8\bin\Custom\Indicators\@IchimokuCloud.cs' conflicts with the imported type 'Indicator' in 'NinjaTrader.Vendor, Version=8.1.6.0, Culture=neutral, PublicKeyToken=null'. Using the type defined in 'C:\Mac\Home\Documents\NinjaTrader 8\bin\Custom\Indicators\@IchimokuCloud.cs'. [C:\Mac\Home\Documents\NinjaTrader 8\bin\Custom\NinjaTrader.Custom.csproj]
C:\Mac\Home\Documents\NinjaTrader 8\bin\Custom\Indicators\@ChaikinMoneyFlow.cs(22,11): warning CS0436: The type 'SUM' in 'C:\Mac\Home\Documents\NinjaTrader 8\bin\Custom\Indicators\@SUM.cs' conflicts with the imported type 'SUM' in 'NinjaTrader.Vendor, Version=8.1.6.0, Culture=neutral, PublicKeyToken=null'. Using the type defined in 'C:\Mac\Home\Documents\NinjaTrader 8\bin\Custom\Indicators\@SUM.cs'. [C:\Mac\Home\Documents\NinjaTrader 8\bin\Custom\NinjaTrader.Custom.csproj]
C:\Mac\Home\Documents\NinjaTrader 8\bin\Custom\Indicators\@ChaikinMoneyFlow.cs(23,11): warning CS0436: The type 'SUM' in 'C:\Mac\Home\Documents\NinjaTrader 8\bin\Custom\Indicators\@SUM.cs' conflicts with the imported type 'SUM' in 'NinjaTrader.Vendor, Version=8.1.6.0, Culture=neutral, PublicKeyToken=null'. Using the type defined in 'C:\Mac\Home\Documents\NinjaTrader 8\bin\Custom\Indicators\@SUM.cs'. [C:\Mac\Home\Documents\NinjaTrader 8\bin\Custom\NinjaTrader.Custom.csproj]
C:\Mac\Home\Documents\NinjaTrader 8\bin\Custom\DrawingTools\@Text.cs(567,10): warning CS0436: The type 'TextPosition' in 'C:\Mac\Home\Documents\NinjaTrader 8\bin\Custom\DrawingTools\@Text.cs' conflicts with the imported type 'TextPosition' in 'NinjaTrader.Vendor, Version=8.1.6.0, Culture=neutral, PublicKeyToken=null'. Using the type defined in 'C:\Mac\Home\Documents\NinjaTrader 8\bin\Custom\DrawingTools\@Text.cs'. [C:\Mac\Home\Documents\NinjaTrader 8\bin\Custom\NinjaTrader.Custom.csproj]
C:\Mac\Home\Documents\NinjaTrader 8\bin\Custom\Indicators\@ChaikinOscillator.cs(19,35): warning CS0436: The type 'Indicator' in 'C:\Mac\Home\Documents\NinjaTrader 8\bin\Custom\Indicators\@IchimokuCloud.cs' conflicts with the imported type 'Indicator' in 'NinjaTrader.Vendor, Version=8.1.6.0, Culture=neutral, PublicKeyToken=null'. Using the type defined in 'C:\Mac\Home\Documents\NinjaTrader 8\bin\Custom\Indicators\@IchimokuCloud.cs'. [C:\Mac\Home\Documents\NinjaTrader 8\bin\Custom\NinjaTrader.Custom.csproj]
C:\Mac\Home\Documents\NinjaTrader 8\bin\Custom\Indicators\@ChaikinOscillator.cs(22,11): warning CS0436: The type 'EMA' in 'C:\Mac\Home\Documents\NinjaTrader 8\bin\Custom\Indicators\@EMA.cs' conflicts with the imported type 'EMA' in 'NinjaTrader.Vendor, Version=8.1.6.0, Culture=neutral, PublicKeyToken=null'. Using the type defined in 'C:\Mac\Home\Documents\NinjaTrader 8\bin\Custom\Indicators\@EMA.cs'. [C:\Mac\Home\Documents\NinjaTrader 8\bin\Custom\NinjaTrader.Custom.csproj]
C:\Mac\Home\Documents\NinjaTrader 8\bin\Custom\Indicators\@ChaikinOscillator.cs(23,11): warning CS0436: The type 'EMA' in 'C:\Mac\Home\Documents\NinjaTrader 8\bin\Custom\Indicators\@EMA.cs' conflicts with the imported type 'EMA' in 'NinjaTrader.Vendor, Version=8.1.6.0, Culture=neutral, PublicKeyToken=null'. Using the type defined in 'C:\Mac\Home\Documents\NinjaTrader 8\bin\Custom\Indicators\@EMA.cs'. [C:\Mac\Home\Documents\NinjaTrader 8\bin\Custom\NinjaTrader.Custom.csproj]
C:\Mac\Home\Documents\NinjaTrader 8\bin\Custom\Indicators\@CandleStickPattern.cs(18,36): warning CS0436: The type 'Indicator' in 'C:\Mac\Home\Documents\NinjaTrader 8\bin\Custom\Indicators\@IchimokuCloud.cs' conflicts with the imported type 'Indicator' in 'NinjaTrader.Vendor, Version=8.1.6.0, Culture=neutral, PublicKeyToken=null'. Using the type defined in 'C:\Mac\Home\Documents\NinjaTrader 8\bin\Custom\Indicators\@IchimokuCloud.cs'. [C:\Mac\Home\Documents\NinjaTrader 8\bin\Custom\NinjaTrader.Custom.csproj]
C:\Mac\Home\Documents\NinjaTrader 8\bin\Custom\Indicators\@CurrentDayOHL.cs(23,31): warning CS0436: The type 'Indicator' in 'C:\Mac\Home\Documents\NinjaTrader 8\bin\Custom\Indicators\@IchimokuCloud.cs' conflicts with the imported type 'Indicator' in 'NinjaTrader.Vendor, Version=8.1.6.0, Culture=neutral, PublicKeyToken=null'. Using the type defined in 'C:\Mac\Home\Documents\NinjaTrader 8\bin\Custom\Indicators\@IchimokuCloud.cs'. [C:\Mac\Home\Documents\NinjaTrader 8\bin\Custom\NinjaTrader.Custom.csproj]
C:\Mac\Home\Documents\NinjaTrader 8\bin\Custom\Indicators\@CandleStickPattern.cs(23,20): warning CS0436: The type 'TextPosition' in 'C:\Mac\Home\Documents\NinjaTrader 8\bin\Custom\DrawingTools\@Text.cs' conflicts with the imported type 'TextPosition' in 'NinjaTrader.Vendor, Version=8.1.6.0, Culture=neutral, PublicKeyToken=null'. Using the type defined in 'C:\Mac\Home\Documents\NinjaTrader 8\bin\Custom\DrawingTools\@Text.cs'. [C:\Mac\Home\Documents\NinjaTrader 8\bin\Custom\NinjaTrader.Custom.csproj]
C:\Mac\Home\Documents\NinjaTrader 8\bin\Custom\Indicators\@DMI.cs(19,21): warning CS0436: The type 'Indicator' in 'C:\Mac\Home\Documents\NinjaTrader 8\bin\Custom\Indicators\@IchimokuCloud.cs' conflicts with the imported type 'Indicator' in 'NinjaTrader.Vendor, Version=8.1.6.0, Culture=neutral, PublicKeyToken=null'. Using the type defined in 'C:\Mac\Home\Documents\NinjaTrader 8\bin\Custom\Indicators\@IchimokuCloud.cs'. [C:\Mac\Home\Documents\NinjaTrader 8\bin\Custom\NinjaTrader.Custom.csproj]
C:\Mac\Home\Documents\NinjaTrader 8\bin\Custom\Indicators\@DMI.cs(24,11): warning CS0436: The type 'SMA' in 'C:\Mac\Home\Documents\NinjaTrader 8\bin\Custom\Indicators\@SMA.cs' conflicts with the imported type 'SMA' in 'NinjaTrader.Vendor, Version=8.1.6.0, Culture=neutral, PublicKeyToken=null'. Using the type defined in 'C:\Mac\Home\Documents\NinjaTrader 8\bin\Custom\Indicators\@SMA.cs'. [C:\Mac\Home\Documents\NinjaTrader 8\bin\Custom\NinjaTrader.Custom.csproj]
C:\Mac\Home\Documents\NinjaTrader 8\bin\Custom\Indicators\@DMI.cs(25,11): warning CS0436: The type 'SMA' in 'C:\Mac\Home\Documents\NinjaTrader 8\bin\Custom\Indicators\@SMA.cs' conflicts with the imported type 'SMA' in 'NinjaTrader.Vendor, Version=8.1.6.0, Culture=neutral, PublicKeyToken=null'. Using the type defined in 'C:\Mac\Home\Documents\NinjaTrader 8\bin\Custom\Indicators\@SMA.cs'. [C:\Mac\Home\Documents\NinjaTrader 8\bin\Custom\NinjaTrader.Custom.csproj]
C:\Mac\Home\Documents\NinjaTrader 8\bin\Custom\Indicators\@DMI.cs(26,11): warning CS0436: The type 'SMA' in 'C:\Mac\Home\Documents\NinjaTrader 8\bin\Custom\Indicators\@SMA.cs' conflicts with the imported type 'SMA' in 'NinjaTrader.Vendor, Version=8.1.6.0, Culture=neutral, PublicKeyToken=null'. Using the type defined in 'C:\Mac\Home\Documents\NinjaTrader 8\bin\Custom\Indicators\@SMA.cs'. [C:\Mac\Home\Documents\NinjaTrader 8\bin\Custom\NinjaTrader.Custom.csproj]
C:\Mac\Home\Documents\NinjaTrader 8\bin\Custom\Indicators\@CandleStickPattern.cs(275,14): warning CS0436: The type 'Swing' in 'C:\Mac\Home\Documents\NinjaTrader 8\bin\Custom\Indicators\@Swing.cs' conflicts with the imported type 'Swing' in 'NinjaTrader.Vendor, Version=8.1.6.0, Culture=neutral, PublicKeyToken=null'. Using the type defined in 'C:\Mac\Home\Documents\NinjaTrader 8\bin\Custom\Indicators\@Swing.cs'. [C:\Mac\Home\Documents\NinjaTrader 8\bin\Custom\NinjaTrader.Custom.csproj]
C:\Mac\Home\Documents\NinjaTrader 8\bin\Custom\Indicators\@ChoppinessIndex.cs(15,33): warning CS0436: The type 'Indicator' in 'C:\Mac\Home\Documents\NinjaTrader 8\bin\Custom\Indicators\@IchimokuCloud.cs' conflicts with the imported type 'Indicator' in 'NinjaTrader.Vendor, Version=8.1.6.0, Culture=neutral, PublicKeyToken=null'. Using the type defined in 'C:\Mac\Home\Documents\NinjaTrader 8\bin\Custom\Indicators\@IchimokuCloud.cs'. [C:\Mac\Home\Documents\NinjaTrader 8\bin\Custom\NinjaTrader.Custom.csproj]
C:\Mac\Home\Documents\NinjaTrader 8\bin\Custom\Indicators\@DonchianChannel.cs(19,33): warning CS0436: The type 'Indicator' in 'C:\Mac\Home\Documents\NinjaTrader 8\bin\Custom\Indicators\@IchimokuCloud.cs' conflicts with the imported type 'Indicator' in 'NinjaTrader.Vendor, Version=8.1.6.0, Culture=neutral, PublicKeyToken=null'. Using the type defined in 'C:\Mac\Home\Documents\NinjaTrader 8\bin\Custom\Indicators\@IchimokuCloud.cs'. [C:\Mac\Home\Documents\NinjaTrader 8\bin\Custom\NinjaTrader.Custom.csproj]
C:\Mac\Home\Documents\NinjaTrader 8\bin\Custom\Indicators\@COT.cs(27,21): warning CS0436: The type 'Indicator' in 'C:\Mac\Home\Documents\NinjaTrader 8\bin\Custom\Indicators\@IchimokuCloud.cs' conflicts with the imported type 'Indicator' in 'NinjaTrader.Vendor, Version=8.1.6.0, Culture=neutral, PublicKeyToken=null'. Using the type defined in 'C:\Mac\Home\Documents\NinjaTrader 8\bin\Custom\Indicators\@IchimokuCloud.cs'. [C:\Mac\Home\Documents\NinjaTrader 8\bin\Custom\NinjaTrader.Custom.csproj]
C:\Mac\Home\Documents\NinjaTrader 8\bin\Custom\Indicators\@EMA.cs(18,21): warning CS0436: The type 'Indicator' in 'C:\Mac\Home\Documents\NinjaTrader 8\bin\Custom\Indicators\@IchimokuCloud.cs' conflicts with the imported type 'Indicator' in 'NinjaTrader.Vendor, Version=8.1.6.0, Culture=neutral, PublicKeyToken=null'. Using the type defined in 'C:\Mac\Home\Documents\NinjaTrader 8\bin\Custom\Indicators\@IchimokuCloud.cs'. [C:\Mac\Home\Documents\NinjaTrader 8\bin\Custom\NinjaTrader.Custom.csproj]
C:\Mac\Home\Documents\NinjaTrader 8\bin\Custom\Strategies\CBASSuperTrendStrategy.cs(1100,22): warning CS0108: 'CBAS_SuperTrendStrategy.ForceRefresh()' hides inherited member 'StrategyRenderBase.ForceRefresh()'. Use the new keyword if hiding was intended. [C:\Mac\Home\Documents\NinjaTrader 8\bin\Custom\NinjaTrader.Custom.csproj]
C:\Mac\Home\Documents\NinjaTrader 8\bin\Custom\Indicators\@FisherTransform.cs(19,33): warning CS0436: The type 'Indicator' in 'C:\Mac\Home\Documents\NinjaTrader 8\bin\Custom\Indicators\@IchimokuCloud.cs' conflicts with the imported type 'Indicator' in 'NinjaTrader.Vendor, Version=8.1.6.0, Culture=neutral, PublicKeyToken=null'. Using the type defined in 'C:\Mac\Home\Documents\NinjaTrader 8\bin\Custom\Indicators\@IchimokuCloud.cs'. [C:\Mac\Home\Documents\NinjaTrader 8\bin\Custom\NinjaTrader.Custom.csproj]
C:\Mac\Home\Documents\NinjaTrader 8\bin\Custom\Indicators\@KeltnerChannel.cs(21,32): warning CS0436: The type 'Indicator' in 'C:\Mac\Home\Documents\NinjaTrader 8\bin\Custom\Indicators\@IchimokuCloud.cs' conflicts with the imported type 'Indicator' in 'NinjaTrader.Vendor, Version=8.1.6.0, Culture=neutral, PublicKeyToken=null'. Using the type defined in 'C:\Mac\Home\Documents\NinjaTrader 8\bin\Custom\Indicators\@IchimokuCloud.cs'. [C:\Mac\Home\Documents\NinjaTrader 8\bin\Custom\NinjaTrader.Custom.csproj]
C:\Mac\Home\Documents\NinjaTrader 8\bin\Custom\Indicators\@KeltnerChannel.cs(24,11): warning CS0436: The type 'SMA' in 'C:\Mac\Home\Documents\NinjaTrader 8\bin\Custom\Indicators\@SMA.cs' conflicts with the imported type 'SMA' in 'NinjaTrader.Vendor, Version=8.1.6.0, Culture=neutral, PublicKeyToken=null'. Using the type defined in 'C:\Mac\Home\Documents\NinjaTrader 8\bin\Custom\Indicators\@SMA.cs'. [C:\Mac\Home\Documents\NinjaTrader 8\bin\Custom\NinjaTrader.Custom.csproj]
C:\Mac\Home\Documents\NinjaTrader 8\bin\Custom\Indicators\@KeltnerChannel.cs(25,11): warning CS0436: The type 'SMA' in 'C:\Mac\Home\Documents\NinjaTrader 8\bin\Custom\Indicators\@SMA.cs' conflicts with the imported type 'SMA' in 'NinjaTrader.Vendor, Version=8.1.6.0, Culture=neutral, PublicKeyToken=null'. Using the type defined in 'C:\Mac\Home\Documents\NinjaTrader 8\bin\Custom\Indicators\@SMA.cs'. [C:\Mac\Home\Documents\NinjaTrader 8\bin\Custom\NinjaTrader.Custom.csproj]
C:\Mac\Home\Documents\NinjaTrader 8\bin\Custom\Indicators\@LinReg.cs(18,24): warning CS0436: The type 'Indicator' in 'C:\Mac\Home\Documents\NinjaTrader 8\bin\Custom\Indicators\@IchimokuCloud.cs' conflicts with the imported type 'Indicator' in 'NinjaTrader.Vendor, Version=8.1.6.0, Culture=neutral, PublicKeyToken=null'. Using the type defined in 'C:\Mac\Home\Documents\NinjaTrader 8\bin\Custom\Indicators\@IchimokuCloud.cs'. [C:\Mac\Home\Documents\NinjaTrader 8\bin\Custom\NinjaTrader.Custom.csproj]
C:\Mac\Home\Documents\NinjaTrader 8\bin\Custom\Indicators\@LinReg.cs(31,11): warning CS0436: The type 'SUM' in 'C:\Mac\Home\Documents\NinjaTrader 8\bin\Custom\Indicators\@SUM.cs' conflicts with the imported type 'SUM' in 'NinjaTrader.Vendor, Version=8.1.6.0, Culture=neutral, PublicKeyToken=null'. Using the type defined in 'C:\Mac\Home\Documents\NinjaTrader 8\bin\Custom\Indicators\@SUM.cs'. [C:\Mac\Home\Documents\NinjaTrader 8\bin\Custom\NinjaTrader.Custom.csproj]
C:\Mac\Home\Documents\NinjaTrader 8\bin\Custom\Indicators\@MACD.cs(20,22): warning CS0436: The type 'Indicator' in 'C:\Mac\Home\Documents\NinjaTrader 8\bin\Custom\Indicators\@IchimokuCloud.cs' conflicts with the imported type 'Indicator' in 'NinjaTrader.Vendor, Version=8.1.6.0, Culture=neutral, PublicKeyToken=null'. Using the type defined in 'C:\Mac\Home\Documents\NinjaTrader 8\bin\Custom\Indicators\@IchimokuCloud.cs'. [C:\Mac\Home\Documents\NinjaTrader 8\bin\Custom\NinjaTrader.Custom.csproj]
C:\Mac\Home\Documents\NinjaTrader 8\bin\Custom\MarketAnalyzerColumns\@DividendPayDate.cs(29,33): warning CS0436: The type 'MarketAnalyzerColumn' in 'C:\Mac\Home\Documents\NinjaTrader 8\bin\Custom\Indicators\@IchimokuCloud.cs' conflicts with the imported type 'MarketAnalyzerColumn' in 'NinjaTrader.Vendor, Version=8.1.6.0, Culture=neutral, PublicKeyToken=null'. Using the type defined in 'C:\Mac\Home\Documents\NinjaTrader 8\bin\Custom\Indicators\@IchimokuCloud.cs'. [C:\Mac\Home\Documents\NinjaTrader 8\bin\Custom\NinjaTrader.Custom.csproj]
C:\Mac\Home\Documents\NinjaTrader 8\bin\Custom\Indicators\@RSI.cs(19,21): warning CS0436: The type 'Indicator' in 'C:\Mac\Home\Documents\NinjaTrader 8\bin\Custom\Indicators\@IchimokuCloud.cs' conflicts with the imported type 'Indicator' in 'NinjaTrader.Vendor, Version=8.1.6.0, Culture=neutral, PublicKeyToken=null'. Using the type defined in 'C:\Mac\Home\Documents\NinjaTrader 8\bin\Custom\Indicators\@IchimokuCloud.cs'. [C:\Mac\Home\Documents\NinjaTrader 8\bin\Custom\NinjaTrader.Custom.csproj]
C:\Mac\Home\Documents\NinjaTrader 8\bin\Custom\MarketAnalyzerColumns\@DividendYield.cs(29,31): warning CS0436: The type 'MarketAnalyzerColumn' in 'C:\Mac\Home\Documents\NinjaTrader 8\bin\Custom\Indicators\@IchimokuCloud.cs' conflicts with the imported type 'MarketAnalyzerColumn' in 'NinjaTrader.Vendor, Version=8.1.6.0, Culture=neutral, PublicKeyToken=null'. Using the type defined in 'C:\Mac\Home\Documents\NinjaTrader 8\bin\Custom\Indicators\@IchimokuCloud.cs'. [C:\Mac\Home\Documents\NinjaTrader 8\bin\Custom\NinjaTrader.Custom.csproj]
C:\Mac\Home\Documents\NinjaTrader 8\bin\Custom\MarketAnalyzerColumns\@EarningsPerShare.cs(29,34): warning CS0436: The type 'MarketAnalyzerColumn' in 'C:\Mac\Home\Documents\NinjaTrader 8\bin\Custom\Indicators\@IchimokuCloud.cs' conflicts with the imported type 'MarketAnalyzerColumn' in 'NinjaTrader.Vendor, Version=8.1.6.0, Culture=neutral, PublicKeyToken=null'. Using the type defined in 'C:\Mac\Home\Documents\NinjaTrader 8\bin\Custom\Indicators\@IchimokuCloud.cs'. [C:\Mac\Home\Documents\NinjaTrader 8\bin\Custom\NinjaTrader.Custom.csproj]
C:\Mac\Home\Documents\NinjaTrader 8\bin\Custom\MarketAnalyzerColumns\@FiveYearsGrowthPercentage.cs(29,43): warning CS0436: The type 'MarketAnalyzerColumn' in 'C:\Mac\Home\Documents\NinjaTrader 8\bin\Custom\Indicators\@IchimokuCloud.cs' conflicts with the imported type 'MarketAnalyzerColumn' in 'NinjaTrader.Vendor, Version=8.1.6.0, Culture=neutral, PublicKeyToken=null'. Using the type defined in 'C:\Mac\Home\Documents\NinjaTrader 8\bin\Custom\Indicators\@IchimokuCloud.cs'. [C:\Mac\Home\Documents\NinjaTrader 8\bin\Custom\NinjaTrader.Custom.csproj]
C:\Mac\Home\Documents\NinjaTrader 8\bin\Custom\MarketAnalyzerColumns\@High52Weeks.cs(29,29): warning CS0436: The type 'MarketAnalyzerColumn' in 'C:\Mac\Home\Documents\NinjaTrader 8\bin\Custom\Indicators\@IchimokuCloud.cs' conflicts with the imported type 'MarketAnalyzerColumn' in 'NinjaTrader.Vendor, Version=8.1.6.0, Culture=neutral, PublicKeyToken=null'. Using the type defined in 'C:\Mac\Home\Documents\NinjaTrader 8\bin\Custom\Indicators\@IchimokuCloud.cs'. [C:\Mac\Home\Documents\NinjaTrader 8\bin\Custom\NinjaTrader.Custom.csproj]
C:\Mac\Home\Documents\NinjaTrader 8\bin\Custom\MarketAnalyzerColumns\@High52WeeksDate.cs(29,33): warning CS0436: The type 'MarketAnalyzerColumn' in 'C:\Mac\Home\Documents\NinjaTrader 8\bin\Custom\Indicators\@IchimokuCloud.cs' conflicts with the imported type 'MarketAnalyzerColumn' in 'NinjaTrader.Vendor, Version=8.1.6.0, Culture=neutral, PublicKeyToken=null'. Using the type defined in 'C:\Mac\Home\Documents\NinjaTrader 8\bin\Custom\Indicators\@IchimokuCloud.cs'. [C:\Mac\Home\Documents\NinjaTrader 8\bin\Custom\NinjaTrader.Custom.csproj]
C:\Mac\Home\Documents\NinjaTrader 8\bin\Custom\Indicators\@SMA.cs(17,21): warning CS0436: The type 'Indicator' in 'C:\Mac\Home\Documents\NinjaTrader 8\bin\Custom\Indicators\@IchimokuCloud.cs' conflicts with the imported type 'Indicator' in 'NinjaTrader.Vendor, Version=8.1.6.0, Culture=neutral, PublicKeyToken=null'. Using the type defined in 'C:\Mac\Home\Documents\NinjaTrader 8\bin\Custom\Indicators\@IchimokuCloud.cs'. [C:\Mac\Home\Documents\NinjaTrader 8\bin\Custom\NinjaTrader.Custom.csproj]
C:\Mac\Home\Documents\NinjaTrader 8\bin\Custom\Indicators\@StdDev.cs(20,24): warning CS0436: The type 'Indicator' in 'C:\Mac\Home\Documents\NinjaTrader 8\bin\Custom\Indicators\@IchimokuCloud.cs' conflicts with the imported type 'Indicator' in 'NinjaTrader.Vendor, Version=8.1.6.0, Culture=neutral, PublicKeyToken=null'. Using the type defined in 'C:\Mac\Home\Documents\NinjaTrader 8\bin\Custom\Indicators\@IchimokuCloud.cs'. [C:\Mac\Home\Documents\NinjaTrader 8\bin\Custom\NinjaTrader.Custom.csproj]
C:\Mac\Home\Documents\NinjaTrader 8\bin\Custom\Indicators\@MAMA.cs(23,22): warning CS0436: The type 'Indicator' in 'C:\Mac\Home\Documents\NinjaTrader 8\bin\Custom\Indicators\@IchimokuCloud.cs' conflicts with the imported type 'Indicator' in 'NinjaTrader.Vendor, Version=8.1.6.0, Culture=neutral, PublicKeyToken=null'. Using the type defined in 'C:\Mac\Home\Documents\NinjaTrader 8\bin\Custom\Indicators\@IchimokuCloud.cs'. [C:\Mac\Home\Documents\NinjaTrader 8\bin\Custom\NinjaTrader.Custom.csproj]
C:\Mac\Home\Documents\NinjaTrader 8\bin\Custom\Indicators\@Stochastics.cs(24,29): warning CS0436: The type 'Indicator' in 'C:\Mac\Home\Documents\NinjaTrader 8\bin\Custom\Indicators\@IchimokuCloud.cs' conflicts with the imported type 'Indicator' in 'NinjaTrader.Vendor, Version=8.1.6.0, Culture=neutral, PublicKeyToken=null'. Using the type defined in 'C:\Mac\Home\Documents\NinjaTrader 8\bin\Custom\Indicators\@IchimokuCloud.cs'. [C:\Mac\Home\Documents\NinjaTrader 8\bin\Custom\NinjaTrader.Custom.csproj]
C:\Mac\Home\Documents\NinjaTrader 8\bin\Custom\Indicators\@Stochastics.cs(31,11): warning CS0436: The type 'SMA' in 'C:\Mac\Home\Documents\NinjaTrader 8\bin\Custom\Indicators\@SMA.cs' conflicts with the imported type 'SMA' in 'NinjaTrader.Vendor, Version=8.1.6.0, Culture=neutral, PublicKeyToken=null'. Using the type defined in 'C:\Mac\Home\Documents\NinjaTrader 8\bin\Custom\Indicators\@SMA.cs'. [C:\Mac\Home\Documents\NinjaTrader 8\bin\Custom\NinjaTrader.Custom.csproj]
C:\Mac\Home\Documents\NinjaTrader 8\bin\Custom\Indicators\@Stochastics.cs(32,11): warning CS0436: The type 'SMA' in 'C:\Mac\Home\Documents\NinjaTrader 8\bin\Custom\Indicators\@SMA.cs' conflicts with the imported type 'SMA' in 'NinjaTrader.Vendor, Version=8.1.6.0, Culture=neutral, PublicKeyToken=null'. Using the type defined in 'C:\Mac\Home\Documents\NinjaTrader 8\bin\Custom\Indicators\@SMA.cs'. [C:\Mac\Home\Documents\NinjaTrader 8\bin\Custom\NinjaTrader.Custom.csproj]
C:\Mac\Home\Documents\NinjaTrader 8\bin\Custom\Indicators\@StochasticsFast.cs(24,33): warning CS0436: The type 'Indicator' in 'C:\Mac\Home\Documents\NinjaTrader 8\bin\Custom\Indicators\@IchimokuCloud.cs' conflicts with the imported type 'Indicator' in 'NinjaTrader.Vendor, Version=8.1.6.0, Culture=neutral, PublicKeyToken=null'. Using the type defined in 'C:\Mac\Home\Documents\NinjaTrader 8\bin\Custom\Indicators\@IchimokuCloud.cs'. [C:\Mac\Home\Documents\NinjaTrader 8\bin\Custom\NinjaTrader.Custom.csproj]
C:\Mac\Home\Documents\NinjaTrader 8\bin\Custom\Indicators\@StochasticsFast.cs(30,11): warning CS0436: The type 'SMA' in 'C:\Mac\Home\Documents\NinjaTrader 8\bin\Custom\Indicators\@SMA.cs' conflicts with the imported type 'SMA' in 'NinjaTrader.Vendor, Version=8.1.6.0, Culture=neutral, PublicKeyToken=null'. Using the type defined in 'C:\Mac\Home\Documents\NinjaTrader 8\bin\Custom\Indicators\@SMA.cs'. [C:\Mac\Home\Documents\NinjaTrader 8\bin\Custom\NinjaTrader.Custom.csproj]
C:\Mac\Home\Documents\NinjaTrader 8\bin\Custom\Indicators\@SUM.cs(16,21): warning CS0436: The type 'Indicator' in 'C:\Mac\Home\Documents\NinjaTrader 8\bin\Custom\Indicators\@IchimokuCloud.cs' conflicts with the imported type 'Indicator' in 'NinjaTrader.Vendor, Version=8.1.6.0, Culture=neutral, PublicKeyToken=null'. Using the type defined in 'C:\Mac\Home\Documents\NinjaTrader 8\bin\Custom\Indicators\@IchimokuCloud.cs'. [C:\Mac\Home\Documents\NinjaTrader 8\bin\Custom\NinjaTrader.Custom.csproj]
C:\Mac\Home\Documents\NinjaTrader 8\bin\Custom\Indicators\@Swing.cs(23,23): warning CS0436: The type 'Indicator' in 'C:\Mac\Home\Documents\NinjaTrader 8\bin\Custom\Indicators\@IchimokuCloud.cs' conflicts with the imported type 'Indicator' in 'NinjaTrader.Vendor, Version=8.1.6.0, Culture=neutral, PublicKeyToken=null'. Using the type defined in 'C:\Mac\Home\Documents\NinjaTrader 8\bin\Custom\Indicators\@IchimokuCloud.cs'. [C:\Mac\Home\Documents\NinjaTrader 8\bin\Custom\NinjaTrader.Custom.csproj]
C:\Mac\Home\Documents\NinjaTrader 8\bin\Custom\Indicators\@MAX.cs(17,21): warning CS0436: The type 'Indicator' in 'C:\Mac\Home\Documents\NinjaTrader 8\bin\Custom\Indicators\@IchimokuCloud.cs' conflicts with the imported type 'Indicator' in 'NinjaTrader.Vendor, Version=8.1.6.0, Culture=neutral, PublicKeyToken=null'. Using the type defined in 'C:\Mac\Home\Documents\NinjaTrader 8\bin\Custom\Indicators\@IchimokuCloud.cs'. [C:\Mac\Home\Documents\NinjaTrader 8\bin\Custom\NinjaTrader.Custom.csproj]
C:\Mac\Home\Documents\NinjaTrader 8\bin\Custom\DrawingTools\@ChartMarkers.cs(594,111): warning CS0436: The type 'ChartMarker' in 'C:\Mac\Home\Documents\NinjaTrader 8\bin\Custom\DrawingTools\@ChartMarkers.cs' conflicts with the imported type 'ChartMarker' in 'NinjaTrader.Vendor, Version=8.1.6.0, Culture=neutral, PublicKeyToken=null'. Using the type defined in 'C:\Mac\Home\Documents\NinjaTrader 8\bin\Custom\DrawingTools\@ChartMarkers.cs'. [C:\Mac\Home\Documents\NinjaTrader 8\bin\Custom\NinjaTrader.Custom.csproj]
C:\Mac\Home\Documents\NinjaTrader 8\bin\Custom\Indicators\@MFI.cs(18,21): warning CS0436: The type 'Indicator' in 'C:\Mac\Home\Documents\NinjaTrader 8\bin\Custom\Indicators\@IchimokuCloud.cs' conflicts with the imported type 'Indicator' in 'NinjaTrader.Vendor, Version=8.1.6.0, Culture=neutral, PublicKeyToken=null'. Using the type defined in 'C:\Mac\Home\Documents\NinjaTrader 8\bin\Custom\Indicators\@IchimokuCloud.cs'. [C:\Mac\Home\Documents\NinjaTrader 8\bin\Custom\NinjaTrader.Custom.csproj]
C:\Mac\Home\Documents\NinjaTrader 8\bin\Custom\Indicators\@TMA.cs(16,21): warning CS0436: The type 'Indicator' in 'C:\Mac\Home\Documents\NinjaTrader 8\bin\Custom\Indicators\@IchimokuCloud.cs' conflicts with the imported type 'Indicator' in 'NinjaTrader.Vendor, Version=8.1.6.0, Culture=neutral, PublicKeyToken=null'. Using the type defined in 'C:\Mac\Home\Documents\NinjaTrader 8\bin\Custom\Indicators\@IchimokuCloud.cs'. [C:\Mac\Home\Documents\NinjaTrader 8\bin\Custom\NinjaTrader.Custom.csproj]
C:\Mac\Home\Documents\NinjaTrader 8\bin\Custom\Indicators\@MFI.cs(22,11): warning CS0436: The type 'SUM' in 'C:\Mac\Home\Documents\NinjaTrader 8\bin\Custom\Indicators\@SUM.cs' conflicts with the imported type 'SUM' in 'NinjaTrader.Vendor, Version=8.1.6.0, Culture=neutral, PublicKeyToken=null'. Using the type defined in 'C:\Mac\Home\Documents\NinjaTrader 8\bin\Custom\Indicators\@SUM.cs'. [C:\Mac\Home\Documents\NinjaTrader 8\bin\Custom\NinjaTrader.Custom.csproj]
C:\Mac\Home\Documents\NinjaTrader 8\bin\Custom\Indicators\@MFI.cs(23,11): warning CS0436: The type 'SUM' in 'C:\Mac\Home\Documents\NinjaTrader 8\bin\Custom\Indicators\@SUM.cs' conflicts with the imported type 'SUM' in 'NinjaTrader.Vendor, Version=8.1.6.0, Culture=neutral, PublicKeyToken=null'. Using the type defined in 'C:\Mac\Home\Documents\NinjaTrader 8\bin\Custom\Indicators\@SUM.cs'. [C:\Mac\Home\Documents\NinjaTrader 8\bin\Custom\NinjaTrader.Custom.csproj]
C:\Mac\Home\Documents\NinjaTrader 8\bin\Custom\Indicators\@TMA.cs(20,11): warning CS0436: The type 'SMA' in 'C:\Mac\Home\Documents\NinjaTrader 8\bin\Custom\Indicators\@SMA.cs' conflicts with the imported type 'SMA' in 'NinjaTrader.Vendor, Version=8.1.6.0, Culture=neutral, PublicKeyToken=null'. Using the type defined in 'C:\Mac\Home\Documents\NinjaTrader 8\bin\Custom\Indicators\@SMA.cs'. [C:\Mac\Home\Documents\NinjaTrader 8\bin\Custom\NinjaTrader.Custom.csproj]
C:\Mac\Home\Documents\NinjaTrader 8\bin\Custom\Indicators\@MIN.cs(17,21): warning CS0436: The type 'Indicator' in 'C:\Mac\Home\Documents\NinjaTrader 8\bin\Custom\Indicators\@IchimokuCloud.cs' conflicts with the imported type 'Indicator' in 'NinjaTrader.Vendor, Version=8.1.6.0, Culture=neutral, PublicKeyToken=null'. Using the type defined in 'C:\Mac\Home\Documents\NinjaTrader 8\bin\Custom\Indicators\@IchimokuCloud.cs'. [C:\Mac\Home\Documents\NinjaTrader 8\bin\Custom\NinjaTrader.Custom.csproj]
C:\Mac\Home\Documents\NinjaTrader 8\bin\Custom\Indicators\@TSI.cs(19,21): warning CS0436: The type 'Indicator' in 'C:\Mac\Home\Documents\NinjaTrader 8\bin\Custom\Indicators\@IchimokuCloud.cs' conflicts with the imported type 'Indicator' in 'NinjaTrader.Vendor, Version=8.1.6.0, Culture=neutral, PublicKeyToken=null'. Using the type defined in 'C:\Mac\Home\Documents\NinjaTrader 8\bin\Custom\Indicators\@IchimokuCloud.cs'. [C:\Mac\Home\Documents\NinjaTrader 8\bin\Custom\NinjaTrader.Custom.csproj]
C:\Mac\Home\Documents\NinjaTrader 8\bin\Custom\Indicators\@Momentum.cs(17,26): warning CS0436: The type 'Indicator' in 'C:\Mac\Home\Documents\NinjaTrader 8\bin\Custom\Indicators\@IchimokuCloud.cs' conflicts with the imported type 'Indicator' in 'NinjaTrader.Vendor, Version=8.1.6.0, Culture=neutral, PublicKeyToken=null'. Using the type defined in 'C:\Mac\Home\Documents\NinjaTrader 8\bin\Custom\Indicators\@IchimokuCloud.cs'. [C:\Mac\Home\Documents\NinjaTrader 8\bin\Custom\NinjaTrader.Custom.csproj]
C:\Mac\Home\Documents\NinjaTrader 8\bin\Custom\Indicators\@OBV.cs(20,21): warning CS0436: The type 'Indicator' in 'C:\Mac\Home\Documents\NinjaTrader 8\bin\Custom\Indicators\@IchimokuCloud.cs' conflicts with the imported type 'Indicator' in 'NinjaTrader.Vendor, Version=8.1.6.0, Culture=neutral, PublicKeyToken=null'. Using the type defined in 'C:\Mac\Home\Documents\NinjaTrader 8\bin\Custom\Indicators\@IchimokuCloud.cs'. [C:\Mac\Home\Documents\NinjaTrader 8\bin\Custom\NinjaTrader.Custom.csproj]
C:\Mac\Home\Documents\NinjaTrader 8\bin\Custom\Indicators\@VOL.cs(18,21): warning CS0436: The type 'Indicator' in 'C:\Mac\Home\Documents\NinjaTrader 8\bin\Custom\Indicators\@IchimokuCloud.cs' conflicts with the imported type 'Indicator' in 'NinjaTrader.Vendor, Version=8.1.6.0, Culture=neutral, PublicKeyToken=null'. Using the type defined in 'C:\Mac\Home\Documents\NinjaTrader 8\bin\Custom\Indicators\@IchimokuCloud.cs'. [C:\Mac\Home\Documents\NinjaTrader 8\bin\Custom\NinjaTrader.Custom.csproj]
C:\Mac\Home\Documents\NinjaTrader 8\bin\Custom\Indicators\@PriceOscillator.cs(16,33): warning CS0436: The type 'Indicator' in 'C:\Mac\Home\Documents\NinjaTrader 8\bin\Custom\Indicators\@IchimokuCloud.cs' conflicts with the imported type 'Indicator' in 'NinjaTrader.Vendor, Version=8.1.6.0, Culture=neutral, PublicKeyToken=null'. Using the type defined in 'C:\Mac\Home\Documents\NinjaTrader 8\bin\Custom\Indicators\@IchimokuCloud.cs'. [C:\Mac\Home\Documents\NinjaTrader 8\bin\Custom\NinjaTrader.Custom.csproj]
C:\Mac\Home\Documents\NinjaTrader 8\bin\Custom\Indicators\@WilliamsR.cs(16,27): warning CS0436: The type 'Indicator' in 'C:\Mac\Home\Documents\NinjaTrader 8\bin\Custom\Indicators\@IchimokuCloud.cs' conflicts with the imported type 'Indicator' in 'NinjaTrader.Vendor, Version=8.1.6.0, Culture=neutral, PublicKeyToken=null'. Using the type defined in 'C:\Mac\Home\Documents\NinjaTrader 8\bin\Custom\Indicators\@IchimokuCloud.cs'. [C:\Mac\Home\Documents\NinjaTrader 8\bin\Custom\NinjaTrader.Custom.csproj]
C:\Mac\Home\Documents\NinjaTrader 8\bin\Custom\Indicators\@PriceOscillator.cs(18,11): warning CS0436: The type 'EMA' in 'C:\Mac\Home\Documents\NinjaTrader 8\bin\Custom\Indicators\@EMA.cs' conflicts with the imported type 'EMA' in 'NinjaTrader.Vendor, Version=8.1.6.0, Culture=neutral, PublicKeyToken=null'. Using the type defined in 'C:\Mac\Home\Documents\NinjaTrader 8\bin\Custom\Indicators\@EMA.cs'. [C:\Mac\Home\Documents\NinjaTrader 8\bin\Custom\NinjaTrader.Custom.csproj]
C:\Mac\Home\Documents\NinjaTrader 8\bin\Custom\Indicators\@PriceOscillator.cs(19,11): warning CS0436: The type 'EMA' in 'C:\Mac\Home\Documents\NinjaTrader 8\bin\Custom\Indicators\@EMA.cs' conflicts with the imported type 'EMA' in 'NinjaTrader.Vendor, Version=8.1.6.0, Culture=neutral, PublicKeyToken=null'. Using the type defined in 'C:\Mac\Home\Documents\NinjaTrader 8\bin\Custom\Indicators\@EMA.cs'. [C:\Mac\Home\Documents\NinjaTrader 8\bin\Custom\NinjaTrader.Custom.csproj]
C:\Mac\Home\Documents\NinjaTrader 8\bin\Custom\Indicators\@PriceOscillator.cs(20,11): warning CS0436: The type 'EMA' in 'C:\Mac\Home\Documents\NinjaTrader 8\bin\Custom\Indicators\@EMA.cs' conflicts with the imported type 'EMA' in 'NinjaTrader.Vendor, Version=8.1.6.0, Culture=neutral, PublicKeyToken=null'. Using the type defined in 'C:\Mac\Home\Documents\NinjaTrader 8\bin\Custom\Indicators\@EMA.cs'. [C:\Mac\Home\Documents\NinjaTrader 8\bin\Custom\NinjaTrader.Custom.csproj]
C:\Mac\Home\Documents\NinjaTrader 8\bin\Custom\Indicators\@WMA.cs(19,21): warning CS0436: The type 'Indicator' in 'C:\Mac\Home\Documents\NinjaTrader 8\bin\Custom\Indicators\@IchimokuCloud.cs' conflicts with the imported type 'Indicator' in 'NinjaTrader.Vendor, Version=8.1.6.0, Culture=neutral, PublicKeyToken=null'. Using the type defined in 'C:\Mac\Home\Documents\NinjaTrader 8\bin\Custom\Indicators\@IchimokuCloud.cs'. [C:\Mac\Home\Documents\NinjaTrader 8\bin\Custom\NinjaTrader.Custom.csproj]
C:\Mac\Home\Documents\NinjaTrader 8\bin\Custom\Indicators\@PriorDayOHLC.cs(22,30): warning CS0436: The type 'Indicator' in 'C:\Mac\Home\Documents\NinjaTrader 8\bin\Custom\Indicators\@IchimokuCloud.cs' conflicts with the imported type 'Indicator' in 'NinjaTrader.Vendor, Version=8.1.6.0, Culture=neutral, PublicKeyToken=null'. Using the type defined in 'C:\Mac\Home\Documents\NinjaTrader 8\bin\Custom\Indicators\@IchimokuCloud.cs'. [C:\Mac\Home\Documents\NinjaTrader 8\bin\Custom\NinjaTrader.Custom.csproj]
C:\Mac\Home\Documents\NinjaTrader 8\bin\Custom\Indicators\@ADL.cs(21,21): warning CS0436: The type 'Indicator' in 'C:\Mac\Home\Documents\NinjaTrader 8\bin\Custom\Indicators\@IchimokuCloud.cs' conflicts with the imported type 'Indicator' in 'NinjaTrader.Vendor, Version=8.1.6.0, Culture=neutral, PublicKeyToken=null'. Using the type defined in 'C:\Mac\Home\Documents\NinjaTrader 8\bin\Custom\Indicators\@IchimokuCloud.cs'. [C:\Mac\Home\Documents\NinjaTrader 8\bin\Custom\NinjaTrader.Custom.csproj]
C:\Mac\Home\Documents\NinjaTrader 8\bin\Custom\Indicators\@ADXR.cs(19,22): warning CS0436: The type 'Indicator' in 'C:\Mac\Home\Documents\NinjaTrader 8\bin\Custom\Indicators\@IchimokuCloud.cs' conflicts with the imported type 'Indicator' in 'NinjaTrader.Vendor, Version=8.1.6.0, Culture=neutral, PublicKeyToken=null'. Using the type defined in 'C:\Mac\Home\Documents\NinjaTrader 8\bin\Custom\Indicators\@IchimokuCloud.cs'. [C:\Mac\Home\Documents\NinjaTrader 8\bin\Custom\NinjaTrader.Custom.csproj]
C:\Mac\Home\Documents\NinjaTrader 8\bin\Custom\Indicators\@BOP.cs(19,21): warning CS0436: The type 'Indicator' in 'C:\Mac\Home\Documents\NinjaTrader 8\bin\Custom\Indicators\@IchimokuCloud.cs' conflicts with the imported type 'Indicator' in 'NinjaTrader.Vendor, Version=8.1.6.0, Culture=neutral, PublicKeyToken=null'. Using the type defined in 'C:\Mac\Home\Documents\NinjaTrader 8\bin\Custom\Indicators\@IchimokuCloud.cs'. [C:\Mac\Home\Documents\NinjaTrader 8\bin\Custom\NinjaTrader.Custom.csproj]
C:\Mac\Home\Documents\NinjaTrader 8\bin\Custom\Indicators\@BOP.cs(22,11): warning CS0436: The type 'SMA' in 'C:\Mac\Home\Documents\NinjaTrader 8\bin\Custom\Indicators\@SMA.cs' conflicts with the imported type 'SMA' in 'NinjaTrader.Vendor, Version=8.1.6.0, Culture=neutral, PublicKeyToken=null'. Using the type defined in 'C:\Mac\Home\Documents\NinjaTrader 8\bin\Custom\Indicators\@SMA.cs'. [C:\Mac\Home\Documents\NinjaTrader 8\bin\Custom\NinjaTrader.Custom.csproj]
C:\Mac\Home\Documents\NinjaTrader 8\bin\Custom\DrawingTools\@ChartMarkers.cs(205,21): warning CS0436: The type 'ChartMarker' in 'C:\Mac\Home\Documents\NinjaTrader 8\bin\Custom\DrawingTools\@ChartMarkers.cs' conflicts with the imported type 'ChartMarker' in 'NinjaTrader.Vendor, Version=8.1.6.0, Culture=neutral, PublicKeyToken=null'. Using the type defined in 'C:\Mac\Home\Documents\NinjaTrader 8\bin\Custom\DrawingTools\@ChartMarkers.cs'. [C:\Mac\Home\Documents\NinjaTrader 8\bin\Custom\NinjaTrader.Custom.csproj]
C:\Mac\Home\Documents\NinjaTrader 8\bin\Custom\Indicators\@APZ.cs(21,21): warning CS0436: The type 'Indicator' in 'C:\Mac\Home\Documents\NinjaTrader 8\bin\Custom\Indicators\@IchimokuCloud.cs' conflicts with the imported type 'Indicator' in 'NinjaTrader.Vendor, Version=8.1.6.0, Culture=neutral, PublicKeyToken=null'. Using the type defined in 'C:\Mac\Home\Documents\NinjaTrader 8\bin\Custom\Indicators\@IchimokuCloud.cs'. [C:\Mac\Home\Documents\NinjaTrader 8\bin\Custom\NinjaTrader.Custom.csproj]
C:\Mac\Home\Documents\NinjaTrader 8\bin\Custom\Indicators\@APZ.cs(23,11): warning CS0436: The type 'EMA' in 'C:\Mac\Home\Documents\NinjaTrader 8\bin\Custom\Indicators\@EMA.cs' conflicts with the imported type 'EMA' in 'NinjaTrader.Vendor, Version=8.1.6.0, Culture=neutral, PublicKeyToken=null'. Using the type defined in 'C:\Mac\Home\Documents\NinjaTrader 8\bin\Custom\Indicators\@EMA.cs'. [C:\Mac\Home\Documents\NinjaTrader 8\bin\Custom\NinjaTrader.Custom.csproj]
C:\Mac\Home\Documents\NinjaTrader 8\bin\Custom\Indicators\@APZ.cs(24,11): warning CS0436: The type 'EMA' in 'C:\Mac\Home\Documents\NinjaTrader 8\bin\Custom\Indicators\@EMA.cs' conflicts with the imported type 'EMA' in 'NinjaTrader.Vendor, Version=8.1.6.0, Culture=neutral, PublicKeyToken=null'. Using the type defined in 'C:\Mac\Home\Documents\NinjaTrader 8\bin\Custom\Indicators\@EMA.cs'. [C:\Mac\Home\Documents\NinjaTrader 8\bin\Custom\NinjaTrader.Custom.csproj]
C:\Mac\Home\Documents\NinjaTrader 8\bin\Custom\Indicators\@ROC.cs(17,21): warning CS0436: The type 'Indicator' in 'C:\Mac\Home\Documents\NinjaTrader 8\bin\Custom\Indicators\@IchimokuCloud.cs' conflicts with the imported type 'Indicator' in 'NinjaTrader.Vendor, Version=8.1.6.0, Culture=neutral, PublicKeyToken=null'. Using the type defined in 'C:\Mac\Home\Documents\NinjaTrader 8\bin\Custom\Indicators\@IchimokuCloud.cs'. [C:\Mac\Home\Documents\NinjaTrader 8\bin\Custom\NinjaTrader.Custom.csproj]
C:\Mac\Home\Documents\NinjaTrader 8\bin\Custom\Indicators\@CMO.cs(20,21): warning CS0436: The type 'Indicator' in 'C:\Mac\Home\Documents\NinjaTrader 8\bin\Custom\Indicators\@IchimokuCloud.cs' conflicts with the imported type 'Indicator' in 'NinjaTrader.Vendor, Version=8.1.6.0, Culture=neutral, PublicKeyToken=null'. Using the type defined in 'C:\Mac\Home\Documents\NinjaTrader 8\bin\Custom\Indicators\@IchimokuCloud.cs'. [C:\Mac\Home\Documents\NinjaTrader 8\bin\Custom\NinjaTrader.Custom.csproj]
C:\Mac\Home\Documents\NinjaTrader 8\bin\Custom\Indicators\@ChaikinVolatility.cs(17,35): warning CS0436: The type 'Indicator' in 'C:\Mac\Home\Documents\NinjaTrader 8\bin\Custom\Indicators\@IchimokuCloud.cs' conflicts with the imported type 'Indicator' in 'NinjaTrader.Vendor, Version=8.1.6.0, Culture=neutral, PublicKeyToken=null'. Using the type defined in 'C:\Mac\Home\Documents\NinjaTrader 8\bin\Custom\Indicators\@IchimokuCloud.cs'. [C:\Mac\Home\Documents\NinjaTrader 8\bin\Custom\NinjaTrader.Custom.csproj]
C:\Mac\Home\Documents\NinjaTrader 8\bin\Custom\Indicators\@CMO.cs(24,11): warning CS0436: The type 'SUM' in 'C:\Mac\Home\Documents\NinjaTrader 8\bin\Custom\Indicators\@SUM.cs' conflicts with the imported type 'SUM' in 'NinjaTrader.Vendor, Version=8.1.6.0, Culture=neutral, PublicKeyToken=null'. Using the type defined in 'C:\Mac\Home\Documents\NinjaTrader 8\bin\Custom\Indicators\@SUM.cs'. [C:\Mac\Home\Documents\NinjaTrader 8\bin\Custom\NinjaTrader.Custom.csproj]
C:\Mac\Home\Documents\NinjaTrader 8\bin\Custom\Indicators\@CMO.cs(25,11): warning CS0436: The type 'SUM' in 'C:\Mac\Home\Documents\NinjaTrader 8\bin\Custom\Indicators\@SUM.cs' conflicts with the imported type 'SUM' in 'NinjaTrader.Vendor, Version=8.1.6.0, Culture=neutral, PublicKeyToken=null'. Using the type defined in 'C:\Mac\Home\Documents\NinjaTrader 8\bin\Custom\Indicators\@SUM.cs'. [C:\Mac\Home\Documents\NinjaTrader 8\bin\Custom\NinjaTrader.Custom.csproj]
C:\Mac\Home\Documents\NinjaTrader 8\bin\Custom\Indicators\@ChaikinVolatility.cs(19,11): warning CS0436: The type 'EMA' in 'C:\Mac\Home\Documents\NinjaTrader 8\bin\Custom\Indicators\@EMA.cs' conflicts with the imported type 'EMA' in 'NinjaTrader.Vendor, Version=8.1.6.0, Culture=neutral, PublicKeyToken=null'. Using the type defined in 'C:\Mac\Home\Documents\NinjaTrader 8\bin\Custom\Indicators\@EMA.cs'. [C:\Mac\Home\Documents\NinjaTrader 8\bin\Custom\NinjaTrader.Custom.csproj]
C:\Mac\Home\Documents\NinjaTrader 8\bin\Custom\Indicators\@ConstantLines.cs(21,31): warning CS0436: The type 'Indicator' in 'C:\Mac\Home\Documents\NinjaTrader 8\bin\Custom\Indicators\@IchimokuCloud.cs' conflicts with the imported type 'Indicator' in 'NinjaTrader.Vendor, Version=8.1.6.0, Culture=neutral, PublicKeyToken=null'. Using the type defined in 'C:\Mac\Home\Documents\NinjaTrader 8\bin\Custom\Indicators\@IchimokuCloud.cs'. [C:\Mac\Home\Documents\NinjaTrader 8\bin\Custom\NinjaTrader.Custom.csproj]
C:\Mac\Home\Documents\NinjaTrader 8\bin\Custom\Indicators\@NBarsUp.cs(19,25): warning CS0436: The type 'Indicator' in 'C:\Mac\Home\Documents\NinjaTrader 8\bin\Custom\Indicators\@IchimokuCloud.cs' conflicts with the imported type 'Indicator' in 'NinjaTrader.Vendor, Version=8.1.6.0, Culture=neutral, PublicKeyToken=null'. Using the type defined in 'C:\Mac\Home\Documents\NinjaTrader 8\bin\Custom\Indicators\@IchimokuCloud.cs'. [C:\Mac\Home\Documents\NinjaTrader 8\bin\Custom\NinjaTrader.Custom.csproj]
C:\Mac\Home\Documents\NinjaTrader 8\bin\Custom\Indicators\@TEMA.cs(16,22): warning CS0436: The type 'Indicator' in 'C:\Mac\Home\Documents\NinjaTrader 8\bin\Custom\Indicators\@IchimokuCloud.cs' conflicts with the imported type 'Indicator' in 'NinjaTrader.Vendor, Version=8.1.6.0, Culture=neutral, PublicKeyToken=null'. Using the type defined in 'C:\Mac\Home\Documents\NinjaTrader 8\bin\Custom\Indicators\@IchimokuCloud.cs'. [C:\Mac\Home\Documents\NinjaTrader 8\bin\Custom\NinjaTrader.Custom.csproj]
C:\Mac\Home\Documents\NinjaTrader 8\bin\Custom\Indicators\@MAEnvelopes.cs(22,29): warning CS0436: The type 'Indicator' in 'C:\Mac\Home\Documents\NinjaTrader 8\bin\Custom\Indicators\@IchimokuCloud.cs' conflicts with the imported type 'Indicator' in 'NinjaTrader.Vendor, Version=8.1.6.0, Culture=neutral, PublicKeyToken=null'. Using the type defined in 'C:\Mac\Home\Documents\NinjaTrader 8\bin\Custom\Indicators\@IchimokuCloud.cs'. [C:\Mac\Home\Documents\NinjaTrader 8\bin\Custom\NinjaTrader.Custom.csproj]
C:\Mac\Home\Documents\NinjaTrader 8\bin\Custom\Indicators\@TEMA.cs(18,11): warning CS0436: The type 'EMA' in 'C:\Mac\Home\Documents\NinjaTrader 8\bin\Custom\Indicators\@EMA.cs' conflicts with the imported type 'EMA' in 'NinjaTrader.Vendor, Version=8.1.6.0, Culture=neutral, PublicKeyToken=null'. Using the type defined in 'C:\Mac\Home\Documents\NinjaTrader 8\bin\Custom\Indicators\@EMA.cs'. [C:\Mac\Home\Documents\NinjaTrader 8\bin\Custom\NinjaTrader.Custom.csproj]
C:\Mac\Home\Documents\NinjaTrader 8\bin\Custom\Indicators\@TEMA.cs(19,11): warning CS0436: The type 'EMA' in 'C:\Mac\Home\Documents\NinjaTrader 8\bin\Custom\Indicators\@EMA.cs' conflicts with the imported type 'EMA' in 'NinjaTrader.Vendor, Version=8.1.6.0, Culture=neutral, PublicKeyToken=null'. Using the type defined in 'C:\Mac\Home\Documents\NinjaTrader 8\bin\Custom\Indicators\@EMA.cs'. [C:\Mac\Home\Documents\NinjaTrader 8\bin\Custom\NinjaTrader.Custom.csproj]
C:\Mac\Home\Documents\NinjaTrader 8\bin\Custom\Indicators\@TEMA.cs(20,11): warning CS0436: The type 'EMA' in 'C:\Mac\Home\Documents\NinjaTrader 8\bin\Custom\Indicators\@EMA.cs' conflicts with the imported type 'EMA' in 'NinjaTrader.Vendor, Version=8.1.6.0, Culture=neutral, PublicKeyToken=null'. Using the type defined in 'C:\Mac\Home\Documents\NinjaTrader 8\bin\Custom\Indicators\@EMA.cs'. [C:\Mac\Home\Documents\NinjaTrader 8\bin\Custom\NinjaTrader.Custom.csproj]
C:\Mac\Home\Documents\NinjaTrader 8\bin\Custom\Indicators\@DEMA.cs(16,22): warning CS0436: The type 'Indicator' in 'C:\Mac\Home\Documents\NinjaTrader 8\bin\Custom\Indicators\@IchimokuCloud.cs' conflicts with the imported type 'Indicator' in 'NinjaTrader.Vendor, Version=8.1.6.0, Culture=neutral, PublicKeyToken=null'. Using the type defined in 'C:\Mac\Home\Documents\NinjaTrader 8\bin\Custom\Indicators\@IchimokuCloud.cs'. [C:\Mac\Home\Documents\NinjaTrader 8\bin\Custom\NinjaTrader.Custom.csproj]
C:\Mac\Home\Documents\NinjaTrader 8\bin\Custom\Indicators\@DEMA.cs(18,11): warning CS0436: The type 'EMA' in 'C:\Mac\Home\Documents\NinjaTrader 8\bin\Custom\Indicators\@EMA.cs' conflicts with the imported type 'EMA' in 'NinjaTrader.Vendor, Version=8.1.6.0, Culture=neutral, PublicKeyToken=null'. Using the type defined in 'C:\Mac\Home\Documents\NinjaTrader 8\bin\Custom\Indicators\@EMA.cs'. [C:\Mac\Home\Documents\NinjaTrader 8\bin\Custom\NinjaTrader.Custom.csproj]
C:\Mac\Home\Documents\NinjaTrader 8\bin\Custom\Indicators\@DEMA.cs(19,11): warning CS0436: The type 'EMA' in 'C:\Mac\Home\Documents\NinjaTrader 8\bin\Custom\Indicators\@EMA.cs' conflicts with the imported type 'EMA' in 'NinjaTrader.Vendor, Version=8.1.6.0, Culture=neutral, PublicKeyToken=null'. Using the type defined in 'C:\Mac\Home\Documents\NinjaTrader 8\bin\Custom\Indicators\@EMA.cs'. [C:\Mac\Home\Documents\NinjaTrader 8\bin\Custom\NinjaTrader.Custom.csproj]
C:\Mac\Home\Documents\NinjaTrader 8\bin\Custom\Indicators\@VOLMA.cs(18,23): warning CS0436: The type 'Indicator' in 'C:\Mac\Home\Documents\NinjaTrader 8\bin\Custom\Indicators\@IchimokuCloud.cs' conflicts with the imported type 'Indicator' in 'NinjaTrader.Vendor, Version=8.1.6.0, Culture=neutral, PublicKeyToken=null'. Using the type defined in 'C:\Mac\Home\Documents\NinjaTrader 8\bin\Custom\Indicators\@IchimokuCloud.cs'. [C:\Mac\Home\Documents\NinjaTrader 8\bin\Custom\NinjaTrader.Custom.csproj]
C:\Mac\Home\Documents\NinjaTrader 8\bin\Custom\Indicators\@MAEnvelopes.cs(24,11): warning CS0436: The type 'EMA' in 'C:\Mac\Home\Documents\NinjaTrader 8\bin\Custom\Indicators\@EMA.cs' conflicts with the imported type 'EMA' in 'NinjaTrader.Vendor, Version=8.1.6.0, Culture=neutral, PublicKeyToken=null'. Using the type defined in 'C:\Mac\Home\Documents\NinjaTrader 8\bin\Custom\Indicators\@EMA.cs'. [C:\Mac\Home\Documents\NinjaTrader 8\bin\Custom\NinjaTrader.Custom.csproj]
C:\Mac\Home\Documents\NinjaTrader 8\bin\Custom\Indicators\@MAEnvelopes.cs(26,11): warning CS0436: The type 'SMA' in 'C:\Mac\Home\Documents\NinjaTrader 8\bin\Custom\Indicators\@SMA.cs' conflicts with the imported type 'SMA' in 'NinjaTrader.Vendor, Version=8.1.6.0, Culture=neutral, PublicKeyToken=null'. Using the type defined in 'C:\Mac\Home\Documents\NinjaTrader 8\bin\Custom\Indicators\@SMA.cs'. [C:\Mac\Home\Documents\NinjaTrader 8\bin\Custom\NinjaTrader.Custom.csproj]
C:\Mac\Home\Documents\NinjaTrader 8\bin\Custom\Indicators\@VOLMA.cs(20,11): warning CS0436: The type 'EMA' in 'C:\Mac\Home\Documents\NinjaTrader 8\bin\Custom\Indicators\@EMA.cs' conflicts with the imported type 'EMA' in 'NinjaTrader.Vendor, Version=8.1.6.0, Culture=neutral, PublicKeyToken=null'. Using the type defined in 'C:\Mac\Home\Documents\NinjaTrader 8\bin\Custom\Indicators\@EMA.cs'. [C:\Mac\Home\Documents\NinjaTrader 8\bin\Custom\NinjaTrader.Custom.csproj]
C:\Mac\Home\Documents\NinjaTrader 8\bin\Custom\Indicators\@DM.cs(24,20): warning CS0436: The type 'Indicator' in 'C:\Mac\Home\Documents\NinjaTrader 8\bin\Custom\Indicators\@IchimokuCloud.cs' conflicts with the imported type 'Indicator' in 'NinjaTrader.Vendor, Version=8.1.6.0, Culture=neutral, PublicKeyToken=null'. Using the type defined in 'C:\Mac\Home\Documents\NinjaTrader 8\bin\Custom\Indicators\@IchimokuCloud.cs'. [C:\Mac\Home\Documents\NinjaTrader 8\bin\Custom\NinjaTrader.Custom.csproj]
C:\Mac\Home\Documents\NinjaTrader 8\bin\Custom\Indicators\@VolumeOscillator.cs(24,34): warning CS0436: The type 'Indicator' in 'C:\Mac\Home\Documents\NinjaTrader 8\bin\Custom\Indicators\@IchimokuCloud.cs' conflicts with the imported type 'Indicator' in 'NinjaTrader.Vendor, Version=8.1.6.0, Culture=neutral, PublicKeyToken=null'. Using the type defined in 'C:\Mac\Home\Documents\NinjaTrader 8\bin\Custom\Indicators\@IchimokuCloud.cs'. [C:\Mac\Home\Documents\NinjaTrader 8\bin\Custom\NinjaTrader.Custom.csproj]
C:\Mac\Home\Documents\NinjaTrader 8\bin\Custom\Indicators\@VolumeOscillator.cs(26,11): warning CS0436: The type 'SMA' in 'C:\Mac\Home\Documents\NinjaTrader 8\bin\Custom\Indicators\@SMA.cs' conflicts with the imported type 'SMA' in 'NinjaTrader.Vendor, Version=8.1.6.0, Culture=neutral, PublicKeyToken=null'. Using the type defined in 'C:\Mac\Home\Documents\NinjaTrader 8\bin\Custom\Indicators\@SMA.cs'. [C:\Mac\Home\Documents\NinjaTrader 8\bin\Custom\NinjaTrader.Custom.csproj]
C:\Mac\Home\Documents\NinjaTrader 8\bin\Custom\Indicators\@VolumeOscillator.cs(27,11): warning CS0436: The type 'SMA' in 'C:\Mac\Home\Documents\NinjaTrader 8\bin\Custom\Indicators\@SMA.cs' conflicts with the imported type 'SMA' in 'NinjaTrader.Vendor, Version=8.1.6.0, Culture=neutral, PublicKeyToken=null'. Using the type defined in 'C:\Mac\Home\Documents\NinjaTrader 8\bin\Custom\Indicators\@SMA.cs'. [C:\Mac\Home\Documents\NinjaTrader 8\bin\Custom\NinjaTrader.Custom.csproj]
C:\Mac\Home\Documents\NinjaTrader 8\bin\Custom\Indicators\@VROC.cs(21,22): warning CS0436: The type 'Indicator' in 'C:\Mac\Home\Documents\NinjaTrader 8\bin\Custom\Indicators\@IchimokuCloud.cs' conflicts with the imported type 'Indicator' in 'NinjaTrader.Vendor, Version=8.1.6.0, Culture=neutral, PublicKeyToken=null'. Using the type defined in 'C:\Mac\Home\Documents\NinjaTrader 8\bin\Custom\Indicators\@IchimokuCloud.cs'. [C:\Mac\Home\Documents\NinjaTrader 8\bin\Custom\NinjaTrader.Custom.csproj]
C:\Mac\Home\Documents\NinjaTrader 8\bin\Custom\Indicators\@DoubleStochastics.cs(20,35): warning CS0436: The type 'Indicator' in 'C:\Mac\Home\Documents\NinjaTrader 8\bin\Custom\Indicators\@IchimokuCloud.cs' conflicts with the imported type 'Indicator' in 'NinjaTrader.Vendor, Version=8.1.6.0, Culture=neutral, PublicKeyToken=null'. Using the type defined in 'C:\Mac\Home\Documents\NinjaTrader 8\bin\Custom\Indicators\@IchimokuCloud.cs'. [C:\Mac\Home\Documents\NinjaTrader 8\bin\Custom\NinjaTrader.Custom.csproj]
C:\Mac\Home\Documents\NinjaTrader 8\bin\Custom\Indicators\@VROC.cs(24,11): warning CS0436: The type 'SMA' in 'C:\Mac\Home\Documents\NinjaTrader 8\bin\Custom\Indicators\@SMA.cs' conflicts with the imported type 'SMA' in 'NinjaTrader.Vendor, Version=8.1.6.0, Culture=neutral, PublicKeyToken=null'. Using the type defined in 'C:\Mac\Home\Documents\NinjaTrader 8\bin\Custom\Indicators\@SMA.cs'. [C:\Mac\Home\Documents\NinjaTrader 8\bin\Custom\NinjaTrader.Custom.csproj]
C:\Mac\Home\Documents\NinjaTrader 8\bin\Custom\Indicators\@DoubleStochastics.cs(22,11): warning CS0436: The type 'EMA' in 'C:\Mac\Home\Documents\NinjaTrader 8\bin\Custom\Indicators\@EMA.cs' conflicts with the imported type 'EMA' in 'NinjaTrader.Vendor, Version=8.1.6.0, Culture=neutral, PublicKeyToken=null'. Using the type defined in 'C:\Mac\Home\Documents\NinjaTrader 8\bin\Custom\Indicators\@EMA.cs'. [C:\Mac\Home\Documents\NinjaTrader 8\bin\Custom\NinjaTrader.Custom.csproj]
C:\Mac\Home\Documents\NinjaTrader 8\bin\Custom\Indicators\@DoubleStochastics.cs(23,11): warning CS0436: The type 'EMA' in 'C:\Mac\Home\Documents\NinjaTrader 8\bin\Custom\Indicators\@EMA.cs' conflicts with the imported type 'EMA' in 'NinjaTrader.Vendor, Version=8.1.6.0, Culture=neutral, PublicKeyToken=null'. Using the type defined in 'C:\Mac\Home\Documents\NinjaTrader 8\bin\Custom\Indicators\@EMA.cs'. [C:\Mac\Home\Documents\NinjaTrader 8\bin\Custom\NinjaTrader.Custom.csproj]
C:\Mac\Home\Documents\NinjaTrader 8\bin\Custom\Indicators\@VWMA.cs(23,22): warning CS0436: The type 'Indicator' in 'C:\Mac\Home\Documents\NinjaTrader 8\bin\Custom\Indicators\@IchimokuCloud.cs' conflicts with the imported type 'Indicator' in 'NinjaTrader.Vendor, Version=8.1.6.0, Culture=neutral, PublicKeyToken=null'. Using the type defined in 'C:\Mac\Home\Documents\NinjaTrader 8\bin\Custom\Indicators\@IchimokuCloud.cs'. [C:\Mac\Home\Documents\NinjaTrader 8\bin\Custom\NinjaTrader.Custom.csproj]
C:\Mac\Home\Documents\NinjaTrader 8\bin\Custom\Indicators\@ParabolicSAR.cs(18,30): warning CS0436: The type 'Indicator' in 'C:\Mac\Home\Documents\NinjaTrader 8\bin\Custom\Indicators\@IchimokuCloud.cs' conflicts with the imported type 'Indicator' in 'NinjaTrader.Vendor, Version=8.1.6.0, Culture=neutral, PublicKeyToken=null'. Using the type defined in 'C:\Mac\Home\Documents\NinjaTrader 8\bin\Custom\Indicators\@IchimokuCloud.cs'. [C:\Mac\Home\Documents\NinjaTrader 8\bin\Custom\NinjaTrader.Custom.csproj]
C:\Mac\Home\Documents\NinjaTrader 8\bin\Custom\Indicators\@EaseOfMovement.cs(23,32): warning CS0436: The type 'Indicator' in 'C:\Mac\Home\Documents\NinjaTrader 8\bin\Custom\Indicators\@IchimokuCloud.cs' conflicts with the imported type 'Indicator' in 'NinjaTrader.Vendor, Version=8.1.6.0, Culture=neutral, PublicKeyToken=null'. Using the type defined in 'C:\Mac\Home\Documents\NinjaTrader 8\bin\Custom\Indicators\@IchimokuCloud.cs'. [C:\Mac\Home\Documents\NinjaTrader 8\bin\Custom\NinjaTrader.Custom.csproj]
C:\Mac\Home\Documents\NinjaTrader 8\bin\Custom\Indicators\@ZLEMA.cs(17,23): warning CS0436: The type 'Indicator' in 'C:\Mac\Home\Documents\NinjaTrader 8\bin\Custom\Indicators\@IchimokuCloud.cs' conflicts with the imported type 'Indicator' in 'NinjaTrader.Vendor, Version=8.1.6.0, Culture=neutral, PublicKeyToken=null'. Using the type defined in 'C:\Mac\Home\Documents\NinjaTrader 8\bin\Custom\Indicators\@IchimokuCloud.cs'. [C:\Mac\Home\Documents\NinjaTrader 8\bin\Custom\NinjaTrader.Custom.csproj]
C:\Mac\Home\Documents\NinjaTrader 8\bin\Custom\Indicators\@EaseOfMovement.cs(25,11): warning CS0436: The type 'EMA' in 'C:\Mac\Home\Documents\NinjaTrader 8\bin\Custom\Indicators\@EMA.cs' conflicts with the imported type 'EMA' in 'NinjaTrader.Vendor, Version=8.1.6.0, Culture=neutral, PublicKeyToken=null'. Using the type defined in 'C:\Mac\Home\Documents\NinjaTrader 8\bin\Custom\Indicators\@EMA.cs'. [C:\Mac\Home\Documents\NinjaTrader 8\bin\Custom\NinjaTrader.Custom.csproj]
C:\Mac\Home\Documents\NinjaTrader 8\bin\Custom\Indicators\@ZigZag.cs(25,24): warning CS0436: The type 'Indicator' in 'C:\Mac\Home\Documents\NinjaTrader 8\bin\Custom\Indicators\@IchimokuCloud.cs' conflicts with the imported type 'Indicator' in 'NinjaTrader.Vendor, Version=8.1.6.0, Culture=neutral, PublicKeyToken=null'. Using the type defined in 'C:\Mac\Home\Documents\NinjaTrader 8\bin\Custom\Indicators\@IchimokuCloud.cs'. [C:\Mac\Home\Documents\NinjaTrader 8\bin\Custom\NinjaTrader.Custom.csproj]
C:\Mac\Home\Documents\NinjaTrader 8\bin\Custom\Indicators\@BuySellPressure.cs(22,33): warning CS0436: The type 'Indicator' in 'C:\Mac\Home\Documents\NinjaTrader 8\bin\Custom\Indicators\@IchimokuCloud.cs' conflicts with the imported type 'Indicator' in 'NinjaTrader.Vendor, Version=8.1.6.0, Culture=neutral, PublicKeyToken=null'. Using the type defined in 'C:\Mac\Home\Documents\NinjaTrader 8\bin\Custom\Indicators\@IchimokuCloud.cs'. [C:\Mac\Home\Documents\NinjaTrader 8\bin\Custom\NinjaTrader.Custom.csproj]
C:\Mac\Home\Documents\NinjaTrader 8\bin\Custom\Indicators\@TSF.cs(20,21): warning CS0436: The type 'Indicator' in 'C:\Mac\Home\Documents\NinjaTrader 8\bin\Custom\Indicators\@IchimokuCloud.cs' conflicts with the imported type 'Indicator' in 'NinjaTrader.Vendor, Version=8.1.6.0, Culture=neutral, PublicKeyToken=null'. Using the type defined in 'C:\Mac\Home\Documents\NinjaTrader 8\bin\Custom\Indicators\@IchimokuCloud.cs'. [C:\Mac\Home\Documents\NinjaTrader 8\bin\Custom\NinjaTrader.Custom.csproj]
C:\Mac\Home\Documents\NinjaTrader 8\bin\Custom\Indicators\@@CBASTestingIndicator1.cs(10,42): warning CS0436: The type 'Indicator' in 'C:\Mac\Home\Documents\NinjaTrader 8\bin\Custom\Indicators\@IchimokuCloud.cs' conflicts with the imported type 'Indicator' in 'NinjaTrader.Vendor, Version=8.1.6.0, Culture=neutral, PublicKeyToken=null'. Using the type defined in 'C:\Mac\Home\Documents\NinjaTrader 8\bin\Custom\Indicators\@IchimokuCloud.cs'. [C:\Mac\Home\Documents\NinjaTrader 8\bin\Custom\NinjaTrader.Custom.csproj]
C:\Mac\Home\Documents\NinjaTrader 8\bin\Custom\Indicators\@TSF.cs(33,11): warning CS0436: The type 'SUM' in 'C:\Mac\Home\Documents\NinjaTrader 8\bin\Custom\Indicators\@SUM.cs' conflicts with the imported type 'SUM' in 'NinjaTrader.Vendor, Version=8.1.6.0, Culture=neutral, PublicKeyToken=null'. Using the type defined in 'C:\Mac\Home\Documents\NinjaTrader 8\bin\Custom\Indicators\@SUM.cs'. [C:\Mac\Home\Documents\NinjaTrader 8\bin\Custom\NinjaTrader.Custom.csproj]
C:\Mac\Home\Documents\NinjaTrader 8\bin\Custom\Indicators\@PFE.cs(18,21): warning CS0436: The type 'Indicator' in 'C:\Mac\Home\Documents\NinjaTrader 8\bin\Custom\Indicators\@IchimokuCloud.cs' conflicts with the imported type 'Indicator' in 'NinjaTrader.Vendor, Version=8.1.6.0, Culture=neutral, PublicKeyToken=null'. Using the type defined in 'C:\Mac\Home\Documents\NinjaTrader 8\bin\Custom\Indicators\@IchimokuCloud.cs'. [C:\Mac\Home\Documents\NinjaTrader 8\bin\Custom\NinjaTrader.Custom.csproj]
C:\Mac\Home\Documents\NinjaTrader 8\bin\Custom\Indicators\@PFE.cs(21,11): warning CS0436: The type 'EMA' in 'C:\Mac\Home\Documents\NinjaTrader 8\bin\Custom\Indicators\@EMA.cs' conflicts with the imported type 'EMA' in 'NinjaTrader.Vendor, Version=8.1.6.0, Culture=neutral, PublicKeyToken=null'. Using the type defined in 'C:\Mac\Home\Documents\NinjaTrader 8\bin\Custom\Indicators\@EMA.cs'. [C:\Mac\Home\Documents\NinjaTrader 8\bin\Custom\NinjaTrader.Custom.csproj]
C:\Mac\Home\Documents\NinjaTrader 8\bin\Custom\Indicators\@@CBASTestingIndicator1.cs(51,13): warning CS0436: The type 'EMA' in 'C:\Mac\Home\Documents\NinjaTrader 8\bin\Custom\Indicators\@EMA.cs' conflicts with the imported type 'EMA' in 'NinjaTrader.Vendor, Version=8.1.6.0, Culture=neutral, PublicKeyToken=null'. Using the type defined in 'C:\Mac\Home\Documents\NinjaTrader 8\bin\Custom\Indicators\@EMA.cs'. [C:\Mac\Home\Documents\NinjaTrader 8\bin\Custom\NinjaTrader.Custom.csproj]
C:\Mac\Home\Documents\NinjaTrader 8\bin\Custom\Indicators\@@CBASTestingIndicator1.cs(53,13): warning CS0436: The type 'EMA' in 'C:\Mac\Home\Documents\NinjaTrader 8\bin\Custom\Indicators\@EMA.cs' conflicts with the imported type 'EMA' in 'NinjaTrader.Vendor, Version=8.1.6.0, Culture=neutral, PublicKeyToken=null'. Using the type defined in 'C:\Mac\Home\Documents\NinjaTrader 8\bin\Custom\Indicators\@EMA.cs'. [C:\Mac\Home\Documents\NinjaTrader 8\bin\Custom\NinjaTrader.Custom.csproj]
C:\Mac\Home\Documents\NinjaTrader 8\bin\Custom\Indicators\@@CBASTestingIndicator1.cs(54,13): warning CS0436: The type 'EMA' in 'C:\Mac\Home\Documents\NinjaTrader 8\bin\Custom\Indicators\@EMA.cs' conflicts with the imported type 'EMA' in 'NinjaTrader.Vendor, Version=8.1.6.0, Culture=neutral, PublicKeyToken=null'. Using the type defined in 'C:\Mac\Home\Documents\NinjaTrader 8\bin\Custom\Indicators\@EMA.cs'. [C:\Mac\Home\Documents\NinjaTrader 8\bin\Custom\NinjaTrader.Custom.csproj]
C:\Mac\Home\Documents\NinjaTrader 8\bin\Custom\Indicators\@@CBASTestingIndicator1.cs(58,13): warning CS0436: The type 'SMA' in 'C:\Mac\Home\Documents\NinjaTrader 8\bin\Custom\Indicators\@SMA.cs' conflicts with the imported type 'SMA' in 'NinjaTrader.Vendor, Version=8.1.6.0, Culture=neutral, PublicKeyToken=null'. Using the type defined in 'C:\Mac\Home\Documents\NinjaTrader 8\bin\Custom\Indicators\@SMA.cs'. [C:\Mac\Home\Documents\NinjaTrader 8\bin\Custom\NinjaTrader.Custom.csproj]
C:\Mac\Home\Documents\NinjaTrader 8\bin\Custom\Indicators\@DMIndex.cs(20,25): warning CS0436: The type 'Indicator' in 'C:\Mac\Home\Documents\NinjaTrader 8\bin\Custom\Indicators\@IchimokuCloud.cs' conflicts with the imported type 'Indicator' in 'NinjaTrader.Vendor, Version=8.1.6.0, Culture=neutral, PublicKeyToken=null'. Using the type defined in 'C:\Mac\Home\Documents\NinjaTrader 8\bin\Custom\Indicators\@IchimokuCloud.cs'. [C:\Mac\Home\Documents\NinjaTrader 8\bin\Custom\NinjaTrader.Custom.csproj]
C:\Mac\Home\Documents\NinjaTrader 8\bin\Custom\Indicators\@DMIndex.cs(22,11): warning CS0436: The type 'SMA' in 'C:\Mac\Home\Documents\NinjaTrader 8\bin\Custom\Indicators\@SMA.cs' conflicts with the imported type 'SMA' in 'NinjaTrader.Vendor, Version=8.1.6.0, Culture=neutral, PublicKeyToken=null'. Using the type defined in 'C:\Mac\Home\Documents\NinjaTrader 8\bin\Custom\Indicators\@SMA.cs'. [C:\Mac\Home\Documents\NinjaTrader 8\bin\Custom\NinjaTrader.Custom.csproj]
C:\Mac\Home\Documents\NinjaTrader 8\bin\Custom\Indicators\EMAGradientPair.cs(11,36): warning CS0436: The type 'Indicator' in 'C:\Mac\Home\Documents\NinjaTrader 8\bin\Custom\Indicators\@IchimokuCloud.cs' conflicts with the imported type 'Indicator' in 'NinjaTrader.Vendor, Version=8.1.6.0, Culture=neutral, PublicKeyToken=null'. Using the type defined in 'C:\Mac\Home\Documents\NinjaTrader 8\bin\Custom\Indicators\@IchimokuCloud.cs'. [C:\Mac\Home\Documents\NinjaTrader 8\bin\Custom\NinjaTrader.Custom.csproj]
C:\Mac\Home\Documents\NinjaTrader 8\bin\Custom\Indicators\EMAGradientPair.cs(13,17): warning CS0436: The type 'EMA' in 'C:\Mac\Home\Documents\NinjaTrader 8\bin\Custom\Indicators\@EMA.cs' conflicts with the imported type 'EMA' in 'NinjaTrader.Vendor, Version=8.1.6.0, Culture=neutral, PublicKeyToken=null'. Using the type defined in 'C:\Mac\Home\Documents\NinjaTrader 8\bin\Custom\Indicators\@EMA.cs'. [C:\Mac\Home\Documents\NinjaTrader 8\bin\Custom\NinjaTrader.Custom.csproj]
C:\Mac\Home\Documents\NinjaTrader 8\bin\Custom\Indicators\@FOSC.cs(29,22): warning CS0436: The type 'Indicator' in 'C:\Mac\Home\Documents\NinjaTrader 8\bin\Custom\Indicators\@IchimokuCloud.cs' conflicts with the imported type 'Indicator' in 'NinjaTrader.Vendor, Version=8.1.6.0, Culture=neutral, PublicKeyToken=null'. Using the type defined in 'C:\Mac\Home\Documents\NinjaTrader 8\bin\Custom\Indicators\@IchimokuCloud.cs'. [C:\Mac\Home\Documents\NinjaTrader 8\bin\Custom\NinjaTrader.Custom.csproj]
C:\Mac\Home\Documents\NinjaTrader 8\bin\Custom\Indicators\@PPO.cs(20,21): warning CS0436: The type 'Indicator' in 'C:\Mac\Home\Documents\NinjaTrader 8\bin\Custom\Indicators\@IchimokuCloud.cs' conflicts with the imported type 'Indicator' in 'NinjaTrader.Vendor, Version=8.1.6.0, Culture=neutral, PublicKeyToken=null'. Using the type defined in 'C:\Mac\Home\Documents\NinjaTrader 8\bin\Custom\Indicators\@IchimokuCloud.cs'. [C:\Mac\Home\Documents\NinjaTrader 8\bin\Custom\NinjaTrader.Custom.csproj]
C:\Mac\Home\Documents\NinjaTrader 8\bin\Custom\Indicators\EMAGradientPair.cs(14,17): warning CS0436: The type 'EMA' in 'C:\Mac\Home\Documents\NinjaTrader 8\bin\Custom\Indicators\@EMA.cs' conflicts with the imported type 'EMA' in 'NinjaTrader.Vendor, Version=8.1.6.0, Culture=neutral, PublicKeyToken=null'. Using the type defined in 'C:\Mac\Home\Documents\NinjaTrader 8\bin\Custom\Indicators\@EMA.cs'. [C:\Mac\Home\Documents\NinjaTrader 8\bin\Custom\NinjaTrader.Custom.csproj]
C:\Mac\Home\Documents\NinjaTrader 8\bin\Custom\Indicators\SecondsLeftOnBar.cs(16,37): warning CS0436: The type 'Indicator' in 'C:\Mac\Home\Documents\NinjaTrader 8\bin\Custom\Indicators\@IchimokuCloud.cs' conflicts with the imported type 'Indicator' in 'NinjaTrader.Vendor, Version=8.1.6.0, Culture=neutral, PublicKeyToken=null'. Using the type defined in 'C:\Mac\Home\Documents\NinjaTrader 8\bin\Custom\Indicators\@IchimokuCloud.cs'. [C:\Mac\Home\Documents\NinjaTrader 8\bin\Custom\NinjaTrader.Custom.csproj]
C:\Mac\Home\Documents\NinjaTrader 8\bin\Custom\Indicators\@HMA.cs(20,21): warning CS0436: The type 'Indicator' in 'C:\Mac\Home\Documents\NinjaTrader 8\bin\Custom\Indicators\@IchimokuCloud.cs' conflicts with the imported type 'Indicator' in 'NinjaTrader.Vendor, Version=8.1.6.0, Culture=neutral, PublicKeyToken=null'. Using the type defined in 'C:\Mac\Home\Documents\NinjaTrader 8\bin\Custom\Indicators\@IchimokuCloud.cs'. [C:\Mac\Home\Documents\NinjaTrader 8\bin\Custom\NinjaTrader.Custom.csproj]
C:\Mac\Home\Documents\NinjaTrader 8\bin\Custom\Indicators\@RSI.cs(27,11): warning CS0436: The type 'SMA' in 'C:\Mac\Home\Documents\NinjaTrader 8\bin\Custom\Indicators\@SMA.cs' conflicts with the imported type 'SMA' in 'NinjaTrader.Vendor, Version=8.1.6.0, Culture=neutral, PublicKeyToken=null'. Using the type defined in 'C:\Mac\Home\Documents\NinjaTrader 8\bin\Custom\Indicators\@SMA.cs'. [C:\Mac\Home\Documents\NinjaTrader 8\bin\Custom\NinjaTrader.Custom.csproj]
C:\Mac\Home\Documents\NinjaTrader 8\bin\Custom\Indicators\@RSI.cs(28,11): warning CS0436: The type 'SMA' in 'C:\Mac\Home\Documents\NinjaTrader 8\bin\Custom\Indicators\@SMA.cs' conflicts with the imported type 'SMA' in 'NinjaTrader.Vendor, Version=8.1.6.0, Culture=neutral, PublicKeyToken=null'. Using the type defined in 'C:\Mac\Home\Documents\NinjaTrader 8\bin\Custom\Indicators\@SMA.cs'. [C:\Mac\Home\Documents\NinjaTrader 8\bin\Custom\NinjaTrader.Custom.csproj]
C:\Mac\Home\Documents\NinjaTrader 8\bin\Custom\Indicators\@KAMA.cs(20,22): warning CS0436: The type 'Indicator' in 'C:\Mac\Home\Documents\NinjaTrader 8\bin\Custom\Indicators\@IchimokuCloud.cs' conflicts with the imported type 'Indicator' in 'NinjaTrader.Vendor, Version=8.1.6.0, Culture=neutral, PublicKeyToken=null'. Using the type defined in 'C:\Mac\Home\Documents\NinjaTrader 8\bin\Custom\Indicators\@IchimokuCloud.cs'. [C:\Mac\Home\Documents\NinjaTrader 8\bin\Custom\NinjaTrader.Custom.csproj]
C:\Mac\Home\Documents\NinjaTrader 8\bin\Custom\Indicators\CBASTestingIndicator2.cs(12,42): warning CS0436: The type 'Indicator' in 'C:\Mac\Home\Documents\NinjaTrader 8\bin\Custom\Indicators\@IchimokuCloud.cs' conflicts with the imported type 'Indicator' in 'NinjaTrader.Vendor, Version=8.1.6.0, Culture=neutral, PublicKeyToken=null'. Using the type defined in 'C:\Mac\Home\Documents\NinjaTrader 8\bin\Custom\Indicators\@IchimokuCloud.cs'. [C:\Mac\Home\Documents\NinjaTrader 8\bin\Custom\NinjaTrader.Custom.csproj]
C:\Mac\Home\Documents\NinjaTrader 8\bin\Custom\Indicators\@KAMA.cs(25,11): warning CS0436: The type 'SUM' in 'C:\Mac\Home\Documents\NinjaTrader 8\bin\Custom\Indicators\@SUM.cs' conflicts with the imported type 'SUM' in 'NinjaTrader.Vendor, Version=8.1.6.0, Culture=neutral, PublicKeyToken=null'. Using the type defined in 'C:\Mac\Home\Documents\NinjaTrader 8\bin\Custom\Indicators\@SUM.cs'. [C:\Mac\Home\Documents\NinjaTrader 8\bin\Custom\NinjaTrader.Custom.csproj]
C:\Mac\Home\Documents\NinjaTrader 8\bin\Custom\Indicators\CBASTestingIndicator2.cs(53,9): warning CS0436: The type 'EMA' in 'C:\Mac\Home\Documents\NinjaTrader 8\bin\Custom\Indicators\@EMA.cs' conflicts with the imported type 'EMA' in 'NinjaTrader.Vendor, Version=8.1.6.0, Culture=neutral, PublicKeyToken=null'. Using the type defined in 'C:\Mac\Home\Documents\NinjaTrader 8\bin\Custom\Indicators\@EMA.cs'. [C:\Mac\Home\Documents\NinjaTrader 8\bin\Custom\NinjaTrader.Custom.csproj]
C:\Mac\Home\Documents\NinjaTrader 8\bin\Custom\Indicators\CBASTestingIndicator2.cs(55,9): warning CS0436: The type 'EMA' in 'C:\Mac\Home\Documents\NinjaTrader 8\bin\Custom\Indicators\@EMA.cs' conflicts with the imported type 'EMA' in 'NinjaTrader.Vendor, Version=8.1.6.0, Culture=neutral, PublicKeyToken=null'. Using the type defined in 'C:\Mac\Home\Documents\NinjaTrader 8\bin\Custom\Indicators\@EMA.cs'. [C:\Mac\Home\Documents\NinjaTrader 8\bin\Custom\NinjaTrader.Custom.csproj]
C:\Mac\Home\Documents\NinjaTrader 8\bin\Custom\Indicators\CBASTestingIndicator2.cs(56,9): warning CS0436: The type 'EMA' in 'C:\Mac\Home\Documents\NinjaTrader 8\bin\Custom\Indicators\@EMA.cs' conflicts with the imported type 'EMA' in 'NinjaTrader.Vendor, Version=8.1.6.0, Culture=neutral, PublicKeyToken=null'. Using the type defined in 'C:\Mac\Home\Documents\NinjaTrader 8\bin\Custom\Indicators\@EMA.cs'. [C:\Mac\Home\Documents\NinjaTrader 8\bin\Custom\NinjaTrader.Custom.csproj]
C:\Mac\Home\Documents\NinjaTrader 8\bin\Custom\Indicators\CBASTestingIndicator2.cs(60,9): warning CS0436: The type 'SMA' in 'C:\Mac\Home\Documents\NinjaTrader 8\bin\Custom\Indicators\@SMA.cs' conflicts with the imported type 'SMA' in 'NinjaTrader.Vendor, Version=8.1.6.0, Culture=neutral, PublicKeyToken=null'. Using the type defined in 'C:\Mac\Home\Documents\NinjaTrader 8\bin\Custom\Indicators\@SMA.cs'. [C:\Mac\Home\Documents\NinjaTrader 8\bin\Custom\NinjaTrader.Custom.csproj]
C:\Mac\Home\Documents\NinjaTrader 8\bin\Custom\Strategies\GradientSlopeStrategy.cs(30,42): warning CS0436: The type 'Strategy' in 'C:\Mac\Home\Documents\NinjaTrader 8\bin\Custom\Indicators\@IchimokuCloud.cs' conflicts with the imported type 'Strategy' in 'NinjaTrader.Vendor, Version=8.1.6.0, Culture=neutral, PublicKeyToken=null'. Using the type defined in 'C:\Mac\Home\Documents\NinjaTrader 8\bin\Custom\Indicators\@IchimokuCloud.cs'. [C:\Mac\Home\Documents\NinjaTrader 8\bin\Custom\NinjaTrader.Custom.csproj]
C:\Mac\Home\Documents\NinjaTrader 8\bin\Custom\Indicators\@KeyReversalDown.cs(16,33): warning CS0436: The type 'Indicator' in 'C:\Mac\Home\Documents\NinjaTrader 8\bin\Custom\Indicators\@IchimokuCloud.cs' conflicts with the imported type 'Indicator' in 'NinjaTrader.Vendor, Version=8.1.6.0, Culture=neutral, PublicKeyToken=null'. Using the type defined in 'C:\Mac\Home\Documents\NinjaTrader 8\bin\Custom\Indicators\@IchimokuCloud.cs'. [C:\Mac\Home\Documents\NinjaTrader 8\bin\Custom\NinjaTrader.Custom.csproj]
C:\Mac\Home\Documents\NinjaTrader 8\bin\Custom\Indicators\@PPO.cs(22,11): warning CS0436: The type 'EMA' in 'C:\Mac\Home\Documents\NinjaTrader 8\bin\Custom\Indicators\@EMA.cs' conflicts with the imported type 'EMA' in 'NinjaTrader.Vendor, Version=8.1.6.0, Culture=neutral, PublicKeyToken=null'. Using the type defined in 'C:\Mac\Home\Documents\NinjaTrader 8\bin\Custom\Indicators\@EMA.cs'. [C:\Mac\Home\Documents\NinjaTrader 8\bin\Custom\NinjaTrader.Custom.csproj]
C:\Mac\Home\Documents\NinjaTrader 8\bin\Custom\Indicators\@PPO.cs(23,11): warning CS0436: The type 'EMA' in 'C:\Mac\Home\Documents\NinjaTrader 8\bin\Custom\Indicators\@EMA.cs' conflicts with the imported type 'EMA' in 'NinjaTrader.Vendor, Version=8.1.6.0, Culture=neutral, PublicKeyToken=null'. Using the type defined in 'C:\Mac\Home\Documents\NinjaTrader 8\bin\Custom\Indicators\@EMA.cs'. [C:\Mac\Home\Documents\NinjaTrader 8\bin\Custom\NinjaTrader.Custom.csproj]
C:\Mac\Home\Documents\NinjaTrader 8\bin\Custom\Indicators\@KeyReversalUp.cs(16,31): warning CS0436: The type 'Indicator' in 'C:\Mac\Home\Documents\NinjaTrader 8\bin\Custom\Indicators\@IchimokuCloud.cs' conflicts with the imported type 'Indicator' in 'NinjaTrader.Vendor, Version=8.1.6.0, Culture=neutral, PublicKeyToken=null'. Using the type defined in 'C:\Mac\Home\Documents\NinjaTrader 8\bin\Custom\Indicators\@IchimokuCloud.cs'. [C:\Mac\Home\Documents\NinjaTrader 8\bin\Custom\NinjaTrader.Custom.csproj]
C:\Mac\Home\Documents\NinjaTrader 8\bin\Custom\Indicators\@LinRegIntercept.cs(18,33): warning CS0436: The type 'Indicator' in 'C:\Mac\Home\Documents\NinjaTrader 8\bin\Custom\Indicators\@IchimokuCloud.cs' conflicts with the imported type 'Indicator' in 'NinjaTrader.Vendor, Version=8.1.6.0, Culture=neutral, PublicKeyToken=null'. Using the type defined in 'C:\Mac\Home\Documents\NinjaTrader 8\bin\Custom\Indicators\@IchimokuCloud.cs'. [C:\Mac\Home\Documents\NinjaTrader 8\bin\Custom\NinjaTrader.Custom.csproj]
C:\Mac\Home\Documents\NinjaTrader 8\bin\Custom\Indicators\@LinRegIntercept.cs(30,11): warning CS0436: The type 'SUM' in 'C:\Mac\Home\Documents\NinjaTrader 8\bin\Custom\Indicators\@SUM.cs' conflicts with the imported type 'SUM' in 'NinjaTrader.Vendor, Version=8.1.6.0, Culture=neutral, PublicKeyToken=null'. Using the type defined in 'C:\Mac\Home\Documents\NinjaTrader 8\bin\Custom\Indicators\@SUM.cs'. [C:\Mac\Home\Documents\NinjaTrader 8\bin\Custom\NinjaTrader.Custom.csproj]
C:\Mac\Home\Documents\NinjaTrader 8\bin\Custom\Indicators\@@CBASTestingIndicator.cs(10,41): warning CS0436: The type 'Indicator' in 'C:\Mac\Home\Documents\NinjaTrader 8\bin\Custom\Indicators\@IchimokuCloud.cs' conflicts with the imported type 'Indicator' in 'NinjaTrader.Vendor, Version=8.1.6.0, Culture=neutral, PublicKeyToken=null'. Using the type defined in 'C:\Mac\Home\Documents\NinjaTrader 8\bin\Custom\Indicators\@IchimokuCloud.cs'. [C:\Mac\Home\Documents\NinjaTrader 8\bin\Custom\NinjaTrader.Custom.csproj]
C:\Mac\Home\Documents\NinjaTrader 8\bin\Custom\Indicators\@RegressionChannel.cs(23,35): warning CS0436: The type 'Indicator' in 'C:\Mac\Home\Documents\NinjaTrader 8\bin\Custom\Indicators\@IchimokuCloud.cs' conflicts with the imported type 'Indicator' in 'NinjaTrader.Vendor, Version=8.1.6.0, Culture=neutral, PublicKeyToken=null'. Using the type defined in 'C:\Mac\Home\Documents\NinjaTrader 8\bin\Custom\Indicators\@IchimokuCloud.cs'. [C:\Mac\Home\Documents\NinjaTrader 8\bin\Custom\NinjaTrader.Custom.csproj]
C:\Mac\Home\Documents\NinjaTrader 8\bin\Custom\Indicators\@LinRegSlope.cs(17,29): warning CS0436: The type 'Indicator' in 'C:\Mac\Home\Documents\NinjaTrader 8\bin\Custom\Indicators\@IchimokuCloud.cs' conflicts with the imported type 'Indicator' in 'NinjaTrader.Vendor, Version=8.1.6.0, Culture=neutral, PublicKeyToken=null'. Using the type defined in 'C:\Mac\Home\Documents\NinjaTrader 8\bin\Custom\Indicators\@IchimokuCloud.cs'. [C:\Mac\Home\Documents\NinjaTrader 8\bin\Custom\NinjaTrader.Custom.csproj]
C:\Mac\Home\Documents\NinjaTrader 8\bin\Custom\Indicators\@@CBASTestingIndicator.cs(56,13): warning CS0436: The type 'EMA' in 'C:\Mac\Home\Documents\NinjaTrader 8\bin\Custom\Indicators\@EMA.cs' conflicts with the imported type 'EMA' in 'NinjaTrader.Vendor, Version=8.1.6.0, Culture=neutral, PublicKeyToken=null'. Using the type defined in 'C:\Mac\Home\Documents\NinjaTrader 8\bin\Custom\Indicators\@EMA.cs'. [C:\Mac\Home\Documents\NinjaTrader 8\bin\Custom\NinjaTrader.Custom.csproj]
C:\Mac\Home\Documents\NinjaTrader 8\bin\Custom\Indicators\@@CBASTestingIndicator.cs(59,13): warning CS0436: The type 'EMA' in 'C:\Mac\Home\Documents\NinjaTrader 8\bin\Custom\Indicators\@EMA.cs' conflicts with the imported type 'EMA' in 'NinjaTrader.Vendor, Version=8.1.6.0, Culture=neutral, PublicKeyToken=null'. Using the type defined in 'C:\Mac\Home\Documents\NinjaTrader 8\bin\Custom\Indicators\@EMA.cs'. [C:\Mac\Home\Documents\NinjaTrader 8\bin\Custom\NinjaTrader.Custom.csproj]
C:\Mac\Home\Documents\NinjaTrader 8\bin\Custom\Indicators\@@CBASTestingIndicator.cs(60,13): warning CS0436: The type 'EMA' in 'C:\Mac\Home\Documents\NinjaTrader 8\bin\Custom\Indicators\@EMA.cs' conflicts with the imported type 'EMA' in 'NinjaTrader.Vendor, Version=8.1.6.0, Culture=neutral, PublicKeyToken=null'. Using the type defined in 'C:\Mac\Home\Documents\NinjaTrader 8\bin\Custom\Indicators\@EMA.cs'. [C:\Mac\Home\Documents\NinjaTrader 8\bin\Custom\NinjaTrader.Custom.csproj]
C:\Mac\Home\Documents\NinjaTrader 8\bin\Custom\Indicators\@@CBASTestingIndicator.cs(65,13): warning CS0436: The type 'SMA' in 'C:\Mac\Home\Documents\NinjaTrader 8\bin\Custom\Indicators\@SMA.cs' conflicts with the imported type 'SMA' in 'NinjaTrader.Vendor, Version=8.1.6.0, Culture=neutral, PublicKeyToken=null'. Using the type defined in 'C:\Mac\Home\Documents\NinjaTrader 8\bin\Custom\Indicators\@SMA.cs'. [C:\Mac\Home\Documents\NinjaTrader 8\bin\Custom\NinjaTrader.Custom.csproj]
C:\Mac\Home\Documents\NinjaTrader 8\bin\Custom\Indicators\@NBarsDown.cs(19,27): warning CS0436: The type 'Indicator' in 'C:\Mac\Home\Documents\NinjaTrader 8\bin\Custom\Indicators\@IchimokuCloud.cs' conflicts with the imported type 'Indicator' in 'NinjaTrader.Vendor, Version=8.1.6.0, Culture=neutral, PublicKeyToken=null'. Using the type defined in 'C:\Mac\Home\Documents\NinjaTrader 8\bin\Custom\Indicators\@IchimokuCloud.cs'. [C:\Mac\Home\Documents\NinjaTrader 8\bin\Custom\NinjaTrader.Custom.csproj]
C:\Mac\Home\Documents\NinjaTrader 8\bin\Custom\Indicators\@RIND.cs(21,22): warning CS0436: The type 'Indicator' in 'C:\Mac\Home\Documents\NinjaTrader 8\bin\Custom\Indicators\@IchimokuCloud.cs' conflicts with the imported type 'Indicator' in 'NinjaTrader.Vendor, Version=8.1.6.0, Culture=neutral, PublicKeyToken=null'. Using the type defined in 'C:\Mac\Home\Documents\NinjaTrader 8\bin\Custom\Indicators\@IchimokuCloud.cs'. [C:\Mac\Home\Documents\NinjaTrader 8\bin\Custom\NinjaTrader.Custom.csproj]
C:\Mac\Home\Documents\NinjaTrader 8\bin\Custom\Indicators\@RIND.cs(23,11): warning CS0436: The type 'EMA' in 'C:\Mac\Home\Documents\NinjaTrader 8\bin\Custom\Indicators\@EMA.cs' conflicts with the imported type 'EMA' in 'NinjaTrader.Vendor, Version=8.1.6.0, Culture=neutral, PublicKeyToken=null'. Using the type defined in 'C:\Mac\Home\Documents\NinjaTrader 8\bin\Custom\Indicators\@EMA.cs'. [C:\Mac\Home\Documents\NinjaTrader 8\bin\Custom\NinjaTrader.Custom.csproj]
C:\Mac\Home\Documents\NinjaTrader 8\bin\Custom\Indicators\StackedBuySellVolume.cs(17,41): warning CS0436: The type 'Indicator' in 'C:\Mac\Home\Documents\NinjaTrader 8\bin\Custom\Indicators\@IchimokuCloud.cs' conflicts with the imported type 'Indicator' in 'NinjaTrader.Vendor, Version=8.1.6.0, Culture=neutral, PublicKeyToken=null'. Using the type defined in 'C:\Mac\Home\Documents\NinjaTrader 8\bin\Custom\Indicators\@IchimokuCloud.cs'. [C:\Mac\Home\Documents\NinjaTrader 8\bin\Custom\NinjaTrader.Custom.csproj]
C:\Mac\Home\Documents\NinjaTrader 8\bin\Custom\Indicators\@RSquared.cs(17,26): warning CS0436: The type 'Indicator' in 'C:\Mac\Home\Documents\NinjaTrader 8\bin\Custom\Indicators\@IchimokuCloud.cs' conflicts with the imported type 'Indicator' in 'NinjaTrader.Vendor, Version=8.1.6.0, Culture=neutral, PublicKeyToken=null'. Using the type defined in 'C:\Mac\Home\Documents\NinjaTrader 8\bin\Custom\Indicators\@IchimokuCloud.cs'. [C:\Mac\Home\Documents\NinjaTrader 8\bin\Custom\NinjaTrader.Custom.csproj]
C:\Mac\Home\Documents\NinjaTrader 8\bin\Custom\Strategies\GradientSlopeStrategy.cs(3704,16): warning CS0436: The type 'TextPosition' in 'C:\Mac\Home\Documents\NinjaTrader 8\bin\Custom\DrawingTools\@Text.cs' conflicts with the imported type 'TextPosition' in 'NinjaTrader.Vendor, Version=8.1.6.0, Culture=neutral, PublicKeyToken=null'. Using the type defined in 'C:\Mac\Home\Documents\NinjaTrader 8\bin\Custom\DrawingTools\@Text.cs'. [C:\Mac\Home\Documents\NinjaTrader 8\bin\Custom\NinjaTrader.Custom.csproj]
C:\Mac\Home\Documents\NinjaTrader 8\bin\Custom\Indicators\@RSS.cs(16,21): warning CS0436: The type 'Indicator' in 'C:\Mac\Home\Documents\NinjaTrader 8\bin\Custom\Indicators\@IchimokuCloud.cs' conflicts with the imported type 'Indicator' in 'NinjaTrader.Vendor, Version=8.1.6.0, Culture=neutral, PublicKeyToken=null'. Using the type defined in 'C:\Mac\Home\Documents\NinjaTrader 8\bin\Custom\Indicators\@IchimokuCloud.cs'. [C:\Mac\Home\Documents\NinjaTrader 8\bin\Custom\NinjaTrader.Custom.csproj]
C:\Mac\Home\Documents\NinjaTrader 8\bin\Custom\Strategies\GradientSlopeStrategy.cs(49,17): warning CS0436: The type 'EMA' in 'C:\Mac\Home\Documents\NinjaTrader 8\bin\Custom\Indicators\@EMA.cs' conflicts with the imported type 'EMA' in 'NinjaTrader.Vendor, Version=8.1.6.0, Culture=neutral, PublicKeyToken=null'. Using the type defined in 'C:\Mac\Home\Documents\NinjaTrader 8\bin\Custom\Indicators\@EMA.cs'. [C:\Mac\Home\Documents\NinjaTrader 8\bin\Custom\NinjaTrader.Custom.csproj]
C:\Mac\Home\Documents\NinjaTrader 8\bin\Custom\Indicators\@RSS.cs(18,11): warning CS0436: The type 'EMA' in 'C:\Mac\Home\Documents\NinjaTrader 8\bin\Custom\Indicators\@EMA.cs' conflicts with the imported type 'EMA' in 'NinjaTrader.Vendor, Version=8.1.6.0, Culture=neutral, PublicKeyToken=null'. Using the type defined in 'C:\Mac\Home\Documents\NinjaTrader 8\bin\Custom\Indicators\@EMA.cs'. [C:\Mac\Home\Documents\NinjaTrader 8\bin\Custom\NinjaTrader.Custom.csproj]
C:\Mac\Home\Documents\NinjaTrader 8\bin\Custom\Strategies\GradientSlopeStrategy.cs(50,17): warning CS0436: The type 'EMA' in 'C:\Mac\Home\Documents\NinjaTrader 8\bin\Custom\Indicators\@EMA.cs' conflicts with the imported type 'EMA' in 'NinjaTrader.Vendor, Version=8.1.6.0, Culture=neutral, PublicKeyToken=null'. Using the type defined in 'C:\Mac\Home\Documents\NinjaTrader 8\bin\Custom\Indicators\@EMA.cs'. [C:\Mac\Home\Documents\NinjaTrader 8\bin\Custom\NinjaTrader.Custom.csproj]
C:\Mac\Home\Documents\NinjaTrader 8\bin\Custom\Indicators\@RSS.cs(19,11): warning CS0436: The type 'EMA' in 'C:\Mac\Home\Documents\NinjaTrader 8\bin\Custom\Indicators\@EMA.cs' conflicts with the imported type 'EMA' in 'NinjaTrader.Vendor, Version=8.1.6.0, Culture=neutral, PublicKeyToken=null'. Using the type defined in 'C:\Mac\Home\Documents\NinjaTrader 8\bin\Custom\Indicators\@EMA.cs'. [C:\Mac\Home\Documents\NinjaTrader 8\bin\Custom\NinjaTrader.Custom.csproj]
C:\Mac\Home\Documents\NinjaTrader 8\bin\Custom\Indicators\@RSS.cs(21,11): warning CS0436: The type 'SMA' in 'C:\Mac\Home\Documents\NinjaTrader 8\bin\Custom\Indicators\@SMA.cs' conflicts with the imported type 'SMA' in 'NinjaTrader.Vendor, Version=8.1.6.0, Culture=neutral, PublicKeyToken=null'. Using the type defined in 'C:\Mac\Home\Documents\NinjaTrader 8\bin\Custom\Indicators\@SMA.cs'. [C:\Mac\Home\Documents\NinjaTrader 8\bin\Custom\NinjaTrader.Custom.csproj]
C:\Mac\Home\Documents\NinjaTrader 8\bin\Custom\Strategies\GradientSlopeStrategy.cs(117,17): warning CS0436: The type 'TextPosition' in 'C:\Mac\Home\Documents\NinjaTrader 8\bin\Custom\DrawingTools\@Text.cs' conflicts with the imported type 'TextPosition' in 'NinjaTrader.Vendor, Version=8.1.6.0, Culture=neutral, PublicKeyToken=null'. Using the type defined in 'C:\Mac\Home\Documents\NinjaTrader 8\bin\Custom\DrawingTools\@Text.cs'. [C:\Mac\Home\Documents\NinjaTrader 8\bin\Custom\NinjaTrader.Custom.csproj]
C:\Mac\Home\Documents\NinjaTrader 8\bin\Custom\Indicators\@RVI.cs(16,21): warning CS0436: The type 'Indicator' in 'C:\Mac\Home\Documents\NinjaTrader 8\bin\Custom\Indicators\@IchimokuCloud.cs' conflicts with the imported type 'Indicator' in 'NinjaTrader.Vendor, Version=8.1.6.0, Culture=neutral, PublicKeyToken=null'. Using the type defined in 'C:\Mac\Home\Documents\NinjaTrader 8\bin\Custom\Indicators\@IchimokuCloud.cs'. [C:\Mac\Home\Documents\NinjaTrader 8\bin\Custom\NinjaTrader.Custom.csproj]
C:\Mac\Home\Documents\NinjaTrader 8\bin\Custom\Indicators\TicksPerMinute.cs(11,35): warning CS0436: The type 'Indicator' in 'C:\Mac\Home\Documents\NinjaTrader 8\bin\Custom\Indicators\@IchimokuCloud.cs' conflicts with the imported type 'Indicator' in 'NinjaTrader.Vendor, Version=8.1.6.0, Culture=neutral, PublicKeyToken=null'. Using the type defined in 'C:\Mac\Home\Documents\NinjaTrader 8\bin\Custom\Indicators\@IchimokuCloud.cs'. [C:\Mac\Home\Documents\NinjaTrader 8\bin\Custom\NinjaTrader.Custom.csproj]
C:\Mac\Home\Documents\NinjaTrader 8\bin\Custom\Indicators\@StdError.cs(20,26): warning CS0436: The type 'Indicator' in 'C:\Mac\Home\Documents\NinjaTrader 8\bin\Custom\Indicators\@IchimokuCloud.cs' conflicts with the imported type 'Indicator' in 'NinjaTrader.Vendor, Version=8.1.6.0, Culture=neutral, PublicKeyToken=null'. Using the type defined in 'C:\Mac\Home\Documents\NinjaTrader 8\bin\Custom\Indicators\@IchimokuCloud.cs'. [C:\Mac\Home\Documents\NinjaTrader 8\bin\Custom\NinjaTrader.Custom.csproj]
C:\Mac\Home\Documents\NinjaTrader 8\bin\Custom\Indicators\CorysSupertrendBands.cs(12,41): warning CS0436: The type 'Indicator' in 'C:\Mac\Home\Documents\NinjaTrader 8\bin\Custom\Indicators\@IchimokuCloud.cs' conflicts with the imported type 'Indicator' in 'NinjaTrader.Vendor, Version=8.1.6.0, Culture=neutral, PublicKeyToken=null'. Using the type defined in 'C:\Mac\Home\Documents\NinjaTrader 8\bin\Custom\Indicators\@IchimokuCloud.cs'. [C:\Mac\Home\Documents\NinjaTrader 8\bin\Custom\NinjaTrader.Custom.csproj]
C:\Mac\Home\Documents\NinjaTrader 8\bin\Custom\Indicators\@StdError.cs(35,11): warning CS0436: The type 'SUM' in 'C:\Mac\Home\Documents\NinjaTrader 8\bin\Custom\Indicators\@SUM.cs' conflicts with the imported type 'SUM' in 'NinjaTrader.Vendor, Version=8.1.6.0, Culture=neutral, PublicKeyToken=null'. Using the type defined in 'C:\Mac\Home\Documents\NinjaTrader 8\bin\Custom\Indicators\@SUM.cs'. [C:\Mac\Home\Documents\NinjaTrader 8\bin\Custom\NinjaTrader.Custom.csproj]
C:\Mac\Home\Documents\NinjaTrader 8\bin\Custom\Indicators\@StochRSI.cs(25,26): warning CS0436: The type 'Indicator' in 'C:\Mac\Home\Documents\NinjaTrader 8\bin\Custom\Indicators\@IchimokuCloud.cs' conflicts with the imported type 'Indicator' in 'NinjaTrader.Vendor, Version=8.1.6.0, Culture=neutral, PublicKeyToken=null'. Using the type defined in 'C:\Mac\Home\Documents\NinjaTrader 8\bin\Custom\Indicators\@IchimokuCloud.cs'. [C:\Mac\Home\Documents\NinjaTrader 8\bin\Custom\NinjaTrader.Custom.csproj]
C:\Mac\Home\Documents\NinjaTrader 8\bin\Custom\Indicators\@T3.cs(16,20): warning CS0436: The type 'Indicator' in 'C:\Mac\Home\Documents\NinjaTrader 8\bin\Custom\Indicators\@IchimokuCloud.cs' conflicts with the imported type 'Indicator' in 'NinjaTrader.Vendor, Version=8.1.6.0, Culture=neutral, PublicKeyToken=null'. Using the type defined in 'C:\Mac\Home\Documents\NinjaTrader 8\bin\Custom\Indicators\@IchimokuCloud.cs'. [C:\Mac\Home\Documents\NinjaTrader 8\bin\Custom\NinjaTrader.Custom.csproj]
C:\Mac\Home\Documents\NinjaTrader 8\bin\Custom\Indicators\CBASTestingIndicator4.cs(21,42): warning CS0436: The type 'Indicator' in 'C:\Mac\Home\Documents\NinjaTrader 8\bin\Custom\Indicators\@IchimokuCloud.cs' conflicts with the imported type 'Indicator' in 'NinjaTrader.Vendor, Version=8.1.6.0, Culture=neutral, PublicKeyToken=null'. Using the type defined in 'C:\Mac\Home\Documents\NinjaTrader 8\bin\Custom\Indicators\@IchimokuCloud.cs'. [C:\Mac\Home\Documents\NinjaTrader 8\bin\Custom\NinjaTrader.Custom.csproj]
C:\Mac\Home\Documents\NinjaTrader 8\bin\Custom\Indicators\@TRIX.cs(21,22): warning CS0436: The type 'Indicator' in 'C:\Mac\Home\Documents\NinjaTrader 8\bin\Custom\Indicators\@IchimokuCloud.cs' conflicts with the imported type 'Indicator' in 'NinjaTrader.Vendor, Version=8.1.6.0, Culture=neutral, PublicKeyToken=null'. Using the type defined in 'C:\Mac\Home\Documents\NinjaTrader 8\bin\Custom\Indicators\@IchimokuCloud.cs'. [C:\Mac\Home\Documents\NinjaTrader 8\bin\Custom\NinjaTrader.Custom.csproj]
C:\Mac\Home\Documents\NinjaTrader 8\bin\Custom\Indicators\@TRIX.cs(23,11): warning CS0436: The type 'EMA' in 'C:\Mac\Home\Documents\NinjaTrader 8\bin\Custom\Indicators\@EMA.cs' conflicts with the imported type 'EMA' in 'NinjaTrader.Vendor, Version=8.1.6.0, Culture=neutral, PublicKeyToken=null'. Using the type defined in 'C:\Mac\Home\Documents\NinjaTrader 8\bin\Custom\Indicators\@EMA.cs'. [C:\Mac\Home\Documents\NinjaTrader 8\bin\Custom\NinjaTrader.Custom.csproj]
C:\Mac\Home\Documents\NinjaTrader 8\bin\Custom\Indicators\@TRIX.cs(24,11): warning CS0436: The type 'EMA' in 'C:\Mac\Home\Documents\NinjaTrader 8\bin\Custom\Indicators\@EMA.cs' conflicts with the imported type 'EMA' in 'NinjaTrader.Vendor, Version=8.1.6.0, Culture=neutral, PublicKeyToken=null'. Using the type defined in 'C:\Mac\Home\Documents\NinjaTrader 8\bin\Custom\Indicators\@EMA.cs'. [C:\Mac\Home\Documents\NinjaTrader 8\bin\Custom\NinjaTrader.Custom.csproj]
C:\Mac\Home\Documents\NinjaTrader 8\bin\Custom\Indicators\@UltimateOscillator.cs(20,36): warning CS0436: The type 'Indicator' in 'C:\Mac\Home\Documents\NinjaTrader 8\bin\Custom\Indicators\@IchimokuCloud.cs' conflicts with the imported type 'Indicator' in 'NinjaTrader.Vendor, Version=8.1.6.0, Culture=neutral, PublicKeyToken=null'. Using the type defined in 'C:\Mac\Home\Documents\NinjaTrader 8\bin\Custom\Indicators\@IchimokuCloud.cs'. [C:\Mac\Home\Documents\NinjaTrader 8\bin\Custom\NinjaTrader.Custom.csproj]
C:\Mac\Home\Documents\NinjaTrader 8\bin\Custom\Indicators\CBASTestingIndicator4.cs(195,17): warning CS0436: The type 'SMA' in 'C:\Mac\Home\Documents\NinjaTrader 8\bin\Custom\Indicators\@SMA.cs' conflicts with the imported type 'SMA' in 'NinjaTrader.Vendor, Version=8.1.6.0, Culture=neutral, PublicKeyToken=null'. Using the type defined in 'C:\Mac\Home\Documents\NinjaTrader 8\bin\Custom\Indicators\@SMA.cs'. [C:\Mac\Home\Documents\NinjaTrader 8\bin\Custom\NinjaTrader.Custom.csproj]
C:\Mac\Home\Documents\NinjaTrader 8\bin\Custom\Indicators\CBASTestingIndicator4.cs(197,17): warning CS0436: The type 'EMA' in 'C:\Mac\Home\Documents\NinjaTrader 8\bin\Custom\Indicators\@EMA.cs' conflicts with the imported type 'EMA' in 'NinjaTrader.Vendor, Version=8.1.6.0, Culture=neutral, PublicKeyToken=null'. Using the type defined in 'C:\Mac\Home\Documents\NinjaTrader 8\bin\Custom\Indicators\@EMA.cs'. [C:\Mac\Home\Documents\NinjaTrader 8\bin\Custom\NinjaTrader.Custom.csproj]
C:\Mac\Home\Documents\NinjaTrader 8\bin\Custom\Indicators\@UltimateOscillator.cs(26,11): warning CS0436: The type 'SUM' in 'C:\Mac\Home\Documents\NinjaTrader 8\bin\Custom\Indicators\@SUM.cs' conflicts with the imported type 'SUM' in 'NinjaTrader.Vendor, Version=8.1.6.0, Culture=neutral, PublicKeyToken=null'. Using the type defined in 'C:\Mac\Home\Documents\NinjaTrader 8\bin\Custom\Indicators\@SUM.cs'. [C:\Mac\Home\Documents\NinjaTrader 8\bin\Custom\NinjaTrader.Custom.csproj]
C:\Mac\Home\Documents\NinjaTrader 8\bin\Custom\Indicators\@UltimateOscillator.cs(27,11): warning CS0436: The type 'SUM' in 'C:\Mac\Home\Documents\NinjaTrader 8\bin\Custom\Indicators\@SUM.cs' conflicts with the imported type 'SUM' in 'NinjaTrader.Vendor, Version=8.1.6.0, Culture=neutral, PublicKeyToken=null'. Using the type defined in 'C:\Mac\Home\Documents\NinjaTrader 8\bin\Custom\Indicators\@SUM.cs'. [C:\Mac\Home\Documents\NinjaTrader 8\bin\Custom\NinjaTrader.Custom.csproj]
C:\Mac\Home\Documents\NinjaTrader 8\bin\Custom\Indicators\@UltimateOscillator.cs(28,11): warning CS0436: The type 'SUM' in 'C:\Mac\Home\Documents\NinjaTrader 8\bin\Custom\Indicators\@SUM.cs' conflicts with the imported type 'SUM' in 'NinjaTrader.Vendor, Version=8.1.6.0, Culture=neutral, PublicKeyToken=null'. Using the type defined in 'C:\Mac\Home\Documents\NinjaTrader 8\bin\Custom\Indicators\@SUM.cs'. [C:\Mac\Home\Documents\NinjaTrader 8\bin\Custom\NinjaTrader.Custom.csproj]
C:\Mac\Home\Documents\NinjaTrader 8\bin\Custom\Indicators\@UltimateOscillator.cs(29,11): warning CS0436: The type 'SUM' in 'C:\Mac\Home\Documents\NinjaTrader 8\bin\Custom\Indicators\@SUM.cs' conflicts with the imported type 'SUM' in 'NinjaTrader.Vendor, Version=8.1.6.0, Culture=neutral, PublicKeyToken=null'. Using the type defined in 'C:\Mac\Home\Documents\NinjaTrader 8\bin\Custom\Indicators\@SUM.cs'. [C:\Mac\Home\Documents\NinjaTrader 8\bin\Custom\NinjaTrader.Custom.csproj]
C:\Mac\Home\Documents\NinjaTrader 8\bin\Custom\Indicators\@UltimateOscillator.cs(30,11): warning CS0436: The type 'SUM' in 'C:\Mac\Home\Documents\NinjaTrader 8\bin\Custom\Indicators\@SUM.cs' conflicts with the imported type 'SUM' in 'NinjaTrader.Vendor, Version=8.1.6.0, Culture=neutral, PublicKeyToken=null'. Using the type defined in 'C:\Mac\Home\Documents\NinjaTrader 8\bin\Custom\Indicators\@SUM.cs'. [C:\Mac\Home\Documents\NinjaTrader 8\bin\Custom\NinjaTrader.Custom.csproj]
C:\Mac\Home\Documents\NinjaTrader 8\bin\Custom\Indicators\CBASTestingIndicator4.cs(212,17): warning CS0436: The type 'EMA' in 'C:\Mac\Home\Documents\NinjaTrader 8\bin\Custom\Indicators\@EMA.cs' conflicts with the imported type 'EMA' in 'NinjaTrader.Vendor, Version=8.1.6.0, Culture=neutral, PublicKeyToken=null'. Using the type defined in 'C:\Mac\Home\Documents\NinjaTrader 8\bin\Custom\Indicators\@EMA.cs'. [C:\Mac\Home\Documents\NinjaTrader 8\bin\Custom\NinjaTrader.Custom.csproj]
C:\Mac\Home\Documents\NinjaTrader 8\bin\Custom\Indicators\CBASTestingIndicator4.cs(214,17): warning CS0436: The type 'EMA' in 'C:\Mac\Home\Documents\NinjaTrader 8\bin\Custom\Indicators\@EMA.cs' conflicts with the imported type 'EMA' in 'NinjaTrader.Vendor, Version=8.1.6.0, Culture=neutral, PublicKeyToken=null'. Using the type defined in 'C:\Mac\Home\Documents\NinjaTrader 8\bin\Custom\Indicators\@EMA.cs'. [C:\Mac\Home\Documents\NinjaTrader 8\bin\Custom\NinjaTrader.Custom.csproj]
C:\Mac\Home\Documents\NinjaTrader 8\bin\Custom\Indicators\CBASTestingIndicator4.cs(215,17): warning CS0436: The type 'EMA' in 'C:\Mac\Home\Documents\NinjaTrader 8\bin\Custom\Indicators\@EMA.cs' conflicts with the imported type 'EMA' in 'NinjaTrader.Vendor, Version=8.1.6.0, Culture=neutral, PublicKeyToken=null'. Using the type defined in 'C:\Mac\Home\Documents\NinjaTrader 8\bin\Custom\Indicators\@EMA.cs'. [C:\Mac\Home\Documents\NinjaTrader 8\bin\Custom\NinjaTrader.Custom.csproj]
C:\Mac\Home\Documents\NinjaTrader 8\bin\Custom\Indicators\@UltimateOscillator.cs(31,11): warning CS0436: The type 'SUM' in 'C:\Mac\Home\Documents\NinjaTrader 8\bin\Custom\Indicators\@SUM.cs' conflicts with the imported type 'SUM' in 'NinjaTrader.Vendor, Version=8.1.6.0, Culture=neutral, PublicKeyToken=null'. Using the type defined in 'C:\Mac\Home\Documents\NinjaTrader 8\bin\Custom\Indicators\@SUM.cs'. [C:\Mac\Home\Documents\NinjaTrader 8\bin\Custom\NinjaTrader.Custom.csproj]
C:\Mac\Home\Documents\NinjaTrader 8\bin\Custom\Indicators\CBASTestingIndicator4.cs(219,17): warning CS0436: The type 'SMA' in 'C:\Mac\Home\Documents\NinjaTrader 8\bin\Custom\Indicators\@SMA.cs' conflicts with the imported type 'SMA' in 'NinjaTrader.Vendor, Version=8.1.6.0, Culture=neutral, PublicKeyToken=null'. Using the type defined in 'C:\Mac\Home\Documents\NinjaTrader 8\bin\Custom\Indicators\@SMA.cs'. [C:\Mac\Home\Documents\NinjaTrader 8\bin\Custom\NinjaTrader.Custom.csproj]
C:\Mac\Home\Documents\NinjaTrader 8\bin\Custom\Indicators\@VMA.cs(24,21): warning CS0436: The type 'Indicator' in 'C:\Mac\Home\Documents\NinjaTrader 8\bin\Custom\Indicators\@IchimokuCloud.cs' conflicts with the imported type 'Indicator' in 'NinjaTrader.Vendor, Version=8.1.6.0, Culture=neutral, PublicKeyToken=null'. Using the type defined in 'C:\Mac\Home\Documents\NinjaTrader 8\bin\Custom\Indicators\@IchimokuCloud.cs'. [C:\Mac\Home\Documents\NinjaTrader 8\bin\Custom\NinjaTrader.Custom.csproj]
C:\Mac\Home\Documents\NinjaTrader 8\bin\Custom\Indicators\CBASTestingIndicator3.cs(25,42): warning CS0436: The type 'Indicator' in 'C:\Mac\Home\Documents\NinjaTrader 8\bin\Custom\Indicators\@IchimokuCloud.cs' conflicts with the imported type 'Indicator' in 'NinjaTrader.Vendor, Version=8.1.6.0, Culture=neutral, PublicKeyToken=null'. Using the type defined in 'C:\Mac\Home\Documents\NinjaTrader 8\bin\Custom\Indicators\@IchimokuCloud.cs'. [C:\Mac\Home\Documents\NinjaTrader 8\bin\Custom\NinjaTrader.Custom.csproj]
C:\Mac\Home\Documents\NinjaTrader 8\bin\Custom\Indicators\CBASTestingIndicator3.cs(297,17): warning CS0436: The type 'SMA' in 'C:\Mac\Home\Documents\NinjaTrader 8\bin\Custom\Indicators\@SMA.cs' conflicts with the imported type 'SMA' in 'NinjaTrader.Vendor, Version=8.1.6.0, Culture=neutral, PublicKeyToken=null'. Using the type defined in 'C:\Mac\Home\Documents\NinjaTrader 8\bin\Custom\Indicators\@SMA.cs'. [C:\Mac\Home\Documents\NinjaTrader 8\bin\Custom\NinjaTrader.Custom.csproj]
C:\Mac\Home\Documents\NinjaTrader 8\bin\Custom\Indicators\CBASTestingIndicator3.cs(299,17): warning CS0436: The type 'EMA' in 'C:\Mac\Home\Documents\NinjaTrader 8\bin\Custom\Indicators\@EMA.cs' conflicts with the imported type 'EMA' in 'NinjaTrader.Vendor, Version=8.1.6.0, Culture=neutral, PublicKeyToken=null'. Using the type defined in 'C:\Mac\Home\Documents\NinjaTrader 8\bin\Custom\Indicators\@EMA.cs'. [C:\Mac\Home\Documents\NinjaTrader 8\bin\Custom\NinjaTrader.Custom.csproj]
C:\Mac\Home\Documents\NinjaTrader 8\bin\Custom\Indicators\CBASTestingIndicator3.cs(314,17): warning CS0436: The type 'EMA' in 'C:\Mac\Home\Documents\NinjaTrader 8\bin\Custom\Indicators\@EMA.cs' conflicts with the imported type 'EMA' in 'NinjaTrader.Vendor, Version=8.1.6.0, Culture=neutral, PublicKeyToken=null'. Using the type defined in 'C:\Mac\Home\Documents\NinjaTrader 8\bin\Custom\Indicators\@EMA.cs'. [C:\Mac\Home\Documents\NinjaTrader 8\bin\Custom\NinjaTrader.Custom.csproj]
C:\Mac\Home\Documents\NinjaTrader 8\bin\Custom\Indicators\CBASTestingIndicator3.cs(369,17): warning CS0436: The type 'EMA' in 'C:\Mac\Home\Documents\NinjaTrader 8\bin\Custom\Indicators\@EMA.cs' conflicts with the imported type 'EMA' in 'NinjaTrader.Vendor, Version=8.1.6.0, Culture=neutral, PublicKeyToken=null'. Using the type defined in 'C:\Mac\Home\Documents\NinjaTrader 8\bin\Custom\Indicators\@EMA.cs'. [C:\Mac\Home\Documents\NinjaTrader 8\bin\Custom\NinjaTrader.Custom.csproj]
C:\Mac\Home\Documents\NinjaTrader 8\bin\Custom\Indicators\CBASTestingIndicator3.cs(370,17): warning CS0436: The type 'EMA' in 'C:\Mac\Home\Documents\NinjaTrader 8\bin\Custom\Indicators\@EMA.cs' conflicts with the imported type 'EMA' in 'NinjaTrader.Vendor, Version=8.1.6.0, Culture=neutral, PublicKeyToken=null'. Using the type defined in 'C:\Mac\Home\Documents\NinjaTrader 8\bin\Custom\Indicators\@EMA.cs'. [C:\Mac\Home\Documents\NinjaTrader 8\bin\Custom\NinjaTrader.Custom.csproj]
C:\Mac\Home\Documents\NinjaTrader 8\bin\Custom\Indicators\CBASTestingIndicator3.cs(374,17): warning CS0436: The type 'EMA' in 'C:\Mac\Home\Documents\NinjaTrader 8\bin\Custom\Indicators\@EMA.cs' conflicts with the imported type 'EMA' in 'NinjaTrader.Vendor, Version=8.1.6.0, Culture=neutral, PublicKeyToken=null'. Using the type defined in 'C:\Mac\Home\Documents\NinjaTrader 8\bin\Custom\Indicators\@EMA.cs'. [C:\Mac\Home\Documents\NinjaTrader 8\bin\Custom\NinjaTrader.Custom.csproj]
C:\Mac\Home\Documents\NinjaTrader 8\bin\Custom\Indicators\CBASTestingIndicator3.cs(375,17): warning CS0436: The type 'EMA' in 'C:\Mac\Home\Documents\NinjaTrader 8\bin\Custom\Indicators\@EMA.cs' conflicts with the imported type 'EMA' in 'NinjaTrader.Vendor, Version=8.1.6.0, Culture=neutral, PublicKeyToken=null'. Using the type defined in 'C:\Mac\Home\Documents\NinjaTrader 8\bin\Custom\Indicators\@EMA.cs'. [C:\Mac\Home\Documents\NinjaTrader 8\bin\Custom\NinjaTrader.Custom.csproj]
C:\Mac\Home\Documents\NinjaTrader 8\bin\Custom\Indicators\CBASTestingIndicator3.cs(380,17): warning CS0436: The type 'SMA' in 'C:\Mac\Home\Documents\NinjaTrader 8\bin\Custom\Indicators\@SMA.cs' conflicts with the imported type 'SMA' in 'NinjaTrader.Vendor, Version=8.1.6.0, Culture=neutral, PublicKeyToken=null'. Using the type defined in 'C:\Mac\Home\Documents\NinjaTrader 8\bin\Custom\Indicators\@SMA.cs'. [C:\Mac\Home\Documents\NinjaTrader 8\bin\Custom\NinjaTrader.Custom.csproj]
C:\Mac\Home\Documents\NinjaTrader 8\bin\Custom\ChartStyles\@CandleStyle.cs(171,34): warning CS3021: 'CandleStyle.DojiBrushDX' does not need a CLSCompliant attribute because the assembly does not have a CLSCompliant attribute [C:\Mac\Home\Documents\NinjaTrader 8\bin\Custom\NinjaTrader.Custom.csproj]
C:\Mac\Home\Documents\NinjaTrader 8\bin\Custom\DrawingTools\@RegionHighlight.cs(429,15): warning CS3021: 'RegionHighlightY' does not need a CLSCompliant attribute because the assembly does not have a CLSCompliant attribute [C:\Mac\Home\Documents\NinjaTrader 8\bin\Custom\NinjaTrader.Custom.csproj]
C:\Mac\Home\Documents\NinjaTrader 8\bin\Custom\DrawingTools\@RegionHighlight.cs(408,15): warning CS3021: 'RegionHighlightX' does not need a CLSCompliant attribute because the assembly does not have a CLSCompliant attribute [C:\Mac\Home\Documents\NinjaTrader 8\bin\Custom\NinjaTrader.Custom.csproj]
C:\Mac\Home\Documents\NinjaTrader 8\bin\Custom\DrawingTools\@RegionHighlight.cs(29,24): warning CS3021: 'RegionHighlightBase' does not need a CLSCompliant attribute because the assembly does not have a CLSCompliant attribute [C:\Mac\Home\Documents\NinjaTrader 8\bin\Custom\NinjaTrader.Custom.csproj]
C:\Mac\Home\Documents\NinjaTrader 8\bin\Custom\ChartStyles\@HollowCandleStyle.cs(131,16): warning CS3021: 'HollowCandleStyle.DojiBrushDX' does not need a CLSCompliant attribute because the assembly does not have a CLSCompliant attribute [C:\Mac\Home\Documents\NinjaTrader 8\bin\Custom\NinjaTrader.Custom.csproj]
C:\Mac\Home\Documents\NinjaTrader 8\bin\Custom\DrawingTools\@ChartMarkers.cs(27,35): warning CS3021: 'ChartMarker.AreaDeviceBrush' does not need a CLSCompliant attribute because the assembly does not have a CLSCompliant attribute [C:\Mac\Home\Documents\NinjaTrader 8\bin\Custom\NinjaTrader.Custom.csproj]
C:\Mac\Home\Documents\NinjaTrader 8\bin\Custom\DrawingTools\@ChartMarkers.cs(30,35): warning CS3021: 'ChartMarker.OutlineDeviceBrush' does not need a CLSCompliant attribute because the assembly does not have a CLSCompliant attribute [C:\Mac\Home\Documents\NinjaTrader 8\bin\Custom\NinjaTrader.Custom.csproj]
C:\Mac\Home\Documents\NinjaTrader 8\bin\Custom\DrawingTools\@Lines.cs(116,46): warning CS3021: 'Line.ArrowPathGeometry' does not need a CLSCompliant attribute because the assembly does not have a CLSCompliant attribute [C:\Mac\Home\Documents\NinjaTrader 8\bin\Custom\NinjaTrader.Custom.csproj]
C:\Mac\Home\Documents\NinjaTrader 8\bin\Custom\DrawingTools\@Text.cs(32,44): warning CS3021: 'Text.cachedTextLayout' does not need a CLSCompliant attribute because the assembly does not have a CLSCompliant attribute [C:\Mac\Home\Documents\NinjaTrader 8\bin\Custom\NinjaTrader.Custom.csproj]
C:\Mac\Home\Documents\NinjaTrader 8\bin\Custom\DrawingTools\@RegionHighlight.cs(514,34): warning CS3021: 'Draw.RegionHighlightX(NinjaScriptBase, string, DateTime, DateTime, Brush)' does not need a CLSCompliant attribute because the assembly does not have a CLSCompliant attribute [C:\Mac\Home\Documents\NinjaTrader 8\bin\Custom\NinjaTrader.Custom.csproj]
C:\Mac\Home\Documents\NinjaTrader 8\bin\Custom\DrawingTools\@RegionHighlight.cs(527,34): warning CS3021: 'Draw.RegionHighlightX(NinjaScriptBase, string, int, int, Brush)' does not need a CLSCompliant attribute because the assembly does not have a CLSCompliant attribute [C:\Mac\Home\Documents\NinjaTrader 8\bin\Custom\NinjaTrader.Custom.csproj]
C:\Mac\Home\Documents\NinjaTrader 8\bin\Custom\DrawingTools\@RegionHighlight.cs(542,34): warning CS3021: 'Draw.RegionHighlightX(NinjaScriptBase, string, DateTime, DateTime, Brush, Brush, int)' does not need a CLSCompliant attribute because the assembly does not have a CLSCompliant attribute [C:\Mac\Home\Documents\NinjaTrader 8\bin\Custom\NinjaTrader.Custom.csproj]
C:\Mac\Home\Documents\NinjaTrader 8\bin\Custom\DrawingTools\@RegionHighlight.cs(557,34): warning CS3021: 'Draw.RegionHighlightX(NinjaScriptBase, string, int, int, Brush, Brush, int)' does not need a CLSCompliant attribute because the assembly does not have a CLSCompliant attribute [C:\Mac\Home\Documents\NinjaTrader 8\bin\Custom\NinjaTrader.Custom.csproj]
C:\Mac\Home\Documents\NinjaTrader 8\bin\Custom\DrawingTools\@RegionHighlight.cs(571,34): warning CS3021: 'Draw.RegionHighlightX(NinjaScriptBase, string, DateTime, DateTime, bool, string)' does not need a CLSCompliant attribute because the assembly does not have a CLSCompliant attribute [C:\Mac\Home\Documents\NinjaTrader 8\bin\Custom\NinjaTrader.Custom.csproj]
C:\Mac\Home\Documents\NinjaTrader 8\bin\Custom\DrawingTools\@RegionHighlight.cs(585,34): warning CS3021: 'Draw.RegionHighlightX(NinjaScriptBase, string, int, int, bool, string)' does not need a CLSCompliant attribute because the assembly does not have a CLSCompliant attribute [C:\Mac\Home\Documents\NinjaTrader 8\bin\Custom\NinjaTrader.Custom.csproj]
C:\Mac\Home\Documents\NinjaTrader 8\bin\Custom\DrawingTools\@RegionHighlight.cs(598,34): warning CS3021: 'Draw.RegionHighlightY(NinjaScriptBase, string, double, double, Brush)' does not need a CLSCompliant attribute because the assembly does not have a CLSCompliant attribute [C:\Mac\Home\Documents\NinjaTrader 8\bin\Custom\NinjaTrader.Custom.csproj]
C:\Mac\Home\Documents\NinjaTrader 8\bin\Custom\DrawingTools\@RegionHighlight.cs(614,34): warning CS3021: 'Draw.RegionHighlightY(NinjaScriptBase, string, bool, double, double, Brush, Brush, int)' does not need a CLSCompliant attribute because the assembly does not have a CLSCompliant attribute [C:\Mac\Home\Documents\NinjaTrader 8\bin\Custom\NinjaTrader.Custom.csproj]
C:\Mac\Home\Documents\NinjaTrader 8\bin\Custom\DrawingTools\@RegionHighlight.cs(628,34): warning CS3021: 'Draw.RegionHighlightY(NinjaScriptBase, string, double, double, bool, string)' does not need a CLSCompliant attribute because the assembly does not have a CLSCompliant attribute [C:\Mac\Home\Documents\NinjaTrader 8\bin\Custom\NinjaTrader.Custom.csproj]
C:\Mac\Home\Documents\NinjaTrader 8\bin\Custom\Strategies\AiAssistedOptimizer.cs(112,13): warning CS0436: The type 'Draw' in 'C:\Mac\Home\Documents\NinjaTrader 8\bin\Custom\DrawingTools\@AndrewsPitchfork.cs' conflicts with the imported type 'Draw' in 'NinjaTrader.Vendor, Version=8.1.6.0, Culture=neutral, PublicKeyToken=null'. Using the type defined in 'C:\Mac\Home\Documents\NinjaTrader 8\bin\Custom\DrawingTools\@AndrewsPitchfork.cs'. [C:\Mac\Home\Documents\NinjaTrader 8\bin\Custom\NinjaTrader.Custom.csproj]
C:\Mac\Home\Documents\NinjaTrader 8\bin\Custom\Strategies\AiAssistedOptimizer.cs(116,17): warning CS0436: The type 'TextPosition' in 'C:\Mac\Home\Documents\NinjaTrader 8\bin\Custom\DrawingTools\@Text.cs' conflicts with the imported type 'TextPosition' in 'NinjaTrader.Vendor, Version=8.1.6.0, Culture=neutral, PublicKeyToken=null'. Using the type defined in 'C:\Mac\Home\Documents\NinjaTrader 8\bin\Custom\DrawingTools\@Text.cs'. [C:\Mac\Home\Documents\NinjaTrader 8\bin\Custom\NinjaTrader.Custom.csproj]
C:\Mac\Home\Documents\NinjaTrader 8\bin\Custom\Indicators\SecondsLeftOnBar.cs(40,17): warning CS0436: The type 'Draw' in 'C:\Mac\Home\Documents\NinjaTrader 8\bin\Custom\DrawingTools\@AndrewsPitchfork.cs' conflicts with the imported type 'Draw' in 'NinjaTrader.Vendor, Version=8.1.6.0, Culture=neutral, PublicKeyToken=null'. Using the type defined in 'C:\Mac\Home\Documents\NinjaTrader 8\bin\Custom\DrawingTools\@AndrewsPitchfork.cs'. [C:\Mac\Home\Documents\NinjaTrader 8\bin\Custom\NinjaTrader.Custom.csproj]
C:\Mac\Home\Documents\NinjaTrader 8\bin\Custom\Indicators\SecondsLeftOnBar.cs(59,13): warning CS0436: The type 'Draw' in 'C:\Mac\Home\Documents\NinjaTrader 8\bin\Custom\DrawingTools\@AndrewsPitchfork.cs' conflicts with the imported type 'Draw' in 'NinjaTrader.Vendor, Version=8.1.6.0, Culture=neutral, PublicKeyToken=null'. Using the type defined in 'C:\Mac\Home\Documents\NinjaTrader 8\bin\Custom\DrawingTools\@AndrewsPitchfork.cs'. [C:\Mac\Home\Documents\NinjaTrader 8\bin\Custom\NinjaTrader.Custom.csproj]
C:\Mac\Home\Documents\NinjaTrader 8\bin\Custom\Indicators\CBASTestingIndicator3.cs(533,32): warning CS0436: The type 'EMA' in 'C:\Mac\Home\Documents\NinjaTrader 8\bin\Custom\Indicators\@EMA.cs' conflicts with the imported type 'EMA' in 'NinjaTrader.Vendor, Version=8.1.6.0, Culture=neutral, PublicKeyToken=null'. Using the type defined in 'C:\Mac\Home\Documents\NinjaTrader 8\bin\Custom\Indicators\@EMA.cs'. [C:\Mac\Home\Documents\NinjaTrader 8\bin\Custom\NinjaTrader.Custom.csproj]
C:\Mac\Home\Documents\NinjaTrader 8\bin\Custom\Indicators\@CurrentDayOHL.cs(145,26): warning CS0436: The type 'CurrentDayOHL' in 'C:\Mac\Home\Documents\NinjaTrader 8\bin\Custom\Indicators\@CurrentDayOHL.cs' conflicts with the imported type 'CurrentDayOHL' in 'NinjaTrader.Vendor, Version=8.1.6.0, Culture=neutral, PublicKeyToken=null'. Using the type defined in 'C:\Mac\Home\Documents\NinjaTrader 8\bin\Custom\Indicators\@CurrentDayOHL.cs'. [C:\Mac\Home\Documents\NinjaTrader 8\bin\Custom\NinjaTrader.Custom.csproj]
C:\Mac\Home\Documents\NinjaTrader 8\bin\Custom\Indicators\@CurrentDayOHL.cs(145,45): warning CS0436: The type 'CurrentDayOHL' in 'C:\Mac\Home\Documents\NinjaTrader 8\bin\Custom\Indicators\@CurrentDayOHL.cs' conflicts with the imported type 'CurrentDayOHL' in 'NinjaTrader.Vendor, Version=8.1.6.0, Culture=neutral, PublicKeyToken=null'. Using the type defined in 'C:\Mac\Home\Documents\NinjaTrader 8\bin\Custom\Indicators\@CurrentDayOHL.cs'. [C:\Mac\Home\Documents\NinjaTrader 8\bin\Custom\NinjaTrader.Custom.csproj]
C:\Mac\Home\Documents\NinjaTrader 8\bin\Custom\MarketAnalyzerColumns\@MarketAnalyzerColumn.cs(36,49): warning CS0436: The type 'Indicator' in 'C:\Mac\Home\Documents\NinjaTrader 8\bin\Custom\Indicators\@IchimokuCloud.cs' conflicts with the imported type 'Indicator' in 'NinjaTrader.Vendor, Version=8.1.6.0, Culture=neutral, PublicKeyToken=null'. Using the type defined in 'C:\Mac\Home\Documents\NinjaTrader 8\bin\Custom\Indicators\@IchimokuCloud.cs'. [C:\Mac\Home\Documents\NinjaTrader 8\bin\Custom\NinjaTrader.Custom.csproj]
C:\Mac\Home\Documents\NinjaTrader 8\bin\Custom\Indicators\@EMA.cs(70,26): warning CS0436: The type 'EMA' in 'C:\Mac\Home\Documents\NinjaTrader 8\bin\Custom\Indicators\@EMA.cs' conflicts with the imported type 'EMA' in 'NinjaTrader.Vendor, Version=8.1.6.0, Culture=neutral, PublicKeyToken=null'. Using the type defined in 'C:\Mac\Home\Documents\NinjaTrader 8\bin\Custom\Indicators\@EMA.cs'. [C:\Mac\Home\Documents\NinjaTrader 8\bin\Custom\NinjaTrader.Custom.csproj]
C:\Mac\Home\Documents\NinjaTrader 8\bin\Custom\Indicators\@EMA.cs(70,35): warning CS0436: The type 'EMA' in 'C:\Mac\Home\Documents\NinjaTrader 8\bin\Custom\Indicators\@EMA.cs' conflicts with the imported type 'EMA' in 'NinjaTrader.Vendor, Version=8.1.6.0, Culture=neutral, PublicKeyToken=null'. Using the type defined in 'C:\Mac\Home\Documents\NinjaTrader 8\bin\Custom\Indicators\@EMA.cs'. [C:\Mac\Home\Documents\NinjaTrader 8\bin\Custom\NinjaTrader.Custom.csproj]
C:\Mac\Home\Documents\NinjaTrader 8\bin\Custom\Indicators\@LinReg.cs(115,26): warning CS0436: The type 'LinReg' in 'C:\Mac\Home\Documents\NinjaTrader 8\bin\Custom\Indicators\@LinReg.cs' conflicts with the imported type 'LinReg' in 'NinjaTrader.Vendor, Version=8.1.6.0, Culture=neutral, PublicKeyToken=null'. Using the type defined in 'C:\Mac\Home\Documents\NinjaTrader 8\bin\Custom\Indicators\@LinReg.cs'. [C:\Mac\Home\Documents\NinjaTrader 8\bin\Custom\NinjaTrader.Custom.csproj]
C:\Mac\Home\Documents\NinjaTrader 8\bin\Custom\Indicators\@LinReg.cs(115,38): warning CS0436: The type 'LinReg' in 'C:\Mac\Home\Documents\NinjaTrader 8\bin\Custom\Indicators\@LinReg.cs' conflicts with the imported type 'LinReg' in 'NinjaTrader.Vendor, Version=8.1.6.0, Culture=neutral, PublicKeyToken=null'. Using the type defined in 'C:\Mac\Home\Documents\NinjaTrader 8\bin\Custom\Indicators\@LinReg.cs'. [C:\Mac\Home\Documents\NinjaTrader 8\bin\Custom\NinjaTrader.Custom.csproj]
C:\Mac\Home\Documents\NinjaTrader 8\bin\Custom\Indicators\@SMA.cs(92,26): warning CS0436: The type 'SMA' in 'C:\Mac\Home\Documents\NinjaTrader 8\bin\Custom\Indicators\@SMA.cs' conflicts with the imported type 'SMA' in 'NinjaTrader.Vendor, Version=8.1.6.0, Culture=neutral, PublicKeyToken=null'. Using the type defined in 'C:\Mac\Home\Documents\NinjaTrader 8\bin\Custom\Indicators\@SMA.cs'. [C:\Mac\Home\Documents\NinjaTrader 8\bin\Custom\NinjaTrader.Custom.csproj]
C:\Mac\Home\Documents\NinjaTrader 8\bin\Custom\Indicators\@SMA.cs(92,35): warning CS0436: The type 'SMA' in 'C:\Mac\Home\Documents\NinjaTrader 8\bin\Custom\Indicators\@SMA.cs' conflicts with the imported type 'SMA' in 'NinjaTrader.Vendor, Version=8.1.6.0, Culture=neutral, PublicKeyToken=null'. Using the type defined in 'C:\Mac\Home\Documents\NinjaTrader 8\bin\Custom\Indicators\@SMA.cs'. [C:\Mac\Home\Documents\NinjaTrader 8\bin\Custom\NinjaTrader.Custom.csproj]
C:\Mac\Home\Documents\NinjaTrader 8\bin\Custom\Strategies\WebTrendFollower.cs(547,21): warning CS0436: The type 'Draw' in 'C:\Mac\Home\Documents\NinjaTrader 8\bin\Custom\DrawingTools\@AndrewsPitchfork.cs' conflicts with the imported type 'Draw' in 'NinjaTrader.Vendor, Version=8.1.6.0, Culture=neutral, PublicKeyToken=null'. Using the type defined in 'C:\Mac\Home\Documents\NinjaTrader 8\bin\Custom\DrawingTools\@AndrewsPitchfork.cs'. [C:\Mac\Home\Documents\NinjaTrader 8\bin\Custom\NinjaTrader.Custom.csproj]
C:\Mac\Home\Documents\NinjaTrader 8\bin\Custom\Strategies\WebTrendFollower.cs(552,21): warning CS0436: The type 'Draw' in 'C:\Mac\Home\Documents\NinjaTrader 8\bin\Custom\DrawingTools\@AndrewsPitchfork.cs' conflicts with the imported type 'Draw' in 'NinjaTrader.Vendor, Version=8.1.6.0, Culture=neutral, PublicKeyToken=null'. Using the type defined in 'C:\Mac\Home\Documents\NinjaTrader 8\bin\Custom\DrawingTools\@AndrewsPitchfork.cs'. [C:\Mac\Home\Documents\NinjaTrader 8\bin\Custom\NinjaTrader.Custom.csproj]
C:\Mac\Home\Documents\NinjaTrader 8\bin\Custom\Indicators\@SUM.cs(59,26): warning CS0436: The type 'SUM' in 'C:\Mac\Home\Documents\NinjaTrader 8\bin\Custom\Indicators\@SUM.cs' conflicts with the imported type 'SUM' in 'NinjaTrader.Vendor, Version=8.1.6.0, Culture=neutral, PublicKeyToken=null'. Using the type defined in 'C:\Mac\Home\Documents\NinjaTrader 8\bin\Custom\Indicators\@SUM.cs'. [C:\Mac\Home\Documents\NinjaTrader 8\bin\Custom\NinjaTrader.Custom.csproj]
C:\Mac\Home\Documents\NinjaTrader 8\bin\Custom\Indicators\@SUM.cs(59,35): warning CS0436: The type 'SUM' in 'C:\Mac\Home\Documents\NinjaTrader 8\bin\Custom\Indicators\@SUM.cs' conflicts with the imported type 'SUM' in 'NinjaTrader.Vendor, Version=8.1.6.0, Culture=neutral, PublicKeyToken=null'. Using the type defined in 'C:\Mac\Home\Documents\NinjaTrader 8\bin\Custom\Indicators\@SUM.cs'. [C:\Mac\Home\Documents\NinjaTrader 8\bin\Custom\NinjaTrader.Custom.csproj]
C:\Mac\Home\Documents\NinjaTrader 8\bin\Custom\Indicators\@Swing.cs(390,26): warning CS0436: The type 'Swing' in 'C:\Mac\Home\Documents\NinjaTrader 8\bin\Custom\Indicators\@Swing.cs' conflicts with the imported type 'Swing' in 'NinjaTrader.Vendor, Version=8.1.6.0, Culture=neutral, PublicKeyToken=null'. Using the type defined in 'C:\Mac\Home\Documents\NinjaTrader 8\bin\Custom\Indicators\@Swing.cs'. [C:\Mac\Home\Documents\NinjaTrader 8\bin\Custom\NinjaTrader.Custom.csproj]
C:\Mac\Home\Documents\NinjaTrader 8\bin\Custom\Indicators\@Swing.cs(390,37): warning CS0436: The type 'Swing' in 'C:\Mac\Home\Documents\NinjaTrader 8\bin\Custom\Indicators\@Swing.cs' conflicts with the imported type 'Swing' in 'NinjaTrader.Vendor, Version=8.1.6.0, Culture=neutral, PublicKeyToken=null'. Using the type defined in 'C:\Mac\Home\Documents\NinjaTrader 8\bin\Custom\Indicators\@Swing.cs'. [C:\Mac\Home\Documents\NinjaTrader 8\bin\Custom\NinjaTrader.Custom.csproj]
C:\Mac\Home\Documents\NinjaTrader 8\bin\Custom\Indicators\CBASTestingIndicator3.cs(1557,17): warning CS0436: The type 'Draw' in 'C:\Mac\Home\Documents\NinjaTrader 8\bin\Custom\DrawingTools\@AndrewsPitchfork.cs' conflicts with the imported type 'Draw' in 'NinjaTrader.Vendor, Version=8.1.6.0, Culture=neutral, PublicKeyToken=null'. Using the type defined in 'C:\Mac\Home\Documents\NinjaTrader 8\bin\Custom\DrawingTools\@AndrewsPitchfork.cs'. [C:\Mac\Home\Documents\NinjaTrader 8\bin\Custom\NinjaTrader.Custom.csproj]
C:\Mac\Home\Documents\NinjaTrader 8\bin\Custom\Indicators\CBASTestingIndicator3.cs(1565,17): warning CS0436: The type 'Draw' in 'C:\Mac\Home\Documents\NinjaTrader 8\bin\Custom\DrawingTools\@AndrewsPitchfork.cs' conflicts with the imported type 'Draw' in 'NinjaTrader.Vendor, Version=8.1.6.0, Culture=neutral, PublicKeyToken=null'. Using the type defined in 'C:\Mac\Home\Documents\NinjaTrader 8\bin\Custom\DrawingTools\@AndrewsPitchfork.cs'. [C:\Mac\Home\Documents\NinjaTrader 8\bin\Custom\NinjaTrader.Custom.csproj]
C:\Mac\Home\Documents\NinjaTrader 8\bin\Custom\Indicators\CBASTestingIndicator3.cs(1600,17): warning CS0436: The type 'Draw' in 'C:\Mac\Home\Documents\NinjaTrader 8\bin\Custom\DrawingTools\@AndrewsPitchfork.cs' conflicts with the imported type 'Draw' in 'NinjaTrader.Vendor, Version=8.1.6.0, Culture=neutral, PublicKeyToken=null'. Using the type defined in 'C:\Mac\Home\Documents\NinjaTrader 8\bin\Custom\DrawingTools\@AndrewsPitchfork.cs'. [C:\Mac\Home\Documents\NinjaTrader 8\bin\Custom\NinjaTrader.Custom.csproj]
C:\Mac\Home\Documents\NinjaTrader 8\bin\Custom\Indicators\CBASTestingIndicator3.cs(1608,17): warning CS0436: The type 'Draw' in 'C:\Mac\Home\Documents\NinjaTrader 8\bin\Custom\DrawingTools\@AndrewsPitchfork.cs' conflicts with the imported type 'Draw' in 'NinjaTrader.Vendor, Version=8.1.6.0, Culture=neutral, PublicKeyToken=null'. Using the type defined in 'C:\Mac\Home\Documents\NinjaTrader 8\bin\Custom\DrawingTools\@AndrewsPitchfork.cs'. [C:\Mac\Home\Documents\NinjaTrader 8\bin\Custom\NinjaTrader.Custom.csproj]
C:\Mac\Home\Documents\NinjaTrader 8\bin\Custom\Indicators\CBASTestingIndicator3.cs(1683,21): warning CS0436: The type 'Draw' in 'C:\Mac\Home\Documents\NinjaTrader 8\bin\Custom\DrawingTools\@AndrewsPitchfork.cs' conflicts with the imported type 'Draw' in 'NinjaTrader.Vendor, Version=8.1.6.0, Culture=neutral, PublicKeyToken=null'. Using the type defined in 'C:\Mac\Home\Documents\NinjaTrader 8\bin\Custom\DrawingTools\@AndrewsPitchfork.cs'. [C:\Mac\Home\Documents\NinjaTrader 8\bin\Custom\NinjaTrader.Custom.csproj]
C:\Mac\Home\Documents\NinjaTrader 8\bin\Custom\Indicators\CBASTestingIndicator3.cs(1686,21): warning CS0436: The type 'Draw' in 'C:\Mac\Home\Documents\NinjaTrader 8\bin\Custom\DrawingTools\@AndrewsPitchfork.cs' conflicts with the imported type 'Draw' in 'NinjaTrader.Vendor, Version=8.1.6.0, Culture=neutral, PublicKeyToken=null'. Using the type defined in 'C:\Mac\Home\Documents\NinjaTrader 8\bin\Custom\DrawingTools\@AndrewsPitchfork.cs'. [C:\Mac\Home\Documents\NinjaTrader 8\bin\Custom\NinjaTrader.Custom.csproj]
C:\Mac\Home\Documents\NinjaTrader 8\bin\Custom\Strategies\BareOhlcLogger.cs(287,17): warning CS0436: The type 'Draw' in 'C:\Mac\Home\Documents\NinjaTrader 8\bin\Custom\DrawingTools\@AndrewsPitchfork.cs' conflicts with the imported type 'Draw' in 'NinjaTrader.Vendor, Version=8.1.6.0, Culture=neutral, PublicKeyToken=null'. Using the type defined in 'C:\Mac\Home\Documents\NinjaTrader 8\bin\Custom\DrawingTools\@AndrewsPitchfork.cs'. [C:\Mac\Home\Documents\NinjaTrader 8\bin\Custom\NinjaTrader.Custom.csproj]
C:\Mac\Home\Documents\NinjaTrader 8\bin\Custom\Strategies\GradientSlopeStrategy.cs(117,44): warning CS0436: The type 'TextPosition' in 'C:\Mac\Home\Documents\NinjaTrader 8\bin\Custom\DrawingTools\@Text.cs' conflicts with the imported type 'TextPosition' in 'NinjaTrader.Vendor, Version=8.1.6.0, Culture=neutral, PublicKeyToken=null'. Using the type defined in 'C:\Mac\Home\Documents\NinjaTrader 8\bin\Custom\DrawingTools\@Text.cs'. [C:\Mac\Home\Documents\NinjaTrader 8\bin\Custom\NinjaTrader.Custom.csproj]
C:\Mac\Home\Documents\NinjaTrader 8\bin\Custom\DrawingTools\@ChartMarkers.cs(637,23): warning CS0436: The type 'ArrowDown' in 'C:\Mac\Home\Documents\NinjaTrader 8\bin\Custom\DrawingTools\@ChartMarkers.cs' conflicts with the imported type 'ArrowDown' in 'NinjaTrader.Vendor, Version=8.1.6.0, Culture=neutral, PublicKeyToken=null'. Using the type defined in 'C:\Mac\Home\Documents\NinjaTrader 8\bin\Custom\DrawingTools\@ChartMarkers.cs'. [C:\Mac\Home\Documents\NinjaTrader 8\bin\Custom\NinjaTrader.Custom.csproj]
C:\Mac\Home\Documents\NinjaTrader 8\bin\Custom\DrawingTools\@ChartMarkers.cs(650,23): warning CS0436: The type 'ArrowDown' in 'C:\Mac\Home\Documents\NinjaTrader 8\bin\Custom\DrawingTools\@ChartMarkers.cs' conflicts with the imported type 'ArrowDown' in 'NinjaTrader.Vendor, Version=8.1.6.0, Culture=neutral, PublicKeyToken=null'. Using the type defined in 'C:\Mac\Home\Documents\NinjaTrader 8\bin\Custom\DrawingTools\@ChartMarkers.cs'. [C:\Mac\Home\Documents\NinjaTrader 8\bin\Custom\NinjaTrader.Custom.csproj]
C:\Mac\Home\Documents\NinjaTrader 8\bin\Custom\DrawingTools\@ChartMarkers.cs(664,88): warning CS0436: The type 'ArrowDown' in 'C:\Mac\Home\Documents\NinjaTrader 8\bin\Custom\DrawingTools\@ChartMarkers.cs' conflicts with the imported type 'ArrowDown' in 'NinjaTrader.Vendor, Version=8.1.6.0, Culture=neutral, PublicKeyToken=null'. Using the type defined in 'C:\Mac\Home\Documents\NinjaTrader 8\bin\Custom\DrawingTools\@ChartMarkers.cs'. [C:\Mac\Home\Documents\NinjaTrader 8\bin\Custom\NinjaTrader.Custom.csproj]
C:\Mac\Home\Documents\NinjaTrader 8\bin\Custom\DrawingTools\@ChartMarkers.cs(678,88): warning CS0436: The type 'ArrowDown' in 'C:\Mac\Home\Documents\NinjaTrader 8\bin\Custom\DrawingTools\@ChartMarkers.cs' conflicts with the imported type 'ArrowDown' in 'NinjaTrader.Vendor, Version=8.1.6.0, Culture=neutral, PublicKeyToken=null'. Using the type defined in 'C:\Mac\Home\Documents\NinjaTrader 8\bin\Custom\DrawingTools\@ChartMarkers.cs'. [C:\Mac\Home\Documents\NinjaTrader 8\bin\Custom\NinjaTrader.Custom.csproj]
C:\Mac\Home\Documents\NinjaTrader 8\bin\Custom\DrawingTools\@ChartMarkers.cs(692,23): warning CS0436: The type 'ArrowDown' in 'C:\Mac\Home\Documents\NinjaTrader 8\bin\Custom\DrawingTools\@ChartMarkers.cs' conflicts with the imported type 'ArrowDown' in 'NinjaTrader.Vendor, Version=8.1.6.0, Culture=neutral, PublicKeyToken=null'. Using the type defined in 'C:\Mac\Home\Documents\NinjaTrader 8\bin\Custom\DrawingTools\@ChartMarkers.cs'. [C:\Mac\Home\Documents\NinjaTrader 8\bin\Custom\NinjaTrader.Custom.csproj]
C:\Mac\Home\Documents\NinjaTrader 8\bin\Custom\DrawingTools\@ChartMarkers.cs(706,23): warning CS0436: The type 'ArrowDown' in 'C:\Mac\Home\Documents\NinjaTrader 8\bin\Custom\DrawingTools\@ChartMarkers.cs' conflicts with the imported type 'ArrowDown' in 'NinjaTrader.Vendor, Version=8.1.6.0, Culture=neutral, PublicKeyToken=null'. Using the type defined in 'C:\Mac\Home\Documents\NinjaTrader 8\bin\Custom\DrawingTools\@ChartMarkers.cs'. [C:\Mac\Home\Documents\NinjaTrader 8\bin\Custom\NinjaTrader.Custom.csproj]
C:\Mac\Home\Documents\NinjaTrader 8\bin\Custom\DrawingTools\@ChartMarkers.cs(720,23): warning CS0436: The type 'ArrowUp' in 'C:\Mac\Home\Documents\NinjaTrader 8\bin\Custom\DrawingTools\@ChartMarkers.cs' conflicts with the imported type 'ArrowUp' in 'NinjaTrader.Vendor, Version=8.1.6.0, Culture=neutral, PublicKeyToken=null'. Using the type defined in 'C:\Mac\Home\Documents\NinjaTrader 8\bin\Custom\DrawingTools\@ChartMarkers.cs'. [C:\Mac\Home\Documents\NinjaTrader 8\bin\Custom\NinjaTrader.Custom.csproj]
C:\Mac\Home\Documents\NinjaTrader 8\bin\Custom\DrawingTools\@ChartMarkers.cs(733,23): warning CS0436: The type 'ArrowUp' in 'C:\Mac\Home\Documents\NinjaTrader 8\bin\Custom\DrawingTools\@ChartMarkers.cs' conflicts with the imported type 'ArrowUp' in 'NinjaTrader.Vendor, Version=8.1.6.0, Culture=neutral, PublicKeyToken=null'. Using the type defined in 'C:\Mac\Home\Documents\NinjaTrader 8\bin\Custom\DrawingTools\@ChartMarkers.cs'. [C:\Mac\Home\Documents\NinjaTrader 8\bin\Custom\NinjaTrader.Custom.csproj]
C:\Mac\Home\Documents\NinjaTrader 8\bin\Custom\DrawingTools\@ChartMarkers.cs(747,88): warning CS0436: The type 'ArrowUp' in 'C:\Mac\Home\Documents\NinjaTrader 8\bin\Custom\DrawingTools\@ChartMarkers.cs' conflicts with the imported type 'ArrowUp' in 'NinjaTrader.Vendor, Version=8.1.6.0, Culture=neutral, PublicKeyToken=null'. Using the type defined in 'C:\Mac\Home\Documents\NinjaTrader 8\bin\Custom\DrawingTools\@ChartMarkers.cs'. [C:\Mac\Home\Documents\NinjaTrader 8\bin\Custom\NinjaTrader.Custom.csproj]
C:\Mac\Home\Documents\NinjaTrader 8\bin\Custom\DrawingTools\@ChartMarkers.cs(761,88): warning CS0436: The type 'ArrowUp' in 'C:\Mac\Home\Documents\NinjaTrader 8\bin\Custom\DrawingTools\@ChartMarkers.cs' conflicts with the imported type 'ArrowUp' in 'NinjaTrader.Vendor, Version=8.1.6.0, Culture=neutral, PublicKeyToken=null'. Using the type defined in 'C:\Mac\Home\Documents\NinjaTrader 8\bin\Custom\DrawingTools\@ChartMarkers.cs'. [C:\Mac\Home\Documents\NinjaTrader 8\bin\Custom\NinjaTrader.Custom.csproj]
C:\Mac\Home\Documents\NinjaTrader 8\bin\Custom\DrawingTools\@ChartMarkers.cs(775,23): warning CS0436: The type 'ArrowUp' in 'C:\Mac\Home\Documents\NinjaTrader 8\bin\Custom\DrawingTools\@ChartMarkers.cs' conflicts with the imported type 'ArrowUp' in 'NinjaTrader.Vendor, Version=8.1.6.0, Culture=neutral, PublicKeyToken=null'. Using the type defined in 'C:\Mac\Home\Documents\NinjaTrader 8\bin\Custom\DrawingTools\@ChartMarkers.cs'. [C:\Mac\Home\Documents\NinjaTrader 8\bin\Custom\NinjaTrader.Custom.csproj]
C:\Mac\Home\Documents\NinjaTrader 8\bin\Custom\DrawingTools\@ChartMarkers.cs(789,23): warning CS0436: The type 'ArrowUp' in 'C:\Mac\Home\Documents\NinjaTrader 8\bin\Custom\DrawingTools\@ChartMarkers.cs' conflicts with the imported type 'ArrowUp' in 'NinjaTrader.Vendor, Version=8.1.6.0, Culture=neutral, PublicKeyToken=null'. Using the type defined in 'C:\Mac\Home\Documents\NinjaTrader 8\bin\Custom\DrawingTools\@ChartMarkers.cs'. [C:\Mac\Home\Documents\NinjaTrader 8\bin\Custom\NinjaTrader.Custom.csproj]
C:\Mac\Home\Documents\NinjaTrader 8\bin\Custom\DrawingTools\@ChartMarkers.cs(803,23): warning CS0436: The type 'Diamond' in 'C:\Mac\Home\Documents\NinjaTrader 8\bin\Custom\DrawingTools\@ChartMarkers.cs' conflicts with the imported type 'Diamond' in 'NinjaTrader.Vendor, Version=8.1.6.0, Culture=neutral, PublicKeyToken=null'. Using the type defined in 'C:\Mac\Home\Documents\NinjaTrader 8\bin\Custom\DrawingTools\@ChartMarkers.cs'. [C:\Mac\Home\Documents\NinjaTrader 8\bin\Custom\NinjaTrader.Custom.csproj]
C:\Mac\Home\Documents\NinjaTrader 8\bin\Custom\DrawingTools\@ChartMarkers.cs(816,23): warning CS0436: The type 'Diamond' in 'C:\Mac\Home\Documents\NinjaTrader 8\bin\Custom\DrawingTools\@ChartMarkers.cs' conflicts with the imported type 'Diamond' in 'NinjaTrader.Vendor, Version=8.1.6.0, Culture=neutral, PublicKeyToken=null'. Using the type defined in 'C:\Mac\Home\Documents\NinjaTrader 8\bin\Custom\DrawingTools\@ChartMarkers.cs'. [C:\Mac\Home\Documents\NinjaTrader 8\bin\Custom\NinjaTrader.Custom.csproj]
C:\Mac\Home\Documents\NinjaTrader 8\bin\Custom\DrawingTools\@ChartMarkers.cs(830,88): warning CS0436: The type 'Diamond' in 'C:\Mac\Home\Documents\NinjaTrader 8\bin\Custom\DrawingTools\@ChartMarkers.cs' conflicts with the imported type 'Diamond' in 'NinjaTrader.Vendor, Version=8.1.6.0, Culture=neutral, PublicKeyToken=null'. Using the type defined in 'C:\Mac\Home\Documents\NinjaTrader 8\bin\Custom\DrawingTools\@ChartMarkers.cs'. [C:\Mac\Home\Documents\NinjaTrader 8\bin\Custom\NinjaTrader.Custom.csproj]
C:\Mac\Home\Documents\NinjaTrader 8\bin\Custom\DrawingTools\@ChartMarkers.cs(844,88): warning CS0436: The type 'Diamond' in 'C:\Mac\Home\Documents\NinjaTrader 8\bin\Custom\DrawingTools\@ChartMarkers.cs' conflicts with the imported type 'Diamond' in 'NinjaTrader.Vendor, Version=8.1.6.0, Culture=neutral, PublicKeyToken=null'. Using the type defined in 'C:\Mac\Home\Documents\NinjaTrader 8\bin\Custom\DrawingTools\@ChartMarkers.cs'. [C:\Mac\Home\Documents\NinjaTrader 8\bin\Custom\NinjaTrader.Custom.csproj]
C:\Mac\Home\Documents\NinjaTrader 8\bin\Custom\DrawingTools\@ChartMarkers.cs(858,23): warning CS0436: The type 'Diamond' in 'C:\Mac\Home\Documents\NinjaTrader 8\bin\Custom\DrawingTools\@ChartMarkers.cs' conflicts with the imported type 'Diamond' in 'NinjaTrader.Vendor, Version=8.1.6.0, Culture=neutral, PublicKeyToken=null'. Using the type defined in 'C:\Mac\Home\Documents\NinjaTrader 8\bin\Custom\DrawingTools\@ChartMarkers.cs'. [C:\Mac\Home\Documents\NinjaTrader 8\bin\Custom\NinjaTrader.Custom.csproj]
C:\Mac\Home\Documents\NinjaTrader 8\bin\Custom\DrawingTools\@ChartMarkers.cs(872,23): warning CS0436: The type 'Diamond' in 'C:\Mac\Home\Documents\NinjaTrader 8\bin\Custom\DrawingTools\@ChartMarkers.cs' conflicts with the imported type 'Diamond' in 'NinjaTrader.Vendor, Version=8.1.6.0, Culture=neutral, PublicKeyToken=null'. Using the type defined in 'C:\Mac\Home\Documents\NinjaTrader 8\bin\Custom\DrawingTools\@ChartMarkers.cs'. [C:\Mac\Home\Documents\NinjaTrader 8\bin\Custom\NinjaTrader.Custom.csproj]
C:\Mac\Home\Documents\NinjaTrader 8\bin\Custom\DrawingTools\@ChartMarkers.cs(886,23): warning CS0436: The type 'Dot' in 'C:\Mac\Home\Documents\NinjaTrader 8\bin\Custom\DrawingTools\@ChartMarkers.cs' conflicts with the imported type 'Dot' in 'NinjaTrader.Vendor, Version=8.1.6.0, Culture=neutral, PublicKeyToken=null'. Using the type defined in 'C:\Mac\Home\Documents\NinjaTrader 8\bin\Custom\DrawingTools\@ChartMarkers.cs'. [C:\Mac\Home\Documents\NinjaTrader 8\bin\Custom\NinjaTrader.Custom.csproj]
C:\Mac\Home\Documents\NinjaTrader 8\bin\Custom\DrawingTools\@ChartMarkers.cs(899,23): warning CS0436: The type 'Dot' in 'C:\Mac\Home\Documents\NinjaTrader 8\bin\Custom\DrawingTools\@ChartMarkers.cs' conflicts with the imported type 'Dot' in 'NinjaTrader.Vendor, Version=8.1.6.0, Culture=neutral, PublicKeyToken=null'. Using the type defined in 'C:\Mac\Home\Documents\NinjaTrader 8\bin\Custom\DrawingTools\@ChartMarkers.cs'. [C:\Mac\Home\Documents\NinjaTrader 8\bin\Custom\NinjaTrader.Custom.csproj]
C:\Mac\Home\Documents\NinjaTrader 8\bin\Custom\DrawingTools\@ChartMarkers.cs(913,88): warning CS0436: The type 'Dot' in 'C:\Mac\Home\Documents\NinjaTrader 8\bin\Custom\DrawingTools\@ChartMarkers.cs' conflicts with the imported type 'Dot' in 'NinjaTrader.Vendor, Version=8.1.6.0, Culture=neutral, PublicKeyToken=null'. Using the type defined in 'C:\Mac\Home\Documents\NinjaTrader 8\bin\Custom\DrawingTools\@ChartMarkers.cs'. [C:\Mac\Home\Documents\NinjaTrader 8\bin\Custom\NinjaTrader.Custom.csproj]
C:\Mac\Home\Documents\NinjaTrader 8\bin\Custom\DrawingTools\@ChartMarkers.cs(927,88): warning CS0436: The type 'Dot' in 'C:\Mac\Home\Documents\NinjaTrader 8\bin\Custom\DrawingTools\@ChartMarkers.cs' conflicts with the imported type 'Dot' in 'NinjaTrader.Vendor, Version=8.1.6.0, Culture=neutral, PublicKeyToken=null'. Using the type defined in 'C:\Mac\Home\Documents\NinjaTrader 8\bin\Custom\DrawingTools\@ChartMarkers.cs'. [C:\Mac\Home\Documents\NinjaTrader 8\bin\Custom\NinjaTrader.Custom.csproj]
C:\Mac\Home\Documents\NinjaTrader 8\bin\Custom\DrawingTools\@ChartMarkers.cs(941,23): warning CS0436: The type 'Dot' in 'C:\Mac\Home\Documents\NinjaTrader 8\bin\Custom\DrawingTools\@ChartMarkers.cs' conflicts with the imported type 'Dot' in 'NinjaTrader.Vendor, Version=8.1.6.0, Culture=neutral, PublicKeyToken=null'. Using the type defined in 'C:\Mac\Home\Documents\NinjaTrader 8\bin\Custom\DrawingTools\@ChartMarkers.cs'. [C:\Mac\Home\Documents\NinjaTrader 8\bin\Custom\NinjaTrader.Custom.csproj]
C:\Mac\Home\Documents\NinjaTrader 8\bin\Custom\DrawingTools\@ChartMarkers.cs(955,23): warning CS0436: The type 'Dot' in 'C:\Mac\Home\Documents\NinjaTrader 8\bin\Custom\DrawingTools\@ChartMarkers.cs' conflicts with the imported type 'Dot' in 'NinjaTrader.Vendor, Version=8.1.6.0, Culture=neutral, PublicKeyToken=null'. Using the type defined in 'C:\Mac\Home\Documents\NinjaTrader 8\bin\Custom\DrawingTools\@ChartMarkers.cs'. [C:\Mac\Home\Documents\NinjaTrader 8\bin\Custom\NinjaTrader.Custom.csproj]
C:\Mac\Home\Documents\NinjaTrader 8\bin\Custom\DrawingTools\@ChartMarkers.cs(969,23): warning CS0436: The type 'Square' in 'C:\Mac\Home\Documents\NinjaTrader 8\bin\Custom\DrawingTools\@ChartMarkers.cs' conflicts with the imported type 'Square' in 'NinjaTrader.Vendor, Version=8.1.6.0, Culture=neutral, PublicKeyToken=null'. Using the type defined in 'C:\Mac\Home\Documents\NinjaTrader 8\bin\Custom\DrawingTools\@ChartMarkers.cs'. [C:\Mac\Home\Documents\NinjaTrader 8\bin\Custom\NinjaTrader.Custom.csproj]
C:\Mac\Home\Documents\NinjaTrader 8\bin\Custom\DrawingTools\@ChartMarkers.cs(982,23): warning CS0436: The type 'Square' in 'C:\Mac\Home\Documents\NinjaTrader 8\bin\Custom\DrawingTools\@ChartMarkers.cs' conflicts with the imported type 'Square' in 'NinjaTrader.Vendor, Version=8.1.6.0, Culture=neutral, PublicKeyToken=null'. Using the type defined in 'C:\Mac\Home\Documents\NinjaTrader 8\bin\Custom\DrawingTools\@ChartMarkers.cs'. [C:\Mac\Home\Documents\NinjaTrader 8\bin\Custom\NinjaTrader.Custom.csproj]
C:\Mac\Home\Documents\NinjaTrader 8\bin\Custom\DrawingTools\@ChartMarkers.cs(996,88): warning CS0436: The type 'Square' in 'C:\Mac\Home\Documents\NinjaTrader 8\bin\Custom\DrawingTools\@ChartMarkers.cs' conflicts with the imported type 'Square' in 'NinjaTrader.Vendor, Version=8.1.6.0, Culture=neutral, PublicKeyToken=null'. Using the type defined in 'C:\Mac\Home\Documents\NinjaTrader 8\bin\Custom\DrawingTools\@ChartMarkers.cs'. [C:\Mac\Home\Documents\NinjaTrader 8\bin\Custom\NinjaTrader.Custom.csproj]
C:\Mac\Home\Documents\NinjaTrader 8\bin\Custom\DrawingTools\@ChartMarkers.cs(1010,88): warning CS0436: The type 'Square' in 'C:\Mac\Home\Documents\NinjaTrader 8\bin\Custom\DrawingTools\@ChartMarkers.cs' conflicts with the imported type 'Square' in 'NinjaTrader.Vendor, Version=8.1.6.0, Culture=neutral, PublicKeyToken=null'. Using the type defined in 'C:\Mac\Home\Documents\NinjaTrader 8\bin\Custom\DrawingTools\@ChartMarkers.cs'. [C:\Mac\Home\Documents\NinjaTrader 8\bin\Custom\NinjaTrader.Custom.csproj]
C:\Mac\Home\Documents\NinjaTrader 8\bin\Custom\DrawingTools\@ChartMarkers.cs(1024,23): warning CS0436: The type 'Square' in 'C:\Mac\Home\Documents\NinjaTrader 8\bin\Custom\DrawingTools\@ChartMarkers.cs' conflicts with the imported type 'Square' in 'NinjaTrader.Vendor, Version=8.1.6.0, Culture=neutral, PublicKeyToken=null'. Using the type defined in 'C:\Mac\Home\Documents\NinjaTrader 8\bin\Custom\DrawingTools\@ChartMarkers.cs'. [C:\Mac\Home\Documents\NinjaTrader 8\bin\Custom\NinjaTrader.Custom.csproj]
C:\Mac\Home\Documents\NinjaTrader 8\bin\Custom\DrawingTools\@ChartMarkers.cs(1038,23): warning CS0436: The type 'Square' in 'C:\Mac\Home\Documents\NinjaTrader 8\bin\Custom\DrawingTools\@ChartMarkers.cs' conflicts with the imported type 'Square' in 'NinjaTrader.Vendor, Version=8.1.6.0, Culture=neutral, PublicKeyToken=null'. Using the type defined in 'C:\Mac\Home\Documents\NinjaTrader 8\bin\Custom\DrawingTools\@ChartMarkers.cs'. [C:\Mac\Home\Documents\NinjaTrader 8\bin\Custom\NinjaTrader.Custom.csproj]
C:\Mac\Home\Documents\NinjaTrader 8\bin\Custom\DrawingTools\@ChartMarkers.cs(1052,23): warning CS0436: The type 'TriangleDown' in 'C:\Mac\Home\Documents\NinjaTrader 8\bin\Custom\DrawingTools\@ChartMarkers.cs' conflicts with the imported type 'TriangleDown' in 'NinjaTrader.Vendor, Version=8.1.6.0, Culture=neutral, PublicKeyToken=null'. Using the type defined in 'C:\Mac\Home\Documents\NinjaTrader 8\bin\Custom\DrawingTools\@ChartMarkers.cs'. [C:\Mac\Home\Documents\NinjaTrader 8\bin\Custom\NinjaTrader.Custom.csproj]
C:\Mac\Home\Documents\NinjaTrader 8\bin\Custom\DrawingTools\@ChartMarkers.cs(1065,23): warning CS0436: The type 'TriangleDown' in 'C:\Mac\Home\Documents\NinjaTrader 8\bin\Custom\DrawingTools\@ChartMarkers.cs' conflicts with the imported type 'TriangleDown' in 'NinjaTrader.Vendor, Version=8.1.6.0, Culture=neutral, PublicKeyToken=null'. Using the type defined in 'C:\Mac\Home\Documents\NinjaTrader 8\bin\Custom\DrawingTools\@ChartMarkers.cs'. [C:\Mac\Home\Documents\NinjaTrader 8\bin\Custom\NinjaTrader.Custom.csproj]
C:\Mac\Home\Documents\NinjaTrader 8\bin\Custom\DrawingTools\@ChartMarkers.cs(1079,88): warning CS0436: The type 'TriangleDown' in 'C:\Mac\Home\Documents\NinjaTrader 8\bin\Custom\DrawingTools\@ChartMarkers.cs' conflicts with the imported type 'TriangleDown' in 'NinjaTrader.Vendor, Version=8.1.6.0, Culture=neutral, PublicKeyToken=null'. Using the type defined in 'C:\Mac\Home\Documents\NinjaTrader 8\bin\Custom\DrawingTools\@ChartMarkers.cs'. [C:\Mac\Home\Documents\NinjaTrader 8\bin\Custom\NinjaTrader.Custom.csproj]
C:\Mac\Home\Documents\NinjaTrader 8\bin\Custom\DrawingTools\@ChartMarkers.cs(1093,88): warning CS0436: The type 'TriangleDown' in 'C:\Mac\Home\Documents\NinjaTrader 8\bin\Custom\DrawingTools\@ChartMarkers.cs' conflicts with the imported type 'TriangleDown' in 'NinjaTrader.Vendor, Version=8.1.6.0, Culture=neutral, PublicKeyToken=null'. Using the type defined in 'C:\Mac\Home\Documents\NinjaTrader 8\bin\Custom\DrawingTools\@ChartMarkers.cs'. [C:\Mac\Home\Documents\NinjaTrader 8\bin\Custom\NinjaTrader.Custom.csproj]
C:\Mac\Home\Documents\NinjaTrader 8\bin\Custom\DrawingTools\@ChartMarkers.cs(1107,23): warning CS0436: The type 'TriangleDown' in 'C:\Mac\Home\Documents\NinjaTrader 8\bin\Custom\DrawingTools\@ChartMarkers.cs' conflicts with the imported type 'TriangleDown' in 'NinjaTrader.Vendor, Version=8.1.6.0, Culture=neutral, PublicKeyToken=null'. Using the type defined in 'C:\Mac\Home\Documents\NinjaTrader 8\bin\Custom\DrawingTools\@ChartMarkers.cs'. [C:\Mac\Home\Documents\NinjaTrader 8\bin\Custom\NinjaTrader.Custom.csproj]
C:\Mac\Home\Documents\NinjaTrader 8\bin\Custom\DrawingTools\@ChartMarkers.cs(1121,23): warning CS0436: The type 'TriangleDown' in 'C:\Mac\Home\Documents\NinjaTrader 8\bin\Custom\DrawingTools\@ChartMarkers.cs' conflicts with the imported type 'TriangleDown' in 'NinjaTrader.Vendor, Version=8.1.6.0, Culture=neutral, PublicKeyToken=null'. Using the type defined in 'C:\Mac\Home\Documents\NinjaTrader 8\bin\Custom\DrawingTools\@ChartMarkers.cs'. [C:\Mac\Home\Documents\NinjaTrader 8\bin\Custom\NinjaTrader.Custom.csproj]
C:\Mac\Home\Documents\NinjaTrader 8\bin\Custom\DrawingTools\@ChartMarkers.cs(1135,23): warning CS0436: The type 'TriangleUp' in 'C:\Mac\Home\Documents\NinjaTrader 8\bin\Custom\DrawingTools\@ChartMarkers.cs' conflicts with the imported type 'TriangleUp' in 'NinjaTrader.Vendor, Version=8.1.6.0, Culture=neutral, PublicKeyToken=null'. Using the type defined in 'C:\Mac\Home\Documents\NinjaTrader 8\bin\Custom\DrawingTools\@ChartMarkers.cs'. [C:\Mac\Home\Documents\NinjaTrader 8\bin\Custom\NinjaTrader.Custom.csproj]
C:\Mac\Home\Documents\NinjaTrader 8\bin\Custom\DrawingTools\@ChartMarkers.cs(1148,23): warning CS0436: The type 'TriangleUp' in 'C:\Mac\Home\Documents\NinjaTrader 8\bin\Custom\DrawingTools\@ChartMarkers.cs' conflicts with the imported type 'TriangleUp' in 'NinjaTrader.Vendor, Version=8.1.6.0, Culture=neutral, PublicKeyToken=null'. Using the type defined in 'C:\Mac\Home\Documents\NinjaTrader 8\bin\Custom\DrawingTools\@ChartMarkers.cs'. [C:\Mac\Home\Documents\NinjaTrader 8\bin\Custom\NinjaTrader.Custom.csproj]
C:\Mac\Home\Documents\NinjaTrader 8\bin\Custom\DrawingTools\@ChartMarkers.cs(1162,88): warning CS0436: The type 'TriangleUp' in 'C:\Mac\Home\Documents\NinjaTrader 8\bin\Custom\DrawingTools\@ChartMarkers.cs' conflicts with the imported type 'TriangleUp' in 'NinjaTrader.Vendor, Version=8.1.6.0, Culture=neutral, PublicKeyToken=null'. Using the type defined in 'C:\Mac\Home\Documents\NinjaTrader 8\bin\Custom\DrawingTools\@ChartMarkers.cs'. [C:\Mac\Home\Documents\NinjaTrader 8\bin\Custom\NinjaTrader.Custom.csproj]
C:\Mac\Home\Documents\NinjaTrader 8\bin\Custom\DrawingTools\@ChartMarkers.cs(1176,88): warning CS0436: The type 'TriangleUp' in 'C:\Mac\Home\Documents\NinjaTrader 8\bin\Custom\DrawingTools\@ChartMarkers.cs' conflicts with the imported type 'TriangleUp' in 'NinjaTrader.Vendor, Version=8.1.6.0, Culture=neutral, PublicKeyToken=null'. Using the type defined in 'C:\Mac\Home\Documents\NinjaTrader 8\bin\Custom\DrawingTools\@ChartMarkers.cs'. [C:\Mac\Home\Documents\NinjaTrader 8\bin\Custom\NinjaTrader.Custom.csproj]
C:\Mac\Home\Documents\NinjaTrader 8\bin\Custom\DrawingTools\@ChartMarkers.cs(1190,23): warning CS0436: The type 'TriangleUp' in 'C:\Mac\Home\Documents\NinjaTrader 8\bin\Custom\DrawingTools\@ChartMarkers.cs' conflicts with the imported type 'TriangleUp' in 'NinjaTrader.Vendor, Version=8.1.6.0, Culture=neutral, PublicKeyToken=null'. Using the type defined in 'C:\Mac\Home\Documents\NinjaTrader 8\bin\Custom\DrawingTools\@ChartMarkers.cs'. [C:\Mac\Home\Documents\NinjaTrader 8\bin\Custom\NinjaTrader.Custom.csproj]
C:\Mac\Home\Documents\NinjaTrader 8\bin\Custom\DrawingTools\@ChartMarkers.cs(1204,23): warning CS0436: The type 'TriangleUp' in 'C:\Mac\Home\Documents\NinjaTrader 8\bin\Custom\DrawingTools\@ChartMarkers.cs' conflicts with the imported type 'TriangleUp' in 'NinjaTrader.Vendor, Version=8.1.6.0, Culture=neutral, PublicKeyToken=null'. Using the type defined in 'C:\Mac\Home\Documents\NinjaTrader 8\bin\Custom\DrawingTools\@ChartMarkers.cs'. [C:\Mac\Home\Documents\NinjaTrader 8\bin\Custom\NinjaTrader.Custom.csproj]
C:\Mac\Home\Documents\NinjaTrader 8\bin\Custom\Indicators\CBASTestingIndicator4.cs(293,32): warning CS0436: The type 'EMA' in 'C:\Mac\Home\Documents\NinjaTrader 8\bin\Custom\Indicators\@EMA.cs' conflicts with the imported type 'EMA' in 'NinjaTrader.Vendor, Version=8.1.6.0, Culture=neutral, PublicKeyToken=null'. Using the type defined in 'C:\Mac\Home\Documents\NinjaTrader 8\bin\Custom\Indicators\@EMA.cs'. [C:\Mac\Home\Documents\NinjaTrader 8\bin\Custom\NinjaTrader.Custom.csproj]
C:\Mac\Home\Documents\NinjaTrader 8\bin\Custom\DrawingTools\@Text.cs(690,48): warning CS0436: The type 'Text' in 'C:\Mac\Home\Documents\NinjaTrader 8\bin\Custom\DrawingTools\@Text.cs' conflicts with the imported type 'Text' in 'NinjaTrader.Vendor, Version=8.1.6.0, Culture=neutral, PublicKeyToken=null'. Using the type defined in 'C:\Mac\Home\Documents\NinjaTrader 8\bin\Custom\DrawingTools\@Text.cs'. [C:\Mac\Home\Documents\NinjaTrader 8\bin\Custom\NinjaTrader.Custom.csproj]
C:\Mac\Home\Documents\NinjaTrader 8\bin\Custom\DrawingTools\@Text.cs(690,81): warning CS0436: The type 'Text' in 'C:\Mac\Home\Documents\NinjaTrader 8\bin\Custom\DrawingTools\@Text.cs' conflicts with the imported type 'Text' in 'NinjaTrader.Vendor, Version=8.1.6.0, Culture=neutral, PublicKeyToken=null'. Using the type defined in 'C:\Mac\Home\Documents\NinjaTrader 8\bin\Custom\DrawingTools\@Text.cs'. [C:\Mac\Home\Documents\NinjaTrader 8\bin\Custom\NinjaTrader.Custom.csproj]
C:\Mac\Home\Documents\NinjaTrader 8\bin\Custom\DrawingTools\@Text.cs(891,48): warning CS0436: The type 'TextFixed' in 'C:\Mac\Home\Documents\NinjaTrader 8\bin\Custom\DrawingTools\@Text.cs' conflicts with the imported type 'TextFixed' in 'NinjaTrader.Vendor, Version=8.1.6.0, Culture=neutral, PublicKeyToken=null'. Using the type defined in 'C:\Mac\Home\Documents\NinjaTrader 8\bin\Custom\DrawingTools\@Text.cs'. [C:\Mac\Home\Documents\NinjaTrader 8\bin\Custom\NinjaTrader.Custom.csproj]
C:\Mac\Home\Documents\NinjaTrader 8\bin\Custom\DrawingTools\@Text.cs(891,86): warning CS0436: The type 'TextFixed' in 'C:\Mac\Home\Documents\NinjaTrader 8\bin\Custom\DrawingTools\@Text.cs' conflicts with the imported type 'TextFixed' in 'NinjaTrader.Vendor, Version=8.1.6.0, Culture=neutral, PublicKeyToken=null'. Using the type defined in 'C:\Mac\Home\Documents\NinjaTrader 8\bin\Custom\DrawingTools\@Text.cs'. [C:\Mac\Home\Documents\NinjaTrader 8\bin\Custom\NinjaTrader.Custom.csproj]
C:\Mac\Home\Documents\NinjaTrader 8\bin\Custom\Indicators\CBASTestingIndicator4.cs(538,17): warning CS0436: The type 'Draw' in 'C:\Mac\Home\Documents\NinjaTrader 8\bin\Custom\DrawingTools\@AndrewsPitchfork.cs' conflicts with the imported type 'Draw' in 'NinjaTrader.Vendor, Version=8.1.6.0, Culture=neutral, PublicKeyToken=null'. Using the type defined in 'C:\Mac\Home\Documents\NinjaTrader 8\bin\Custom\DrawingTools\@AndrewsPitchfork.cs'. [C:\Mac\Home\Documents\NinjaTrader 8\bin\Custom\NinjaTrader.Custom.csproj]
C:\Mac\Home\Documents\NinjaTrader 8\bin\Custom\Indicators\CBASTestingIndicator4.cs(543,17): warning CS0436: The type 'Draw' in 'C:\Mac\Home\Documents\NinjaTrader 8\bin\Custom\DrawingTools\@AndrewsPitchfork.cs' conflicts with the imported type 'Draw' in 'NinjaTrader.Vendor, Version=8.1.6.0, Culture=neutral, PublicKeyToken=null'. Using the type defined in 'C:\Mac\Home\Documents\NinjaTrader 8\bin\Custom\DrawingTools\@AndrewsPitchfork.cs'. [C:\Mac\Home\Documents\NinjaTrader 8\bin\Custom\NinjaTrader.Custom.csproj]
C:\Mac\Home\Documents\NinjaTrader 8\bin\Custom\Indicators\CBASTestingIndicator4.cs(568,21): warning CS0436: The type 'Draw' in 'C:\Mac\Home\Documents\NinjaTrader 8\bin\Custom\DrawingTools\@AndrewsPitchfork.cs' conflicts with the imported type 'Draw' in 'NinjaTrader.Vendor, Version=8.1.6.0, Culture=neutral, PublicKeyToken=null'. Using the type defined in 'C:\Mac\Home\Documents\NinjaTrader 8\bin\Custom\DrawingTools\@AndrewsPitchfork.cs'. [C:\Mac\Home\Documents\NinjaTrader 8\bin\Custom\NinjaTrader.Custom.csproj]
C:\Mac\Home\Documents\NinjaTrader 8\bin\Custom\Indicators\CBASTestingIndicator4.cs(571,21): warning CS0436: The type 'Draw' in 'C:\Mac\Home\Documents\NinjaTrader 8\bin\Custom\DrawingTools\@AndrewsPitchfork.cs' conflicts with the imported type 'Draw' in 'NinjaTrader.Vendor, Version=8.1.6.0, Culture=neutral, PublicKeyToken=null'. Using the type defined in 'C:\Mac\Home\Documents\NinjaTrader 8\bin\Custom\DrawingTools\@AndrewsPitchfork.cs'. [C:\Mac\Home\Documents\NinjaTrader 8\bin\Custom\NinjaTrader.Custom.csproj]
C:\Mac\Home\Documents\NinjaTrader 8\bin\Custom\Indicators\@BarTimer.cs(51,9): warning CS0436: The type 'Draw' in 'C:\Mac\Home\Documents\NinjaTrader 8\bin\Custom\DrawingTools\@AndrewsPitchfork.cs' conflicts with the imported type 'Draw' in 'NinjaTrader.Vendor, Version=8.1.6.0, Culture=neutral, PublicKeyToken=null'. Using the type defined in 'C:\Mac\Home\Documents\NinjaTrader 8\bin\Custom\DrawingTools\@AndrewsPitchfork.cs'. [C:\Mac\Home\Documents\NinjaTrader 8\bin\Custom\NinjaTrader.Custom.csproj]
C:\Mac\Home\Documents\NinjaTrader 8\bin\Custom\Indicators\@BarTimer.cs(53,9): warning CS0436: The type 'Draw' in 'C:\Mac\Home\Documents\NinjaTrader 8\bin\Custom\DrawingTools\@AndrewsPitchfork.cs' conflicts with the imported type 'Draw' in 'NinjaTrader.Vendor, Version=8.1.6.0, Culture=neutral, PublicKeyToken=null'. Using the type defined in 'C:\Mac\Home\Documents\NinjaTrader 8\bin\Custom\DrawingTools\@AndrewsPitchfork.cs'. [C:\Mac\Home\Documents\NinjaTrader 8\bin\Custom\NinjaTrader.Custom.csproj]
C:\Mac\Home\Documents\NinjaTrader 8\bin\Custom\Indicators\@BarTimer.cs(59,7): warning CS0436: The type 'Draw' in 'C:\Mac\Home\Documents\NinjaTrader 8\bin\Custom\DrawingTools\@AndrewsPitchfork.cs' conflicts with the imported type 'Draw' in 'NinjaTrader.Vendor, Version=8.1.6.0, Culture=neutral, PublicKeyToken=null'. Using the type defined in 'C:\Mac\Home\Documents\NinjaTrader 8\bin\Custom\DrawingTools\@AndrewsPitchfork.cs'. [C:\Mac\Home\Documents\NinjaTrader 8\bin\Custom\NinjaTrader.Custom.csproj]
C:\Mac\Home\Documents\NinjaTrader 8\bin\Custom\Indicators\@BarTimer.cs(126,8): warning CS0436: The type 'Draw' in 'C:\Mac\Home\Documents\NinjaTrader 8\bin\Custom\DrawingTools\@AndrewsPitchfork.cs' conflicts with the imported type 'Draw' in 'NinjaTrader.Vendor, Version=8.1.6.0, Culture=neutral, PublicKeyToken=null'. Using the type defined in 'C:\Mac\Home\Documents\NinjaTrader 8\bin\Custom\DrawingTools\@AndrewsPitchfork.cs'. [C:\Mac\Home\Documents\NinjaTrader 8\bin\Custom\NinjaTrader.Custom.csproj]
C:\Mac\Home\Documents\NinjaTrader 8\bin\Custom\Indicators\@BarTimer.cs(129,8): warning CS0436: The type 'Draw' in 'C:\Mac\Home\Documents\NinjaTrader 8\bin\Custom\DrawingTools\@AndrewsPitchfork.cs' conflicts with the imported type 'Draw' in 'NinjaTrader.Vendor, Version=8.1.6.0, Culture=neutral, PublicKeyToken=null'. Using the type defined in 'C:\Mac\Home\Documents\NinjaTrader 8\bin\Custom\DrawingTools\@AndrewsPitchfork.cs'. [C:\Mac\Home\Documents\NinjaTrader 8\bin\Custom\NinjaTrader.Custom.csproj]
C:\Mac\Home\Documents\NinjaTrader 8\bin\Custom\Indicators\@BarTimer.cs(132,7): warning CS0436: The type 'Draw' in 'C:\Mac\Home\Documents\NinjaTrader 8\bin\Custom\DrawingTools\@AndrewsPitchfork.cs' conflicts with the imported type 'Draw' in 'NinjaTrader.Vendor, Version=8.1.6.0, Culture=neutral, PublicKeyToken=null'. Using the type defined in 'C:\Mac\Home\Documents\NinjaTrader 8\bin\Custom\DrawingTools\@AndrewsPitchfork.cs'. [C:\Mac\Home\Documents\NinjaTrader 8\bin\Custom\NinjaTrader.Custom.csproj]
C:\Mac\Home\Documents\NinjaTrader 8\bin\Custom\Indicators\@BarTimer.cs(136,6): warning CS0436: The type 'Draw' in 'C:\Mac\Home\Documents\NinjaTrader 8\bin\Custom\DrawingTools\@AndrewsPitchfork.cs' conflicts with the imported type 'Draw' in 'NinjaTrader.Vendor, Version=8.1.6.0, Culture=neutral, PublicKeyToken=null'. Using the type defined in 'C:\Mac\Home\Documents\NinjaTrader 8\bin\Custom\DrawingTools\@AndrewsPitchfork.cs'. [C:\Mac\Home\Documents\NinjaTrader 8\bin\Custom\NinjaTrader.Custom.csproj]
C:\Mac\Home\Documents\NinjaTrader 8\bin\Custom\DrawingTools\@ChartMarkers.cs(47,48): warning CS0436: The type 'ChartMarkerSize' in 'C:\Mac\Home\Documents\NinjaTrader 8\bin\Custom\DrawingTools\@ChartMarkers.cs' conflicts with the imported type 'ChartMarkerSize' in 'NinjaTrader.Vendor, Version=8.1.6.0, Culture=neutral, PublicKeyToken=null'. Using the type defined in 'C:\Mac\Home\Documents\NinjaTrader 8\bin\Custom\DrawingTools\@ChartMarkers.cs'. [C:\Mac\Home\Documents\NinjaTrader 8\bin\Custom\NinjaTrader.Custom.csproj]
C:\Mac\Home\Documents\NinjaTrader 8\bin\Custom\DrawingTools\@ChartMarkers.cs(108,17): warning CS0436: The type 'ChartMarkerSize' in 'C:\Mac\Home\Documents\NinjaTrader 8\bin\Custom\DrawingTools\@ChartMarkers.cs' conflicts with the imported type 'ChartMarkerSize' in 'NinjaTrader.Vendor, Version=8.1.6.0, Culture=neutral, PublicKeyToken=null'. Using the type defined in 'C:\Mac\Home\Documents\NinjaTrader 8\bin\Custom\DrawingTools\@ChartMarkers.cs'. [C:\Mac\Home\Documents\NinjaTrader 8\bin\Custom\NinjaTrader.Custom.csproj]
C:\Mac\Home\Documents\NinjaTrader 8\bin\Custom\DrawingTools\@ChartMarkers.cs(109,17): warning CS0436: The type 'ChartMarkerSize' in 'C:\Mac\Home\Documents\NinjaTrader 8\bin\Custom\DrawingTools\@ChartMarkers.cs' conflicts with the imported type 'ChartMarkerSize' in 'NinjaTrader.Vendor, Version=8.1.6.0, Culture=neutral, PublicKeyToken=null'. Using the type defined in 'C:\Mac\Home\Documents\NinjaTrader 8\bin\Custom\DrawingTools\@ChartMarkers.cs'. [C:\Mac\Home\Documents\NinjaTrader 8\bin\Custom\NinjaTrader.Custom.csproj]
C:\Mac\Home\Documents\NinjaTrader 8\bin\Custom\DrawingTools\@ChartMarkers.cs(110,17): warning CS0436: The type 'ChartMarkerSize' in 'C:\Mac\Home\Documents\NinjaTrader 8\bin\Custom\DrawingTools\@ChartMarkers.cs' conflicts with the imported type 'ChartMarkerSize' in 'NinjaTrader.Vendor, Version=8.1.6.0, Culture=neutral, PublicKeyToken=null'. Using the type defined in 'C:\Mac\Home\Documents\NinjaTrader 8\bin\Custom\DrawingTools\@ChartMarkers.cs'. [C:\Mac\Home\Documents\NinjaTrader 8\bin\Custom\NinjaTrader.Custom.csproj]
C:\Mac\Home\Documents\NinjaTrader 8\bin\Custom\DrawingTools\@ChartMarkers.cs(111,17): warning CS0436: The type 'ChartMarkerSize' in 'C:\Mac\Home\Documents\NinjaTrader 8\bin\Custom\DrawingTools\@ChartMarkers.cs' conflicts with the imported type 'ChartMarkerSize' in 'NinjaTrader.Vendor, Version=8.1.6.0, Culture=neutral, PublicKeyToken=null'. Using the type defined in 'C:\Mac\Home\Documents\NinjaTrader 8\bin\Custom\DrawingTools\@ChartMarkers.cs'. [C:\Mac\Home\Documents\NinjaTrader 8\bin\Custom\NinjaTrader.Custom.csproj]
C:\Mac\Home\Documents\NinjaTrader 8\bin\Custom\Indicators\TicksPerMinute.cs(96,49): warning CS0436: The type 'TextPosition' in 'C:\Mac\Home\Documents\NinjaTrader 8\bin\Custom\DrawingTools\@Text.cs' conflicts with the imported type 'TextPosition' in 'NinjaTrader.Vendor, Version=8.1.6.0, Culture=neutral, PublicKeyToken=null'. Using the type defined in 'C:\Mac\Home\Documents\NinjaTrader 8\bin\Custom\DrawingTools\@Text.cs'. [C:\Mac\Home\Documents\NinjaTrader 8\bin\Custom\NinjaTrader.Custom.csproj]
C:\Mac\Home\Documents\NinjaTrader 8\bin\Custom\Indicators\TicksPerMinute.cs(96,72): warning CS0436: The type 'TextPosition' in 'C:\Mac\Home\Documents\NinjaTrader 8\bin\Custom\DrawingTools\@Text.cs' conflicts with the imported type 'TextPosition' in 'NinjaTrader.Vendor, Version=8.1.6.0, Culture=neutral, PublicKeyToken=null'. Using the type defined in 'C:\Mac\Home\Documents\NinjaTrader 8\bin\Custom\DrawingTools\@Text.cs'. [C:\Mac\Home\Documents\NinjaTrader 8\bin\Custom\NinjaTrader.Custom.csproj]
C:\Mac\Home\Documents\NinjaTrader 8\bin\Custom\Indicators\TicksPerMinute.cs(98,17): warning CS0436: The type 'Draw' in 'C:\Mac\Home\Documents\NinjaTrader 8\bin\Custom\DrawingTools\@AndrewsPitchfork.cs' conflicts with the imported type 'Draw' in 'NinjaTrader.Vendor, Version=8.1.6.0, Culture=neutral, PublicKeyToken=null'. Using the type defined in 'C:\Mac\Home\Documents\NinjaTrader 8\bin\Custom\DrawingTools\@AndrewsPitchfork.cs'. [C:\Mac\Home\Documents\NinjaTrader 8\bin\Custom\NinjaTrader.Custom.csproj]
C:\Mac\Home\Documents\NinjaTrader 8\bin\Custom\Indicators\@BuySellVolume.cs(45,6): warning CS0436: The type 'Draw' in 'C:\Mac\Home\Documents\NinjaTrader 8\bin\Custom\DrawingTools\@AndrewsPitchfork.cs' conflicts with the imported type 'Draw' in 'NinjaTrader.Vendor, Version=8.1.6.0, Culture=neutral, PublicKeyToken=null'. Using the type defined in 'C:\Mac\Home\Documents\NinjaTrader 8\bin\Custom\DrawingTools\@AndrewsPitchfork.cs'. [C:\Mac\Home\Documents\NinjaTrader 8\bin\Custom\NinjaTrader.Custom.csproj]
C:\Mac\Home\Documents\NinjaTrader 8\bin\Custom\Indicators\@BuySellVolume.cs(45,111): warning CS0436: The type 'TextPosition' in 'C:\Mac\Home\Documents\NinjaTrader 8\bin\Custom\DrawingTools\@Text.cs' conflicts with the imported type 'TextPosition' in 'NinjaTrader.Vendor, Version=8.1.6.0, Culture=neutral, PublicKeyToken=null'. Using the type defined in 'C:\Mac\Home\Documents\NinjaTrader 8\bin\Custom\DrawingTools\@Text.cs'. [C:\Mac\Home\Documents\NinjaTrader 8\bin\Custom\NinjaTrader.Custom.csproj]
C:\Mac\Home\Documents\NinjaTrader 8\bin\Custom\DrawingTools\@Region.cs(336,48): warning CS0436: The type 'Region' in 'C:\Mac\Home\Documents\NinjaTrader 8\bin\Custom\DrawingTools\@Region.cs' conflicts with the imported type 'Region' in 'NinjaTrader.Vendor, Version=8.1.6.0, Culture=neutral, PublicKeyToken=null'. Using the type defined in 'C:\Mac\Home\Documents\NinjaTrader 8\bin\Custom\DrawingTools\@Region.cs'. [C:\Mac\Home\Documents\NinjaTrader 8\bin\Custom\NinjaTrader.Custom.csproj]
C:\Mac\Home\Documents\NinjaTrader 8\bin\Custom\DrawingTools\@Region.cs(336,75): warning CS0436: The type 'Region' in 'C:\Mac\Home\Documents\NinjaTrader 8\bin\Custom\DrawingTools\@Region.cs' conflicts with the imported type 'Region' in 'NinjaTrader.Vendor, Version=8.1.6.0, Culture=neutral, PublicKeyToken=null'. Using the type defined in 'C:\Mac\Home\Documents\NinjaTrader 8\bin\Custom\DrawingTools\@Region.cs'. [C:\Mac\Home\Documents\NinjaTrader 8\bin\Custom\NinjaTrader.Custom.csproj]
C:\Mac\Home\Documents\NinjaTrader 8\bin\Custom\Strategies\@SampleMultiInstrument.cs(75,6): warning CS0436: The type 'Draw' in 'C:\Mac\Home\Documents\NinjaTrader 8\bin\Custom\DrawingTools\@AndrewsPitchfork.cs' conflicts with the imported type 'Draw' in 'NinjaTrader.Vendor, Version=8.1.6.0, Culture=neutral, PublicKeyToken=null'. Using the type defined in 'C:\Mac\Home\Documents\NinjaTrader 8\bin\Custom\DrawingTools\@AndrewsPitchfork.cs'. [C:\Mac\Home\Documents\NinjaTrader 8\bin\Custom\NinjaTrader.Custom.csproj]
C:\Mac\Home\Documents\NinjaTrader 8\bin\Custom\Indicators\@CandleStickPattern.cs(23,53): warning CS0436: The type 'TextPosition' in 'C:\Mac\Home\Documents\NinjaTrader 8\bin\Custom\DrawingTools\@Text.cs' conflicts with the imported type 'TextPosition' in 'NinjaTrader.Vendor, Version=8.1.6.0, Culture=neutral, PublicKeyToken=null'. Using the type defined in 'C:\Mac\Home\Documents\NinjaTrader 8\bin\Custom\DrawingTools\@Text.cs'. [C:\Mac\Home\Documents\NinjaTrader 8\bin\Custom\NinjaTrader.Custom.csproj]
C:\Mac\Home\Documents\NinjaTrader 8\bin\Custom\Indicators\@CandleStickPattern.cs(29,4): warning CS0436: The type 'Draw' in 'C:\Mac\Home\Documents\NinjaTrader 8\bin\Custom\DrawingTools\@AndrewsPitchfork.cs' conflicts with the imported type 'Draw' in 'NinjaTrader.Vendor, Version=8.1.6.0, Culture=neutral, PublicKeyToken=null'. Using the type defined in 'C:\Mac\Home\Documents\NinjaTrader 8\bin\Custom\DrawingTools\@AndrewsPitchfork.cs'. [C:\Mac\Home\Documents\NinjaTrader 8\bin\Custom\NinjaTrader.Custom.csproj]
C:\Mac\Home\Documents\NinjaTrader 8\bin\Custom\Indicators\@@CBASTestingIndicator.cs(127,28): warning CS0436: The type 'EMA' in 'C:\Mac\Home\Documents\NinjaTrader 8\bin\Custom\Indicators\@EMA.cs' conflicts with the imported type 'EMA' in 'NinjaTrader.Vendor, Version=8.1.6.0, Culture=neutral, PublicKeyToken=null'. Using the type defined in 'C:\Mac\Home\Documents\NinjaTrader 8\bin\Custom\Indicators\@EMA.cs'. [C:\Mac\Home\Documents\NinjaTrader 8\bin\Custom\NinjaTrader.Custom.csproj]
C:\Mac\Home\Documents\NinjaTrader 8\bin\Custom\Strategies\GradientSlopeStrategy.cs(1096,25): warning CS0436: The type 'Draw' in 'C:\Mac\Home\Documents\NinjaTrader 8\bin\Custom\DrawingTools\@AndrewsPitchfork.cs' conflicts with the imported type 'Draw' in 'NinjaTrader.Vendor, Version=8.1.6.0, Culture=neutral, PublicKeyToken=null'. Using the type defined in 'C:\Mac\Home\Documents\NinjaTrader 8\bin\Custom\DrawingTools\@AndrewsPitchfork.cs'. [C:\Mac\Home\Documents\NinjaTrader 8\bin\Custom\NinjaTrader.Custom.csproj]
C:\Mac\Home\Documents\NinjaTrader 8\bin\Custom\Strategies\GradientSlopeStrategy.cs(1097,25): warning CS0436: The type 'Draw' in 'C:\Mac\Home\Documents\NinjaTrader 8\bin\Custom\DrawingTools\@AndrewsPitchfork.cs' conflicts with the imported type 'Draw' in 'NinjaTrader.Vendor, Version=8.1.6.0, Culture=neutral, PublicKeyToken=null'. Using the type defined in 'C:\Mac\Home\Documents\NinjaTrader 8\bin\Custom\DrawingTools\@AndrewsPitchfork.cs'. [C:\Mac\Home\Documents\NinjaTrader 8\bin\Custom\NinjaTrader.Custom.csproj]
C:\Mac\Home\Documents\NinjaTrader 8\bin\Custom\Strategies\GradientSlopeStrategy.cs(1230,33): warning CS0436: The type 'Draw' in 'C:\Mac\Home\Documents\NinjaTrader 8\bin\Custom\DrawingTools\@AndrewsPitchfork.cs' conflicts with the imported type 'Draw' in 'NinjaTrader.Vendor, Version=8.1.6.0, Culture=neutral, PublicKeyToken=null'. Using the type defined in 'C:\Mac\Home\Documents\NinjaTrader 8\bin\Custom\DrawingTools\@AndrewsPitchfork.cs'. [C:\Mac\Home\Documents\NinjaTrader 8\bin\Custom\NinjaTrader.Custom.csproj]
C:\Mac\Home\Documents\NinjaTrader 8\bin\Custom\Strategies\GradientSlopeStrategy.cs(1231,33): warning CS0436: The type 'Draw' in 'C:\Mac\Home\Documents\NinjaTrader 8\bin\Custom\DrawingTools\@AndrewsPitchfork.cs' conflicts with the imported type 'Draw' in 'NinjaTrader.Vendor, Version=8.1.6.0, Culture=neutral, PublicKeyToken=null'. Using the type defined in 'C:\Mac\Home\Documents\NinjaTrader 8\bin\Custom\DrawingTools\@AndrewsPitchfork.cs'. [C:\Mac\Home\Documents\NinjaTrader 8\bin\Custom\NinjaTrader.Custom.csproj]
C:\Mac\Home\Documents\NinjaTrader 8\bin\Custom\Strategies\GradientSlopeStrategy.cs(1380,25): warning CS0436: The type 'Draw' in 'C:\Mac\Home\Documents\NinjaTrader 8\bin\Custom\DrawingTools\@AndrewsPitchfork.cs' conflicts with the imported type 'Draw' in 'NinjaTrader.Vendor, Version=8.1.6.0, Culture=neutral, PublicKeyToken=null'. Using the type defined in 'C:\Mac\Home\Documents\NinjaTrader 8\bin\Custom\DrawingTools\@AndrewsPitchfork.cs'. [C:\Mac\Home\Documents\NinjaTrader 8\bin\Custom\NinjaTrader.Custom.csproj]
C:\Mac\Home\Documents\NinjaTrader 8\bin\Custom\Strategies\GradientSlopeStrategy.cs(1381,25): warning CS0436: The type 'Draw' in 'C:\Mac\Home\Documents\NinjaTrader 8\bin\Custom\DrawingTools\@AndrewsPitchfork.cs' conflicts with the imported type 'Draw' in 'NinjaTrader.Vendor, Version=8.1.6.0, Culture=neutral, PublicKeyToken=null'. Using the type defined in 'C:\Mac\Home\Documents\NinjaTrader 8\bin\Custom\DrawingTools\@AndrewsPitchfork.cs'. [C:\Mac\Home\Documents\NinjaTrader 8\bin\Custom\NinjaTrader.Custom.csproj]
C:\Mac\Home\Documents\NinjaTrader 8\bin\Custom\Strategies\GradientSlopeStrategy.cs(1513,33): warning CS0436: The type 'Draw' in 'C:\Mac\Home\Documents\NinjaTrader 8\bin\Custom\DrawingTools\@AndrewsPitchfork.cs' conflicts with the imported type 'Draw' in 'NinjaTrader.Vendor, Version=8.1.6.0, Culture=neutral, PublicKeyToken=null'. Using the type defined in 'C:\Mac\Home\Documents\NinjaTrader 8\bin\Custom\DrawingTools\@AndrewsPitchfork.cs'. [C:\Mac\Home\Documents\NinjaTrader 8\bin\Custom\NinjaTrader.Custom.csproj]
C:\Mac\Home\Documents\NinjaTrader 8\bin\Custom\Strategies\GradientSlopeStrategy.cs(1514,33): warning CS0436: The type 'Draw' in 'C:\Mac\Home\Documents\NinjaTrader 8\bin\Custom\DrawingTools\@AndrewsPitchfork.cs' conflicts with the imported type 'Draw' in 'NinjaTrader.Vendor, Version=8.1.6.0, Culture=neutral, PublicKeyToken=null'. Using the type defined in 'C:\Mac\Home\Documents\NinjaTrader 8\bin\Custom\DrawingTools\@AndrewsPitchfork.cs'. [C:\Mac\Home\Documents\NinjaTrader 8\bin\Custom\NinjaTrader.Custom.csproj]
C:\Mac\Home\Documents\NinjaTrader 8\bin\Custom\Strategies\GradientSlopeStrategy.cs(1966,41): warning CS0436: The type 'Draw' in 'C:\Mac\Home\Documents\NinjaTrader 8\bin\Custom\DrawingTools\@AndrewsPitchfork.cs' conflicts with the imported type 'Draw' in 'NinjaTrader.Vendor, Version=8.1.6.0, Culture=neutral, PublicKeyToken=null'. Using the type defined in 'C:\Mac\Home\Documents\NinjaTrader 8\bin\Custom\DrawingTools\@AndrewsPitchfork.cs'. [C:\Mac\Home\Documents\NinjaTrader 8\bin\Custom\NinjaTrader.Custom.csproj]
C:\Mac\Home\Documents\NinjaTrader 8\bin\Custom\Strategies\GradientSlopeStrategy.cs(1967,41): warning CS0436: The type 'Draw' in 'C:\Mac\Home\Documents\NinjaTrader 8\bin\Custom\DrawingTools\@AndrewsPitchfork.cs' conflicts with the imported type 'Draw' in 'NinjaTrader.Vendor, Version=8.1.6.0, Culture=neutral, PublicKeyToken=null'. Using the type defined in 'C:\Mac\Home\Documents\NinjaTrader 8\bin\Custom\DrawingTools\@AndrewsPitchfork.cs'. [C:\Mac\Home\Documents\NinjaTrader 8\bin\Custom\NinjaTrader.Custom.csproj]
C:\Mac\Home\Documents\NinjaTrader 8\bin\Custom\Strategies\GradientSlopeStrategy.cs(2018,33): warning CS0436: The type 'Draw' in 'C:\Mac\Home\Documents\NinjaTrader 8\bin\Custom\DrawingTools\@AndrewsPitchfork.cs' conflicts with the imported type 'Draw' in 'NinjaTrader.Vendor, Version=8.1.6.0, Culture=neutral, PublicKeyToken=null'. Using the type defined in 'C:\Mac\Home\Documents\NinjaTrader 8\bin\Custom\DrawingTools\@AndrewsPitchfork.cs'. [C:\Mac\Home\Documents\NinjaTrader 8\bin\Custom\NinjaTrader.Custom.csproj]
C:\Mac\Home\Documents\NinjaTrader 8\bin\Custom\Strategies\GradientSlopeStrategy.cs(2019,33): warning CS0436: The type 'Draw' in 'C:\Mac\Home\Documents\NinjaTrader 8\bin\Custom\DrawingTools\@AndrewsPitchfork.cs' conflicts with the imported type 'Draw' in 'NinjaTrader.Vendor, Version=8.1.6.0, Culture=neutral, PublicKeyToken=null'. Using the type defined in 'C:\Mac\Home\Documents\NinjaTrader 8\bin\Custom\DrawingTools\@AndrewsPitchfork.cs'. [C:\Mac\Home\Documents\NinjaTrader 8\bin\Custom\NinjaTrader.Custom.csproj]
C:\Mac\Home\Documents\NinjaTrader 8\bin\Custom\Strategies\GradientSlopeStrategy.cs(2074,52): warning CS0436: The type 'TextPosition' in 'C:\Mac\Home\Documents\NinjaTrader 8\bin\Custom\DrawingTools\@Text.cs' conflicts with the imported type 'TextPosition' in 'NinjaTrader.Vendor, Version=8.1.6.0, Culture=neutral, PublicKeyToken=null'. Using the type defined in 'C:\Mac\Home\Documents\NinjaTrader 8\bin\Custom\DrawingTools\@Text.cs'. [C:\Mac\Home\Documents\NinjaTrader 8\bin\Custom\NinjaTrader.Custom.csproj]
C:\Mac\Home\Documents\NinjaTrader 8\bin\Custom\Strategies\GradientSlopeStrategy.cs(2075,17): warning CS0436: The type 'Draw' in 'C:\Mac\Home\Documents\NinjaTrader 8\bin\Custom\DrawingTools\@AndrewsPitchfork.cs' conflicts with the imported type 'Draw' in 'NinjaTrader.Vendor, Version=8.1.6.0, Culture=neutral, PublicKeyToken=null'. Using the type defined in 'C:\Mac\Home\Documents\NinjaTrader 8\bin\Custom\DrawingTools\@AndrewsPitchfork.cs'. [C:\Mac\Home\Documents\NinjaTrader 8\bin\Custom\NinjaTrader.Custom.csproj]
C:\Mac\Home\Documents\NinjaTrader 8\bin\Custom\Strategies\GradientSlopeStrategy.cs(2081,17): warning CS0436: The type 'Draw' in 'C:\Mac\Home\Documents\NinjaTrader 8\bin\Custom\DrawingTools\@AndrewsPitchfork.cs' conflicts with the imported type 'Draw' in 'NinjaTrader.Vendor, Version=8.1.6.0, Culture=neutral, PublicKeyToken=null'. Using the type defined in 'C:\Mac\Home\Documents\NinjaTrader 8\bin\Custom\DrawingTools\@AndrewsPitchfork.cs'. [C:\Mac\Home\Documents\NinjaTrader 8\bin\Custom\NinjaTrader.Custom.csproj]
C:\Mac\Home\Documents\NinjaTrader 8\bin\Custom\Indicators\CBASTestingIndicator2.cs(110,24): warning CS0436: The type 'EMA' in 'C:\Mac\Home\Documents\NinjaTrader 8\bin\Custom\Indicators\@EMA.cs' conflicts with the imported type 'EMA' in 'NinjaTrader.Vendor, Version=8.1.6.0, Culture=neutral, PublicKeyToken=null'. Using the type defined in 'C:\Mac\Home\Documents\NinjaTrader 8\bin\Custom\Indicators\@EMA.cs'. [C:\Mac\Home\Documents\NinjaTrader 8\bin\Custom\NinjaTrader.Custom.csproj]
C:\Mac\Home\Documents\NinjaTrader 8\bin\Custom\Indicators\@CamarillaPivots.cs(91,6): warning CS0436: The type 'Draw' in 'C:\Mac\Home\Documents\NinjaTrader 8\bin\Custom\DrawingTools\@AndrewsPitchfork.cs' conflicts with the imported type 'Draw' in 'NinjaTrader.Vendor, Version=8.1.6.0, Culture=neutral, PublicKeyToken=null'. Using the type defined in 'C:\Mac\Home\Documents\NinjaTrader 8\bin\Custom\DrawingTools\@AndrewsPitchfork.cs'. [C:\Mac\Home\Documents\NinjaTrader 8\bin\Custom\NinjaTrader.Custom.csproj]
C:\Mac\Home\Documents\NinjaTrader 8\bin\Custom\Indicators\@CamarillaPivots.cs(91,85): warning CS0436: The type 'TextPosition' in 'C:\Mac\Home\Documents\NinjaTrader 8\bin\Custom\DrawingTools\@Text.cs' conflicts with the imported type 'TextPosition' in 'NinjaTrader.Vendor, Version=8.1.6.0, Culture=neutral, PublicKeyToken=null'. Using the type defined in 'C:\Mac\Home\Documents\NinjaTrader 8\bin\Custom\DrawingTools\@Text.cs'. [C:\Mac\Home\Documents\NinjaTrader 8\bin\Custom\NinjaTrader.Custom.csproj]
C:\Mac\Home\Documents\NinjaTrader 8\bin\Custom\Indicators\@CamarillaPivots.cs(98,6): warning CS0436: The type 'Draw' in 'C:\Mac\Home\Documents\NinjaTrader 8\bin\Custom\DrawingTools\@AndrewsPitchfork.cs' conflicts with the imported type 'Draw' in 'NinjaTrader.Vendor, Version=8.1.6.0, Culture=neutral, PublicKeyToken=null'. Using the type defined in 'C:\Mac\Home\Documents\NinjaTrader 8\bin\Custom\DrawingTools\@AndrewsPitchfork.cs'. [C:\Mac\Home\Documents\NinjaTrader 8\bin\Custom\NinjaTrader.Custom.csproj]
C:\Mac\Home\Documents\NinjaTrader 8\bin\Custom\Indicators\@CamarillaPivots.cs(98,85): warning CS0436: The type 'TextPosition' in 'C:\Mac\Home\Documents\NinjaTrader 8\bin\Custom\DrawingTools\@Text.cs' conflicts with the imported type 'TextPosition' in 'NinjaTrader.Vendor, Version=8.1.6.0, Culture=neutral, PublicKeyToken=null'. Using the type defined in 'C:\Mac\Home\Documents\NinjaTrader 8\bin\Custom\DrawingTools\@Text.cs'. [C:\Mac\Home\Documents\NinjaTrader 8\bin\Custom\NinjaTrader.Custom.csproj]
C:\Mac\Home\Documents\NinjaTrader 8\bin\Custom\Indicators\@CamarillaPivots.cs(103,6): warning CS0436: The type 'Draw' in 'C:\Mac\Home\Documents\NinjaTrader 8\bin\Custom\DrawingTools\@AndrewsPitchfork.cs' conflicts with the imported type 'Draw' in 'NinjaTrader.Vendor, Version=8.1.6.0, Culture=neutral, PublicKeyToken=null'. Using the type defined in 'C:\Mac\Home\Documents\NinjaTrader 8\bin\Custom\DrawingTools\@AndrewsPitchfork.cs'. [C:\Mac\Home\Documents\NinjaTrader 8\bin\Custom\NinjaTrader.Custom.csproj]
C:\Mac\Home\Documents\NinjaTrader 8\bin\Custom\Indicators\@CamarillaPivots.cs(103,86): warning CS0436: The type 'TextPosition' in 'C:\Mac\Home\Documents\NinjaTrader 8\bin\Custom\DrawingTools\@Text.cs' conflicts with the imported type 'TextPosition' in 'NinjaTrader.Vendor, Version=8.1.6.0, Culture=neutral, PublicKeyToken=null'. Using the type defined in 'C:\Mac\Home\Documents\NinjaTrader 8\bin\Custom\DrawingTools\@Text.cs'. [C:\Mac\Home\Documents\NinjaTrader 8\bin\Custom\NinjaTrader.Custom.csproj]
C:\Mac\Home\Documents\NinjaTrader 8\bin\Custom\Indicators\@CamarillaPivots.cs(108,6): warning CS0436: The type 'Draw' in 'C:\Mac\Home\Documents\NinjaTrader 8\bin\Custom\DrawingTools\@AndrewsPitchfork.cs' conflicts with the imported type 'Draw' in 'NinjaTrader.Vendor, Version=8.1.6.0, Culture=neutral, PublicKeyToken=null'. Using the type defined in 'C:\Mac\Home\Documents\NinjaTrader 8\bin\Custom\DrawingTools\@AndrewsPitchfork.cs'. [C:\Mac\Home\Documents\NinjaTrader 8\bin\Custom\NinjaTrader.Custom.csproj]
C:\Mac\Home\Documents\NinjaTrader 8\bin\Custom\Indicators\@CamarillaPivots.cs(108,86): warning CS0436: The type 'TextPosition' in 'C:\Mac\Home\Documents\NinjaTrader 8\bin\Custom\DrawingTools\@Text.cs' conflicts with the imported type 'TextPosition' in 'NinjaTrader.Vendor, Version=8.1.6.0, Culture=neutral, PublicKeyToken=null'. Using the type defined in 'C:\Mac\Home\Documents\NinjaTrader 8\bin\Custom\DrawingTools\@Text.cs'. [C:\Mac\Home\Documents\NinjaTrader 8\bin\Custom\NinjaTrader.Custom.csproj]
C:\Mac\Home\Documents\NinjaTrader 8\bin\Custom\Indicators\@CamarillaPivots.cs(120,6): warning CS0436: The type 'Draw' in 'C:\Mac\Home\Documents\NinjaTrader 8\bin\Custom\DrawingTools\@AndrewsPitchfork.cs' conflicts with the imported type 'Draw' in 'NinjaTrader.Vendor, Version=8.1.6.0, Culture=neutral, PublicKeyToken=null'. Using the type defined in 'C:\Mac\Home\Documents\NinjaTrader 8\bin\Custom\DrawingTools\@AndrewsPitchfork.cs'. [C:\Mac\Home\Documents\NinjaTrader 8\bin\Custom\NinjaTrader.Custom.csproj]
C:\Mac\Home\Documents\NinjaTrader 8\bin\Custom\Indicators\@CamarillaPivots.cs(120,91): warning CS0436: The type 'TextPosition' in 'C:\Mac\Home\Documents\NinjaTrader 8\bin\Custom\DrawingTools\@Text.cs' conflicts with the imported type 'TextPosition' in 'NinjaTrader.Vendor, Version=8.1.6.0, Culture=neutral, PublicKeyToken=null'. Using the type defined in 'C:\Mac\Home\Documents\NinjaTrader 8\bin\Custom\DrawingTools\@Text.cs'. [C:\Mac\Home\Documents\NinjaTrader 8\bin\Custom\NinjaTrader.Custom.csproj]
C:\Mac\Home\Documents\NinjaTrader 8\bin\Custom\Indicators\CBASTestingIndicator2.cs(174,9): warning CS0436: The type 'Draw' in 'C:\Mac\Home\Documents\NinjaTrader 8\bin\Custom\DrawingTools\@AndrewsPitchfork.cs' conflicts with the imported type 'Draw' in 'NinjaTrader.Vendor, Version=8.1.6.0, Culture=neutral, PublicKeyToken=null'. Using the type defined in 'C:\Mac\Home\Documents\NinjaTrader 8\bin\Custom\DrawingTools\@AndrewsPitchfork.cs'. [C:\Mac\Home\Documents\NinjaTrader 8\bin\Custom\NinjaTrader.Custom.csproj]
C:\Mac\Home\Documents\NinjaTrader 8\bin\Custom\Indicators\CBASTestingIndicator2.cs(179,9): warning CS0436: The type 'Draw' in 'C:\Mac\Home\Documents\NinjaTrader 8\bin\Custom\DrawingTools\@AndrewsPitchfork.cs' conflicts with the imported type 'Draw' in 'NinjaTrader.Vendor, Version=8.1.6.0, Culture=neutral, PublicKeyToken=null'. Using the type defined in 'C:\Mac\Home\Documents\NinjaTrader 8\bin\Custom\DrawingTools\@AndrewsPitchfork.cs'. [C:\Mac\Home\Documents\NinjaTrader 8\bin\Custom\NinjaTrader.Custom.csproj]
C:\Mac\Home\Documents\NinjaTrader 8\bin\Custom\Indicators\@CandleStickPattern.cs(235,5): warning CS0436: The type 'Draw' in 'C:\Mac\Home\Documents\NinjaTrader 8\bin\Custom\DrawingTools\@AndrewsPitchfork.cs' conflicts with the imported type 'Draw' in 'NinjaTrader.Vendor, Version=8.1.6.0, Culture=neutral, PublicKeyToken=null'. Using the type defined in 'C:\Mac\Home\Documents\NinjaTrader 8\bin\Custom\DrawingTools\@AndrewsPitchfork.cs'. [C:\Mac\Home\Documents\NinjaTrader 8\bin\Custom\NinjaTrader.Custom.csproj]
C:\Mac\Home\Documents\NinjaTrader 8\bin\Custom\Indicators\@@CBASTestingIndicator1.cs(115,28): warning CS0436: The type 'EMA' in 'C:\Mac\Home\Documents\NinjaTrader 8\bin\Custom\Indicators\@EMA.cs' conflicts with the imported type 'EMA' in 'NinjaTrader.Vendor, Version=8.1.6.0, Culture=neutral, PublicKeyToken=null'. Using the type defined in 'C:\Mac\Home\Documents\NinjaTrader 8\bin\Custom\Indicators\@EMA.cs'. [C:\Mac\Home\Documents\NinjaTrader 8\bin\Custom\NinjaTrader.Custom.csproj]
C:\Mac\Home\Documents\NinjaTrader 8\bin\Custom\Strategies\@Strategy.cs(20,38): warning CS0436: The type 'Indicator' in 'C:\Mac\Home\Documents\NinjaTrader 8\bin\Custom\Indicators\@IchimokuCloud.cs' conflicts with the imported type 'Indicator' in 'NinjaTrader.Vendor, Version=8.1.6.0, Culture=neutral, PublicKeyToken=null'. Using the type defined in 'C:\Mac\Home\Documents\NinjaTrader 8\bin\Custom\Indicators\@IchimokuCloud.cs'. [C:\Mac\Home\Documents\NinjaTrader 8\bin\Custom\NinjaTrader.Custom.csproj]
C:\Mac\Home\Documents\NinjaTrader 8\bin\Custom\Indicators\@COT.cs(77,5): warning CS0436: The type 'Draw' in 'C:\Mac\Home\Documents\NinjaTrader 8\bin\Custom\DrawingTools\@AndrewsPitchfork.cs' conflicts with the imported type 'Draw' in 'NinjaTrader.Vendor, Version=8.1.6.0, Culture=neutral, PublicKeyToken=null'. Using the type defined in 'C:\Mac\Home\Documents\NinjaTrader 8\bin\Custom\DrawingTools\@AndrewsPitchfork.cs'. [C:\Mac\Home\Documents\NinjaTrader 8\bin\Custom\NinjaTrader.Custom.csproj]
C:\Mac\Home\Documents\NinjaTrader 8\bin\Custom\Indicators\@COT.cs(77,65): warning CS0436: The type 'TextPosition' in 'C:\Mac\Home\Documents\NinjaTrader 8\bin\Custom\DrawingTools\@Text.cs' conflicts with the imported type 'TextPosition' in 'NinjaTrader.Vendor, Version=8.1.6.0, Culture=neutral, PublicKeyToken=null'. Using the type defined in 'C:\Mac\Home\Documents\NinjaTrader 8\bin\Custom\DrawingTools\@Text.cs'. [C:\Mac\Home\Documents\NinjaTrader 8\bin\Custom\NinjaTrader.Custom.csproj]
C:\Mac\Home\Documents\NinjaTrader 8\bin\Custom\Indicators\@COT.cs(82,5): warning CS0436: The type 'Draw' in 'C:\Mac\Home\Documents\NinjaTrader 8\bin\Custom\DrawingTools\@AndrewsPitchfork.cs' conflicts with the imported type 'Draw' in 'NinjaTrader.Vendor, Version=8.1.6.0, Culture=neutral, PublicKeyToken=null'. Using the type defined in 'C:\Mac\Home\Documents\NinjaTrader 8\bin\Custom\DrawingTools\@AndrewsPitchfork.cs'. [C:\Mac\Home\Documents\NinjaTrader 8\bin\Custom\NinjaTrader.Custom.csproj]
C:\Mac\Home\Documents\NinjaTrader 8\bin\Custom\Indicators\@COT.cs(82,69): warning CS0436: The type 'TextPosition' in 'C:\Mac\Home\Documents\NinjaTrader 8\bin\Custom\DrawingTools\@Text.cs' conflicts with the imported type 'TextPosition' in 'NinjaTrader.Vendor, Version=8.1.6.0, Culture=neutral, PublicKeyToken=null'. Using the type defined in 'C:\Mac\Home\Documents\NinjaTrader 8\bin\Custom\DrawingTools\@Text.cs'. [C:\Mac\Home\Documents\NinjaTrader 8\bin\Custom\NinjaTrader.Custom.csproj]
C:\Mac\Home\Documents\NinjaTrader 8\bin\Custom\Indicators\@COT.cs(86,5): warning CS0436: The type 'Draw' in 'C:\Mac\Home\Documents\NinjaTrader 8\bin\Custom\DrawingTools\@AndrewsPitchfork.cs' conflicts with the imported type 'Draw' in 'NinjaTrader.Vendor, Version=8.1.6.0, Culture=neutral, PublicKeyToken=null'. Using the type defined in 'C:\Mac\Home\Documents\NinjaTrader 8\bin\Custom\DrawingTools\@AndrewsPitchfork.cs'. [C:\Mac\Home\Documents\NinjaTrader 8\bin\Custom\NinjaTrader.Custom.csproj]
C:\Mac\Home\Documents\NinjaTrader 8\bin\Custom\Indicators\@COT.cs(86,78): warning CS0436: The type 'TextPosition' in 'C:\Mac\Home\Documents\NinjaTrader 8\bin\Custom\DrawingTools\@Text.cs' conflicts with the imported type 'TextPosition' in 'NinjaTrader.Vendor, Version=8.1.6.0, Culture=neutral, PublicKeyToken=null'. Using the type defined in 'C:\Mac\Home\Documents\NinjaTrader 8\bin\Custom\DrawingTools\@Text.cs'. [C:\Mac\Home\Documents\NinjaTrader 8\bin\Custom\NinjaTrader.Custom.csproj]
C:\Mac\Home\Documents\NinjaTrader 8\bin\Custom\Indicators\@ZigZag.cs(434,5): warning CS0436: The type 'Draw' in 'C:\Mac\Home\Documents\NinjaTrader 8\bin\Custom\DrawingTools\@AndrewsPitchfork.cs' conflicts with the imported type 'Draw' in 'NinjaTrader.Vendor, Version=8.1.6.0, Culture=neutral, PublicKeyToken=null'. Using the type defined in 'C:\Mac\Home\Documents\NinjaTrader 8\bin\Custom\DrawingTools\@AndrewsPitchfork.cs'. [C:\Mac\Home\Documents\NinjaTrader 8\bin\Custom\NinjaTrader.Custom.csproj]
C:\Mac\Home\Documents\NinjaTrader 8\bin\Custom\Indicators\@ZigZag.cs(434,88): warning CS0436: The type 'TextPosition' in 'C:\Mac\Home\Documents\NinjaTrader 8\bin\Custom\DrawingTools\@Text.cs' conflicts with the imported type 'TextPosition' in 'NinjaTrader.Vendor, Version=8.1.6.0, Culture=neutral, PublicKeyToken=null'. Using the type defined in 'C:\Mac\Home\Documents\NinjaTrader 8\bin\Custom\DrawingTools\@Text.cs'. [C:\Mac\Home\Documents\NinjaTrader 8\bin\Custom\NinjaTrader.Custom.csproj]
C:\Mac\Home\Documents\NinjaTrader 8\bin\Custom\Indicators\@BuySellPressure.cs(49,6): warning CS0436: The type 'Draw' in 'C:\Mac\Home\Documents\NinjaTrader 8\bin\Custom\DrawingTools\@AndrewsPitchfork.cs' conflicts with the imported type 'Draw' in 'NinjaTrader.Vendor, Version=8.1.6.0, Culture=neutral, PublicKeyToken=null'. Using the type defined in 'C:\Mac\Home\Documents\NinjaTrader 8\bin\Custom\DrawingTools\@AndrewsPitchfork.cs'. [C:\Mac\Home\Documents\NinjaTrader 8\bin\Custom\NinjaTrader.Custom.csproj]
C:\Mac\Home\Documents\NinjaTrader 8\bin\Custom\Indicators\@BuySellPressure.cs(49,111): warning CS0436: The type 'TextPosition' in 'C:\Mac\Home\Documents\NinjaTrader 8\bin\Custom\DrawingTools\@Text.cs' conflicts with the imported type 'TextPosition' in 'NinjaTrader.Vendor, Version=8.1.6.0, Culture=neutral, PublicKeyToken=null'. Using the type defined in 'C:\Mac\Home\Documents\NinjaTrader 8\bin\Custom\DrawingTools\@Text.cs'. [C:\Mac\Home\Documents\NinjaTrader 8\bin\Custom\NinjaTrader.Custom.csproj]
C:\Mac\Home\Documents\NinjaTrader 8\bin\Custom\Indicators\@VWMA.cs(48,6): warning CS0436: The type 'Draw' in 'C:\Mac\Home\Documents\NinjaTrader 8\bin\Custom\DrawingTools\@AndrewsPitchfork.cs' conflicts with the imported type 'Draw' in 'NinjaTrader.Vendor, Version=8.1.6.0, Culture=neutral, PublicKeyToken=null'. Using the type defined in 'C:\Mac\Home\Documents\NinjaTrader 8\bin\Custom\DrawingTools\@AndrewsPitchfork.cs'. [C:\Mac\Home\Documents\NinjaTrader 8\bin\Custom\NinjaTrader.Custom.csproj]
C:\Mac\Home\Documents\NinjaTrader 8\bin\Custom\Indicators\@VWMA.cs(48,114): warning CS0436: The type 'TextPosition' in 'C:\Mac\Home\Documents\NinjaTrader 8\bin\Custom\DrawingTools\@Text.cs' conflicts with the imported type 'TextPosition' in 'NinjaTrader.Vendor, Version=8.1.6.0, Culture=neutral, PublicKeyToken=null'. Using the type defined in 'C:\Mac\Home\Documents\NinjaTrader 8\bin\Custom\DrawingTools\@Text.cs'. [C:\Mac\Home\Documents\NinjaTrader 8\bin\Custom\NinjaTrader.Custom.csproj]
C:\Mac\Home\Documents\NinjaTrader 8\bin\Custom\Indicators\@CandleStickPattern.cs(369,19): warning CS0436: The type 'Swing' in 'C:\Mac\Home\Documents\NinjaTrader 8\bin\Custom\Indicators\@Swing.cs' conflicts with the imported type 'Swing' in 'NinjaTrader.Vendor, Version=8.1.6.0, Culture=neutral, PublicKeyToken=null'. Using the type defined in 'C:\Mac\Home\Documents\NinjaTrader 8\bin\Custom\Indicators\@Swing.cs'. [C:\Mac\Home\Documents\NinjaTrader 8\bin\Custom\NinjaTrader.Custom.csproj]
C:\Mac\Home\Documents\NinjaTrader 8\bin\Custom\Indicators\@VROC.cs(51,6): warning CS0436: The type 'Draw' in 'C:\Mac\Home\Documents\NinjaTrader 8\bin\Custom\DrawingTools\@AndrewsPitchfork.cs' conflicts with the imported type 'Draw' in 'NinjaTrader.Vendor, Version=8.1.6.0, Culture=neutral, PublicKeyToken=null'. Using the type defined in 'C:\Mac\Home\Documents\NinjaTrader 8\bin\Custom\DrawingTools\@AndrewsPitchfork.cs'. [C:\Mac\Home\Documents\NinjaTrader 8\bin\Custom\NinjaTrader.Custom.csproj]
C:\Mac\Home\Documents\NinjaTrader 8\bin\Custom\Indicators\@VROC.cs(51,114): warning CS0436: The type 'TextPosition' in 'C:\Mac\Home\Documents\NinjaTrader 8\bin\Custom\DrawingTools\@Text.cs' conflicts with the imported type 'TextPosition' in 'NinjaTrader.Vendor, Version=8.1.6.0, Culture=neutral, PublicKeyToken=null'. Using the type defined in 'C:\Mac\Home\Documents\NinjaTrader 8\bin\Custom\DrawingTools\@Text.cs'. [C:\Mac\Home\Documents\NinjaTrader 8\bin\Custom\NinjaTrader.Custom.csproj]
C:\Mac\Home\Documents\NinjaTrader 8\bin\Custom\DrawingTools\@Text.cs(539,10): warning CS0436: The type 'TextPosition' in 'C:\Mac\Home\Documents\NinjaTrader 8\bin\Custom\DrawingTools\@Text.cs' conflicts with the imported type 'TextPosition' in 'NinjaTrader.Vendor, Version=8.1.6.0, Culture=neutral, PublicKeyToken=null'. Using the type defined in 'C:\Mac\Home\Documents\NinjaTrader 8\bin\Custom\DrawingTools\@Text.cs'. [C:\Mac\Home\Documents\NinjaTrader 8\bin\Custom\NinjaTrader.Custom.csproj]
C:\Mac\Home\Documents\NinjaTrader 8\bin\Custom\DrawingTools\@Text.cs(543,10): warning CS0436: The type 'TextPosition' in 'C:\Mac\Home\Documents\NinjaTrader 8\bin\Custom\DrawingTools\@Text.cs' conflicts with the imported type 'TextPosition' in 'NinjaTrader.Vendor, Version=8.1.6.0, Culture=neutral, PublicKeyToken=null'. Using the type defined in 'C:\Mac\Home\Documents\NinjaTrader 8\bin\Custom\DrawingTools\@Text.cs'. [C:\Mac\Home\Documents\NinjaTrader 8\bin\Custom\NinjaTrader.Custom.csproj]
C:\Mac\Home\Documents\NinjaTrader 8\bin\Custom\DrawingTools\@Text.cs(547,10): warning CS0436: The type 'TextPosition' in 'C:\Mac\Home\Documents\NinjaTrader 8\bin\Custom\DrawingTools\@Text.cs' conflicts with the imported type 'TextPosition' in 'NinjaTrader.Vendor, Version=8.1.6.0, Culture=neutral, PublicKeyToken=null'. Using the type defined in 'C:\Mac\Home\Documents\NinjaTrader 8\bin\Custom\DrawingTools\@Text.cs'. [C:\Mac\Home\Documents\NinjaTrader 8\bin\Custom\NinjaTrader.Custom.csproj]
C:\Mac\Home\Documents\NinjaTrader 8\bin\Custom\DrawingTools\@Text.cs(551,10): warning CS0436: The type 'TextPosition' in 'C:\Mac\Home\Documents\NinjaTrader 8\bin\Custom\DrawingTools\@Text.cs' conflicts with the imported type 'TextPosition' in 'NinjaTrader.Vendor, Version=8.1.6.0, Culture=neutral, PublicKeyToken=null'. Using the type defined in 'C:\Mac\Home\Documents\NinjaTrader 8\bin\Custom\DrawingTools\@Text.cs'. [C:\Mac\Home\Documents\NinjaTrader 8\bin\Custom\NinjaTrader.Custom.csproj]
C:\Mac\Home\Documents\NinjaTrader 8\bin\Custom\DrawingTools\@Text.cs(555,10): warning CS0436: The type 'TextPosition' in 'C:\Mac\Home\Documents\NinjaTrader 8\bin\Custom\DrawingTools\@Text.cs' conflicts with the imported type 'TextPosition' in 'NinjaTrader.Vendor, Version=8.1.6.0, Culture=neutral, PublicKeyToken=null'. Using the type defined in 'C:\Mac\Home\Documents\NinjaTrader 8\bin\Custom\DrawingTools\@Text.cs'. [C:\Mac\Home\Documents\NinjaTrader 8\bin\Custom\NinjaTrader.Custom.csproj]
C:\Mac\Home\Documents\NinjaTrader 8\bin\Custom\Indicators\@VolumeOscillator.cs(52,6): warning CS0436: The type 'Draw' in 'C:\Mac\Home\Documents\NinjaTrader 8\bin\Custom\DrawingTools\@AndrewsPitchfork.cs' conflicts with the imported type 'Draw' in 'NinjaTrader.Vendor, Version=8.1.6.0, Culture=neutral, PublicKeyToken=null'. Using the type defined in 'C:\Mac\Home\Documents\NinjaTrader 8\bin\Custom\DrawingTools\@AndrewsPitchfork.cs'. [C:\Mac\Home\Documents\NinjaTrader 8\bin\Custom\NinjaTrader.Custom.csproj]
C:\Mac\Home\Documents\NinjaTrader 8\bin\Custom\Indicators\@VolumeOscillator.cs(52,114): warning CS0436: The type 'TextPosition' in 'C:\Mac\Home\Documents\NinjaTrader 8\bin\Custom\DrawingTools\@Text.cs' conflicts with the imported type 'TextPosition' in 'NinjaTrader.Vendor, Version=8.1.6.0, Culture=neutral, PublicKeyToken=null'. Using the type defined in 'C:\Mac\Home\Documents\NinjaTrader 8\bin\Custom\DrawingTools\@Text.cs'. [C:\Mac\Home\Documents\NinjaTrader 8\bin\Custom\NinjaTrader.Custom.csproj]
C:\Mac\Home\Documents\NinjaTrader 8\bin\Custom\Indicators\@VOLMA.cs(39,5): warning CS0436: The type 'Draw' in 'C:\Mac\Home\Documents\NinjaTrader 8\bin\Custom\DrawingTools\@AndrewsPitchfork.cs' conflicts with the imported type 'Draw' in 'NinjaTrader.Vendor, Version=8.1.6.0, Culture=neutral, PublicKeyToken=null'. Using the type defined in 'C:\Mac\Home\Documents\NinjaTrader 8\bin\Custom\DrawingTools\@AndrewsPitchfork.cs'. [C:\Mac\Home\Documents\NinjaTrader 8\bin\Custom\NinjaTrader.Custom.csproj]
C:\Mac\Home\Documents\NinjaTrader 8\bin\Custom\Indicators\@VOLMA.cs(39,113): warning CS0436: The type 'TextPosition' in 'C:\Mac\Home\Documents\NinjaTrader 8\bin\Custom\DrawingTools\@Text.cs' conflicts with the imported type 'TextPosition' in 'NinjaTrader.Vendor, Version=8.1.6.0, Culture=neutral, PublicKeyToken=null'. Using the type defined in 'C:\Mac\Home\Documents\NinjaTrader 8\bin\Custom\DrawingTools\@Text.cs'. [C:\Mac\Home\Documents\NinjaTrader 8\bin\Custom\NinjaTrader.Custom.csproj]
C:\Mac\Home\Documents\NinjaTrader 8\bin\Custom\Optimizers\@StrategyGenerator.cs(53,36): warning CS0436: The type 'EMA' in 'C:\Mac\Home\Documents\NinjaTrader 8\bin\Custom\Indicators\@EMA.cs' conflicts with the imported type 'EMA' in 'NinjaTrader.Vendor, Version=8.1.6.0, Culture=neutral, PublicKeyToken=null'. Using the type defined in 'C:\Mac\Home\Documents\NinjaTrader 8\bin\Custom\Indicators\@EMA.cs'. [C:\Mac\Home\Documents\NinjaTrader 8\bin\Custom\NinjaTrader.Custom.csproj]
C:\Mac\Home\Documents\NinjaTrader 8\bin\Custom\Optimizers\@StrategyGenerator.cs(61,36): warning CS0436: The type 'LinReg' in 'C:\Mac\Home\Documents\NinjaTrader 8\bin\Custom\Indicators\@LinReg.cs' conflicts with the imported type 'LinReg' in 'NinjaTrader.Vendor, Version=8.1.6.0, Culture=neutral, PublicKeyToken=null'. Using the type defined in 'C:\Mac\Home\Documents\NinjaTrader 8\bin\Custom\Indicators\@LinReg.cs'. [C:\Mac\Home\Documents\NinjaTrader 8\bin\Custom\NinjaTrader.Custom.csproj]
C:\Mac\Home\Documents\NinjaTrader 8\bin\Custom\Optimizers\@StrategyGenerator.cs(87,36): warning CS0436: The type 'SMA' in 'C:\Mac\Home\Documents\NinjaTrader 8\bin\Custom\Indicators\@SMA.cs' conflicts with the imported type 'SMA' in 'NinjaTrader.Vendor, Version=8.1.6.0, Culture=neutral, PublicKeyToken=null'. Using the type defined in 'C:\Mac\Home\Documents\NinjaTrader 8\bin\Custom\Indicators\@SMA.cs'. [C:\Mac\Home\Documents\NinjaTrader 8\bin\Custom\NinjaTrader.Custom.csproj]
C:\Mac\Home\Documents\NinjaTrader 8\bin\Custom\Optimizers\@StrategyGenerator.cs(93,36): warning CS0436: The type 'Swing' in 'C:\Mac\Home\Documents\NinjaTrader 8\bin\Custom\Indicators\@Swing.cs' conflicts with the imported type 'Swing' in 'NinjaTrader.Vendor, Version=8.1.6.0, Culture=neutral, PublicKeyToken=null'. Using the type defined in 'C:\Mac\Home\Documents\NinjaTrader 8\bin\Custom\Indicators\@Swing.cs'. [C:\Mac\Home\Documents\NinjaTrader 8\bin\Custom\NinjaTrader.Custom.csproj]
C:\Mac\Home\Documents\NinjaTrader 8\bin\Custom\Indicators\@FibonacciPivots.cs(89,6): warning CS0436: The type 'Draw' in 'C:\Mac\Home\Documents\NinjaTrader 8\bin\Custom\DrawingTools\@AndrewsPitchfork.cs' conflicts with the imported type 'Draw' in 'NinjaTrader.Vendor, Version=8.1.6.0, Culture=neutral, PublicKeyToken=null'. Using the type defined in 'C:\Mac\Home\Documents\NinjaTrader 8\bin\Custom\DrawingTools\@AndrewsPitchfork.cs'. [C:\Mac\Home\Documents\NinjaTrader 8\bin\Custom\NinjaTrader.Custom.csproj]
C:\Mac\Home\Documents\NinjaTrader 8\bin\Custom\Indicators\@FibonacciPivots.cs(89,85): warning CS0436: The type 'TextPosition' in 'C:\Mac\Home\Documents\NinjaTrader 8\bin\Custom\DrawingTools\@Text.cs' conflicts with the imported type 'TextPosition' in 'NinjaTrader.Vendor, Version=8.1.6.0, Culture=neutral, PublicKeyToken=null'. Using the type defined in 'C:\Mac\Home\Documents\NinjaTrader 8\bin\Custom\DrawingTools\@Text.cs'. [C:\Mac\Home\Documents\NinjaTrader 8\bin\Custom\NinjaTrader.Custom.csproj]
C:\Mac\Home\Documents\NinjaTrader 8\bin\Custom\Indicators\@FibonacciPivots.cs(96,6): warning CS0436: The type 'Draw' in 'C:\Mac\Home\Documents\NinjaTrader 8\bin\Custom\DrawingTools\@AndrewsPitchfork.cs' conflicts with the imported type 'Draw' in 'NinjaTrader.Vendor, Version=8.1.6.0, Culture=neutral, PublicKeyToken=null'. Using the type defined in 'C:\Mac\Home\Documents\NinjaTrader 8\bin\Custom\DrawingTools\@AndrewsPitchfork.cs'. [C:\Mac\Home\Documents\NinjaTrader 8\bin\Custom\NinjaTrader.Custom.csproj]
C:\Mac\Home\Documents\NinjaTrader 8\bin\Custom\Indicators\@FibonacciPivots.cs(96,85): warning CS0436: The type 'TextPosition' in 'C:\Mac\Home\Documents\NinjaTrader 8\bin\Custom\DrawingTools\@Text.cs' conflicts with the imported type 'TextPosition' in 'NinjaTrader.Vendor, Version=8.1.6.0, Culture=neutral, PublicKeyToken=null'. Using the type defined in 'C:\Mac\Home\Documents\NinjaTrader 8\bin\Custom\DrawingTools\@Text.cs'. [C:\Mac\Home\Documents\NinjaTrader 8\bin\Custom\NinjaTrader.Custom.csproj]
C:\Mac\Home\Documents\NinjaTrader 8\bin\Custom\Indicators\@FibonacciPivots.cs(101,6): warning CS0436: The type 'Draw' in 'C:\Mac\Home\Documents\NinjaTrader 8\bin\Custom\DrawingTools\@AndrewsPitchfork.cs' conflicts with the imported type 'Draw' in 'NinjaTrader.Vendor, Version=8.1.6.0, Culture=neutral, PublicKeyToken=null'. Using the type defined in 'C:\Mac\Home\Documents\NinjaTrader 8\bin\Custom\DrawingTools\@AndrewsPitchfork.cs'. [C:\Mac\Home\Documents\NinjaTrader 8\bin\Custom\NinjaTrader.Custom.csproj]
C:\Mac\Home\Documents\NinjaTrader 8\bin\Custom\Indicators\@FibonacciPivots.cs(101,86): warning CS0436: The type 'TextPosition' in 'C:\Mac\Home\Documents\NinjaTrader 8\bin\Custom\DrawingTools\@Text.cs' conflicts with the imported type 'TextPosition' in 'NinjaTrader.Vendor, Version=8.1.6.0, Culture=neutral, PublicKeyToken=null'. Using the type defined in 'C:\Mac\Home\Documents\NinjaTrader 8\bin\Custom\DrawingTools\@Text.cs'. [C:\Mac\Home\Documents\NinjaTrader 8\bin\Custom\NinjaTrader.Custom.csproj]
C:\Mac\Home\Documents\NinjaTrader 8\bin\Custom\Indicators\@FibonacciPivots.cs(106,6): warning CS0436: The type 'Draw' in 'C:\Mac\Home\Documents\NinjaTrader 8\bin\Custom\DrawingTools\@AndrewsPitchfork.cs' conflicts with the imported type 'Draw' in 'NinjaTrader.Vendor, Version=8.1.6.0, Culture=neutral, PublicKeyToken=null'. Using the type defined in 'C:\Mac\Home\Documents\NinjaTrader 8\bin\Custom\DrawingTools\@AndrewsPitchfork.cs'. [C:\Mac\Home\Documents\NinjaTrader 8\bin\Custom\NinjaTrader.Custom.csproj]
C:\Mac\Home\Documents\NinjaTrader 8\bin\Custom\Indicators\@FibonacciPivots.cs(106,86): warning CS0436: The type 'TextPosition' in 'C:\Mac\Home\Documents\NinjaTrader 8\bin\Custom\DrawingTools\@Text.cs' conflicts with the imported type 'TextPosition' in 'NinjaTrader.Vendor, Version=8.1.6.0, Culture=neutral, PublicKeyToken=null'. Using the type defined in 'C:\Mac\Home\Documents\NinjaTrader 8\bin\Custom\DrawingTools\@Text.cs'. [C:\Mac\Home\Documents\NinjaTrader 8\bin\Custom\NinjaTrader.Custom.csproj]
C:\Mac\Home\Documents\NinjaTrader 8\bin\Custom\Indicators\@FibonacciPivots.cs(118,6): warning CS0436: The type 'Draw' in 'C:\Mac\Home\Documents\NinjaTrader 8\bin\Custom\DrawingTools\@AndrewsPitchfork.cs' conflicts with the imported type 'Draw' in 'NinjaTrader.Vendor, Version=8.1.6.0, Culture=neutral, PublicKeyToken=null'. Using the type defined in 'C:\Mac\Home\Documents\NinjaTrader 8\bin\Custom\DrawingTools\@AndrewsPitchfork.cs'. [C:\Mac\Home\Documents\NinjaTrader 8\bin\Custom\NinjaTrader.Custom.csproj]
C:\Mac\Home\Documents\NinjaTrader 8\bin\Custom\Indicators\@FibonacciPivots.cs(118,91): warning CS0436: The type 'TextPosition' in 'C:\Mac\Home\Documents\NinjaTrader 8\bin\Custom\DrawingTools\@Text.cs' conflicts with the imported type 'TextPosition' in 'NinjaTrader.Vendor, Version=8.1.6.0, Culture=neutral, PublicKeyToken=null'. Using the type defined in 'C:\Mac\Home\Documents\NinjaTrader 8\bin\Custom\DrawingTools\@Text.cs'. [C:\Mac\Home\Documents\NinjaTrader 8\bin\Custom\NinjaTrader.Custom.csproj]
C:\Mac\Home\Documents\NinjaTrader 8\bin\Custom\Strategies\GradientSlopeStrategy.cs(2720,17): warning CS0436: The type 'Draw' in 'C:\Mac\Home\Documents\NinjaTrader 8\bin\Custom\DrawingTools\@AndrewsPitchfork.cs' conflicts with the imported type 'Draw' in 'NinjaTrader.Vendor, Version=8.1.6.0, Culture=neutral, PublicKeyToken=null'. Using the type defined in 'C:\Mac\Home\Documents\NinjaTrader 8\bin\Custom\DrawingTools\@AndrewsPitchfork.cs'. [C:\Mac\Home\Documents\NinjaTrader 8\bin\Custom\NinjaTrader.Custom.csproj]
C:\Mac\Home\Documents\NinjaTrader 8\bin\Custom\Strategies\GradientSlopeStrategy.cs(2720,61): warning CS0436: The type 'TextPosition' in 'C:\Mac\Home\Documents\NinjaTrader 8\bin\Custom\DrawingTools\@Text.cs' conflicts with the imported type 'TextPosition' in 'NinjaTrader.Vendor, Version=8.1.6.0, Culture=neutral, PublicKeyToken=null'. Using the type defined in 'C:\Mac\Home\Documents\NinjaTrader 8\bin\Custom\DrawingTools\@Text.cs'. [C:\Mac\Home\Documents\NinjaTrader 8\bin\Custom\NinjaTrader.Custom.csproj]
C:\Mac\Home\Documents\NinjaTrader 8\bin\Custom\Strategies\CBASSuperTrendStrategy.cs(2578,22): warning CS0219: The variable 'propertiesMatch' is assigned but its value is never used [C:\Mac\Home\Documents\NinjaTrader 8\bin\Custom\NinjaTrader.Custom.csproj]
C:\Mac\Home\Documents\NinjaTrader 8\bin\Custom\Indicators\@NetChangeDisplay.cs(49,37): warning CS0436: The type 'TextPosition' in 'C:\Mac\Home\Documents\NinjaTrader 8\bin\Custom\DrawingTools\@Text.cs' conflicts with the imported type 'TextPosition' in 'NinjaTrader.Vendor, Version=8.1.6.0, Culture=neutral, PublicKeyToken=null'. Using the type defined in 'C:\Mac\Home\Documents\NinjaTrader 8\bin\Custom\DrawingTools\@Text.cs'. [C:\Mac\Home\Documents\NinjaTrader 8\bin\Custom\NinjaTrader.Custom.csproj]
C:\Mac\Home\Documents\NinjaTrader 8\bin\Custom\Indicators\@NetChangeDisplay.cs(50,38): warning CS0436: The type 'TextPosition' in 'C:\Mac\Home\Documents\NinjaTrader 8\bin\Custom\DrawingTools\@Text.cs' conflicts with the imported type 'TextPosition' in 'NinjaTrader.Vendor, Version=8.1.6.0, Culture=neutral, PublicKeyToken=null'. Using the type defined in 'C:\Mac\Home\Documents\NinjaTrader 8\bin\Custom\DrawingTools\@Text.cs'. [C:\Mac\Home\Documents\NinjaTrader 8\bin\Custom\NinjaTrader.Custom.csproj]
C:\Mac\Home\Documents\NinjaTrader 8\bin\Custom\Indicators\@NetChangeDisplay.cs(51,35): warning CS0436: The type 'TextPosition' in 'C:\Mac\Home\Documents\NinjaTrader 8\bin\Custom\DrawingTools\@Text.cs' conflicts with the imported type 'TextPosition' in 'NinjaTrader.Vendor, Version=8.1.6.0, Culture=neutral, PublicKeyToken=null'. Using the type defined in 'C:\Mac\Home\Documents\NinjaTrader 8\bin\Custom\DrawingTools\@Text.cs'. [C:\Mac\Home\Documents\NinjaTrader 8\bin\Custom\NinjaTrader.Custom.csproj]
C:\Mac\Home\Documents\NinjaTrader 8\bin\Custom\Indicators\@NetChangeDisplay.cs(52,36): warning CS0436: The type 'TextPosition' in 'C:\Mac\Home\Documents\NinjaTrader 8\bin\Custom\DrawingTools\@Text.cs' conflicts with the imported type 'TextPosition' in 'NinjaTrader.Vendor, Version=8.1.6.0, Culture=neutral, PublicKeyToken=null'. Using the type defined in 'C:\Mac\Home\Documents\NinjaTrader 8\bin\Custom\DrawingTools\@Text.cs'. [C:\Mac\Home\Documents\NinjaTrader 8\bin\Custom\NinjaTrader.Custom.csproj]
C:\Mac\Home\Documents\NinjaTrader 8\bin\Custom\Indicators\@NetChangeDisplay.cs(53,17): warning CS0436: The type 'TextPosition' in 'C:\Mac\Home\Documents\NinjaTrader 8\bin\Custom\DrawingTools\@Text.cs' conflicts with the imported type 'TextPosition' in 'NinjaTrader.Vendor, Version=8.1.6.0, Culture=neutral, PublicKeyToken=null'. Using the type defined in 'C:\Mac\Home\Documents\NinjaTrader 8\bin\Custom\DrawingTools\@Text.cs'. [C:\Mac\Home\Documents\NinjaTrader 8\bin\Custom\NinjaTrader.Custom.csproj]
C:\Mac\Home\Documents\NinjaTrader 8\bin\Custom\Indicators\@DrawingToolTile.cs(77,84): warning CS0436: The type 'Text' in 'C:\Mac\Home\Documents\NinjaTrader 8\bin\Custom\DrawingTools\@Text.cs' conflicts with the imported type 'Text' in 'NinjaTrader.Vendor, Version=8.1.6.0, Culture=neutral, PublicKeyToken=null'. Using the type defined in 'C:\Mac\Home\Documents\NinjaTrader 8\bin\Custom\DrawingTools\@Text.cs'. [C:\Mac\Home\Documents\NinjaTrader 8\bin\Custom\NinjaTrader.Custom.csproj]
C:\Mac\Home\Documents\NinjaTrader 8\bin\Custom\Indicators\@NetChangeDisplay.cs(77,6): warning CS0436: The type 'Draw' in 'C:\Mac\Home\Documents\NinjaTrader 8\bin\Custom\DrawingTools\@AndrewsPitchfork.cs' conflicts with the imported type 'Draw' in 'NinjaTrader.Vendor, Version=8.1.6.0, Culture=neutral, PublicKeyToken=null'. Using the type defined in 'C:\Mac\Home\Documents\NinjaTrader 8\bin\Custom\DrawingTools\@AndrewsPitchfork.cs'. [C:\Mac\Home\Documents\NinjaTrader 8\bin\Custom\NinjaTrader.Custom.csproj]
C:\Mac\Home\Documents\NinjaTrader 8\bin\Custom\Indicators\@NetChangeDisplay.cs(106,5): warning CS0436: The type 'Draw' in 'C:\Mac\Home\Documents\NinjaTrader 8\bin\Custom\DrawingTools\@AndrewsPitchfork.cs' conflicts with the imported type 'Draw' in 'NinjaTrader.Vendor, Version=8.1.6.0, Culture=neutral, PublicKeyToken=null'. Using the type defined in 'C:\Mac\Home\Documents\NinjaTrader 8\bin\Custom\DrawingTools\@AndrewsPitchfork.cs'. [C:\Mac\Home\Documents\NinjaTrader 8\bin\Custom\NinjaTrader.Custom.csproj]
C:\Mac\Home\Documents\NinjaTrader 8\bin\Custom\Indicators\@Pivots.cs(92,6): warning CS0436: The type 'Draw' in 'C:\Mac\Home\Documents\NinjaTrader 8\bin\Custom\DrawingTools\@AndrewsPitchfork.cs' conflicts with the imported type 'Draw' in 'NinjaTrader.Vendor, Version=8.1.6.0, Culture=neutral, PublicKeyToken=null'. Using the type defined in 'C:\Mac\Home\Documents\NinjaTrader 8\bin\Custom\DrawingTools\@AndrewsPitchfork.cs'. [C:\Mac\Home\Documents\NinjaTrader 8\bin\Custom\NinjaTrader.Custom.csproj]
C:\Mac\Home\Documents\NinjaTrader 8\bin\Custom\Indicators\@Pivots.cs(92,85): warning CS0436: The type 'TextPosition' in 'C:\Mac\Home\Documents\NinjaTrader 8\bin\Custom\DrawingTools\@Text.cs' conflicts with the imported type 'TextPosition' in 'NinjaTrader.Vendor, Version=8.1.6.0, Culture=neutral, PublicKeyToken=null'. Using the type defined in 'C:\Mac\Home\Documents\NinjaTrader 8\bin\Custom\DrawingTools\@Text.cs'. [C:\Mac\Home\Documents\NinjaTrader 8\bin\Custom\NinjaTrader.Custom.csproj]
C:\Mac\Home\Documents\NinjaTrader 8\bin\Custom\Indicators\@Pivots.cs(99,6): warning CS0436: The type 'Draw' in 'C:\Mac\Home\Documents\NinjaTrader 8\bin\Custom\DrawingTools\@AndrewsPitchfork.cs' conflicts with the imported type 'Draw' in 'NinjaTrader.Vendor, Version=8.1.6.0, Culture=neutral, PublicKeyToken=null'. Using the type defined in 'C:\Mac\Home\Documents\NinjaTrader 8\bin\Custom\DrawingTools\@AndrewsPitchfork.cs'. [C:\Mac\Home\Documents\NinjaTrader 8\bin\Custom\NinjaTrader.Custom.csproj]
C:\Mac\Home\Documents\NinjaTrader 8\bin\Custom\Indicators\@Pivots.cs(99,85): warning CS0436: The type 'TextPosition' in 'C:\Mac\Home\Documents\NinjaTrader 8\bin\Custom\DrawingTools\@Text.cs' conflicts with the imported type 'TextPosition' in 'NinjaTrader.Vendor, Version=8.1.6.0, Culture=neutral, PublicKeyToken=null'. Using the type defined in 'C:\Mac\Home\Documents\NinjaTrader 8\bin\Custom\DrawingTools\@Text.cs'. [C:\Mac\Home\Documents\NinjaTrader 8\bin\Custom\NinjaTrader.Custom.csproj]
C:\Mac\Home\Documents\NinjaTrader 8\bin\Custom\Indicators\@Pivots.cs(104,6): warning CS0436: The type 'Draw' in 'C:\Mac\Home\Documents\NinjaTrader 8\bin\Custom\DrawingTools\@AndrewsPitchfork.cs' conflicts with the imported type 'Draw' in 'NinjaTrader.Vendor, Version=8.1.6.0, Culture=neutral, PublicKeyToken=null'. Using the type defined in 'C:\Mac\Home\Documents\NinjaTrader 8\bin\Custom\DrawingTools\@AndrewsPitchfork.cs'. [C:\Mac\Home\Documents\NinjaTrader 8\bin\Custom\NinjaTrader.Custom.csproj]
C:\Mac\Home\Documents\NinjaTrader 8\bin\Custom\Indicators\@Pivots.cs(104,86): warning CS0436: The type 'TextPosition' in 'C:\Mac\Home\Documents\NinjaTrader 8\bin\Custom\DrawingTools\@Text.cs' conflicts with the imported type 'TextPosition' in 'NinjaTrader.Vendor, Version=8.1.6.0, Culture=neutral, PublicKeyToken=null'. Using the type defined in 'C:\Mac\Home\Documents\NinjaTrader 8\bin\Custom\DrawingTools\@Text.cs'. [C:\Mac\Home\Documents\NinjaTrader 8\bin\Custom\NinjaTrader.Custom.csproj]
C:\Mac\Home\Documents\NinjaTrader 8\bin\Custom\Indicators\@Pivots.cs(109,6): warning CS0436: The type 'Draw' in 'C:\Mac\Home\Documents\NinjaTrader 8\bin\Custom\DrawingTools\@AndrewsPitchfork.cs' conflicts with the imported type 'Draw' in 'NinjaTrader.Vendor, Version=8.1.6.0, Culture=neutral, PublicKeyToken=null'. Using the type defined in 'C:\Mac\Home\Documents\NinjaTrader 8\bin\Custom\DrawingTools\@AndrewsPitchfork.cs'. [C:\Mac\Home\Documents\NinjaTrader 8\bin\Custom\NinjaTrader.Custom.csproj]
C:\Mac\Home\Documents\NinjaTrader 8\bin\Custom\Indicators\@Pivots.cs(109,86): warning CS0436: The type 'TextPosition' in 'C:\Mac\Home\Documents\NinjaTrader 8\bin\Custom\DrawingTools\@Text.cs' conflicts with the imported type 'TextPosition' in 'NinjaTrader.Vendor, Version=8.1.6.0, Culture=neutral, PublicKeyToken=null'. Using the type defined in 'C:\Mac\Home\Documents\NinjaTrader 8\bin\Custom\DrawingTools\@Text.cs'. [C:\Mac\Home\Documents\NinjaTrader 8\bin\Custom\NinjaTrader.Custom.csproj]
C:\Mac\Home\Documents\NinjaTrader 8\bin\Custom\Indicators\@Pivots.cs(121,6): warning CS0436: The type 'Draw' in 'C:\Mac\Home\Documents\NinjaTrader 8\bin\Custom\DrawingTools\@AndrewsPitchfork.cs' conflicts with the imported type 'Draw' in 'NinjaTrader.Vendor, Version=8.1.6.0, Culture=neutral, PublicKeyToken=null'. Using the type defined in 'C:\Mac\Home\Documents\NinjaTrader 8\bin\Custom\DrawingTools\@AndrewsPitchfork.cs'. [C:\Mac\Home\Documents\NinjaTrader 8\bin\Custom\NinjaTrader.Custom.csproj]
C:\Mac\Home\Documents\NinjaTrader 8\bin\Custom\Indicators\@Pivots.cs(121,91): warning CS0436: The type 'TextPosition' in 'C:\Mac\Home\Documents\NinjaTrader 8\bin\Custom\DrawingTools\@Text.cs' conflicts with the imported type 'TextPosition' in 'NinjaTrader.Vendor, Version=8.1.6.0, Culture=neutral, PublicKeyToken=null'. Using the type defined in 'C:\Mac\Home\Documents\NinjaTrader 8\bin\Custom\DrawingTools\@Text.cs'. [C:\Mac\Home\Documents\NinjaTrader 8\bin\Custom\NinjaTrader.Custom.csproj]
C:\Mac\Home\Documents\NinjaTrader 8\bin\Custom\Indicators\@EaseOfMovement.cs(51,6): warning CS0436: The type 'Draw' in 'C:\Mac\Home\Documents\NinjaTrader 8\bin\Custom\DrawingTools\@AndrewsPitchfork.cs' conflicts with the imported type 'Draw' in 'NinjaTrader.Vendor, Version=8.1.6.0, Culture=neutral, PublicKeyToken=null'. Using the type defined in 'C:\Mac\Home\Documents\NinjaTrader 8\bin\Custom\DrawingTools\@AndrewsPitchfork.cs'. [C:\Mac\Home\Documents\NinjaTrader 8\bin\Custom\NinjaTrader.Custom.csproj]
C:\Mac\Home\Documents\NinjaTrader 8\bin\Custom\Indicators\@EaseOfMovement.cs(51,114): warning CS0436: The type 'TextPosition' in 'C:\Mac\Home\Documents\NinjaTrader 8\bin\Custom\DrawingTools\@Text.cs' conflicts with the imported type 'TextPosition' in 'NinjaTrader.Vendor, Version=8.1.6.0, Culture=neutral, PublicKeyToken=null'. Using the type defined in 'C:\Mac\Home\Documents\NinjaTrader 8\bin\Custom\DrawingTools\@Text.cs'. [C:\Mac\Home\Documents\NinjaTrader 8\bin\Custom\NinjaTrader.Custom.csproj]
C:\Mac\Home\Documents\NinjaTrader 8\bin\Custom\Indicators\@RangeCounter.cs(66,4): warning CS0436: The type 'Draw' in 'C:\Mac\Home\Documents\NinjaTrader 8\bin\Custom\DrawingTools\@AndrewsPitchfork.cs' conflicts with the imported type 'Draw' in 'NinjaTrader.Vendor, Version=8.1.6.0, Culture=neutral, PublicKeyToken=null'. Using the type defined in 'C:\Mac\Home\Documents\NinjaTrader 8\bin\Custom\DrawingTools\@AndrewsPitchfork.cs'. [C:\Mac\Home\Documents\NinjaTrader 8\bin\Custom\NinjaTrader.Custom.csproj]
C:\Mac\Home\Documents\NinjaTrader 8\bin\Custom\Indicators\@TrendLines.cs(60,6): warning CS0436: The type 'Draw' in 'C:\Mac\Home\Documents\NinjaTrader 8\bin\Custom\DrawingTools\@AndrewsPitchfork.cs' conflicts with the imported type 'Draw' in 'NinjaTrader.Vendor, Version=8.1.6.0, Culture=neutral, PublicKeyToken=null'. Using the type defined in 'C:\Mac\Home\Documents\NinjaTrader 8\bin\Custom\DrawingTools\@AndrewsPitchfork.cs'. [C:\Mac\Home\Documents\NinjaTrader 8\bin\Custom\NinjaTrader.Custom.csproj]
C:\Mac\Home\Documents\NinjaTrader 8\bin\Custom\Indicators\@TrendLines.cs(60,95): warning CS0436: The type 'TextPosition' in 'C:\Mac\Home\Documents\NinjaTrader 8\bin\Custom\DrawingTools\@Text.cs' conflicts with the imported type 'TextPosition' in 'NinjaTrader.Vendor, Version=8.1.6.0, Culture=neutral, PublicKeyToken=null'. Using the type defined in 'C:\Mac\Home\Documents\NinjaTrader 8\bin\Custom\DrawingTools\@Text.cs'. [C:\Mac\Home\Documents\NinjaTrader 8\bin\Custom\NinjaTrader.Custom.csproj]
C:\Mac\Home\Documents\NinjaTrader 8\bin\Custom\Indicators\@TickCounter.cs(47,4): warning CS0436: The type 'Draw' in 'C:\Mac\Home\Documents\NinjaTrader 8\bin\Custom\DrawingTools\@AndrewsPitchfork.cs' conflicts with the imported type 'Draw' in 'NinjaTrader.Vendor, Version=8.1.6.0, Culture=neutral, PublicKeyToken=null'. Using the type defined in 'C:\Mac\Home\Documents\NinjaTrader 8\bin\Custom\DrawingTools\@AndrewsPitchfork.cs'. [C:\Mac\Home\Documents\NinjaTrader 8\bin\Custom\NinjaTrader.Custom.csproj]
C:\Mac\Home\Documents\NinjaTrader 8\bin\Custom\Indicators\@DrawingToolTile.cs(307,30): warning CS0436: The type 'Text' in 'C:\Mac\Home\Documents\NinjaTrader 8\bin\Custom\DrawingTools\@Text.cs' conflicts with the imported type 'Text' in 'NinjaTrader.Vendor, Version=8.1.6.0, Culture=neutral, PublicKeyToken=null'. Using the type defined in 'C:\Mac\Home\Documents\NinjaTrader 8\bin\Custom\DrawingTools\@Text.cs'. [C:\Mac\Home\Documents\NinjaTrader 8\bin\Custom\NinjaTrader.Custom.csproj]
C:\Mac\Home\Documents\NinjaTrader 8\bin\Custom\Indicators\@DrawingToolTile.cs(308,30): warning CS0436: The type 'ArrowUp' in 'C:\Mac\Home\Documents\NinjaTrader 8\bin\Custom\DrawingTools\@ChartMarkers.cs' conflicts with the imported type 'ArrowUp' in 'NinjaTrader.Vendor, Version=8.1.6.0, Culture=neutral, PublicKeyToken=null'. Using the type defined in 'C:\Mac\Home\Documents\NinjaTrader 8\bin\Custom\DrawingTools\@ChartMarkers.cs'. [C:\Mac\Home\Documents\NinjaTrader 8\bin\Custom\NinjaTrader.Custom.csproj]
C:\Mac\Home\Documents\NinjaTrader 8\bin\Custom\Indicators\@DrawingToolTile.cs(309,30): warning CS0436: The type 'ArrowDown' in 'C:\Mac\Home\Documents\NinjaTrader 8\bin\Custom\DrawingTools\@ChartMarkers.cs' conflicts with the imported type 'ArrowDown' in 'NinjaTrader.Vendor, Version=8.1.6.0, Culture=neutral, PublicKeyToken=null'. Using the type defined in 'C:\Mac\Home\Documents\NinjaTrader 8\bin\Custom\DrawingTools\@ChartMarkers.cs'. [C:\Mac\Home\Documents\NinjaTrader 8\bin\Custom\NinjaTrader.Custom.csproj]
C:\Mac\Home\Documents\NinjaTrader 8\bin\Custom\Indicators\@DrawingToolTile.cs(310,30): warning CS0436: The type 'Diamond' in 'C:\Mac\Home\Documents\NinjaTrader 8\bin\Custom\DrawingTools\@ChartMarkers.cs' conflicts with the imported type 'Diamond' in 'NinjaTrader.Vendor, Version=8.1.6.0, Culture=neutral, PublicKeyToken=null'. Using the type defined in 'C:\Mac\Home\Documents\NinjaTrader 8\bin\Custom\DrawingTools\@ChartMarkers.cs'. [C:\Mac\Home\Documents\NinjaTrader 8\bin\Custom\NinjaTrader.Custom.csproj]
C:\Mac\Home\Documents\NinjaTrader 8\bin\Custom\Indicators\@DrawingToolTile.cs(311,30): warning CS0436: The type 'Dot' in 'C:\Mac\Home\Documents\NinjaTrader 8\bin\Custom\DrawingTools\@ChartMarkers.cs' conflicts with the imported type 'Dot' in 'NinjaTrader.Vendor, Version=8.1.6.0, Culture=neutral, PublicKeyToken=null'. Using the type defined in 'C:\Mac\Home\Documents\NinjaTrader 8\bin\Custom\DrawingTools\@ChartMarkers.cs'. [C:\Mac\Home\Documents\NinjaTrader 8\bin\Custom\NinjaTrader.Custom.csproj]
C:\Mac\Home\Documents\NinjaTrader 8\bin\Custom\Indicators\@DrawingToolTile.cs(312,30): warning CS0436: The type 'Square' in 'C:\Mac\Home\Documents\NinjaTrader 8\bin\Custom\DrawingTools\@ChartMarkers.cs' conflicts with the imported type 'Square' in 'NinjaTrader.Vendor, Version=8.1.6.0, Culture=neutral, PublicKeyToken=null'. Using the type defined in 'C:\Mac\Home\Documents\NinjaTrader 8\bin\Custom\DrawingTools\@ChartMarkers.cs'. [C:\Mac\Home\Documents\NinjaTrader 8\bin\Custom\NinjaTrader.Custom.csproj]
C:\Mac\Home\Documents\NinjaTrader 8\bin\Custom\Indicators\@DrawingToolTile.cs(313,30): warning CS0436: The type 'TriangleUp' in 'C:\Mac\Home\Documents\NinjaTrader 8\bin\Custom\DrawingTools\@ChartMarkers.cs' conflicts with the imported type 'TriangleUp' in 'NinjaTrader.Vendor, Version=8.1.6.0, Culture=neutral, PublicKeyToken=null'. Using the type defined in 'C:\Mac\Home\Documents\NinjaTrader 8\bin\Custom\DrawingTools\@ChartMarkers.cs'. [C:\Mac\Home\Documents\NinjaTrader 8\bin\Custom\NinjaTrader.Custom.csproj]
C:\Mac\Home\Documents\NinjaTrader 8\bin\Custom\Indicators\@DrawingToolTile.cs(314,30): warning CS0436: The type 'TriangleDown' in 'C:\Mac\Home\Documents\NinjaTrader 8\bin\Custom\DrawingTools\@ChartMarkers.cs' conflicts with the imported type 'TriangleDown' in 'NinjaTrader.Vendor, Version=8.1.6.0, Culture=neutral, PublicKeyToken=null'. Using the type defined in 'C:\Mac\Home\Documents\NinjaTrader 8\bin\Custom\DrawingTools\@ChartMarkers.cs'. [C:\Mac\Home\Documents\NinjaTrader 8\bin\Custom\NinjaTrader.Custom.csproj]
C:\Mac\Home\Documents\NinjaTrader 8\bin\Custom\Indicators\@VolumeUpDown.cs(36,5): warning CS0436: The type 'Draw' in 'C:\Mac\Home\Documents\NinjaTrader 8\bin\Custom\DrawingTools\@AndrewsPitchfork.cs' conflicts with the imported type 'Draw' in 'NinjaTrader.Vendor, Version=8.1.6.0, Culture=neutral, PublicKeyToken=null'. Using the type defined in 'C:\Mac\Home\Documents\NinjaTrader 8\bin\Custom\DrawingTools\@AndrewsPitchfork.cs'. [C:\Mac\Home\Documents\NinjaTrader 8\bin\Custom\NinjaTrader.Custom.csproj]
C:\Mac\Home\Documents\NinjaTrader 8\bin\Custom\Indicators\@VolumeUpDown.cs(36,113): warning CS0436: The type 'TextPosition' in 'C:\Mac\Home\Documents\NinjaTrader 8\bin\Custom\DrawingTools\@Text.cs' conflicts with the imported type 'TextPosition' in 'NinjaTrader.Vendor, Version=8.1.6.0, Culture=neutral, PublicKeyToken=null'. Using the type defined in 'C:\Mac\Home\Documents\NinjaTrader 8\bin\Custom\DrawingTools\@Text.cs'. [C:\Mac\Home\Documents\NinjaTrader 8\bin\Custom\NinjaTrader.Custom.csproj]
C:\Mac\Home\Documents\NinjaTrader 8\bin\Custom\Indicators\@VolumeProfile.cs(71,5): warning CS0436: The type 'Draw' in 'C:\Mac\Home\Documents\NinjaTrader 8\bin\Custom\DrawingTools\@AndrewsPitchfork.cs' conflicts with the imported type 'Draw' in 'NinjaTrader.Vendor, Version=8.1.6.0, Culture=neutral, PublicKeyToken=null'. Using the type defined in 'C:\Mac\Home\Documents\NinjaTrader 8\bin\Custom\DrawingTools\@AndrewsPitchfork.cs'. [C:\Mac\Home\Documents\NinjaTrader 8\bin\Custom\NinjaTrader.Custom.csproj]
C:\Mac\Home\Documents\NinjaTrader 8\bin\Custom\Indicators\@VolumeProfile.cs(71,110): warning CS0436: The type 'TextPosition' in 'C:\Mac\Home\Documents\NinjaTrader 8\bin\Custom\DrawingTools\@Text.cs' conflicts with the imported type 'TextPosition' in 'NinjaTrader.Vendor, Version=8.1.6.0, Culture=neutral, PublicKeyToken=null'. Using the type defined in 'C:\Mac\Home\Documents\NinjaTrader 8\bin\Custom\DrawingTools\@Text.cs'. [C:\Mac\Home\Documents\NinjaTrader 8\bin\Custom\NinjaTrader.Custom.csproj]
C:\Mac\Home\Documents\NinjaTrader 8\bin\Custom\Indicators\@VolumeCounter.cs(56,4): warning CS0436: The type 'Draw' in 'C:\Mac\Home\Documents\NinjaTrader 8\bin\Custom\DrawingTools\@AndrewsPitchfork.cs' conflicts with the imported type 'Draw' in 'NinjaTrader.Vendor, Version=8.1.6.0, Culture=neutral, PublicKeyToken=null'. Using the type defined in 'C:\Mac\Home\Documents\NinjaTrader 8\bin\Custom\DrawingTools\@AndrewsPitchfork.cs'. [C:\Mac\Home\Documents\NinjaTrader 8\bin\Custom\NinjaTrader.Custom.csproj]
C:\Mac\Home\Documents\NinjaTrader 8\bin\Custom\Indicators\@TrendLines.cs(223,19): warning CS0436: The type 'Draw' in 'C:\Mac\Home\Documents\NinjaTrader 8\bin\Custom\DrawingTools\@AndrewsPitchfork.cs' conflicts with the imported type 'Draw' in 'NinjaTrader.Vendor, Version=8.1.6.0, Culture=neutral, PublicKeyToken=null'. Using the type defined in 'C:\Mac\Home\Documents\NinjaTrader 8\bin\Custom\DrawingTools\@AndrewsPitchfork.cs'. [C:\Mac\Home\Documents\NinjaTrader 8\bin\Custom\NinjaTrader.Custom.csproj]
C:\Mac\Home\Documents\NinjaTrader 8\bin\Custom\Indicators\@CurrentDayOHL.cs(67,6): warning CS0436: The type 'Draw' in 'C:\Mac\Home\Documents\NinjaTrader 8\bin\Custom\DrawingTools\@AndrewsPitchfork.cs' conflicts with the imported type 'Draw' in 'NinjaTrader.Vendor, Version=8.1.6.0, Culture=neutral, PublicKeyToken=null'. Using the type defined in 'C:\Mac\Home\Documents\NinjaTrader 8\bin\Custom\DrawingTools\@AndrewsPitchfork.cs'. [C:\Mac\Home\Documents\NinjaTrader 8\bin\Custom\NinjaTrader.Custom.csproj]
C:\Mac\Home\Documents\NinjaTrader 8\bin\Custom\Indicators\@CurrentDayOHL.cs(67,82): warning CS0436: The type 'TextPosition' in 'C:\Mac\Home\Documents\NinjaTrader 8\bin\Custom\DrawingTools\@Text.cs' conflicts with the imported type 'TextPosition' in 'NinjaTrader.Vendor, Version=8.1.6.0, Culture=neutral, PublicKeyToken=null'. Using the type defined in 'C:\Mac\Home\Documents\NinjaTrader 8\bin\Custom\DrawingTools\@Text.cs'. [C:\Mac\Home\Documents\NinjaTrader 8\bin\Custom\NinjaTrader.Custom.csproj]
C:\Mac\Home\Documents\NinjaTrader 8\bin\Custom\Indicators\@ADL.cs(37,6): warning CS0436: The type 'Draw' in 'C:\Mac\Home\Documents\NinjaTrader 8\bin\Custom\DrawingTools\@AndrewsPitchfork.cs' conflicts with the imported type 'Draw' in 'NinjaTrader.Vendor, Version=8.1.6.0, Culture=neutral, PublicKeyToken=null'. Using the type defined in 'C:\Mac\Home\Documents\NinjaTrader 8\bin\Custom\DrawingTools\@AndrewsPitchfork.cs'. [C:\Mac\Home\Documents\NinjaTrader 8\bin\Custom\NinjaTrader.Custom.csproj]
C:\Mac\Home\Documents\NinjaTrader 8\bin\Custom\Indicators\@ADL.cs(37,114): warning CS0436: The type 'TextPosition' in 'C:\Mac\Home\Documents\NinjaTrader 8\bin\Custom\DrawingTools\@Text.cs' conflicts with the imported type 'TextPosition' in 'NinjaTrader.Vendor, Version=8.1.6.0, Culture=neutral, PublicKeyToken=null'. Using the type defined in 'C:\Mac\Home\Documents\NinjaTrader 8\bin\Custom\DrawingTools\@Text.cs'. [C:\Mac\Home\Documents\NinjaTrader 8\bin\Custom\NinjaTrader.Custom.csproj]
C:\Mac\Home\Documents\NinjaTrader 8\bin\Custom\Indicators\@VOL.cs(38,6): warning CS0436: The type 'Draw' in 'C:\Mac\Home\Documents\NinjaTrader 8\bin\Custom\DrawingTools\@AndrewsPitchfork.cs' conflicts with the imported type 'Draw' in 'NinjaTrader.Vendor, Version=8.1.6.0, Culture=neutral, PublicKeyToken=null'. Using the type defined in 'C:\Mac\Home\Documents\NinjaTrader 8\bin\Custom\DrawingTools\@AndrewsPitchfork.cs'. [C:\Mac\Home\Documents\NinjaTrader 8\bin\Custom\NinjaTrader.Custom.csproj]
C:\Mac\Home\Documents\NinjaTrader 8\bin\Custom\Indicators\@VOL.cs(38,114): warning CS0436: The type 'TextPosition' in 'C:\Mac\Home\Documents\NinjaTrader 8\bin\Custom\DrawingTools\@Text.cs' conflicts with the imported type 'TextPosition' in 'NinjaTrader.Vendor, Version=8.1.6.0, Culture=neutral, PublicKeyToken=null'. Using the type defined in 'C:\Mac\Home\Documents\NinjaTrader 8\bin\Custom\DrawingTools\@Text.cs'. [C:\Mac\Home\Documents\NinjaTrader 8\bin\Custom\NinjaTrader.Custom.csproj]
C:\Mac\Home\Documents\NinjaTrader 8\bin\Custom\Indicators\@MFI.cs(50,6): warning CS0436: The type 'Draw' in 'C:\Mac\Home\Documents\NinjaTrader 8\bin\Custom\DrawingTools\@AndrewsPitchfork.cs' conflicts with the imported type 'Draw' in 'NinjaTrader.Vendor, Version=8.1.6.0, Culture=neutral, PublicKeyToken=null'. Using the type defined in 'C:\Mac\Home\Documents\NinjaTrader 8\bin\Custom\DrawingTools\@AndrewsPitchfork.cs'. [C:\Mac\Home\Documents\NinjaTrader 8\bin\Custom\NinjaTrader.Custom.csproj]
C:\Mac\Home\Documents\NinjaTrader 8\bin\Custom\Indicators\@MFI.cs(50,114): warning CS0436: The type 'TextPosition' in 'C:\Mac\Home\Documents\NinjaTrader 8\bin\Custom\DrawingTools\@Text.cs' conflicts with the imported type 'TextPosition' in 'NinjaTrader.Vendor, Version=8.1.6.0, Culture=neutral, PublicKeyToken=null'. Using the type defined in 'C:\Mac\Home\Documents\NinjaTrader 8\bin\Custom\DrawingTools\@Text.cs'. [C:\Mac\Home\Documents\NinjaTrader 8\bin\Custom\NinjaTrader.Custom.csproj]
C:\Mac\Home\Documents\NinjaTrader 8\bin\Custom\Indicators\@OBV.cs(37,6): warning CS0436: The type 'Draw' in 'C:\Mac\Home\Documents\NinjaTrader 8\bin\Custom\DrawingTools\@AndrewsPitchfork.cs' conflicts with the imported type 'Draw' in 'NinjaTrader.Vendor, Version=8.1.6.0, Culture=neutral, PublicKeyToken=null'. Using the type defined in 'C:\Mac\Home\Documents\NinjaTrader 8\bin\Custom\DrawingTools\@AndrewsPitchfork.cs'. [C:\Mac\Home\Documents\NinjaTrader 8\bin\Custom\NinjaTrader.Custom.csproj]
C:\Mac\Home\Documents\NinjaTrader 8\bin\Custom\Indicators\@OBV.cs(37,114): warning CS0436: The type 'TextPosition' in 'C:\Mac\Home\Documents\NinjaTrader 8\bin\Custom\DrawingTools\@Text.cs' conflicts with the imported type 'TextPosition' in 'NinjaTrader.Vendor, Version=8.1.6.0, Culture=neutral, PublicKeyToken=null'. Using the type defined in 'C:\Mac\Home\Documents\NinjaTrader 8\bin\Custom\DrawingTools\@Text.cs'. [C:\Mac\Home\Documents\NinjaTrader 8\bin\Custom\NinjaTrader.Custom.csproj]
C:\Mac\Home\Documents\NinjaTrader 8\bin\Custom\Indicators\@PriorDayOHLC.cs(72,5): warning CS0436: The type 'Draw' in 'C:\Mac\Home\Documents\NinjaTrader 8\bin\Custom\DrawingTools\@AndrewsPitchfork.cs' conflicts with the imported type 'Draw' in 'NinjaTrader.Vendor, Version=8.1.6.0, Culture=neutral, PublicKeyToken=null'. Using the type defined in 'C:\Mac\Home\Documents\NinjaTrader 8\bin\Custom\DrawingTools\@AndrewsPitchfork.cs'. [C:\Mac\Home\Documents\NinjaTrader 8\bin\Custom\NinjaTrader.Custom.csproj]
C:\Mac\Home\Documents\NinjaTrader 8\bin\Custom\Indicators\@PriorDayOHLC.cs(72,88): warning CS0436: The type 'TextPosition' in 'C:\Mac\Home\Documents\NinjaTrader 8\bin\Custom\DrawingTools\@Text.cs' conflicts with the imported type 'TextPosition' in 'NinjaTrader.Vendor, Version=8.1.6.0, Culture=neutral, PublicKeyToken=null'. Using the type defined in 'C:\Mac\Home\Documents\NinjaTrader 8\bin\Custom\DrawingTools\@Text.cs'. [C:\Mac\Home\Documents\NinjaTrader 8\bin\Custom\NinjaTrader.Custom.csproj]
C:\Mac\Home\Documents\NinjaTrader 8\bin\Custom\Indicators\@ChaikinMoneyFlow.cs(47,6): warning CS0436: The type 'Draw' in 'C:\Mac\Home\Documents\NinjaTrader 8\bin\Custom\DrawingTools\@AndrewsPitchfork.cs' conflicts with the imported type 'Draw' in 'NinjaTrader.Vendor, Version=8.1.6.0, Culture=neutral, PublicKeyToken=null'. Using the type defined in 'C:\Mac\Home\Documents\NinjaTrader 8\bin\Custom\DrawingTools\@AndrewsPitchfork.cs'. [C:\Mac\Home\Documents\NinjaTrader 8\bin\Custom\NinjaTrader.Custom.csproj]
C:\Mac\Home\Documents\NinjaTrader 8\bin\Custom\Indicators\@ChaikinMoneyFlow.cs(47,114): warning CS0436: The type 'TextPosition' in 'C:\Mac\Home\Documents\NinjaTrader 8\bin\Custom\DrawingTools\@Text.cs' conflicts with the imported type 'TextPosition' in 'NinjaTrader.Vendor, Version=8.1.6.0, Culture=neutral, PublicKeyToken=null'. Using the type defined in 'C:\Mac\Home\Documents\NinjaTrader 8\bin\Custom\DrawingTools\@Text.cs'. [C:\Mac\Home\Documents\NinjaTrader 8\bin\Custom\NinjaTrader.Custom.csproj]
C:\Mac\Home\Documents\NinjaTrader 8\bin\Custom\Indicators\@ChaikinOscillator.cs(50,6): warning CS0436: The type 'Draw' in 'C:\Mac\Home\Documents\NinjaTrader 8\bin\Custom\DrawingTools\@AndrewsPitchfork.cs' conflicts with the imported type 'Draw' in 'NinjaTrader.Vendor, Version=8.1.6.0, Culture=neutral, PublicKeyToken=null'. Using the type defined in 'C:\Mac\Home\Documents\NinjaTrader 8\bin\Custom\DrawingTools\@AndrewsPitchfork.cs'. [C:\Mac\Home\Documents\NinjaTrader 8\bin\Custom\NinjaTrader.Custom.csproj]
C:\Mac\Home\Documents\NinjaTrader 8\bin\Custom\Indicators\@ChaikinOscillator.cs(50,114): warning CS0436: The type 'TextPosition' in 'C:\Mac\Home\Documents\NinjaTrader 8\bin\Custom\DrawingTools\@Text.cs' conflicts with the imported type 'TextPosition' in 'NinjaTrader.Vendor, Version=8.1.6.0, Culture=neutral, PublicKeyToken=null'. Using the type defined in 'C:\Mac\Home\Documents\NinjaTrader 8\bin\Custom\DrawingTools\@Text.cs'. [C:\Mac\Home\Documents\NinjaTrader 8\bin\Custom\NinjaTrader.Custom.csproj]
C:\Mac\Home\Documents\NinjaTrader 8\bin\Custom\Strategies\CBASSuperTrendStrategy.cs(677,22): warning CS0414: The field 'CBAS_SuperTrendStrategy.auditLastAOpen' is assigned but its value is never used [C:\Mac\Home\Documents\NinjaTrader 8\bin\Custom\NinjaTrader.Custom.csproj]
C:\Mac\Home\Documents\NinjaTrader 8\bin\Custom\Strategies\CBASSuperTrendStrategy.cs(676,21): warning CS0414: The field 'CBAS_SuperTrendStrategy.auditLastPosQty' is assigned but its value is never used [C:\Mac\Home\Documents\NinjaTrader 8\bin\Custom\NinjaTrader.Custom.csproj]
C:\Mac\Home\Documents\NinjaTrader 8\bin\Custom\Strategies\CBASSuperTrendStrategy.cs(680,54): warning CS0414: The field 'CBAS_SuperTrendStrategy.auditLastSBStop' is assigned but its value is never used [C:\Mac\Home\Documents\NinjaTrader 8\bin\Custom\NinjaTrader.Custom.csproj]
C:\Mac\Home\Documents\NinjaTrader 8\bin\Custom\Strategies\CBASSuperTrendStrategy.cs(680,24): warning CS0414: The field 'CBAS_SuperTrendStrategy.auditLastSAStop' is assigned but its value is never used [C:\Mac\Home\Documents\NinjaTrader 8\bin\Custom\NinjaTrader.Custom.csproj]
C:\Mac\Home\Documents\NinjaTrader 8\bin\Custom\Indicators\CBASTestingIndicator3.cs(362,21): warning CS0414: The field 'CBASTestingIndicator3.pendingBullReversalBars' is assigned but its value is never used [C:\Mac\Home\Documents\NinjaTrader 8\bin\Custom\NinjaTrader.Custom.csproj]
C:\Mac\Home\Documents\NinjaTrader 8\bin\Custom\Strategies\CBASSuperTrendStrategy.cs(679,24): warning CS0414: The field 'CBAS_SuperTrendStrategy.auditLastLAStop' is assigned but its value is never used [C:\Mac\Home\Documents\NinjaTrader 8\bin\Custom\NinjaTrader.Custom.csproj]
C:\Mac\Home\Documents\NinjaTrader 8\bin\Custom\Indicators\CBASTestingIndicator3.cs(466,22): warning CS0414: The field 'CBASTestingIndicator3.signalLoggedThisBar' is assigned but its value is never used [C:\Mac\Home\Documents\NinjaTrader 8\bin\Custom\NinjaTrader.Custom.csproj]
C:\Mac\Home\Documents\NinjaTrader 8\bin\Custom\Strategies\GradientSlopeStrategy.cs(53,24): warning CS0414: The field 'GradientSlopeStrategy.prevFastEMA' is assigned but its value is never used [C:\Mac\Home\Documents\NinjaTrader 8\bin\Custom\NinjaTrader.Custom.csproj]
C:\Mac\Home\Documents\NinjaTrader 8\bin\Custom\Strategies\CBASSuperTrendStrategy.cs(678,44): warning CS0414: The field 'CBAS_SuperTrendStrategy.auditLastSLB' is assigned but its value is never used [C:\Mac\Home\Documents\NinjaTrader 8\bin\Custom\NinjaTrader.Custom.csproj]
C:\Mac\Home\Documents\NinjaTrader 8\bin\Custom\Indicators\CBASTestingIndicator3.cs(431,22): warning CS0414: The field 'CBASTestingIndicator3.signalDecidedThisBar' is assigned but its value is never used [C:\Mac\Home\Documents\NinjaTrader 8\bin\Custom\NinjaTrader.Custom.csproj]
C:\Mac\Home\Documents\NinjaTrader 8\bin\Custom\Indicators\CBASTestingIndicator3.cs(402,21): warning CS0414: The field 'CBASTestingIndicator3.lastLoggedBarClose' is assigned but its value is never used [C:\Mac\Home\Documents\NinjaTrader 8\bin\Custom\NinjaTrader.Custom.csproj]
C:\Mac\Home\Documents\NinjaTrader 8\bin\Custom\Indicators\CBASTestingIndicator3.cs(400,21): warning CS0414: The field 'CBASTestingIndicator3.lastLoggedBullBar' is assigned but its value is never used [C:\Mac\Home\Documents\NinjaTrader 8\bin\Custom\NinjaTrader.Custom.csproj]
C:\Mac\Home\Documents\NinjaTrader 8\bin\Custom\Strategies\CBASSuperTrendStrategy.cs(678,22): warning CS0414: The field 'CBAS_SuperTrendStrategy.auditLastSLA' is assigned but its value is never used [C:\Mac\Home\Documents\NinjaTrader 8\bin\Custom\NinjaTrader.Custom.csproj]
C:\Mac\Home\Documents\NinjaTrader 8\bin\Custom\Indicators\CBASTestingIndicator3.cs(361,21): warning CS0414: The field 'CBASTestingIndicator3.pendingBearReversalBars' is assigned but its value is never used [C:\Mac\Home\Documents\NinjaTrader 8\bin\Custom\NinjaTrader.Custom.csproj]
C:\Mac\Home\Documents\NinjaTrader 8\bin\Custom\Strategies\GradientSlopeStrategy.cs(119,21): warning CS0414: The field 'GradientSlopeStrategy.cooldownStartBar' is assigned but its value is never used [C:\Mac\Home\Documents\NinjaTrader 8\bin\Custom\NinjaTrader.Custom.csproj]
C:\Mac\Home\Documents\NinjaTrader 8\bin\Custom\Strategies\WebTrendFollower.cs(80,22): warning CS0414: The field 'WebTrendFollower.tradeHeaderWritten' is assigned but its value is never used [C:\Mac\Home\Documents\NinjaTrader 8\bin\Custom\NinjaTrader.Custom.csproj]
C:\Mac\Home\Documents\NinjaTrader 8\bin\Custom\Strategies\CBASSuperTrendStrategy.cs(679,54): warning CS0414: The field 'CBAS_SuperTrendStrategy.auditLastLBStop' is assigned but its value is never used [C:\Mac\Home\Documents\NinjaTrader 8\bin\Custom\NinjaTrader.Custom.csproj]
C:\Mac\Home\Documents\NinjaTrader 8\bin\Custom\Strategies\CBASSuperTrendStrategy.cs(746,24): warning CS0414: The field 'CBAS_SuperTrendStrategy.lastEntrySignalA' is assigned but its value is never used [C:\Mac\Home\Documents\NinjaTrader 8\bin\Custom\NinjaTrader.Custom.csproj]
C:\Mac\Home\Documents\NinjaTrader 8\bin\Custom\AddOns\CBASTerminalWindow.cs(42,22): warning CS0414: The field 'CBASTerminalWindow.metricsHeadersReceived' is assigned but its value is never used [C:\Mac\Home\Documents\NinjaTrader 8\bin\Custom\NinjaTrader.Custom.csproj]
C:\Mac\Home\Documents\NinjaTrader 8\bin\Custom\Indicators\CBASTestingIndicator3.cs(401,21): warning CS0414: The field 'CBASTestingIndicator3.lastLoggedBearBar' is assigned but its value is never used [C:\Mac\Home\Documents\NinjaTrader 8\bin\Custom\NinjaTrader.Custom.csproj]
C:\Mac\Home\Documents\NinjaTrader 8\bin\Custom\Strategies\CBASSuperTrendStrategy.cs(677,46): warning CS0414: The field 'CBAS_SuperTrendStrategy.auditLastBOpen' is assigned but its value is never used [C:\Mac\Home\Documents\NinjaTrader 8\bin\Custom\NinjaTrader.Custom.csproj]
C:\Mac\Home\Documents\NinjaTrader 8\bin\Custom\Strategies\CBASSuperTrendStrategy.cs(746,49): warning CS0414: The field 'CBAS_SuperTrendStrategy.lastEntrySignalB' is assigned but its value is never used [C:\Mac\Home\Documents\NinjaTrader 8\bin\Custom\NinjaTrader.Custom.csproj]
C:\Mac\Home\Documents\NinjaTrader 8\bin\Custom\Strategies\GradientSlopeStrategy.cs(54,24): warning CS0414: The field 'GradientSlopeStrategy.prevSlowEMA' is assigned but its value is never used [C:\Mac\Home\Documents\NinjaTrader 8\bin\Custom\NinjaTrader.Custom.csproj]
C:\Mac\Home\Documents\NinjaTrader 8\bin\Custom\Strategies\BarsOnTheFlow.cs(49,23): error CS1061: 'Bars' does not contain a definition for 'IsFirstTickOfBar' and no accessible extension method 'IsFirstTickOfBar' accepting a first argument of type 'Bars' could be found (are you missing a using directive or an assembly reference?) [C:\Mac\Home\Documents\NinjaTrader 8\bin\Custom\NinjaTrader.Custom.csproj]
    707 Warning(s)
    1 Error(s)

Time Elapsed 00:00:03.73
